###############################################################################
#
# IAR ELF Linker V8.40.2.214/W32 for ARM                  04/Dec/2024  08:21:20
# Copyright 2007-2019 IAR Systems AB.
#
#    Output file  =
#        D:\Saoviet_Bitbucket\Saoviet_Vending_Machine\Saoviet_VendingMachine_Test\EWARM\Saoviet_Maybanhang\Exe\Saoviet_Maybanhang.out
#    Map file     =
#        D:\Saoviet_Bitbucket\Saoviet_Vending_Machine\Saoviet_VendingMachine_Test\EWARM\Saoviet_Maybanhang\List\Saoviet_Maybanhang.map
#    Command line =
#        -f C:\Users\PC\AppData\Local\Temp\EW5EEC.tmp
#        (D:\Saoviet_Bitbucket\Saoviet_Vending_Machine\Saoviet_VendingMachine_Test\EWARM\Saoviet_Maybanhang\Obj\adc.o
#        D:\Saoviet_Bitbucket\Saoviet_Vending_Machine\Saoviet_VendingMachine_Test\EWARM\Saoviet_Maybanhang\Obj\dma.o
#        D:\Saoviet_Bitbucket\Saoviet_Vending_Machine\Saoviet_VendingMachine_Test\EWARM\Saoviet_Maybanhang\Obj\event_driven.o
#        D:\Saoviet_Bitbucket\Saoviet_Vending_Machine\Saoviet_VendingMachine_Test\EWARM\Saoviet_Maybanhang\Obj\gpio.o
#        D:\Saoviet_Bitbucket\Saoviet_Vending_Machine\Saoviet_VendingMachine_Test\EWARM\Saoviet_Maybanhang\Obj\main.o
#        D:\Saoviet_Bitbucket\Saoviet_Vending_Machine\Saoviet_VendingMachine_Test\EWARM\Saoviet_Maybanhang\Obj\onchipflash.o
#        D:\Saoviet_Bitbucket\Saoviet_Vending_Machine\Saoviet_VendingMachine_Test\EWARM\Saoviet_Maybanhang\Obj\queue_p.o
#        D:\Saoviet_Bitbucket\Saoviet_Vending_Machine\Saoviet_VendingMachine_Test\EWARM\Saoviet_Maybanhang\Obj\rtc.o
#        D:\Saoviet_Bitbucket\Saoviet_Vending_Machine\Saoviet_VendingMachine_Test\EWARM\Saoviet_Maybanhang\Obj\S25FL216K.o
#        D:\Saoviet_Bitbucket\Saoviet_Vending_Machine\Saoviet_VendingMachine_Test\EWARM\Saoviet_Maybanhang\Obj\spi.o
#        D:\Saoviet_Bitbucket\Saoviet_Vending_Machine\Saoviet_VendingMachine_Test\EWARM\Saoviet_Maybanhang\Obj\startup_stm32f405xx.o
#        D:\Saoviet_Bitbucket\Saoviet_Vending_Machine\Saoviet_VendingMachine_Test\EWARM\Saoviet_Maybanhang\Obj\stm32f4xx_hal.o
#        D:\Saoviet_Bitbucket\Saoviet_Vending_Machine\Saoviet_VendingMachine_Test\EWARM\Saoviet_Maybanhang\Obj\stm32f4xx_hal_adc.o
#        D:\Saoviet_Bitbucket\Saoviet_Vending_Machine\Saoviet_VendingMachine_Test\EWARM\Saoviet_Maybanhang\Obj\stm32f4xx_hal_adc_ex.o
#        D:\Saoviet_Bitbucket\Saoviet_Vending_Machine\Saoviet_VendingMachine_Test\EWARM\Saoviet_Maybanhang\Obj\stm32f4xx_hal_cortex.o
#        D:\Saoviet_Bitbucket\Saoviet_Vending_Machine\Saoviet_VendingMachine_Test\EWARM\Saoviet_Maybanhang\Obj\stm32f4xx_hal_dma.o
#        D:\Saoviet_Bitbucket\Saoviet_Vending_Machine\Saoviet_VendingMachine_Test\EWARM\Saoviet_Maybanhang\Obj\stm32f4xx_hal_dma_ex.o
#        D:\Saoviet_Bitbucket\Saoviet_Vending_Machine\Saoviet_VendingMachine_Test\EWARM\Saoviet_Maybanhang\Obj\stm32f4xx_hal_exti.o
#        D:\Saoviet_Bitbucket\Saoviet_Vending_Machine\Saoviet_VendingMachine_Test\EWARM\Saoviet_Maybanhang\Obj\stm32f4xx_hal_flash.o
#        D:\Saoviet_Bitbucket\Saoviet_Vending_Machine\Saoviet_VendingMachine_Test\EWARM\Saoviet_Maybanhang\Obj\stm32f4xx_hal_flash_ex.o
#        D:\Saoviet_Bitbucket\Saoviet_Vending_Machine\Saoviet_VendingMachine_Test\EWARM\Saoviet_Maybanhang\Obj\stm32f4xx_hal_flash_ramfunc.o
#        D:\Saoviet_Bitbucket\Saoviet_Vending_Machine\Saoviet_VendingMachine_Test\EWARM\Saoviet_Maybanhang\Obj\stm32f4xx_hal_gpio.o
#        D:\Saoviet_Bitbucket\Saoviet_Vending_Machine\Saoviet_VendingMachine_Test\EWARM\Saoviet_Maybanhang\Obj\stm32f4xx_hal_msp.o
#        D:\Saoviet_Bitbucket\Saoviet_Vending_Machine\Saoviet_VendingMachine_Test\EWARM\Saoviet_Maybanhang\Obj\stm32f4xx_hal_pwr.o
#        D:\Saoviet_Bitbucket\Saoviet_Vending_Machine\Saoviet_VendingMachine_Test\EWARM\Saoviet_Maybanhang\Obj\stm32f4xx_hal_pwr_ex.o
#        D:\Saoviet_Bitbucket\Saoviet_Vending_Machine\Saoviet_VendingMachine_Test\EWARM\Saoviet_Maybanhang\Obj\stm32f4xx_hal_rcc.o
#        D:\Saoviet_Bitbucket\Saoviet_Vending_Machine\Saoviet_VendingMachine_Test\EWARM\Saoviet_Maybanhang\Obj\stm32f4xx_hal_rcc_ex.o
#        D:\Saoviet_Bitbucket\Saoviet_Vending_Machine\Saoviet_VendingMachine_Test\EWARM\Saoviet_Maybanhang\Obj\stm32f4xx_hal_rtc.o
#        D:\Saoviet_Bitbucket\Saoviet_Vending_Machine\Saoviet_VendingMachine_Test\EWARM\Saoviet_Maybanhang\Obj\stm32f4xx_hal_rtc_ex.o
#        D:\Saoviet_Bitbucket\Saoviet_Vending_Machine\Saoviet_VendingMachine_Test\EWARM\Saoviet_Maybanhang\Obj\stm32f4xx_hal_spi.o
#        D:\Saoviet_Bitbucket\Saoviet_Vending_Machine\Saoviet_VendingMachine_Test\EWARM\Saoviet_Maybanhang\Obj\stm32f4xx_hal_tim.o
#        D:\Saoviet_Bitbucket\Saoviet_Vending_Machine\Saoviet_VendingMachine_Test\EWARM\Saoviet_Maybanhang\Obj\stm32f4xx_hal_tim_ex.o
#        D:\Saoviet_Bitbucket\Saoviet_Vending_Machine\Saoviet_VendingMachine_Test\EWARM\Saoviet_Maybanhang\Obj\stm32f4xx_hal_uart.o
#        D:\Saoviet_Bitbucket\Saoviet_Vending_Machine\Saoviet_VendingMachine_Test\EWARM\Saoviet_Maybanhang\Obj\stm32f4xx_it.o
#        D:\Saoviet_Bitbucket\Saoviet_Vending_Machine\Saoviet_VendingMachine_Test\EWARM\Saoviet_Maybanhang\Obj\stm32f4xx_ll_adc.o
#        D:\Saoviet_Bitbucket\Saoviet_Vending_Machine\Saoviet_VendingMachine_Test\EWARM\Saoviet_Maybanhang\Obj\system_stm32f4xx.o
#        D:\Saoviet_Bitbucket\Saoviet_Vending_Machine\Saoviet_VendingMachine_Test\EWARM\Saoviet_Maybanhang\Obj\tim.o
#        D:\Saoviet_Bitbucket\Saoviet_Vending_Machine\Saoviet_VendingMachine_Test\EWARM\Saoviet_Maybanhang\Obj\usart.o
#        D:\Saoviet_Bitbucket\Saoviet_Vending_Machine\Saoviet_VendingMachine_Test\EWARM\Saoviet_Maybanhang\Obj\user_app_comm.o
#        D:\Saoviet_Bitbucket\Saoviet_Vending_Machine\Saoviet_VendingMachine_Test\EWARM\Saoviet_Maybanhang\Obj\user_app_delivery.o
#        D:\Saoviet_Bitbucket\Saoviet_Vending_Machine\Saoviet_VendingMachine_Test\EWARM\Saoviet_Maybanhang\Obj\user_app_door_sensor.o
#        D:\Saoviet_Bitbucket\Saoviet_Vending_Machine\Saoviet_VendingMachine_Test\EWARM\Saoviet_Maybanhang\Obj\user_app_electric.o
#        D:\Saoviet_Bitbucket\Saoviet_Vending_Machine\Saoviet_VendingMachine_Test\EWARM\Saoviet_Maybanhang\Obj\user_app_mem.o
#        D:\Saoviet_Bitbucket\Saoviet_Vending_Machine\Saoviet_VendingMachine_Test\EWARM\Saoviet_Maybanhang\Obj\user_app_pc_box.o
#        D:\Saoviet_Bitbucket\Saoviet_Vending_Machine\Saoviet_VendingMachine_Test\EWARM\Saoviet_Maybanhang\Obj\user_app_relay.o
#        D:\Saoviet_Bitbucket\Saoviet_Vending_Machine\Saoviet_VendingMachine_Test\EWARM\Saoviet_Maybanhang\Obj\user_app_rs485.o
#        D:\Saoviet_Bitbucket\Saoviet_Vending_Machine\Saoviet_VendingMachine_Test\EWARM\Saoviet_Maybanhang\Obj\user_app_temperature.o
#        D:\Saoviet_Bitbucket\Saoviet_Vending_Machine\Saoviet_VendingMachine_Test\EWARM\Saoviet_Maybanhang\Obj\user_app_vib_sensor.o
#        D:\Saoviet_Bitbucket\Saoviet_Vending_Machine\Saoviet_VendingMachine_Test\EWARM\Saoviet_Maybanhang\Obj\user_at_serial.o
#        D:\Saoviet_Bitbucket\Saoviet_Vending_Machine\Saoviet_VendingMachine_Test\EWARM\Saoviet_Maybanhang\Obj\user_comm_vending_machine.o
#        D:\Saoviet_Bitbucket\Saoviet_Vending_Machine\Saoviet_VendingMachine_Test\EWARM\Saoviet_Maybanhang\Obj\user_convert_variable.o
#        D:\Saoviet_Bitbucket\Saoviet_Vending_Machine\Saoviet_VendingMachine_Test\EWARM\Saoviet_Maybanhang\Obj\user_external_flash.o
#        D:\Saoviet_Bitbucket\Saoviet_Vending_Machine\Saoviet_VendingMachine_Test\EWARM\Saoviet_Maybanhang\Obj\user_internal_mem.o
#        D:\Saoviet_Bitbucket\Saoviet_Vending_Machine\Saoviet_VendingMachine_Test\EWARM\Saoviet_Maybanhang\Obj\user_irq_input.o
#        D:\Saoviet_Bitbucket\Saoviet_Vending_Machine\Saoviet_VendingMachine_Test\EWARM\Saoviet_Maybanhang\Obj\user_log.o
#        D:\Saoviet_Bitbucket\Saoviet_Vending_Machine\Saoviet_VendingMachine_Test\EWARM\Saoviet_Maybanhang\Obj\user_lpm.o
#        D:\Saoviet_Bitbucket\Saoviet_Vending_Machine\Saoviet_VendingMachine_Test\EWARM\Saoviet_Maybanhang\Obj\user_modbus_rtu.o
#        D:\Saoviet_Bitbucket\Saoviet_Vending_Machine\Saoviet_VendingMachine_Test\EWARM\Saoviet_Maybanhang\Obj\user_modem.o
#        D:\Saoviet_Bitbucket\Saoviet_Vending_Machine\Saoviet_VendingMachine_Test\EWARM\Saoviet_Maybanhang\Obj\user_modem_init.o
#        D:\Saoviet_Bitbucket\Saoviet_Vending_Machine\Saoviet_VendingMachine_Test\EWARM\Saoviet_Maybanhang\Obj\user_obis.o
#        D:\Saoviet_Bitbucket\Saoviet_Vending_Machine\Saoviet_VendingMachine_Test\EWARM\Saoviet_Maybanhang\Obj\user_rtc.o
#        D:\Saoviet_Bitbucket\Saoviet_Vending_Machine\Saoviet_VendingMachine_Test\EWARM\Saoviet_Maybanhang\Obj\user_string.o
#        D:\Saoviet_Bitbucket\Saoviet_Vending_Machine\Saoviet_VendingMachine_Test\EWARM\Saoviet_Maybanhang\Obj\user_time.o
#        D:\Saoviet_Bitbucket\Saoviet_Vending_Machine\Saoviet_VendingMachine_Test\EWARM\Saoviet_Maybanhang\Obj\user_timer.o
#        D:\Saoviet_Bitbucket\Saoviet_Vending_Machine\Saoviet_VendingMachine_Test\EWARM\Saoviet_Maybanhang\Obj\user_uart.o
#        D:\Saoviet_Bitbucket\Saoviet_Vending_Machine\Saoviet_VendingMachine_Test\EWARM\Saoviet_Maybanhang\Obj\user_util.o
#        --no_out_extension -o
#        D:\Saoviet_Bitbucket\Saoviet_Vending_Machine\Saoviet_VendingMachine_Test\EWARM\Saoviet_Maybanhang\Exe\Saoviet_Maybanhang.out
#        --redirect _Printf=_PrintfFullNoMb --redirect _Scanf=_ScanfFullNoMb
#        --map
#        D:\Saoviet_Bitbucket\Saoviet_Vending_Machine\Saoviet_VendingMachine_Test\EWARM\Saoviet_Maybanhang\List\Saoviet_Maybanhang.map
#        --config
#        D:\Saoviet_Bitbucket\Saoviet_Vending_Machine\Saoviet_VendingMachine_Test\EWARM/stm32f405xx_flash.icf
#        --semihosting --entry __iar_program_start --vfe --text_out locale)
#
###############################################################################

*******************************************************************************
*** RUNTIME MODEL ATTRIBUTES
***

CppFlavor       = *
__SystemLibrary = DLib
__dlib_version  = 6


*******************************************************************************
*** HEAP SELECTION
***

The basic heap was selected because no calls to memory allocation
functions were found in the application outside of system library
functions, and there are calls to deallocation functions in the
application.


*******************************************************************************
*** PLACEMENT SUMMARY
***

"A0":  place at address 0x800'0000 { ro section .intvec };
"P1":  place in [from 0x800'0000 to 0x80f'ffff] { ro };
define block CSTACK with size = 1K, alignment = 8 { };
define block HEAP with size = 512, alignment = 8 { };
"P2":  place in [from 0x2000'0000 to 0x2001'ffff] {
          rw, block CSTACK, block HEAP };
initialize by copy { rw };

  Section            Kind         Address    Size  Object
  -------            ----         -------    ----  ------
"A0":                                       0x188
  .intvec            ro code   0x800'0000   0x188  startup_stm32f405xx.o [1]
                             - 0x800'0188   0x188

"P1":                                      0xff9c
  .text              ro code   0x800'0188  0x195c  user_at_serial.o [1]
  .text              ro code   0x800'1ae4   0x1d4  user_modem.o [1]
  .text              ro code   0x800'1cb8   0x56c  user_util.o [1]
  .text              ro code   0x800'2224    0xcc  user_modem_init.o [1]
  .text              ro code   0x800'22f0   0x370  user_app_comm.o [1]
  .text              ro code   0x800'2660    0x66  ABImemset.o [4]
  .text              ro code   0x800'26c6    0x3a  zero_init3.o [4]
  .text              ro code   0x800'2700    0xa6  ABImemcpy.o [4]
  .text              ro code   0x800'27a6    0x54  event_driven.o [1]
  .text              ro code   0x800'27fc   0x12c  user_time.o [1]
  .text              ro code   0x800'2928   0x744  stm32f4xx_hal_rtc.o [1]
  .text              ro code   0x800'306c   0x56c  user_app_mem.o [1]
  .text              ro code   0x800'35d8   0x1e6  user_string.o [1]
  .text              ro code   0x800'37c0  0x1754  user_app_pc_box.o [1]
  .text              ro code   0x800'4f14   0xe14  user_app_delivery.o [1]
  .text              ro code   0x800'5d28   0x462  user_convert_variable.o [1]
  .text              ro code   0x800'618c   0x670  user_app_temperature.o [1]
  .text              ro code   0x800'67fc   0x3b0  user_app_electric.o [1]
  .text              ro code   0x800'6bac   0x844  user_app_relay.o [1]
  .text              ro code   0x800'73f0   0xa80  stm32f4xx_hal_uart.o [1]
  .text              ro code   0x800'7e70   0x168  user_uart.o [1]
  .text              ro code   0x800'7fd8   0x370  usart.o [1]
  .text              ro code   0x800'8348   0x230  I64DivMod.o [4]
  .text              ro code   0x800'8578    0x36  strlen.o [4]
  .text              ro code   0x800'85b0   0xce0  user_external_flash.o [1]
  .text              ro code   0x800'9290   0x3c4  user_timer.o [1]
  .text              ro code   0x800'9654    0x24  user_lpm.o [1]
  .text              ro code   0x800'9678   0x126  user_comm_vending_machine.o [1]
  .text              ro code   0x800'97a0    0x28  stm32f4xx_hal.o [1]
  .text              ro code   0x800'97c8     0xc  stm32f4xx_hal.o [1]
  .text              ro code   0x800'97d4    0x14  memset.o [4]
  .text              ro code   0x800'97e8   0x15c  rtc.o [1]
  .text              ro code   0x800'9944   0x3a8  user_rtc.o [1]
  .text              ro code   0x800'9cec     0x2  stm32f4xx_hal_rtc_ex.o [1]
  .text              ro code   0x800'9cf0    0xc4  spi.o [1]
  .text              ro code   0x800'9db4   0x468  stm32f4xx_hal_gpio.o [1]
  .text              ro code   0x800'a21c   0x136  queue_p.o [1]
  .text              ro code   0x800'a354   0x538  stm32f4xx_hal_tim.o [1]
  .text              ro code   0x800'a88c   0x592  stm32f4xx_hal_adc.o [1]
  .text              ro code   0x800'ae20    0x48  FltToDbl.o [3]
  .text              ro code   0x800'ae68    0x12  math_wrappers64.o [3]
  .text              ro code   0x800'ae7c    0x68  DblToFlt.o [3]
  .text              ro code   0x800'aee4   0x17a  DblAdd.o [3]
  .text              ro code   0x800'b060   0x246  DblDiv.o [3]
  .text              ro code   0x800'b2a8   0x1a2  DblMul.o [3]
  .text              ro code   0x800'b44c    0x3a  DblToS32.o [3]
  .text              ro code   0x800'b488   0x5c8  stm32f4xx_hal_dma.o [1]
  .text              ro code   0x800'ba50     0x2  stm32f4xx_hal_uart.o [1]
  .text              ro code   0x800'ba54   0x22c  stm32f4xx_hal_rcc.o [1]
  .text              ro code   0x800'bc80    0xf0  main.o [1]
  .text              ro code   0x800'bd70   0x190  stm32f4xx_hal_cortex.o [1]
  .text              ro code   0x800'bf00     0x2  I64DivZer.o [4]
  .text              ro code   0x800'bf04    0x96  S25FL216K.o [1]
  .text              ro code   0x800'bf9c   0x44c  stm32f4xx_hal_spi.o [1]
  .text              ro code   0x800'c3e8    0x5c  stm32f4xx_hal.o [1]
  .text              ro code   0x800'c444   0x458  user_app_rs485.o [1]
  .text              ro code   0x800'c89c   0x264  user_app_door_sensor.o [1]
  .text              ro code   0x800'cb00   0x294  user_app_vib_sensor.o [1]
  .text              ro code   0x800'cd94    0x60  stm32f4xx_hal_rtc_ex.o [1]
  .text              ro code   0x800'cdf4   0x160  stm32f4xx_hal_rcc_ex.o [1]
  .text              ro code   0x800'cf54   0x124  user_irq_input.o [1]
  .text              ro code   0x800'd078   0x200  tim.o [1]
  .text              ro code   0x800'd278   0x164  adc.o [1]
  .text              ro code   0x800'd3dc     0x2  stm32f4xx_hal_adc.o [1]
  .text              ro code   0x800'd3de     0x2  stm32f4xx_hal_adc.o [1]
  .text              ro code   0x800'd3e0     0x2  stm32f4xx_hal_adc.o [1]
  .text              ro code   0x800'd3e4   0x31c  logx64.o [3]
  .text              ro code   0x800'd700    0xe2  DblSub.o [3]
  .text              ro code   0x800'd7e4    0x4c  stm32f4xx_hal.o [1]
  .text              ro code   0x800'd830   0x2b0  gpio.o [1]
  .text              ro code   0x800'dae0    0x78  dma.o [1]
  .text              ro code   0x800'db58   0x3ec  stm32f4xx_hal_rcc.o [1]
  .text              ro code   0x800'df44    0x40  stm32f4xx_hal_msp.o [1]
  .text              ro code   0x800'df84    0xd8  user_modbus_rtu.o [1]
  .text              ro code   0x800'e05c    0xac  stm32f4xx_hal_tim_ex.o [1]
  .text              ro code   0x800'e108    0x70  frexp.o [3]
  .text              ro code   0x800'e178    0x2e  DblCmpLe.o [3]
  .text              ro code   0x800'e1a8    0x22  S32ToDbl.o [3]
  .rodata            const     0x800'e1cc   0x550  user_at_serial.o [1]
  .text              ro code   0x800'e71c   0x1fc  user_log.o [1]
  .text              ro code   0x800'e918   0x120  stm32f4xx_it.o [1]
  .text              ro code   0x800'ea38    0x18  stm32f4xx_hal.o [1]
  .text              ro code   0x800'ea50    0x78  lz77_init_single.o [4]
  .rodata            const     0x800'eac8    0x30  user_app_delivery.o [1]
  .rodata            const     0x800'eaf8    0x2c  user_app_delivery.o [1]
  .rodata            const     0x800'eb24    0x2c  user_app_delivery.o [1]
  .rodata            const     0x800'eb50    0x2c  user_app_delivery.o [1]
  .rodata            const     0x800'eb7c    0x2c  user_app_delivery.o [1]
  .rodata            const     0x800'eba8    0x2c  user_rtc.o [1]
  .rodata            const     0x800'ebd4    0x28  user_app_delivery.o [1]
  .rodata            const     0x800'ebfc    0x28  user_external_flash.o [1]
  .rodata            const     0x800'ec24    0x28  user_external_flash.o [1]
  .rodata            const     0x800'ec4c    0x28  user_external_flash.o [1]
  .rodata            const     0x800'ec74    0x28  user_external_flash.o [1]
  .rodata            const     0x800'ec9c    0x28  user_external_flash.o [1]
  .rodata            const     0x800'ecc4    0x28  user_external_flash.o [1]
  .text              ro code   0x800'ecec    0x28  data_init.o [4]
  .rodata            const     0x800'ed14    0x24  user_app_delivery.o [1]
  .rodata            const     0x800'ed38    0x24  user_app_delivery.o [1]
  .rodata            const     0x800'ed5c    0x24  user_app_mem.o [1]
  .rodata            const     0x800'ed80    0x24  user_app_mem.o [1]
  .rodata            const     0x800'eda4    0x24  user_app_mem.o [1]
  .rodata            const     0x800'edc8    0x24  user_app_mem.o [1]
  .rodata            const     0x800'edec    0x24  user_app_mem.o [1]
  .rodata            const     0x800'ee10    0x24  user_app_mem.o [1]
  .rodata            const     0x800'ee34    0x24  user_app_mem.o [1]
  .rodata            const     0x800'ee58    0x24  user_external_flash.o [1]
  .rodata            const     0x800'ee7c    0x24  user_external_flash.o [1]
  .text              ro code   0x800'eea0    0x22  fpinit_M.o [3]
  .iar.init_table    const     0x800'eec4    0x20  - Linker created -
  .rodata            const     0x800'eee4    0x20  user_app_comm.o [1]
  .rodata            const     0x800'ef04    0x20  user_app_comm.o [1]
  .rodata            const     0x800'ef24    0x20  user_app_delivery.o [1]
  .rodata            const     0x800'ef44    0x20  user_app_electric.o [1]
  .rodata            const     0x800'ef64    0x20  user_app_mem.o [1]
  .rodata            const     0x800'ef84    0x20  user_at_serial.o [1]
  .rodata            const     0x800'efa4    0x20  user_modem.o [1]
  .text              ro code   0x800'efc4    0x1e  cmain.o [4]
  .text              ro code   0x800'efe2     0x4  low_level_init.o [2]
  .text              ro code   0x800'efe6     0x4  exit.o [2]
  .text              ro code   0x800'efec     0xa  cexit.o [4]
  .text              ro code   0x800'eff8    0x14  exit.o [5]
  .rodata            const     0x800'f00c    0x1c  user_app_comm.o [1]
  .rodata            const     0x800'f028    0x1c  user_app_comm.o [1]
  .rodata            const     0x800'f044    0x1c  user_app_comm.o [1]
  .rodata            const     0x800'f060    0x1c  user_app_delivery.o [1]
  .rodata            const     0x800'f07c    0x1c  user_app_delivery.o [1]
  .rodata            const     0x800'f098    0x1c  user_app_delivery.o [1]
  .rodata            const     0x800'f0b4    0x1c  user_app_door_sensor.o [1]
  .rodata            const     0x800'f0d0    0x1c  user_app_relay.o [1]
  .rodata            const     0x800'f0ec    0x1c  user_app_relay.o [1]
  .rodata            const     0x800'f108    0x1c  user_external_flash.o [1]
  .rodata            const     0x800'f124    0x1c  user_external_flash.o [1]
  .rodata            const     0x800'f140    0x1c  user_external_flash.o [1]
  .rodata            const     0x800'f15c    0x18  user_app_delivery.o [1]
  .rodata            const     0x800'f174    0x18  user_app_delivery.o [1]
  .rodata            const     0x800'f18c    0x18  user_app_delivery.o [1]
  .rodata            const     0x800'f1a4    0x18  user_app_delivery.o [1]
  .rodata            const     0x800'f1bc    0x18  user_app_delivery.o [1]
  .rodata            const     0x800'f1d4    0x18  user_app_electric.o [1]
  .rodata            const     0x800'f1ec    0x18  user_app_electric.o [1]
  .rodata            const     0x800'f204    0x18  user_app_pc_box.o [1]
  .rodata            const     0x800'f21c    0x18  user_app_pc_box.o [1]
  .rodata            const     0x800'f234    0x18  user_app_pc_box.o [1]
  .rodata            const     0x800'f24c    0x18  user_app_pc_box.o [1]
  .rodata            const     0x800'f264    0x18  user_app_temperature.o [1]
  .rodata            const     0x800'f27c    0x18  user_app_vib_sensor.o [1]
  .rodata            const     0x800'f294    0x18  user_external_flash.o [1]
  .rodata            const     0x800'f2ac    0x14  user_app_comm.o [1]
  .rodata            const     0x800'f2c0    0x14  user_app_delivery.o [1]
  .rodata            const     0x800'f2d4    0x14  user_app_delivery.o [1]
  .rodata            const     0x800'f2e8    0x14  user_app_delivery.o [1]
  .rodata            const     0x800'f2fc    0x14  user_app_delivery.o [1]
  .rodata            const     0x800'f310    0x14  user_app_delivery.o [1]
  .rodata            const     0x800'f324    0x14  user_app_electric.o [1]
  .rodata            const     0x800'f338    0x14  user_app_pc_box.o [1]
  .rodata            const     0x800'f34c    0x14  user_app_pc_box.o [1]
  .rodata            const     0x800'f360    0x14  user_app_temperature.o [1]
  .rodata            const     0x800'f374    0x14  user_app_temperature.o [1]
  .rodata            const     0x800'f388    0x14  user_at_serial.o [1]
  .rodata            const     0x800'f39c    0x14  user_at_serial.o [1]
  .rodata            const     0x800'f3b0    0x14  user_at_serial.o [1]
  .rodata            const     0x800'f3c4    0x14  user_at_serial.o [1]
  .rodata            const     0x800'f3d8    0x14  user_at_serial.o [1]
  .rodata            const     0x800'f3ec    0x14  user_at_serial.o [1]
  .rodata            const     0x800'f400    0x14  user_at_serial.o [1]
  .rodata            const     0x800'f414    0x14  user_at_serial.o [1]
  .rodata            const     0x800'f428    0x14  user_at_serial.o [1]
  .rodata            const     0x800'f43c    0x14  user_external_flash.o [1]
  .rodata            const     0x800'f450    0x14  user_external_flash.o [1]
  .rodata            const     0x800'f464    0x14  user_external_flash.o [1]
  .rodata            const     0x800'f478    0x14  user_external_flash.o [1]
  .rodata            const     0x800'f48c    0x14  user_external_flash.o [1]
  .rodata            const     0x800'f4a0    0x14  user_modem.o [1]
  .rodata            const     0x800'f4b4    0x10  system_stm32f4xx.o [1]
  .rodata            const     0x800'f4c4    0x10  user_app_delivery.o [1]
  .rodata            const     0x800'f4d4    0x10  user_app_delivery.o [1]
  .rodata            const     0x800'f4e4    0x10  user_app_relay.o [1]
  .rodata            const     0x800'f4f4    0x10  user_app_relay.o [1]
  .rodata            const     0x800'f504    0x10  user_app_temperature.o [1]
  .rodata            const     0x800'f514    0x10  user_app_temperature.o [1]
  .rodata            const     0x800'f524    0x10  user_at_serial.o [1]
  .rodata            const     0x800'f534    0x10  user_at_serial.o [1]
  .rodata            const     0x800'f544    0x10  user_at_serial.o [1]
  .rodata            const     0x800'f554    0x10  user_at_serial.o [1]
  .rodata            const     0x800'f564    0x10  user_at_serial.o [1]
  .rodata            const     0x800'f574    0x10  user_at_serial.o [1]
  .rodata            const     0x800'f584    0x10  user_at_serial.o [1]
  .rodata            const     0x800'f594    0x10  user_at_serial.o [1]
  .rodata            const     0x800'f5a4    0x10  user_at_serial.o [1]
  .rodata            const     0x800'f5b4    0x10  user_at_serial.o [1]
  .rodata            const     0x800'f5c4    0x10  user_at_serial.o [1]
  .rodata            const     0x800'f5d4    0x10  user_at_serial.o [1]
  .rodata            const     0x800'f5e4    0x10  user_at_serial.o [1]
  .rodata            const     0x800'f5f4    0x10  user_at_serial.o [1]
  .rodata            const     0x800'f604    0x10  user_at_serial.o [1]
  .rodata            const     0x800'f614    0x10  user_at_serial.o [1]
  .rodata            const     0x800'f624    0x10  user_at_serial.o [1]
  .rodata            const     0x800'f634    0x10  user_at_serial.o [1]
  .rodata            const     0x800'f644    0x10  user_at_serial.o [1]
  .rodata            const     0x800'f654    0x10  user_at_serial.o [1]
  .rodata            const     0x800'f664    0x10  user_at_serial.o [1]
  .rodata            const     0x800'f674    0x10  user_at_serial.o [1]
  .rodata            const     0x800'f684    0x10  user_at_serial.o [1]
  .rodata            const     0x800'f694    0x10  user_at_serial.o [1]
  .rodata            const     0x800'f6a4    0x10  user_at_serial.o [1]
  .rodata            const     0x800'f6b4    0x10  user_at_serial.o [1]
  .rodata            const     0x800'f6c4    0x10  user_at_serial.o [1]
  .rodata            const     0x800'f6d4    0x10  user_at_serial.o [1]
  .rodata            const     0x800'f6e4    0x10  user_at_serial.o [1]
  .rodata            const     0x800'f6f4    0x10  user_at_serial.o [1]
  .rodata            const     0x800'f704    0x10  user_at_serial.o [1]
  .rodata            const     0x800'f714    0x10  user_at_serial.o [1]
  .rodata            const     0x800'f724    0x10  user_at_serial.o [1]
  .rodata            const     0x800'f734    0x10  user_at_serial.o [1]
  .rodata            const     0x800'f744    0x10  user_at_serial.o [1]
  .rodata            const     0x800'f754    0x10  user_at_serial.o [1]
  .rodata            const     0x800'f764    0x10  user_at_serial.o [1]
  .rodata            const     0x800'f774    0x10  user_at_serial.o [1]
  .rodata            const     0x800'f784    0x10  user_at_serial.o [1]
  .rodata            const     0x800'f794    0x10  user_at_serial.o [1]
  .rodata            const     0x800'f7a4    0x10  user_at_serial.o [1]
  .rodata            const     0x800'f7b4    0x10  user_at_serial.o [1]
  .rodata            const     0x800'f7c4    0x10  user_at_serial.o [1]
  .rodata            const     0x800'f7d4    0x10  user_at_serial.o [1]
  .rodata            const     0x800'f7e4    0x10  user_at_serial.o [1]
  .rodata            const     0x800'f7f4    0x10  user_at_serial.o [1]
  .rodata            const     0x800'f804    0x10  user_at_serial.o [1]
  .rodata            const     0x800'f814    0x10  user_at_serial.o [1]
  .rodata            const     0x800'f824    0x10  user_at_serial.o [1]
  .rodata            const     0x800'f834    0x10  user_at_serial.o [1]
  .rodata            const     0x800'f844    0x10  user_at_serial.o [1]
  .rodata            const     0x800'f854    0x10  user_at_serial.o [1]
  .rodata            const     0x800'f864    0x10  user_external_flash.o [1]
  .rodata            const     0x800'f874    0x10  user_external_flash.o [1]
  .rodata            const     0x800'f884    0x10  user_external_flash.o [1]
  .rodata            const     0x800'f894    0x10  user_external_flash.o [1]
  .text              ro code   0x800'f8a4    0x10  startup_stm32f405xx.o [1]
  .text              ro code   0x800'f8b4    0x10  system_stm32f4xx.o [1]
  .rodata            const     0x800'f8c4     0xc  user_app_delivery.o [1]
  .rodata            const     0x800'f8d0     0xc  user_app_pc_box.o [1]
  .rodata            const     0x800'f8dc     0xc  user_app_pc_box.o [1]
  .rodata            const     0x800'f8e8     0xc  user_app_pc_box.o [1]
  .rodata            const     0x800'f8f4     0xc  user_app_temperature.o [1]
  .rodata            const     0x800'f900     0xc  user_app_temperature.o [1]
  .rodata            const     0x800'f90c     0xc  user_at_serial.o [1]
  .rodata            const     0x800'f918     0xc  user_at_serial.o [1]
  .rodata            const     0x800'f924     0xc  user_at_serial.o [1]
  .rodata            const     0x800'f930     0xc  user_at_serial.o [1]
  .rodata            const     0x800'f93c     0xc  user_at_serial.o [1]
  .rodata            const     0x800'f948     0xc  user_at_serial.o [1]
  .rodata            const     0x800'f954     0xc  user_at_serial.o [1]
  .rodata            const     0x800'f960     0xc  user_at_serial.o [1]
  .rodata            const     0x800'f96c     0xc  user_at_serial.o [1]
  .rodata            const     0x800'f978     0xc  user_at_serial.o [1]
  .rodata            const     0x800'f984     0xc  user_at_serial.o [1]
  .rodata            const     0x800'f990     0xc  user_at_serial.o [1]
  .rodata            const     0x800'f99c     0xc  user_at_serial.o [1]
  .rodata            const     0x800'f9a8     0xc  user_at_serial.o [1]
  .rodata            const     0x800'f9b4     0xc  user_at_serial.o [1]
  .rodata            const     0x800'f9c0     0xc  user_at_serial.o [1]
  .rodata            const     0x800'f9cc     0xc  user_at_serial.o [1]
  .rodata            const     0x800'f9d8     0xc  user_at_serial.o [1]
  .rodata            const     0x800'f9e4     0xc  user_at_serial.o [1]
  .rodata            const     0x800'f9f0     0xc  user_at_serial.o [1]
  .rodata            const     0x800'f9fc     0xc  user_at_serial.o [1]
  .rodata            const     0x800'fa08     0xc  user_at_serial.o [1]
  .rodata            const     0x800'fa14     0xc  user_at_serial.o [1]
  .rodata            const     0x800'fa20     0xc  user_at_serial.o [1]
  .rodata            const     0x800'fa2c     0xc  user_at_serial.o [1]
  .rodata            const     0x800'fa38     0xc  user_at_serial.o [1]
  .rodata            const     0x800'fa44     0xc  user_at_serial.o [1]
  .rodata            const     0x800'fa50     0xc  user_at_serial.o [1]
  .rodata            const     0x800'fa5c     0xc  user_at_serial.o [1]
  .rodata            const     0x800'fa68     0xc  user_at_serial.o [1]
  .rodata            const     0x800'fa74     0xc  user_at_serial.o [1]
  .rodata            const     0x800'fa80     0xc  user_at_serial.o [1]
  .rodata            const     0x800'fa8c     0xc  user_at_serial.o [1]
  .rodata            const     0x800'fa98     0xc  user_at_serial.o [1]
  .rodata            const     0x800'faa4     0xc  user_at_serial.o [1]
  .rodata            const     0x800'fab0     0xc  user_at_serial.o [1]
  .rodata            const     0x800'fabc     0xc  user_at_serial.o [1]
  .rodata            const     0x800'fac8     0xc  user_at_serial.o [1]
  .rodata            const     0x800'fad4     0xc  user_at_serial.o [1]
  .rodata            const     0x800'fae0     0xc  user_at_serial.o [1]
  .rodata            const     0x800'faec     0xc  user_rtc.o [1]
  .rodata            const     0x800'faf8     0xc  user_rtc.o [1]
  .text              ro code   0x800'fb04     0xc  cstartup_M.o [4]
  .rodata            const     0x800'fb10     0x8  stm32f4xx_hal_dma.o [1]
  .rodata            const     0x800'fb18     0x8  system_stm32f4xx.o [1]
  .rodata            const     0x800'fb20     0x8  user_app_delivery.o [1]
  .rodata            const     0x800'fb28     0x8  user_app_delivery.o [1]
  .rodata            const     0x800'fb30     0x8  user_app_door_sensor.o [1]
  .rodata            const     0x800'fb38     0x8  user_app_door_sensor.o [1]
  .rodata            const     0x800'fb40     0x8  user_app_electric.o [1]
  .rodata            const     0x800'fb48     0x8  user_app_electric.o [1]
  .rodata            const     0x800'fb50     0x8  user_app_electric.o [1]
  .rodata            const     0x800'fb58     0x8  user_app_mem.o [1]
  .rodata            const     0x800'fb60     0x8  user_app_pc_box.o [1]
  .rodata            const     0x800'fb68     0x8  user_app_pc_box.o [1]
  .rodata            const     0x800'fb70     0x8  user_app_pc_box.o [1]
  .rodata            const     0x800'fb78     0x8  user_app_relay.o [1]
  .rodata            const     0x800'fb80     0x8  user_app_relay.o [1]
  .rodata            const     0x800'fb88     0x8  user_app_relay.o [1]
  .rodata            const     0x800'fb90     0x8  user_app_relay.o [1]
  .rodata            const     0x800'fb98     0x8  user_app_relay.o [1]
  .rodata            const     0x800'fba0     0x8  user_app_relay.o [1]
  .rodata            const     0x800'fba8     0x8  user_app_rs485.o [1]
  .rodata            const     0x800'fbb0     0x8  user_at_serial.o [1]
  .rodata            const     0x800'fbb8     0x8  user_at_serial.o [1]
  .rodata            const     0x800'fbc0     0x8  user_at_serial.o [1]
  .rodata            const     0x800'fbc8     0x8  user_at_serial.o [1]
  .rodata            const     0x800'fbd0     0x8  user_at_serial.o [1]
  .rodata            const     0x800'fbd8     0x8  user_at_serial.o [1]
  .rodata            const     0x800'fbe0     0x8  user_at_serial.o [1]
  .rodata            const     0x800'fbe8     0x8  user_at_serial.o [1]
  .rodata            const     0x800'fbf0     0x8  user_at_serial.o [1]
  .rodata            const     0x800'fbf8     0x8  user_at_serial.o [1]
  .rodata            const     0x800'fc00     0x8  user_at_serial.o [1]
  .rodata            const     0x800'fc08     0x8  user_at_serial.o [1]
  .rodata            const     0x800'fc10     0x8  user_at_serial.o [1]
  .rodata            const     0x800'fc18     0x8  user_at_serial.o [1]
  .rodata            const     0x800'fc20     0x8  user_at_serial.o [1]
  .rodata            const     0x800'fc28     0x8  user_at_serial.o [1]
  .rodata            const     0x800'fc30     0x8  user_at_serial.o [1]
  .rodata            const     0x800'fc38     0x8  user_at_serial.o [1]
  .rodata            const     0x800'fc40     0x8  user_at_serial.o [1]
  .rodata            const     0x800'fc48     0x8  user_log.o [1]
  .rodata            const     0x800'fc50     0x8  user_util.o [1]
  .rodata            const     0x800'fc58     0x8  user_util.o [1]
  .rodata            const     0x800'fc60     0x8  user_util.o [1]
  .text              ro code   0x800'fc68     0x4  startup_stm32f405xx.o [1]
  .text              ro code   0x800'fc6c     0x4  startup_stm32f405xx.o [1]
  .text              ro code   0x800'fc70     0x4  startup_stm32f405xx.o [1]
  .text              ro code   0x800'fc74     0x4  startup_stm32f405xx.o [1]
  .text              ro code   0x800'fc78     0x4  startup_stm32f405xx.o [1]
  .text              ro code   0x800'fc7c     0x4  startup_stm32f405xx.o [1]
  .text              ro code   0x800'fc80     0x4  startup_stm32f405xx.o [1]
  .text              ro code   0x800'fc84     0x4  startup_stm32f405xx.o [1]
  .text              ro code   0x800'fc88     0x4  startup_stm32f405xx.o [1]
  .text              ro code   0x800'fc8c     0x4  startup_stm32f405xx.o [1]
  .text              ro code   0x800'fc90     0x4  startup_stm32f405xx.o [1]
  .text              ro code   0x800'fc94     0x4  startup_stm32f405xx.o [1]
  .text              ro code   0x800'fc98     0x4  startup_stm32f405xx.o [1]
  .text              ro code   0x800'fc9c     0x4  startup_stm32f405xx.o [1]
  .text              ro code   0x800'fca0     0x4  startup_stm32f405xx.o [1]
  .text              ro code   0x800'fca4     0x4  startup_stm32f405xx.o [1]
  .text              ro code   0x800'fca8     0x4  startup_stm32f405xx.o [1]
  .text              ro code   0x800'fcac     0x4  startup_stm32f405xx.o [1]
  .text              ro code   0x800'fcb0     0x4  startup_stm32f405xx.o [1]
  .text              ro code   0x800'fcb4     0x4  startup_stm32f405xx.o [1]
  .text              ro code   0x800'fcb8     0x4  startup_stm32f405xx.o [1]
  .text              ro code   0x800'fcbc     0x4  startup_stm32f405xx.o [1]
  .text              ro code   0x800'fcc0     0x4  startup_stm32f405xx.o [1]
  .text              ro code   0x800'fcc4     0x4  startup_stm32f405xx.o [1]
  .text              ro code   0x800'fcc8     0x4  startup_stm32f405xx.o [1]
  .text              ro code   0x800'fccc     0x4  startup_stm32f405xx.o [1]
  .text              ro code   0x800'fcd0     0x4  startup_stm32f405xx.o [1]
  .text              ro code   0x800'fcd4     0x4  startup_stm32f405xx.o [1]
  .text              ro code   0x800'fcd8     0x4  startup_stm32f405xx.o [1]
  .text              ro code   0x800'fcdc     0x4  startup_stm32f405xx.o [1]
  .text              ro code   0x800'fce0     0x4  startup_stm32f405xx.o [1]
  .text              ro code   0x800'fce4     0x4  startup_stm32f405xx.o [1]
  .text              ro code   0x800'fce8     0x4  startup_stm32f405xx.o [1]
  .text              ro code   0x800'fcec     0x4  startup_stm32f405xx.o [1]
  .text              ro code   0x800'fcf0     0x4  startup_stm32f405xx.o [1]
  .text              ro code   0x800'fcf4     0x4  startup_stm32f405xx.o [1]
  .text              ro code   0x800'fcf8     0x4  startup_stm32f405xx.o [1]
  .text              ro code   0x800'fcfc     0x4  startup_stm32f405xx.o [1]
  .text              ro code   0x800'fd00     0x4  startup_stm32f405xx.o [1]
  .text              ro code   0x800'fd04     0x4  startup_stm32f405xx.o [1]
  .text              ro code   0x800'fd08     0x4  startup_stm32f405xx.o [1]
  .text              ro code   0x800'fd0c     0x4  startup_stm32f405xx.o [1]
  .text              ro code   0x800'fd10     0x4  startup_stm32f405xx.o [1]
  .text              ro code   0x800'fd14     0x4  startup_stm32f405xx.o [1]
  .text              ro code   0x800'fd18     0x4  startup_stm32f405xx.o [1]
  .text              ro code   0x800'fd1c     0x4  startup_stm32f405xx.o [1]
  .text              ro code   0x800'fd20     0x4  startup_stm32f405xx.o [1]
  .text              ro code   0x800'fd24     0x4  startup_stm32f405xx.o [1]
  .text              ro code   0x800'fd28     0x4  startup_stm32f405xx.o [1]
  .text              ro code   0x800'fd2c     0x4  startup_stm32f405xx.o [1]
  .text              ro code   0x800'fd30     0x4  startup_stm32f405xx.o [1]
  .text              ro code   0x800'fd34     0x4  startup_stm32f405xx.o [1]
  .text              ro code   0x800'fd38     0x4  startup_stm32f405xx.o [1]
  .text              ro code   0x800'fd3c     0x4  startup_stm32f405xx.o [1]
  .text              ro code   0x800'fd40     0x4  startup_stm32f405xx.o [1]
  .text              ro code   0x800'fd44     0x4  startup_stm32f405xx.o [1]
  .text              ro code   0x800'fd48     0x4  startup_stm32f405xx.o [1]
  .text              ro code   0x800'fd4c     0x4  startup_stm32f405xx.o [1]
  .text              ro code   0x800'fd50     0x4  startup_stm32f405xx.o [1]
  .text              ro code   0x800'fd54     0x4  startup_stm32f405xx.o [1]
  .text              ro code   0x800'fd58     0x4  startup_stm32f405xx.o [1]
  .text              ro code   0x800'fd5c     0x4  startup_stm32f405xx.o [1]
  .text              ro code   0x800'fd60     0x4  startup_stm32f405xx.o [1]
  .rodata            const     0x800'fd64     0x0  zero_init3.o [4]
  .rodata            const     0x800'fd64     0x0  lz77_init_single.o [4]
  Initializer bytes  const     0x800'fd64   0x3c0  <for P2-1>
                             - 0x801'0124  0xff9c

"P2", part 1 of 3:                          0x93d
  P2-1                        0x2000'0000   0x93d  <Init block>
    .data            inited   0x2000'0000     0x4  stm32f4xx_hal.o [1]
    .data            inited   0x2000'0004     0x4  system_stm32f4xx.o [1]
    .data            inited   0x2000'0008    0x70  user_app_comm.o [1]
    .data            inited   0x2000'0078     0x8  user_app_comm.o [1]
    .data            inited   0x2000'0080   0x110  user_app_delivery.o [1]
    .data            inited   0x2000'0190    0x28  user_app_delivery.o [1]
    .data            inited   0x2000'01b8    0x60  user_app_door_sensor.o [1]
    .data            inited   0x2000'0218    0x30  user_app_electric.o [1]
    .data            inited   0x2000'0248    0x14  user_app_electric.o [1]
    .data            inited   0x2000'025c    0x38  user_app_mem.o [1]
    .data            inited   0x2000'0294    0x38  user_app_mem.o [1]
    .data            inited   0x2000'02cc    0x38  user_app_mem.o [1]
    .data            inited   0x2000'0304    0x80  user_app_mem.o [1]
    .data            inited   0x2000'0384    0xd0  user_app_pc_box.o [1]
    .data            inited   0x2000'0454     0x4  user_app_pc_box.o [1]
    .data            inited   0x2000'0458     0x8  user_app_pc_box.o [1]
    .data            inited   0x2000'0460    0x70  user_app_relay.o [1]
    .data            inited   0x2000'04d0    0x24  user_app_relay.o [1]
    .data            inited   0x2000'04f4    0x14  user_app_relay.o [1]
    .data            inited   0x2000'0508     0xc  user_app_relay.o [1]
    .data            inited   0x2000'0514    0x50  user_app_rs485.o [1]
    .data            inited   0x2000'0564    0x80  user_app_temperature.o [1]
    .data            inited   0x2000'05e4     0x4  user_app_temperature.o [1]
    .data            inited   0x2000'05e8    0x50  user_app_vib_sensor.o [1]
    .data            inited   0x2000'0638    0x40  user_external_flash.o [1]
    .data            inited   0x2000'0678    0xb4  user_external_flash.o [1]
    .data            inited   0x2000'072c    0x10  user_external_flash.o [1]
    .data            inited   0x2000'073c    0x14  user_external_flash.o [1]
    .data            inited   0x2000'0750     0x4  user_external_flash.o [1]
    .data            inited   0x2000'0754    0x10  user_external_flash.o [1]
    .data            inited   0x2000'0764   0x140  user_external_flash.o [1]
    .data            inited   0x2000'08a4    0x14  user_modem.o [1]
    .data            inited   0x2000'08b8    0x4c  user_modem.o [1]
    .data            inited   0x2000'0904     0xc  user_modem.o [1]
    .data            inited   0x2000'0910    0x10  user_modem.o [1]
    .data            inited   0x2000'0920     0x8  user_uart.o [1]
    .data            inited   0x2000'0928     0x8  user_uart.o [1]
    .data            inited   0x2000'0930     0x8  user_uart.o [1]
    .data            inited   0x2000'0938     0x2  user_app_relay.o [1]
    .data            inited   0x2000'093a     0x2  user_app_rs485.o [1]
    .data            inited   0x2000'093c     0x1  stm32f4xx_hal.o [1]
                            - 0x2000'093d   0x93d

"P2", part 2 of 3:                         0x15ac
  .bss               zero     0x2000'0940   0x4b0  user_uart.o [1]
  .bss               zero     0x2000'0df0   0x400  user_external_flash.o [1]
  .bss               zero     0x2000'11f0   0x400  user_modem.o [1]
  .bss               zero     0x2000'15f0   0x100  user_modem.o [1]
  .bss               zero     0x2000'16f0   0x100  user_modem.o [1]
  .bss               zero     0x2000'17f0    0x80  user_at_serial.o [1]
  .bss               zero     0x2000'1870    0x64  user_uart.o [1]
  .bss               zero     0x2000'18d4    0x64  user_uart.o [1]
  .bss               zero     0x2000'1938    0x60  adc.o [1]
  .bss               zero     0x2000'1998    0x60  usart.o [1]
  .bss               zero     0x2000'19f8    0x60  usart.o [1]
  .bss               zero     0x2000'1a58    0x60  usart.o [1]
  .bss               zero     0x2000'1ab8    0x58  spi.o [1]
  .bss               zero     0x2000'1b10    0x48  adc.o [1]
  .bss               zero     0x2000'1b58    0x48  tim.o [1]
  .bss               zero     0x2000'1ba0    0x48  tim.o [1]
  .bss               zero     0x2000'1be8    0x44  usart.o [1]
  .bss               zero     0x2000'1c2c    0x44  usart.o [1]
  .bss               zero     0x2000'1c70    0x44  usart.o [1]
  .bss               zero     0x2000'1cb4    0x28  user_app_delivery.o [1]
  .bss               zero     0x2000'1cdc    0x28  user_app_pc_box.o [1]
  .bss               zero     0x2000'1d04    0x28  user_rtc.o [1]
  .bss               zero     0x2000'1d2c    0x20  rtc.o [1]
  .bss               zero     0x2000'1d4c    0x1c  user_rtc.o [1]
  .bss               zero     0x2000'1d68    0x18  user_app_comm.o [1]
  .bss               zero     0x2000'1d80    0x18  user_app_pc_box.o [1]
  .bss               zero     0x2000'1d98    0x18  user_app_pc_box.o [1]
  .bss               zero     0x2000'1db0    0x18  user_app_pc_box.o [1]
  .bss               zero     0x2000'1dc8    0x18  user_external_flash.o [1]
  .bss               zero     0x2000'1de0    0x18  user_external_flash.o [1]
  .bss               zero     0x2000'1df8    0x18  user_external_flash.o [1]
  .bss               zero     0x2000'1e10    0x10  user_app_mem.o [1]
  .bss               zero     0x2000'1e20    0x10  user_app_relay.o [1]
  .bss               zero     0x2000'1e30     0xc  user_app_temperature.o [1]
  .bss               zero     0x2000'1e3c     0xc  user_app_temperature.o [1]
  .bss               zero     0x2000'1e48     0xc  user_app_vib_sensor.o [1]
  .bss               zero     0x2000'1e54     0xc  user_external_flash.o [1]
  .bss               zero     0x2000'1e60     0xc  user_modem.o [1]
  .bss               zero     0x2000'1e6c     0xc  user_util.o [1]
  .bss               zero     0x2000'1e78     0x8  user_app_pc_box.o [1]
  .bss               zero     0x2000'1e80     0x8  user_app_pc_box.o [1]
  .bss               zero     0x2000'1e88     0x4  stm32f4xx_hal.o [1]
  .bss               zero     0x2000'1e8c     0x4  user_app_delivery.o [1]
  .bss               zero     0x2000'1e90     0x4  user_app_delivery.o [1]
  .bss               zero     0x2000'1e94     0x4  user_app_delivery.o [1]
  .bss               zero     0x2000'1e98     0x4  user_app_door_sensor.o [1]
  .bss               zero     0x2000'1e9c     0x4  user_app_temperature.o [1]
  .bss               zero     0x2000'1ea0     0x4  user_app_temperature.o [1]
  .bss               zero     0x2000'1ea4     0x4  user_app_vib_sensor.o [1]
  .bss               zero     0x2000'1ea8     0x4  user_lpm.o [1]
  .bss               zero     0x2000'1eac     0x4  user_rtc.o [1]
  .bss               zero     0x2000'1eb0     0x4  user_timer.o [1]
  .bss               zero     0x2000'1eb4     0x4  user_util.o [1]
  .bss               zero     0x2000'1eb8     0x4  user_util.o [1]
  .bss               zero     0x2000'1ebc     0x2  user_app_comm.o [1]
  .bss               zero     0x2000'1ebe     0x2  user_app_delivery.o [1]
  .bss               zero     0x2000'1ec0     0x2  user_app_pc_box.o [1]
  .bss               zero     0x2000'1ec2     0x2  user_app_rs485.o [1]
  .bss               zero     0x2000'1ec4     0x2  user_app_rs485.o [1]
  .bss               zero     0x2000'1ec6     0x2  user_external_flash.o [1]
  .bss               zero     0x2000'1ec8     0x1  user_app_comm.o [1]
  .bss               zero     0x2000'1ec9     0x1  user_app_comm.o [1]
  .bss               zero     0x2000'1eca     0x1  user_app_comm.o [1]
  .bss               zero     0x2000'1ecb     0x1  user_app_delivery.o [1]
  .bss               zero     0x2000'1ecc     0x1  user_app_delivery.o [1]
  .bss               zero     0x2000'1ecd     0x1  user_app_delivery.o [1]
  .bss               zero     0x2000'1ece     0x1  user_app_delivery.o [1]
  .bss               zero     0x2000'1ecf     0x1  user_app_delivery.o [1]
  .bss               zero     0x2000'1ed0     0x1  user_app_delivery.o [1]
  .bss               zero     0x2000'1ed1     0x1  user_app_delivery.o [1]
  .bss               zero     0x2000'1ed2     0x1  user_app_delivery.o [1]
  .bss               zero     0x2000'1ed3     0x1  user_app_door_sensor.o [1]
  .bss               zero     0x2000'1ed4     0x1  user_app_door_sensor.o [1]
  .bss               zero     0x2000'1ed5     0x1  user_app_door_sensor.o [1]
  .bss               zero     0x2000'1ed6     0x1  user_app_mem.o [1]
  .bss               zero     0x2000'1ed7     0x1  user_app_pc_box.o [1]
  .bss               zero     0x2000'1ed8     0x1  user_app_pc_box.o [1]
  .bss               zero     0x2000'1ed9     0x1  user_app_relay.o [1]
  .bss               zero     0x2000'1eda     0x1  user_app_rs485.o [1]
  .bss               zero     0x2000'1edb     0x1  user_app_rs485.o [1]
  .bss               zero     0x2000'1edc     0x1  user_app_rs485.o [1]
  .bss               zero     0x2000'1edd     0x1  user_app_temperature.o [1]
  .bss               zero     0x2000'1ede     0x1  user_app_temperature.o [1]
  .bss               zero     0x2000'1edf     0x1  user_app_vib_sensor.o [1]
  .bss               zero     0x2000'1ee0     0x1  user_app_vib_sensor.o [1]
  .bss               zero     0x2000'1ee1     0x1  user_at_serial.o [1]
  .bss               zero     0x2000'1ee2     0x1  user_external_flash.o [1]
  .bss               zero     0x2000'1ee3     0x1  user_external_flash.o [1]
  .bss               zero     0x2000'1ee4     0x1  user_external_flash.o [1]
  .bss               zero     0x2000'1ee5     0x1  user_lpm.o [1]
  .bss               zero     0x2000'1ee6     0x1  user_rtc.o [1]
  .bss               zero     0x2000'1ee7     0x1  user_uart.o [1]
  .bss               zero     0x2000'1ee8     0x1  user_uart.o [1]
  .bss               zero     0x2000'1ee9     0x1  user_uart.o [1]
  .bss               zero     0x2000'1eea     0x1  user_uart.o [1]
                            - 0x2000'1eeb  0x15ab

"P2", part 3 of 3:                          0x400
  CSTACK                      0x2000'1ef0   0x400  <Block>
    CSTACK           uninit   0x2000'1ef0   0x400  <Block tail>
                            - 0x2000'22f0   0x400

Unused ranges:

         From           To      Size
         ----           --      ----
   0x801'0124   0x80f'ffff  0xe'fedc
  0x2000'093d  0x2000'093f       0x3
  0x2000'1eec  0x2000'1eef       0x4
  0x2000'22f0  0x2001'ffff  0x1'dd10


*******************************************************************************
*** INIT TABLE
***

          Address      Size
          -------      ----
Zero (__iar_zero_init3)
    1 destination range, total size 0x15ab:
          0x2000'0940  0x15ab

Copy/lz77 (__iar_lz77_init_single3)
    1 source range, total size 0x3c0 (40% of destination):
           0x800'fd64   0x3c0
    1 destination range, total size 0x93d:
          0x2000'0000   0x93d



*******************************************************************************
*** MODULE SUMMARY
***

    Module                       ro code  ro data  rw data
    ------                       -------  -------  -------
command line/config:
    ------------------------------------------------------
    Total:

D:\Saoviet_Bitbucket\Saoviet_Vending_Machine\Saoviet_VendingMachine_Test\EWARM\Saoviet_Maybanhang\Obj: [1]
    S25FL216K.o                      150
    adc.o                            356               168
    dma.o                            120
    event_driven.o                    84
    gpio.o                           688
    main.o                           240
    queue_p.o                        310
    rtc.o                            348                32
    spi.o                            196                88
    startup_stm32f405xx.o            660
    stm32f4xx_hal.o                  244        2        9
    stm32f4xx_hal_adc.o            1'432
    stm32f4xx_hal_cortex.o           400
    stm32f4xx_hal_dma.o            1'480        8
    stm32f4xx_hal_gpio.o           1'128
    stm32f4xx_hal_msp.o               64
    stm32f4xx_hal_rcc.o            1'560
    stm32f4xx_hal_rcc_ex.o           352
    stm32f4xx_hal_rtc.o            1'860
    stm32f4xx_hal_rtc_ex.o            98
    stm32f4xx_hal_spi.o            1'100
    stm32f4xx_hal_tim.o            1'336
    stm32f4xx_hal_tim_ex.o           172
    stm32f4xx_hal_uart.o           2'690
    stm32f4xx_it.o                   288
    system_stm32f4xx.o                16       26        4
    tim.o                            512               144
    usart.o                          880               492
    user_app_comm.o                  880      216      149
    user_app_delivery.o            3'604      859      374
    user_app_door_sensor.o           612       83      103
    user_app_electric.o              944      152       68
    user_app_mem.o                 1'388      412      313
    user_app_pc_box.o              5'972      285      352
    user_app_relay.o               2'116      210      199
    user_app_rs485.o               1'112       42       89
    user_app_temperature.o         1'648      173      166
    user_app_vib_sensor.o            660       57       98
    user_at_serial.o               6'492    3'036      129
    user_comm_vending_machine.o      294
    user_convert_variable.o        1'122
    user_external_flash.o          3'296      835    1'733
    user_irq_input.o                 292
    user_log.o                       508        8
    user_lpm.o                        36                 5
    user_modbus_rtu.o                216
    user_modem.o                     468      103    1'672
    user_modem_init.o                204
    user_rtc.o                       936       68       73
    user_string.o                    486
    user_time.o                      300
    user_timer.o                     964                 4
    user_uart.o                      360        9    1'428
    user_util.o                    1'388       24       20
    ------------------------------------------------------
    Total:                        55'062    6'608    7'912

dl7M_tlf.a: [2]
    exit.o                             4
    low_level_init.o                   4
    ------------------------------------------------------
    Total:                             8

m7M_tls.a: [3]
    DblAdd.o                         378
    DblCmpLe.o                        46
    DblDiv.o                         582
    DblMul.o                         418
    DblSub.o                         226
    DblToFlt.o                       104
    DblToS32.o                        58
    FltToDbl.o                        72
    S32ToDbl.o                        34
    fpinit_M.o                        34
    frexp.o                          112
    logx64.o                         796
    math_wrappers64.o                 18
    ------------------------------------------------------
    Total:                         2'878

rt7M_tl.a: [4]
    ABImemcpy.o                      166
    ABImemset.o                      102
    I64DivMod.o                      560
    I64DivZer.o                        2
    cexit.o                           10
    cmain.o                           30
    cstartup_M.o                      12
    data_init.o                       40
    lz77_init_single.o               120
    memset.o                          20
    strlen.o                          54
    zero_init3.o                      58
    ------------------------------------------------------
    Total:                         1'174

shb_l.a: [5]
    exit.o                            20
    ------------------------------------------------------
    Total:                            20

    Gaps                              42        4
    Linker created                             32    1'024
----------------------------------------------------------
    Grand Total:                  59'184    6'644    8'936


*******************************************************************************
*** ENTRY LIST
***

Entry                       Address   Size  Type      Object
-----                       -------   ----  ----      ------
.iar.init_table$$Base    0x800'eec4          --   Gb  - Linker created -
.iar.init_table$$Limit   0x800'eee4          --   Gb  - Linker created -
?main                    0x800'efc5         Code  Gb  cmain.o [4]
ADC_Avg                 0x2000'1e3c    0xc  Data  Gb  user_app_temperature.o [1]
ADC_DMAConvCplt          0x800'ad79   0x7a  Code  Lc  stm32f4xx_hal_adc.o [1]
ADC_DMAError             0x800'ae05   0x1a  Code  Lc  stm32f4xx_hal_adc.o [1]
ADC_DMAHalfConvCplt      0x800'adf5    0xe  Code  Lc  stm32f4xx_hal_adc.o [1]
ADC_Init                 0x800'abf9  0x15a  Code  Lc  stm32f4xx_hal_adc.o [1]
ADC_Init                 0x800'677f    0xe  Code  Gb  user_app_temperature.o [1]
ADC_Temp                0x2000'1e30    0xc  Data  Gb  user_app_temperature.o [1]
AHBPrescTable            0x800'f4b4   0x10  Data  Gb  system_stm32f4xx.o [1]
APBPrescTable            0x800'fb18    0x8  Data  Gb  system_stm32f4xx.o [1]
AppCom_Calcu_Period_To_RoudTime
                         0x800'252d   0x3a  Code  Lc  user_app_comm.o [1]
AppComm_IRQ_Timer_CallBack
                         0x800'2521    0xc  Code  Gb  user_app_comm.o [1]
AppComm_Init             0x800'245d   0x26  Code  Gb  user_app_comm.o [1]
AppComm_Set_Next_TxTimer
                         0x800'2591   0x78  Code  Gb  user_app_comm.o [1]
AppComm_Set_Next_TxTimer::CountMessInit
                        0x2000'1eca    0x1  Data  Lc  user_app_comm.o [1]
AppComm_Task             0x800'2483   0x9e  Code  Gb  user_app_comm.o [1]
AppDelivery_Debug        0x800'591d   0xbe  Code  Gb  user_app_delivery.o [1]
AppDelivery_Task         0x800'5be9   0x84  Code  Gb  user_app_delivery.o [1]
AppDoorSensor_Debug      0x800'ca13   0x36  Code  Gb  user_app_door_sensor.o [1]
AppDoorSensor_Task       0x800'ca49   0x84  Code  Gb  user_app_door_sensor.o [1]
AppElectric_Debug        0x800'6a29   0xc4  Code  Gb  user_app_electric.o [1]
AppElectric_Task         0x800'6af5   0x84  Code  Gb  user_app_electric.o [1]
AppMem_Get_Req_AT        0x800'34c5   0xc2  Code  Gb  user_app_mem.o [1]
AppMem_PowerOff_ExFlash
                         0x800'3587    0x2  Code  Gb  user_app_mem.o [1]
AppMem_PowerOn_ExFlash   0x800'3589    0x8  Code  Gb  user_app_mem.o [1]
AppMem_Read_Data         0x800'34a5   0x20  Code  Gb  user_app_mem.o [1]
AppMem_Task              0x800'333d   0xa2  Code  Gb  user_app_mem.o [1]
AppMem_Write_Data        0x800'33df   0xc6  Code  Gb  user_app_mem.o [1]
AppPcBox_Debug           0x800'4c51   0x8c  Code  Gb  user_app_pc_box.o [1]
AppPcBox_Task            0x800'4e37   0x84  Code  Gb  user_app_pc_box.o [1]
AppRelay_Task            0x800'7315   0x84  Code  Gb  user_app_relay.o [1]
AppRs485_Task            0x800'c7dd   0x84  Code  Gb  user_app_rs485.o [1]
AppTemperature_Debug     0x800'65eb  0x104  Code  Gb  user_app_temperature.o [1]
AppTemperature_Task      0x800'66ef   0x84  Code  Gb  user_app_temperature.o [1]
AppVendingMachine_Task   0x800'9691   0x26  Code  Gb  user_comm_vending_machine.o [1]
AppVibSensor_Debug       0x800'ccbf   0x2c  Code  Gb  user_app_vib_sensor.o [1]
AppVibSensor_Task        0x800'cceb   0x84  Code  Gb  user_app_vib_sensor.o [1]
BusFault_Handler         0x800'e91f    0x2  Code  Gb  stm32f4xx_it.o [1]
CSTACK$$Base            0x2000'1ef0          --   Gb  - Linker created -
CSTACK$$Limit           0x2000'22f0          --   Gb  - Linker created -
CTRL_MOTOR_PIN           0x800'f310   0x14  Data  Lc  user_app_delivery.o [1]
CTRL_MOTOR_PORT         0x2000'0190   0x28  Data  Lc  user_app_delivery.o [1]
Cal_Time                 0x800'1cd7   0x12  Code  Gb  user_util.o [1]
Calculator_Crc_U16       0x800'96b7   0x52  Code  Gb  user_comm_vending_machine.o [1]
Calculator_Scale         0x800'5d29   0x52  Code  Gb  user_convert_variable.o [1]
Calculator_Scale_Int     0x800'977d   0x22  Code  Gb  user_comm_vending_machine.o [1]
Cb_TX_Timer_Event        0x800'2569   0x22  Code  Lc  user_app_comm.o [1]
CheckList_AT_CONFIG      0x800'e1cc  0x550  Data  Gb  user_at_serial.o [1]
Check_AT_User            0x800'0d4b  0x1ac  Code  Gb  user_at_serial.o [1]
Check_RealTime_OFF_PcBox
                         0x800'4d1d   0x8e  Code  Gb  user_app_pc_box.o [1]
Check_RealTime_ON_PcBox
                         0x800'4db5   0x80  Code  Gb  user_app_pc_box.o [1]
Check_Time_Out           0x800'1cb9   0x1e  Code  Gb  user_util.o [1]
Check_update_Time        0x800'28cb   0x56  Code  Gb  user_time.o [1]
ControlRelay             0x800'709f  0x11c  Code  Gb  user_app_relay.o [1]
Control_Elevator         0x800'5a15   0x34  Code  Gb  user_app_delivery.o [1]
Control_LockMagnetis     0x800'5afd   0x14  Code  Gb  user_app_delivery.o [1]
Convert_Hex_To_String_Hex
                         0x800'2023   0x90  Code  Gb  user_util.o [1]
Convert_Int_To_String    0x800'5d81   0xc6  Code  Gb  user_convert_variable.o [1]
Convert_Int_To_String_Scale
                         0x800'5e47   0xce  Code  Gb  user_convert_variable.o [1]
Convert_Point_Int_To_String
                         0x800'5f15   0xce  Code  Gb  user_convert_variable.o [1]
Convert_Point_Int_To_String_Scale
                         0x800'5fe3   0xea  Code  Gb  user_convert_variable.o [1]
Convert_String_To_Dec    0x800'1fc7   0x5c  Code  Gb  user_util.o [1]
Convert_String_To_Integer_Point
                         0x800'60cd   0x94  Code  Gb  user_convert_variable.o [1]
Convert_Uint64_To_StringDec
                         0x800'1ce9  0x128  Code  Gb  user_util.o [1]
CountBufferHandleRecv   0x2000'1ec2    0x2  Data  Gb  user_app_rs485.o [1]
DCU_Respond              0x800'1b81   0xd0  Code  Gb  user_modem.o [1]
DMA1_Stream1_IRQHandler
                         0x800'e96b    0xa  Code  Gb  stm32f4xx_it.o [1]
DMA1_Stream5_IRQHandler
                         0x800'e975    0xa  Code  Gb  stm32f4xx_it.o [1]
DMA2_Stream0_IRQHandler
                         0x800'ea01    0xa  Code  Gb  stm32f4xx_it.o [1]
DMA2_Stream2_IRQHandler
                         0x800'ea0b    0xa  Code  Gb  stm32f4xx_it.o [1]
DMA_CalcBaseAndBitshift
                         0x800'b975   0x30  Code  Lc  stm32f4xx_hal_dma.o [1]
DMA_CalcBaseAndBitshift::flagBitshiftOffset
                         0x800'fb10    0x8  Data  Lc  stm32f4xx_hal_dma.o [1]
DMA_CheckFifoParam       0x800'b9b5   0x9c  Code  Lc  stm32f4xx_hal_dma.o [1]
DMA_SetConfig            0x800'b947   0x2e  Code  Lc  stm32f4xx_hal_dma.o [1]
DaysInMonth              0x800'faec    0xc  Data  Lc  user_rtc.o [1]
DaysInMonthLeapYear      0x800'faf8    0xc  Data  Lc  user_rtc.o [1]
DeInit_RX_Mode_Uart_485
                         0x800'7e9d    0x2  Code  Gb  user_uart.o [1]
DeInit_RX_Mode_Uart_Debug
                         0x800'7e9b    0x2  Code  Gb  user_uart.o [1]
DeInit_RX_Mode_Uart_PcBox
                         0x800'7e9f    0x2  Code  Gb  user_uart.o [1]
DebugMon_Handler         0x800'e925    0x2  Code  Gb  stm32f4xx_it.o [1]
Debug_Encoder            0x800'5a8f   0x6e  Code  Gb  user_app_delivery.o [1]
Debug_Floor_Elevator     0x800'5b15   0x42  Code  Gb  user_app_delivery.o [1]
Delivery_Entry           0x800'569d   0x6c  Code  Gb  user_app_delivery.o [1]
Delivery_Handle_State    0x800'5b69   0x80  Code  Gb  user_app_delivery.o [1]
DetectErrorDelivery     0x2000'1ecb    0x1  Data  Gb  user_app_delivery.o [1]
Disable_Handle_Idle_Delivery
                         0x800'5a5f    0xc  Code  Gb  user_app_delivery.o [1]
EXTI0_IRQHandler         0x800'e939    0xa  Code  Gb  stm32f4xx_it.o [1]
EXTI15_10_IRQHandler     0x800'e9c3   0x34  Code  Gb  stm32f4xx_it.o [1]
EXTI1_IRQHandler         0x800'e943    0xa  Code  Gb  stm32f4xx_it.o [1]
EXTI2_IRQHandler         0x800'e94d    0xa  Code  Gb  stm32f4xx_it.o [1]
EXTI3_IRQHandler         0x800'e957    0xa  Code  Gb  stm32f4xx_it.o [1]
EXTI4_IRQHandler         0x800'e961    0xa  Code  Gb  stm32f4xx_it.o [1]
EXTI9_5_IRQHandler       0x800'e97f   0x26  Code  Gb  stm32f4xx_it.o [1]
Enable_Handle_Idle_Delivery
                         0x800'5a4d   0x12  Code  Gb  user_app_delivery.o [1]
Enable_Test_Elevator     0x800'5a71   0x1e  Code  Gb  user_app_delivery.o [1]
Error_Handler            0x800'bd6d    0x4  Code  Gb  main.o [1]
Find_String_V2           0x800'35d9  0x130  Code  Gb  user_string.o [1]
Find_str_fix             0x800'372b   0x94  Code  Gb  user_string.o [1]
Fix_Motor                0x800'565d   0x40  Code  Gb  user_app_delivery.o [1]
GetTick_TimePushMotor   0x2000'1e94    0x4  Data  Gb  user_app_delivery.o [1]
Get_RTC                  0x800'27fd   0x4e  Code  Gb  user_time.o [1]
HAL_ADC_ConfigChannel    0x800'aa7d  0x17c  Code  Gb  stm32f4xx_hal_adc.o [1]
HAL_ADC_Init             0x800'a88d   0x66  Code  Gb  stm32f4xx_hal_adc.o [1]
HAL_ADC_MspInit          0x800'd319   0xa2  Code  Gb  adc.o [1]
HAL_ADC_Start_DMA        0x800'a8f3  0x18a  Code  Gb  stm32f4xx_hal_adc.o [1]
HAL_DBGMCU_DisableDBGSleepMode
                         0x800'c419    0xc  Code  Gb  stm32f4xx_hal.o [1]
HAL_DBGMCU_DisableDBGStandbyMode
                         0x800'c431    0xc  Code  Gb  stm32f4xx_hal.o [1]
HAL_DBGMCU_DisableDBGStopMode
                         0x800'c425    0xc  Code  Gb  stm32f4xx_hal.o [1]
HAL_DMA_Abort            0x800'b67b   0x9c  Code  Gb  stm32f4xx_hal_dma.o [1]
HAL_DMA_Abort_IT         0x800'b717   0x28  Code  Gb  stm32f4xx_hal_dma.o [1]
HAL_DMA_DeInit           0x800'b56b   0x84  Code  Gb  stm32f4xx_hal_dma.o [1]
HAL_DMA_IRQHandler       0x800'b73f  0x208  Code  Gb  stm32f4xx_hal_dma.o [1]
HAL_DMA_Init             0x800'b489   0xe2  Code  Gb  stm32f4xx_hal_dma.o [1]
HAL_DMA_Start_IT         0x800'b5ef   0x8c  Code  Gb  stm32f4xx_hal_dma.o [1]
HAL_Delay                0x800'97a1   0x28  Code  Wk  stm32f4xx_hal.o [1]
HAL_GPIO_DeInit          0x800'9fd7  0x19c  Code  Gb  stm32f4xx_hal_gpio.o [1]
HAL_GPIO_EXTI_Callback   0x800'cf55  0x124  Code  Gb  user_irq_input.o [1]
HAL_GPIO_EXTI_IRQHandler
                         0x800'a1bd   0x20  Code  Gb  stm32f4xx_hal_gpio.o [1]
HAL_GPIO_Init            0x800'9db5  0x222  Code  Gb  stm32f4xx_hal_gpio.o [1]
HAL_GPIO_ReadPin         0x800'a173   0x16  Code  Gb  stm32f4xx_hal_gpio.o [1]
HAL_GPIO_TogglePin       0x800'a1a3   0x1a  Code  Gb  stm32f4xx_hal_gpio.o [1]
HAL_GPIO_WritePin        0x800'a189   0x1a  Code  Gb  stm32f4xx_hal_gpio.o [1]
HAL_GetTick              0x800'97c9    0xc  Code  Wk  stm32f4xx_hal.o [1]
HAL_IncTick              0x800'ea39   0x18  Code  Wk  stm32f4xx_hal.o [1]
HAL_Init                 0x800'c3e9   0x30  Code  Gb  stm32f4xx_hal.o [1]
HAL_InitTick             0x800'd7e5   0x4c  Code  Wk  stm32f4xx_hal.o [1]
HAL_MspInit              0x800'df45   0x40  Code  Gb  stm32f4xx_hal_msp.o [1]
HAL_NVIC_DisableIRQ      0x800'bec3    0xe  Code  Gb  stm32f4xx_hal_cortex.o [1]
HAL_NVIC_EnableIRQ       0x800'beb5    0xe  Code  Gb  stm32f4xx_hal_cortex.o [1]
HAL_NVIC_SetPriority     0x800'be8b   0x2a  Code  Gb  stm32f4xx_hal_cortex.o [1]
HAL_NVIC_SetPriorityGrouping
                         0x800'be7f    0xc  Code  Gb  stm32f4xx_hal_cortex.o [1]
HAL_RCCEx_PeriphCLKConfig
                         0x800'cdf5  0x13a  Code  Gb  stm32f4xx_hal_rcc_ex.o [1]
HAL_RCC_ClockConfig      0x800'ba55  0x140  Code  Gb  stm32f4xx_hal_rcc.o [1]
HAL_RCC_GetHCLKFreq      0x800'bb95    0x6  Code  Gb  stm32f4xx_hal_rcc.o [1]
HAL_RCC_GetPCLK1Freq     0x800'bb9b   0x16  Code  Gb  stm32f4xx_hal_rcc.o [1]
HAL_RCC_GetPCLK2Freq     0x800'bbb1   0x16  Code  Gb  stm32f4xx_hal_rcc.o [1]
HAL_RCC_OscConfig        0x800'db59  0x3ec  Code  Wk  stm32f4xx_hal_rcc.o [1]
HAL_RTCEx_AlarmBEventCallback
                         0x800'9ced    0x2  Code  Wk  stm32f4xx_hal_rtc_ex.o [1]
HAL_RTCEx_BKUPRead       0x800'cda7   0x10  Code  Gb  stm32f4xx_hal_rtc_ex.o [1]
HAL_RTCEx_BKUPWrite      0x800'cd95   0x12  Code  Gb  stm32f4xx_hal_rtc_ex.o [1]
HAL_RTCEx_EnableBypassShadow
                         0x800'cdb7   0x3e  Code  Gb  stm32f4xx_hal_rtc_ex.o [1]
HAL_RTC_AlarmAEventCallback
                         0x800'9aa3    0xc  Code  Gb  user_rtc.o [1]
HAL_RTC_AlarmIRQHandler
                         0x800'2f09   0x5e  Code  Gb  stm32f4xx_hal_rtc.o [1]
HAL_RTC_DeactivateAlarm
                         0x800'2e3f   0xca  Code  Gb  stm32f4xx_hal_rtc.o [1]
HAL_RTC_GetDate          0x800'2be9   0x54  Code  Gb  stm32f4xx_hal_rtc.o [1]
HAL_RTC_GetTime          0x800'2abb   0x68  Code  Gb  stm32f4xx_hal_rtc.o [1]
HAL_RTC_Init             0x800'2929   0xac  Code  Gb  stm32f4xx_hal_rtc.o [1]
HAL_RTC_MspInit          0x800'98f3   0x46  Code  Gb  rtc.o [1]
HAL_RTC_SetAlarm_IT      0x800'2c3d  0x202  Code  Gb  stm32f4xx_hal_rtc.o [1]
HAL_RTC_SetDate          0x800'2b23   0xc6  Code  Gb  stm32f4xx_hal_rtc.o [1]
HAL_RTC_SetTime          0x800'29d5   0xe6  Code  Gb  stm32f4xx_hal_rtc.o [1]
HAL_RTC_WaitForSynchro   0x800'2f85   0x36  Code  Gb  stm32f4xx_hal_rtc.o [1]
HAL_SPI_Init             0x800'bf9d   0xce  Code  Gb  stm32f4xx_hal_spi.o [1]
HAL_SPI_MspInit          0x800'9d37   0x6a  Code  Gb  spi.o [1]
HAL_SPI_TransmitReceive
                         0x800'c06b  0x23c  Code  Gb  stm32f4xx_hal_spi.o [1]
HAL_SYSTICK_Config       0x800'bed1    0xc  Code  Gb  stm32f4xx_hal_cortex.o [1]
HAL_TIMEx_MasterConfigSynchronization
                         0x800'e05d   0x8e  Code  Gb  stm32f4xx_hal_tim_ex.o [1]
HAL_TIM_MspPostInit      0x800'd1c9   0x90  Code  Gb  tim.o [1]
HAL_TIM_PWM_ConfigChannel
                         0x800'a4ed   0xfc  Code  Gb  stm32f4xx_hal_tim.o [1]
HAL_TIM_PWM_Init         0x800'a355   0x6e  Code  Gb  stm32f4xx_hal_tim.o [1]
HAL_TIM_PWM_MspInit      0x800'd181   0x48  Code  Gb  tim.o [1]
HAL_TIM_PWM_Start        0x800'a3c3  0x10e  Code  Gb  stm32f4xx_hal_tim.o [1]
HAL_UARTEx_RxEventCallback
                         0x800'7f45    0x2  Code  Gb  user_uart.o [1]
HAL_UART_DeInit          0x800'7467   0x42  Code  Gb  stm32f4xx_hal_uart.o [1]
HAL_UART_ErrorCallback   0x800'7f47   0x3e  Code  Gb  user_uart.o [1]
HAL_UART_IRQHandler      0x800'75c9  0x2cc  Code  Gb  stm32f4xx_hal_uart.o [1]
HAL_UART_Init            0x800'73f1   0x76  Code  Gb  stm32f4xx_hal_uart.o [1]
HAL_UART_MspDeInit       0x800'8283   0x80  Code  Gb  usart.o [1]
HAL_UART_MspInit         0x800'8075  0x20e  Code  Gb  usart.o [1]
HAL_UART_Receive_IT      0x800'7581   0x48  Code  Gb  stm32f4xx_hal_uart.o [1]
HAL_UART_RxCpltCallback
                         0x800'7eb1   0x94  Code  Gb  user_uart.o [1]
HAL_UART_Transmit        0x800'74a9   0xd8  Code  Gb  stm32f4xx_hal_uart.o [1]
Handle_State_Power       0x800'688f   0x7e  Code  Gb  user_app_electric.o [1]
HardFault_Handler        0x800'e91b    0x2  Code  Gb  stm32f4xx_it.o [1]
IRQ_Pluse_OffMotorPush   0x800'5709   0x38  Code  Gb  user_app_delivery.o [1]
IndexUartError          0x2000'1eea    0x1  Data  Lc  user_uart.o [1]
Init_AppElectric         0x800'6a1d    0xc  Code  Gb  user_app_electric.o [1]
Init_AppPcBox            0x800'4e35    0x2  Code  Gb  user_app_pc_box.o [1]
Init_AppRelay            0x800'7309    0xc  Code  Gb  user_app_relay.o [1]
Init_AppRs485            0x800'c7d5    0x8  Code  Gb  user_app_rs485.o [1]
Init_AppTemperature      0x800'6773    0xc  Code  Gb  user_app_temperature.o [1]
Init_AppVendingMachine   0x800'9679   0x18  Code  Gb  user_comm_vending_machine.o [1]
Init_IdSlave             0x800'c7ab   0x2a  Code  Gb  user_app_rs485.o [1]
Init_IdSlaveElectric     0x800'69f1   0x2c  Code  Gb  user_app_electric.o [1]
Init_RX_Mode_Uart_485    0x800'7e7f    0xe  Code  Gb  user_uart.o [1]
Init_RX_Mode_Uart_Debug
                         0x800'7e71    0xe  Code  Gb  user_uart.o [1]
Init_RX_Mode_Uart_PcBox
                         0x800'7e8d    0xe  Code  Gb  user_uart.o [1]
Init_StatusElectric      0x800'6983   0x36  Code  Gb  user_app_electric.o [1]
Init_StatusRelay         0x800'6e37   0x66  Code  Gb  user_app_relay.o [1]
Init_Temp_Ctrl_Fridge    0x800'63b3   0x40  Code  Gb  user_app_temperature.o [1]
Init_TimeRelayWarm       0x800'705b   0x44  Code  Gb  user_app_relay.o [1]
Init_Uart_Module         0x800'7ea1   0x10  Code  Gb  user_uart.o [1]
Insert_String_To_String
                         0x800'6161   0x2a  Code  Gb  user_convert_variable.o [1]
LED_Off                  0x800'723f   0x20  Code  Gb  user_app_relay.o [1]
LED_On                   0x800'721f   0x20  Code  Gb  user_app_relay.o [1]
LED_PIN                  0x800'fba0    0x8  Data  Lc  user_app_relay.o [1]
LED_PORT                0x2000'0508    0xc  Data  Lc  user_app_relay.o [1]
LED_Toggle               0x800'7201   0x1e  Code  Gb  user_app_relay.o [1]
LOG_Save_Record          0x800'e71d  0x1fc  Code  Gb  user_log.o [1]
LedRecvPcBox            0x2000'1ed9    0x1  Data  Gb  user_app_relay.o [1]
Log_Data_Door_Respond_PcBox
                         0x800'c9d5   0x3e  Code  Gb  user_app_door_sensor.o [1]
Log_Data_Vib_Respond_PcBox
                         0x800'cc81   0x3e  Code  Gb  user_app_vib_sensor.o [1]
Log_TSVH                 0x800'4699  0x20c  Code  Gb  user_app_pc_box.o [1]
MX_ADC1_Init             0x800'd279   0xa0  Code  Gb  adc.o [1]
MX_DMA_Init              0x800'dae1   0x78  Code  Gb  dma.o [1]
MX_GPIO_Init             0x800'd831  0x2b0  Code  Gb  gpio.o [1]
MX_RTC_Init              0x800'97e9  0x10a  Code  Gb  rtc.o [1]
MX_SPI2_Init             0x800'9cf1   0x46  Code  Gb  spi.o [1]
MX_TIM3_Init             0x800'd079   0x84  Code  Gb  tim.o [1]
MX_TIM4_Init             0x800'd0fd   0x84  Code  Gb  tim.o [1]
MX_USART1_UART_Init      0x800'7fd9   0x34  Code  Gb  usart.o [1]
MX_USART2_UART_Init      0x800'800d   0x34  Code  Gb  usart.o [1]
MX_USART3_UART_Init      0x800'8041   0x34  Code  Gb  usart.o [1]
Main_Task                0x800'2415   0x48  Code  Gb  user_app_comm.o [1]
MemManage_Handler        0x800'e91d    0x2  Code  Gb  stm32f4xx_it.o [1]
ModRTU_CRC               0x800'df85   0x3c  Code  Gb  user_modbus_rtu.o [1]
ModRTU_Master_Read_Frame
                         0x800'dfc1   0x9c  Code  Gb  user_modbus_rtu.o [1]
Modem_Alarm_Emergency    0x800'1b23   0x5e  Code  Gb  user_modem.o [1]
Modem_Deinit_Before_IRQ_Handle
                         0x800'1c91    0x2  Code  Gb  user_modem.o [1]
Modem_Deinit_Peripheral
                         0x800'1c51   0x22  Code  Gb  user_modem.o [1]
Modem_Init_Before_IRQ_Handle
                         0x800'1c8f    0x2  Code  Gb  user_modem.o [1]
Modem_Init_Peripheral    0x800'1c73   0x1c  Code  Gb  user_modem.o [1]
NMI_Handler              0x800'e919    0x2  Code  Gb  stm32f4xx_it.o [1]
NVIC_EncodePriority      0x800'be0f   0x40  Code  Lc  stm32f4xx_hal_cortex.o [1]
OFF_Elevator             0x800'59db   0x30  Code  Gb  user_app_delivery.o [1]
Off_Motor_Push           0x800'578f   0x98  Code  Gb  user_app_delivery.o [1]
OnOffPcBox               0x800'4b99   0x22  Code  Gb  user_app_pc_box.o [1]
OnOff_Relay              0x800'71bb   0x46  Code  Gb  user_app_relay.o [1]
OnRelay_Warm             0x800'6ce9   0x22  Code  Gb  user_app_relay.o [1]
On_Motor_Push            0x800'5741   0x4e  Code  Gb  user_app_delivery.o [1]
Packing_Respond_PcBox    0x800'4599   0x76  Code  Gb  user_app_pc_box.o [1]
PendSV_Handler           0x800'e927    0x2  Code  Gb  stm32f4xx_it.o [1]
PortConfig              0x2000'1ee1    0x1  Data  Gb  user_at_serial.o [1]
RC                       0x800'3709   0x22  Code  Gb  user_string.o [1]
RELAY_PIN               0x2000'04f4   0x14  Data  Lc  user_app_relay.o [1]
RELAY_PORT              0x2000'04d0   0x24  Data  Lc  user_app_relay.o [1]
RTC_AlarmStructure      0x2000'1d04   0x28  Data  Lc  user_rtc.o [1]
RTC_Alarm_IRQHandler     0x800'e9f7    0xa  Code  Gb  stm32f4xx_it.o [1]
RTC_Bcd2ToByte           0x800'3055   0x18  Code  Gb  stm32f4xx_hal_rtc.o [1]
RTC_ByteToBcd2           0x800'303d   0x18  Code  Gb  stm32f4xx_hal_rtc.o [1]
RTC_EnterInitMode        0x800'2fbb   0x50  Code  Gb  stm32f4xx_hal_rtc.o [1]
RTC_ExitInitMode         0x800'300b   0x32  Code  Gb  stm32f4xx_hal_rtc.o [1]
RTC_GetCalendarValue     0x800'9c2b   0x90  Code  Lc  user_rtc.o [1]
RTC_IF_Convert_Tick2ms   0x800'9a93   0x10  Code  Gb  user_rtc.o [1]
RTC_IF_Convert_ms2Tick   0x800'9a81   0x12  Code  Gb  user_rtc.o [1]
RTC_IF_GetMinimumTimeout
                         0x800'9a7d    0x4  Code  Gb  user_rtc.o [1]
RTC_IF_GetTimerContext   0x800'9a43    0x6  Code  Gb  user_rtc.o [1]
RTC_IF_GetTimerElapsedTime
                         0x800'9a49   0x16  Code  Gb  user_rtc.o [1]
RTC_IF_GetTimerValue     0x800'9a5f   0x1e  Code  Gb  user_rtc.o [1]
RTC_IF_Init              0x800'99d1   0x30  Code  Gb  user_rtc.o [1]
RTC_IF_SetTimerContext   0x800'9a2f   0x14  Code  Gb  user_rtc.o [1]
RTC_IF_StartTimer        0x800'9a01    0xe  Code  Gb  user_rtc.o [1]
RTC_IF_StopTimer         0x800'9a0f   0x20  Code  Gb  user_rtc.o [1]
RTC_Initalized          0x2000'1ee6    0x1  Data  Lc  user_rtc.o [1]
RTC_StartWakeUpAlarm     0x800'9aaf  0x17c  Code  Lc  user_rtc.o [1]
ReInit_Rx_Mode_Uart_Error
                         0x800'7f85   0x24  Code  Gb  user_uart.o [1]
Region$$Table$$Base      0x800'eec4          --   Gb  - Linker created -
Region$$Table$$Limit     0x800'eee4          --   Gb  - Linker created -
Relay_Debug              0x800'725f   0xaa  Code  Gb  user_app_relay.o [1]
Relay_Respond_Pc_Box     0x800'6d0b   0x56  Code  Gb  user_app_relay.o [1]
ResetDCU                 0x800'4bc9   0x84  Code  Gb  user_app_pc_box.o [1]
Reset_Buff               0x800'1fa3   0x24  Code  Gb  user_util.o [1]
Reset_Chip               0x800'1aff   0x12  Code  Gb  user_modem.o [1]
Reset_Chip_Immediately   0x800'1b11   0x12  Code  Gb  user_modem.o [1]
RespondPcBox_String      0x800'4cdd   0x3a  Code  Gb  user_app_pc_box.o [1]
Respond_Delivery_PcBox   0x800'5827   0xf6  Code  Gb  user_app_delivery.o [1]
Respond_Error_Temp       0x800'64e9   0x3c  Code  Gb  user_app_temperature.o [1]
Respond_PcBox            0x800'9709   0x18  Code  Gb  user_comm_vending_machine.o [1]
RtCountSystick_u32      0x2000'1eb4    0x4  Data  Gb  user_util.o [1]
RtcTimerContext         0x2000'1d4c   0x1c  Data  Lc  user_rtc.o [1]
S25FL_ChipSelect         0x800'bf05   0x4a  Code  Gb  S25FL216K.o [1]
S25FL_Send_Address       0x800'bf79   0x22  Code  Gb  S25FL216K.o [1]
S25FL_Send_Byte          0x800'bf4f   0x22  Code  Gb  S25FL216K.o [1]
SERIAL_Get_Num           0x800'0f05   0x7a  Code  Gb  user_at_serial.o [1]
SPI_EndRxTxTransaction   0x800'c381   0x5e  Code  Lc  stm32f4xx_hal_spi.o [1]
SPI_WaitFlagStateUntilTimeout
                         0x800'c2a7   0xda  Code  Lc  stm32f4xx_hal_spi.o [1]
SVC_Handler              0x800'e923    0x2  Code  Gb  stm32f4xx_it.o [1]
Save_CycleOnOffPcBox     0x800'4943  0x120  Code  Gb  user_app_pc_box.o [1]
Save_DCU_ID              0x800'2225   0x5c  Code  Gb  user_modem_init.o [1]
Save_DcuID               0x800'48ad   0x96  Code  Gb  user_app_pc_box.o [1]
Save_Freq_Send_Data      0x800'2281   0x62  Code  Gb  user_modem_init.o [1]
Save_IdSlaveElectric     0x800'69b9   0x38  Code  Gb  user_app_electric.o [1]
Save_StatePcBox          0x800'4b4d   0x46  Code  Gb  user_app_pc_box.o [1]
Save_StatusElectric      0x800'694b   0x38  Code  Gb  user_app_electric.o [1]
Save_StatusRelay         0x800'6d61   0xd6  Code  Gb  user_app_relay.o [1]
Save_TimeRelayWarm       0x800'6fd9   0x82  Code  Gb  user_app_relay.o [1]
Save_UsingCrc            0x800'4a6d   0x46  Code  Gb  user_app_pc_box.o [1]
Scale_String_Dec         0x800'1e11  0x192  Code  Gb  user_util.o [1]
Scale_To_Int             0x800'9721   0x52  Code  Gb  user_comm_vending_machine.o [1]
Set_RTC                  0x800'284b   0x80  Code  Gb  user_time.o [1]
Set_Threshold_Temperature
                         0x800'6525   0x58  Code  Gb  user_app_temperature.o [1]
Set_TimeTSVH             0x800'4ab9   0x94  Code  Gb  user_app_pc_box.o [1]
SetupTemp_Respond_Pc_Box_Setup
                         0x800'658d   0x5e  Code  Gb  user_app_temperature.o [1]
Setup_StatusRelay        0x800'6e9d  0x13c  Code  Gb  user_app_relay.o [1]
[...]
_fSET_DUTY_READ_DATA     0x800'0245   0xc6  Code  Gb  user_at_serial.o [1]
_fSET_EX_BAT_THRESH      0x800'0f83    0x2  Code  Gb  user_at_serial.o [1]
_fSET_FLOW_THRESH        0x800'0547  0x11a  Code  Gb  user_at_serial.o [1]
_fSET_FREQ_ONLINE        0x800'03d1   0x98  Code  Gb  user_at_serial.o [1]
_fSET_ID_SLAVE           0x800'14fd   0xac  Code  Gb  user_at_serial.o [1]
_fSET_LEVEL_THRESH       0x800'0d45    0x2  Code  Gb  user_at_serial.o [1]
_fSET_LIST_ID_SLAVE      0x800'0f7f    0x2  Code  Gb  user_at_serial.o [1]
_fSET_NUM_WAKEUP_DEV     0x800'04b7   0x64  Code  Gb  user_at_serial.o [1]
_fSET_POWER_OFF_TEMH     0x800'0f89    0x2  Code  Gb  user_at_serial.o [1]
_fSET_POWER_ON_TEMH      0x800'0f87    0x2  Code  Gb  user_at_serial.o [1]
_fSET_PULSE_VALUE        0x800'066b   0x72  Code  Gb  user_at_serial.o [1]
_fSET_QUAN_THRESH        0x800'0663    0x2  Code  Gb  user_at_serial.o [1]
_fSET_RF_RQ_STIME        0x800'0baf    0x2  Code  Gb  user_at_serial.o [1]
_fSET_RTC                0x800'0899  0x13e  Code  Gb  user_at_serial.o [1]
_fSET_RTC_DATE           0x800'07b1   0xe4  Code  Gb  user_at_serial.o [1]
_fSET_RTC_TIME           0x800'06df   0xd2  Code  Gb  user_at_serial.o [1]
_fSET_SAVE_BOX           0x800'051d   0x2a  Code  Gb  user_at_serial.o [1]
_fSET_SERVER_BACKUP_INFO
                         0x800'023f    0x2  Code  Gb  user_at_serial.o [1]
_fSET_SERVER_MAIN_INFO   0x800'023b    0x2  Code  Gb  user_at_serial.o [1]
_fSET_SETUP_TEMP         0x800'12a1  0x100  Code  Gb  user_at_serial.o [1]
_fSET_THRESH_TEMP        0x800'1409   0x8c  Code  Gb  user_at_serial.o [1]
_fSET_TIME_TSVH          0x800'11a9   0x84  Code  Gb  user_at_serial.o [1]
_fSET_TIME_WARM_RUN      0x800'16b5    0x2  Code  Gb  user_at_serial.o [1]
_fSET_TIME_WARM_WAIT     0x800'16b9    0x2  Code  Gb  user_at_serial.o [1]
_fSET_USING_CRC          0x800'16f9   0x56  Code  Gb  user_at_serial.o [1]
_fTEST_ELEVATOR          0x800'19b3   0x32  Code  Gb  user_at_serial.o [1]
_fTEST_LOCK_MAGNETIS     0x800'19e5   0x36  Code  Gb  user_at_serial.o [1]
_fTEST_LOG               0x800'0c77   0x12  Code  Gb  user_at_serial.o [1]
_main                    0x800'efdf         Code  Gb  cmain.o [4]
aALRM_EMERGENCY         0x2000'11f0  0x400  Data  Gb  user_modem.o [1]
aAT_CMD                 0x2000'16f0  0x100  Data  Gb  user_modem.o [1]
aBufferRespondPcBox     0x2000'1cdc   0x28  Data  Gb  user_app_pc_box.o [1]
aDATA_CONFIG            0x2000'17f0   0x80  Data  Gb  user_at_serial.o [1]
aDATA_FLASH_READ        0x2000'0df0  0x400  Data  Lc  user_external_flash.o [1]
aDCU_ID                 0x2000'08a4   0x14  Data  Gb  user_modem.o [1]
aFlashCmd               0x2000'0678   0xb4  Data  Gb  user_external_flash.o [1]
aFlash_Erase_Chip_BlockCmd
                        0x2000'0754   0x10  Data  Lc  user_external_flash.o [1]
aFlash_Erase_Sector_BlockCmd
                        0x2000'072c   0x10  Data  Lc  user_external_flash.o [1]
aFlash_Read_Data_BlockCmd
                        0x2000'0750    0x4  Data  Lc  user_external_flash.o [1]
aFlash_Write_Data_BlockCmd
                        0x2000'073c   0x14  Data  Lc  user_external_flash.o [1]
aRESPONDSE_AT           0x2000'15f0  0x100  Data  Gb  user_modem.o [1]
eFlash_Check_Pos_PartA   0x800'90c5   0x8a  Code  Gb  user_external_flash.o [1]
eFlash_Check_Pos_PartA::MarkDefaultVar
                        0x2000'1ee3    0x1  Data  Lc  user_external_flash.o [1]
eFlash_Check_Pos_PartB   0x800'9161   0xa6  Code  Gb  user_external_flash.o [1]
eFlash_Check_Pos_PartB::MarkDefaultVar
                        0x2000'1ee4    0x1  Data  Lc  user_external_flash.o [1]
eFlash_Check_Write_To_PartAB
                         0x800'909d    0x6  Code  Gb  user_external_flash.o [1]
eFlash_Default_Struct_Init_Pos
                         0x800'8f8f   0x16  Code  Gb  user_external_flash.o [1]
eFlash_Get_Step_From_Queue
                         0x800'8ced   0x36  Code  Gb  user_external_flash.o [1]
eFlash_Push_Block_To_Queue
                         0x800'8cbd   0x30  Code  Gb  user_external_flash.o [1]
eFlash_Push_Step_Erase_Chip
                         0x800'8fa5    0xe  Code  Gb  user_external_flash.o [1]
eFlash_Push_Step_To_Queue
                         0x800'8c87   0x36  Code  Gb  user_external_flash.o [1]
eFlash_S25FL_BufferRead
                         0x800'8f07   0x88  Code  Gb  user_external_flash.o [1]
eFlash_S25FL_BufferWrite
                         0x800'8ec7   0x40  Code  Gb  user_external_flash.o [1]
eFlash_S25FL_CheckWriteEnable
                         0x800'8df9   0x58  Code  Gb  user_external_flash.o [1]
eFlash_S25FL_Enable      0x800'8d29   0x16  Code  Gb  user_external_flash.o [1]
eFlash_S25FL_Erase_Sector
                         0x800'8d3f   0x66  Code  Gb  user_external_flash.o [1]
eFlash_S25FL_PageWrite   0x800'8e51   0x76  Code  Gb  user_external_flash.o [1]
eFlash_S25FL_WaitForWriteEnd
                         0x800'8da5   0x54  Code  Gb  user_external_flash.o [1]
eFlash_Send_Address      0x800'8c7b    0xc  Code  Gb  user_external_flash.o [1]
eFlash_Send_To_Queue_Read
                         0x800'9085   0x18  Code  Gb  user_external_flash.o [1]
eFlash_Send_To_Queue_Write
                         0x800'90a3   0x18  Code  Gb  user_external_flash.o [1]
eFlash_Setup_Init        0x800'906f   0x10  Code  Gb  user_external_flash.o [1]
eFlash_Status            0x800'9067    0x8  Code  Gb  user_external_flash.o [1]
eFlash_Task              0x800'8bf5   0x86  Code  Gb  user_external_flash.o [1]
eFlash_Test_Write        0x800'8fb3   0xb4  Code  Gb  user_external_flash.o [1]
eFlash_Test_Write::Retry
                        0x2000'1ee2    0x1  Data  Lc  user_external_flash.o [1]
exit                     0x800'efe7    0x4  Code  Gb  exit.o [2]
fevent_active            0x800'27a7   0x1e  Code  Gb  event_driven.o [1]
fevent_calculator_coordinates
                         0x800'5069   0x50  Code  Lc  user_app_delivery.o [1]
fevent_control_led_pcbox
                         0x800'6c79   0x44  Code  Lc  user_app_relay.o [1]
fevent_control_led_slave
                         0x800'6cbd   0x2c  Code  Lc  user_app_relay.o [1]
fevent_control_led_status
                         0x800'6c43   0x36  Code  Lc  user_app_relay.o [1]
fevent_ctrl_elevator_lower
                         0x800'5267   0x18  Code  Lc  user_app_delivery.o [1]
fevent_ctrl_elevator_upper
                         0x800'524f   0x18  Code  Lc  user_app_delivery.o [1]
fevent_dcu_ping_pc_box   0x800'4355   0x8c  Code  Lc  user_app_pc_box.o [1]
fevent_delivery_entry    0x800'4fdd   0x8c  Code  Lc  user_app_delivery.o [1]
fevent_disable           0x800'27e9   0x12  Code  Gb  event_driven.o [1]
fevent_door_ctrl_respond
                         0x800'c8f1   0x42  Code  Lc  user_app_door_sensor.o [1]
fevent_door_ctrl_respond::On_RL_Warm
                        0x2000'1ed4    0x1  Data  Lc  user_app_door_sensor.o [1]
fevent_door_ctrl_respond::status_before
                        0x2000'1ed3    0x1  Data  Lc  user_app_door_sensor.o [1]
fevent_door_delivery     0x800'c963   0x44  Code  Lc  user_app_door_sensor.o [1]
fevent_door_delivery::CountDoorClose
                        0x2000'1ed5    0x1  Data  Lc  user_app_door_sensor.o [1]
fevent_door_entry        0x800'c89d   0x10  Code  Lc  user_app_door_sensor.o [1]
fevent_door_respond_pc_box
                         0x800'c933   0x30  Code  Lc  user_app_door_sensor.o [1]
fevent_door_sensor       0x800'c8ad   0x44  Code  Lc  user_app_door_sensor.o [1]
fevent_electric_change_status_power
                         0x800'680f   0x7a  Code  Lc  user_app_electric.o [1]
fevent_electric_check_connect
                         0x800'6889    0x6  Code  Lc  user_app_electric.o [1]
fevent_electric_entry    0x800'67fd   0x12  Code  Lc  user_app_electric.o [1]
fevent_elevator_lower_begin
                         0x800'4f81   0x5c  Code  Lc  user_app_delivery.o [1]
fevent_elevator_lower_end
                         0x800'5121   0x5c  Code  Lc  user_app_delivery.o [1]
fevent_enable            0x800'27c5   0x24  Code  Gb  event_driven.o [1]
fevent_fix_motor         0x800'51b5   0x9a  Code  Lc  user_app_delivery.o [1]
fevent_fix_motor::Handle_Once
                        0x2000'1ecd    0x1  Data  Lc  user_app_delivery.o [1]
fevent_fix_motor::gettick_ms_error
                        0x2000'1e8c    0x4  Data  Lc  user_app_delivery.o [1]
fevent_get_real_time_dcu
                         0x800'44f1   0xa2  Code  Lc  user_app_pc_box.o [1]
fevent_get_real_time_dcu::get_time_cycle
                        0x2000'1ed8    0x1  Data  Lc  user_app_pc_box.o [1]
fevent_get_real_time_dcu::state_get_time
                        0x2000'1ed7    0x1  Data  Lc  user_app_pc_box.o [1]
fevent_handle_error_delivery
                         0x800'527f  0x102  Code  Lc  user_app_delivery.o [1]
fevent_lock_magnetis     0x800'c9a7   0x2e  Code  Lc  user_app_door_sensor.o [1]
fevent_lock_magnetis_begin
                         0x800'4f39   0x48  Code  Lc  user_app_delivery.o [1]
fevent_lock_magnetis_end
                         0x800'517d   0x38  Code  Lc  user_app_delivery.o [1]
fevent_motor_entry       0x800'4f15   0x16  Code  Lc  user_app_delivery.o [1]
fevent_off_pc_box        0x800'43f5   0x68  Code  Lc  user_app_pc_box.o [1]
fevent_on_off_cycle_pc_box
                         0x800'42bd   0x98  Code  Lc  user_app_pc_box.o [1]
fevent_on_pc_box         0x800'4461   0x3e  Code  Lc  user_app_pc_box.o [1]
fevent_pcbox_complete_receive
                         0x800'38cf  0x8cc  Code  Lc  user_app_pc_box.o [1]
fevent_pcbox_entry       0x800'37c1   0x9c  Code  Lc  user_app_pc_box.o [1]
fevent_pcbox_log_tsvh    0x800'419b   0x24  Code  Lc  user_app_pc_box.o [1]
fevent_pcbox_receive_handle
                         0x800'388f   0x40  Code  Lc  user_app_pc_box.o [1]
fevent_pcbox_receive_handle::countBuffer_uart
                        0x2000'1ec0    0x2  Data  Lc  user_app_pc_box.o [1]
fevent_push_motor        0x800'50b9   0x68  Code  Lc  user_app_delivery.o [1]
fevent_queue_respond_immediately
                         0x800'41bf   0x80  Code  Lc  user_app_pc_box.o [1]
fevent_queue_respond_time
                         0x800'423f   0x7e  Code  Lc  user_app_pc_box.o [1]
fevent_refresh_dcu       0x800'44a5   0x44  Code  Lc  user_app_pc_box.o [1]
fevent_relay_entry       0x800'6bad   0x24  Code  Lc  user_app_relay.o [1]
fevent_relay_warm_off    0x800'6c19   0x2a  Code  Lc  user_app_relay.o [1]
fevent_relay_warm_on     0x800'6bed   0x2c  Code  Lc  user_app_relay.o [1]
fevent_relay_warm_refresh
                         0x800'6bd1   0x1c  Code  Lc  user_app_relay.o [1]
fevent_rs485_entry       0x800'c445   0x12  Code  Lc  user_app_rs485.o [1]
fevent_rs485_init_uart   0x800'c771   0x3a  Code  Lc  user_app_rs485.o [1]
fevent_rs485_receive_complete
                         0x800'c57f  0x1f2  Code  Lc  user_app_rs485.o [1]
fevent_rs485_receive_complete::CountPowerDisconnect
                        0x2000'1edc    0x1  Data  Lc  user_app_rs485.o [1]
fevent_rs485_receive_complete::CountStatePower
                        0x2000'1edb    0x1  Data  Lc  user_app_rs485.o [1]
fevent_rs485_receive_handle
                         0x800'c541   0x3e  Code  Lc  user_app_rs485.o [1]
fevent_rs485_transmit    0x800'c457   0xea  Code  Lc  user_app_rs485.o [1]
fevent_temp_calculator   0x800'6241  0x158  Code  Lc  user_app_temperature.o [1]
fevent_temp_ctrl_fridge
                         0x800'63f3   0xa4  Code  Lc  user_app_temperature.o [1]
fevent_temp_entry        0x800'618d   0x44  Code  Lc  user_app_temperature.o [1]
fevent_temp_entry::once
                        0x2000'1edd    0x1  Data  Lc  user_app_temperature.o [1]
fevent_temp_get_adc      0x800'61d1   0x6e  Code  Lc  user_app_temperature.o [1]
fevent_temp_get_adc::count_adc
                        0x2000'1ede    0x1  Data  Lc  user_app_temperature.o [1]
fevent_temp_off_fridge_frozen
                         0x800'64a7   0x26  Code  Lc  user_app_temperature.o [1]
fevent_temp_respond_error
                         0x800'64cd   0x16  Code  Lc  user_app_temperature.o [1]
fevent_temp_set_setuptemp
                         0x800'6399   0x1a  Code  Lc  user_app_temperature.o [1]
fevent_temp_time_get     0x800'6497   0x10  Code  Lc  user_app_temperature.o [1]
fevent_test_ele          0x800'5525   0x8a  Code  Lc  user_app_delivery.o [1]
fevent_test_elevator     0x800'5381   0xe8  Code  Lc  user_app_delivery.o [1]
fevent_test_elevator::Handle_Once
                        0x2000'1ece    0x1  Data  Lc  user_app_delivery.o [1]
fevent_test_elevator::gettick_ms_error
                        0x2000'1e90    0x4  Data  Lc  user_app_delivery.o [1]
fevent_test_lock_magnetis
                         0x800'5469   0xbc  Code  Lc  user_app_delivery.o [1]
fevent_test_lock_magnetis::countStateDebug
                        0x2000'1ecf    0x1  Data  Lc  user_app_delivery.o [1]
fevent_test_motor        0x800'55b5   0xa8  Code  Lc  user_app_delivery.o [1]
fevent_vib_led_warning   0x800'cbf3   0x8e  Code  Lc  user_app_vib_sensor.o [1]
fevent_vib_led_warning::Count_Morse
                        0x2000'1ee0    0x1  Data  Lc  user_app_vib_sensor.o [1]
fevent_vib_led_warning::Count_Toggle
                        0x2000'1edf    0x1  Data  Lc  user_app_vib_sensor.o [1]
fevent_vib_off_alarm     0x800'cbdb   0x18  Code  Lc  user_app_vib_sensor.o [1]
fevent_vib_sensor        0x800'cb35   0xa6  Code  Lc  user_app_vib_sensor.o [1]
fevent_vib_sensor::GetTickLevelAlarm
                        0x2000'1ea4    0x4  Data  Lc  user_app_vib_sensor.o [1]
fevent_vib_sensor_entry
                         0x800'cb01   0x10  Code  Lc  user_app_vib_sensor.o [1]
fevent_vib_sensor_scan   0x800'cb11   0x24  Code  Lc  user_app_vib_sensor.o [1]
fevent_wait_free_motor   0x800'4f2b    0xe  Code  Lc  user_app_delivery.o [1]
fevent_wdg_stm32f4       0x800'385d   0x32  Code  Lc  user_app_pc_box.o [1]
hadc1                   0x2000'1b10   0x48  Data  Gb  adc.o [1]
hdma_adc1               0x2000'1938   0x60  Data  Gb  adc.o [1]
hdma_usart1_rx          0x2000'1998   0x60  Data  Gb  usart.o [1]
hdma_usart2_rx          0x2000'19f8   0x60  Data  Gb  usart.o [1]
hdma_usart3_rx          0x2000'1a58   0x60  Data  Gb  usart.o [1]
hrtc                    0x2000'1d2c   0x20  Data  Gb  rtc.o [1]
hspi2                   0x2000'1ab8   0x58  Data  Gb  spi.o [1]
htim3                   0x2000'1b58   0x48  Data  Gb  tim.o [1]
htim4                   0x2000'1ba0   0x48  Data  Gb  tim.o [1]
huart1                  0x2000'1be8   0x44  Data  Gb  usart.o [1]
huart2                  0x2000'1c2c   0x44  Data  Gb  usart.o [1]
huart3                  0x2000'1c70   0x44  Data  Gb  usart.o [1]
log                      0x800'd6fd    0x4  Code  Gb  logx64.o [3]
logl                     0x800'd6fd    0x4  Code  Gb  logx64.o [3]
main                     0x800'bc81   0x38  Code  Gb  main.o [1]
memset                   0x800'97d5   0x14  Code  Gb  memset.o [4]
pFunc_Log_To_Mem        0x2000'1eb8    0x4  Data  Gb  user_util.o [1]
pModemProcessIRQTimer   0x2000'1eac    0x4  Data  Gb  user_rtc.o [1]
qCopy_Data_From_Queue    0x800'a2ef   0x60  Code  Lc  queue_p.o [1]
qCopy_Data_To_Queue      0x800'a277   0x78  Code  Lc  queue_p.o [1]
qFlashRead              0x2000'1de0   0x18  Data  Gb  user_external_flash.o [1]
qFlashStep              0x2000'1dc8   0x18  Data  Gb  user_external_flash.o [1]
qFlashWrite             0x2000'1df8   0x18  Data  Gb  user_external_flash.o [1]
qGet_Number_Items        0x800'a34f    0x4  Code  Gb  queue_p.o [1]
qQueue_Clear             0x800'a21d    0xe  Code  Gb  queue_p.o [1]
qQueue_Receive           0x800'a255   0x22  Code  Gb  queue_p.o [1]
qQueue_Send              0x800'a22b   0x2a  Code  Gb  queue_p.o [1]
qRespondPcBox_Prio_0    0x2000'1d80   0x18  Data  Gb  user_app_pc_box.o [1]
qRespondPcBox_Prio_1    0x2000'1d98   0x18  Data  Gb  user_app_pc_box.o [1]
sAppMem                 0x2000'1e10   0x10  Data  Gb  user_app_mem.o [1]
sCycleOnOffPcBox        0x2000'1e80    0x8  Data  Gb  user_app_pc_box.o [1]
sElectric               0x2000'0248   0x14  Data  Gb  user_app_electric.o [1]
sElevator               0x2000'1ebe    0x2  Data  Gb  user_app_delivery.o [1]
sEventAppComm           0x2000'0008   0x70  Data  Gb  user_app_comm.o [1]
sEventAppDelivery       0x2000'0080  0x110  Data  Gb  user_app_delivery.o [1]
sEventAppDoorSensor     0x2000'01b8   0x60  Data  Gb  user_app_door_sensor.o [1]
sEventAppElectric       0x2000'0218   0x30  Data  Gb  user_app_electric.o [1]
sEventAppMem            0x2000'0304   0x80  Data  Gb  user_app_mem.o [1]
sEventAppPcBox          0x2000'0384   0xd0  Data  Gb  user_app_pc_box.o [1]
sEventAppRelay          0x2000'0460   0x70  Data  Gb  user_app_relay.o [1]
sEventAppRs485          0x2000'0514   0x50  Data  Gb  user_app_rs485.o [1]
sEventAppTemperature    0x2000'0564   0x80  Data  Gb  user_app_temperature.o [1]
sEventAppVibSensor      0x2000'05e8   0x50  Data  Gb  user_app_vib_sensor.o [1]
sEventExFlash           0x2000'0638   0x40  Data  Gb  user_external_flash.o [1]
sExFlash                0x2000'0764  0x140  Data  Gb  user_external_flash.o [1]
sExFlashInit            0x2000'1e54    0xc  Data  Gb  user_external_flash.o [1]
sFirmVersion            0x2000'0078    0x8  Data  Gb  user_app_comm.o [1]
sFreqInfor              0x2000'0904    0xc  Data  Gb  user_modem.o [1]
sIdSlave485             0x2000'093a    0x2  Data  Gb  user_app_rs485.o [1]
sKindMode485            0x2000'1ec4    0x2  Data  Gb  user_app_rs485.o [1]
sLPMFeatureHandler      0x2000'1ea8    0x4  Data  Gb  user_lpm.o [1]
sModem                  0x2000'08b8   0x4c  Data  Gb  user_modem.o [1]
sModemLPMHandler        0x2000'0910   0x10  Data  Gb  user_modem.o [1]
sParamDelivery          0x2000'1cb4   0x28  Data  Gb  user_app_delivery.o [1]
sParamPcBox             0x2000'0454    0x4  Data  Gb  user_app_pc_box.o [1]
sRTC                    0x2000'1e6c    0xc  Data  Gb  user_util.o [1]
sRTCSet                 0x2000'1e60    0xc  Data  Gb  user_modem.o [1]
sRecEvent               0x2000'0294   0x38  Data  Gb  user_app_mem.o [1]
sRecLog                 0x2000'02cc   0x38  Data  Gb  user_app_mem.o [1]
sRecTSVH                0x2000'025c   0x38  Data  Gb  user_app_mem.o [1]
sRespPcBox              0x2000'0458    0x8  Data  Gb  user_app_pc_box.o [1]
sStateSlave485          0x2000'1eda    0x1  Data  Gb  user_app_rs485.o [1]
sStatusApp              0x2000'1e78    0x8  Data  Gb  user_app_pc_box.o [1]
sStatusDoor             0x2000'1e98    0x4  Data  Gb  user_app_door_sensor.o [1]
sStatusRelay            0x2000'1e20   0x10  Data  Gb  user_app_relay.o [1]
sStatusVib              0x2000'1e48    0xc  Data  Gb  user_app_vib_sensor.o [1]
sTemp_Crtl_Fridge       0x2000'05e4    0x4  Data  Gb  user_app_temperature.o [1]
sTemp_Thresh_Recv       0x2000'1ea0    0x4  Data  Gb  user_app_temperature.o [1]
sTemperature            0x2000'1e9c    0x4  Data  Gb  user_app_temperature.o [1]
sTimeCycleWarm          0x2000'0938    0x2  Data  Gb  user_app_relay.o [1]
sUart485                0x2000'0930    0x8  Data  Gb  user_uart.o [1]
sUartDebug              0x2000'0920    0x8  Data  Gb  user_uart.o [1]
sUartPcBox              0x2000'0928    0x8  Data  Gb  user_uart.o [1]
strlen                   0x800'8579         Code  Gb  strlen.o [4]
test_elevator           0x2000'1ed0    0x1  Data  Gb  user_app_delivery.o [1]
test_motor              0x2000'1ed1    0x1  Data  Gb  user_app_delivery.o [1]
uwTick                  0x2000'1e88    0x4  Data  Gb  stm32f4xx_hal.o [1]
uwTickFreq              0x2000'093c    0x1  Data  Gb  stm32f4xx_hal.o [1]
uwTickPrio              0x2000'0000    0x4  Data  Gb  stm32f4xx_hal.o [1]


[1] = D:\Saoviet_Bitbucket\Saoviet_Vending_Machine\Saoviet_VendingMachine_Test\EWARM\Saoviet_Maybanhang\Obj
[2] = dl7M_tlf.a
[3] = m7M_tls.a
[4] = rt7M_tl.a
[5] = shb_l.a

  59'184 bytes of readonly  code memory
   6'644 bytes of readonly  data memory
   8'936 bytes of readwrite data memory

Errors: none
Warnings: none
