###############################################################################
#
# IAR ELF Linker V8.40.2.214/W32 for ARM                  18/Sep/2023  16:41:28
# Copyright 2007-2019 IAR Systems AB.
#
#    Output file  =
#        D:\Project_STM32\Saoviet_Maybanhang_Std\Saoviet_Maybanhang_Board_2\EWARM\Saoviet_Maybanhang_Board_2\Exe\Saoviet_Maybanhang_Board_2.out
#    Map file     =
#        D:\Project_STM32\Saoviet_Maybanhang_Std\Saoviet_Maybanhang_Board_2\EWARM\Saoviet_Maybanhang_Board_2\List\Saoviet_Maybanhang_Board_2.map
#    Command line =
#        -f C:\Users\PC\AppData\Local\Temp\EW5EC2.tmp
#        (D:\Project_STM32\Saoviet_Maybanhang_Std\Saoviet_Maybanhang_Board_2\EWARM\Saoviet_Maybanhang_Board_2\Obj\ade7953.o
#        D:\Project_STM32\Saoviet_Maybanhang_Std\Saoviet_Maybanhang_Board_2\EWARM\Saoviet_Maybanhang_Board_2\Obj\event_driven.o
#        D:\Project_STM32\Saoviet_Maybanhang_Std\Saoviet_Maybanhang_Board_2\EWARM\Saoviet_Maybanhang_Board_2\Obj\gpio.o
#        D:\Project_STM32\Saoviet_Maybanhang_Std\Saoviet_Maybanhang_Board_2\EWARM\Saoviet_Maybanhang_Board_2\Obj\iwdg.o
#        D:\Project_STM32\Saoviet_Maybanhang_Std\Saoviet_Maybanhang_Board_2\EWARM\Saoviet_Maybanhang_Board_2\Obj\main.o
#        D:\Project_STM32\Saoviet_Maybanhang_Std\Saoviet_Maybanhang_Board_2\EWARM\Saoviet_Maybanhang_Board_2\Obj\onchipflash.o
#        D:\Project_STM32\Saoviet_Maybanhang_Std\Saoviet_Maybanhang_Board_2\EWARM\Saoviet_Maybanhang_Board_2\Obj\spi.o
#        D:\Project_STM32\Saoviet_Maybanhang_Std\Saoviet_Maybanhang_Board_2\EWARM\Saoviet_Maybanhang_Board_2\Obj\startup_stm32l031xx.o
#        D:\Project_STM32\Saoviet_Maybanhang_Std\Saoviet_Maybanhang_Board_2\EWARM\Saoviet_Maybanhang_Board_2\Obj\stm32l0xx_hal.o
#        D:\Project_STM32\Saoviet_Maybanhang_Std\Saoviet_Maybanhang_Board_2\EWARM\Saoviet_Maybanhang_Board_2\Obj\stm32l0xx_hal_cortex.o
#        D:\Project_STM32\Saoviet_Maybanhang_Std\Saoviet_Maybanhang_Board_2\EWARM\Saoviet_Maybanhang_Board_2\Obj\stm32l0xx_hal_dma.o
#        D:\Project_STM32\Saoviet_Maybanhang_Std\Saoviet_Maybanhang_Board_2\EWARM\Saoviet_Maybanhang_Board_2\Obj\stm32l0xx_hal_exti.o
#        D:\Project_STM32\Saoviet_Maybanhang_Std\Saoviet_Maybanhang_Board_2\EWARM\Saoviet_Maybanhang_Board_2\Obj\stm32l0xx_hal_flash.o
#        D:\Project_STM32\Saoviet_Maybanhang_Std\Saoviet_Maybanhang_Board_2\EWARM\Saoviet_Maybanhang_Board_2\Obj\stm32l0xx_hal_flash_ex.o
#        D:\Project_STM32\Saoviet_Maybanhang_Std\Saoviet_Maybanhang_Board_2\EWARM\Saoviet_Maybanhang_Board_2\Obj\stm32l0xx_hal_flash_ramfunc.o
#        D:\Project_STM32\Saoviet_Maybanhang_Std\Saoviet_Maybanhang_Board_2\EWARM\Saoviet_Maybanhang_Board_2\Obj\stm32l0xx_hal_gpio.o
#        D:\Project_STM32\Saoviet_Maybanhang_Std\Saoviet_Maybanhang_Board_2\EWARM\Saoviet_Maybanhang_Board_2\Obj\stm32l0xx_hal_i2c.o
#        D:\Project_STM32\Saoviet_Maybanhang_Std\Saoviet_Maybanhang_Board_2\EWARM\Saoviet_Maybanhang_Board_2\Obj\stm32l0xx_hal_i2c_ex.o
#        D:\Project_STM32\Saoviet_Maybanhang_Std\Saoviet_Maybanhang_Board_2\EWARM\Saoviet_Maybanhang_Board_2\Obj\stm32l0xx_hal_iwdg.o
#        D:\Project_STM32\Saoviet_Maybanhang_Std\Saoviet_Maybanhang_Board_2\EWARM\Saoviet_Maybanhang_Board_2\Obj\stm32l0xx_hal_msp.o
#        D:\Project_STM32\Saoviet_Maybanhang_Std\Saoviet_Maybanhang_Board_2\EWARM\Saoviet_Maybanhang_Board_2\Obj\stm32l0xx_hal_pwr.o
#        D:\Project_STM32\Saoviet_Maybanhang_Std\Saoviet_Maybanhang_Board_2\EWARM\Saoviet_Maybanhang_Board_2\Obj\stm32l0xx_hal_pwr_ex.o
#        D:\Project_STM32\Saoviet_Maybanhang_Std\Saoviet_Maybanhang_Board_2\EWARM\Saoviet_Maybanhang_Board_2\Obj\stm32l0xx_hal_rcc.o
#        D:\Project_STM32\Saoviet_Maybanhang_Std\Saoviet_Maybanhang_Board_2\EWARM\Saoviet_Maybanhang_Board_2\Obj\stm32l0xx_hal_rcc_ex.o
#        D:\Project_STM32\Saoviet_Maybanhang_Std\Saoviet_Maybanhang_Board_2\EWARM\Saoviet_Maybanhang_Board_2\Obj\stm32l0xx_hal_spi.o
#        D:\Project_STM32\Saoviet_Maybanhang_Std\Saoviet_Maybanhang_Board_2\EWARM\Saoviet_Maybanhang_Board_2\Obj\stm32l0xx_hal_tim.o
#        D:\Project_STM32\Saoviet_Maybanhang_Std\Saoviet_Maybanhang_Board_2\EWARM\Saoviet_Maybanhang_Board_2\Obj\stm32l0xx_hal_tim_ex.o
#        D:\Project_STM32\Saoviet_Maybanhang_Std\Saoviet_Maybanhang_Board_2\EWARM\Saoviet_Maybanhang_Board_2\Obj\stm32l0xx_hal_uart.o
#        D:\Project_STM32\Saoviet_Maybanhang_Std\Saoviet_Maybanhang_Board_2\EWARM\Saoviet_Maybanhang_Board_2\Obj\stm32l0xx_hal_uart_ex.o
#        D:\Project_STM32\Saoviet_Maybanhang_Std\Saoviet_Maybanhang_Board_2\EWARM\Saoviet_Maybanhang_Board_2\Obj\stm32l0xx_it.o
#        D:\Project_STM32\Saoviet_Maybanhang_Std\Saoviet_Maybanhang_Board_2\EWARM\Saoviet_Maybanhang_Board_2\Obj\system_stm32l0xx.o
#        D:\Project_STM32\Saoviet_Maybanhang_Std\Saoviet_Maybanhang_Board_2\EWARM\Saoviet_Maybanhang_Board_2\Obj\usart.o
#        D:\Project_STM32\Saoviet_Maybanhang_Std\Saoviet_Maybanhang_Board_2\EWARM\Saoviet_Maybanhang_Board_2\Obj\user_app_ade7953.o
#        D:\Project_STM32\Saoviet_Maybanhang_Std\Saoviet_Maybanhang_Board_2\EWARM\Saoviet_Maybanhang_Board_2\Obj\user_app_comm.o
#        D:\Project_STM32\Saoviet_Maybanhang_Std\Saoviet_Maybanhang_Board_2\EWARM\Saoviet_Maybanhang_Board_2\Obj\user_app_slave.o
#        D:\Project_STM32\Saoviet_Maybanhang_Std\Saoviet_Maybanhang_Board_2\EWARM\Saoviet_Maybanhang_Board_2\Obj\user_modbus_rtu.o
#        D:\Project_STM32\Saoviet_Maybanhang_Std\Saoviet_Maybanhang_Board_2\EWARM\Saoviet_Maybanhang_Board_2\Obj\user_uart.o
#        D:\Project_STM32\Saoviet_Maybanhang_Std\Saoviet_Maybanhang_Board_2\EWARM\Saoviet_Maybanhang_Board_2\Obj\user_util.o
#        --no_out_extension -o
#        D:\Project_STM32\Saoviet_Maybanhang_Std\Saoviet_Maybanhang_Board_2\EWARM\Saoviet_Maybanhang_Board_2\Exe\Saoviet_Maybanhang_Board_2.out
#        --redirect _Printf=_PrintfFullNoMb --redirect _Scanf=_ScanfFullNoMb
#        --map
#        D:\Project_STM32\Saoviet_Maybanhang_Std\Saoviet_Maybanhang_Board_2\EWARM\Saoviet_Maybanhang_Board_2\List\Saoviet_Maybanhang_Board_2.map
#        --config
#        D:\Project_STM32\Saoviet_Maybanhang_Std\Saoviet_Maybanhang_Board_2\EWARM/stm32l031xx_flash.icf
#        --semihosting --entry __iar_program_start --vfe --text_out locale)
#
###############################################################################

*******************************************************************************
*** RUNTIME MODEL ATTRIBUTES
***

CppFlavor       = *
__SystemLibrary = DLib
__dlib_version  = 6


*******************************************************************************
*** HEAP SELECTION
***

The basic heap was selected because no calls to memory allocation
functions were found in the application outside of system library
functions, and there are calls to deallocation functions in the
application.


*******************************************************************************
*** PLACEMENT SUMMARY
***

"A0":  place at address 0x800'0000 { ro section .intvec };
"P1":  place in [from 0x800'0000 to 0x800'7fff] { ro };
define block CSTACK with size = 1K, alignment = 8 { };
define block HEAP with size = 512, alignment = 8 { };
"P2":  place in [from 0x2000'0000 to 0x2000'1fff] {
          rw, block CSTACK, block HEAP };
initialize by copy { rw };

  Section            Kind         Address    Size  Object
  -------            ----         -------    ----  ------
"A0":                                        0xc0
  .intvec            ro code   0x800'0000    0xc0  startup_stm32l031xx.o [1]
                             - 0x800'00c0    0xc0

"P1":                                      0x363a
  .text              ro code   0x800'00c0   0xb52  stm32l0xx_hal_uart.o [1]
  .text              ro code   0x800'0c12    0x7e  lz77_init_single.o [4]
  .text              ro code   0x800'0c90    0xa4  usart.o [1]
  .text              ro code   0x800'0d34     0xc  stm32l0xx_hal.o [1]
  .text              ro code   0x800'0d40    0x98  stm32l0xx_hal_dma.o [1]
  .text              ro code   0x800'0dd8     0x2  stm32l0xx_hal_uart.o [1]
  .text              ro code   0x800'0dda     0x2  stm32l0xx_hal_uart.o [1]
  .text              ro code   0x800'0ddc     0x2  stm32l0xx_hal_uart_ex.o [1]
  .text              ro code   0x800'0dde     0x2  stm32l0xx_hal_uart.o [1]
  .text              ro code   0x800'0de0   0x698  stm32l0xx_hal_rcc.o [1]
  .text              ro code   0x800'1478    0xa8  I64DivMod.o [4]
  .text              ro code   0x800'1520    0x5e  I32DivMod.o [4]
  .text              ro code   0x800'157e     0x2  startup_stm32l031xx.o [1]
  .text              ro code   0x800'1580    0x48  user_uart.o [1]
  .text              ro code   0x800'15c8    0xbc  main.o [1]
  .text              ro code   0x800'1684    0x14  memset.o [4]
  .text              ro code   0x800'1698   0x1ca  stm32l0xx_hal_gpio.o [1]
  .text              ro code   0x800'1862     0x2  startup_stm32l031xx.o [1]
  .text              ro code   0x800'1864    0x8c  stm32l0xx_hal_cortex.o [1]
  .text              ro code   0x800'18f0    0x44  stm32l0xx_hal.o [1]
  .text              ro code   0x800'1934    0x32  I64Mul.o [4]
  .text              ro code   0x800'1966     0x2  startup_stm32l031xx.o [1]
  .text              ro code   0x800'1968     0x2  I64DivZer.o [4]
  .text              ro code   0x800'196a     0x2  startup_stm32l031xx.o [1]
  .text              ro code   0x800'196c     0x2  IntDivZer.o [4]
  .text              ro code   0x800'196e     0x2  startup_stm32l031xx.o [1]
  .text              ro code   0x800'1970    0x28  stm32l0xx_hal.o [1]
  .text              ro code   0x800'1998    0xec  gpio.o [1]
  .text              ro code   0x800'1a84    0x98  spi.o [1]
  .text              ro code   0x800'1b1c    0x2c  iwdg.o [1]
  .text              ro code   0x800'1b48    0x2c  user_app_comm.o [1]
  .text              ro code   0x800'1b74   0x178  stm32l0xx_hal_rcc_ex.o [1]
  .text              ro code   0x800'1cec     0xc  ABImemset_small.o [4]
  .text              ro code   0x800'1cf8    0x1c  stm32l0xx_hal_msp.o [1]
  .text              ro code   0x800'1d14   0x434  stm32l0xx_hal_spi.o [1]
  .text              ro code   0x800'2148    0x6c  stm32l0xx_hal_iwdg.o [1]
  .text              ro code   0x800'21b4   0x8a8  user_app_slave.o [1]
  .text              ro code   0x800'2a5c   0x324  user_app_ade7953.o [1]
  .text              ro code   0x800'2d80    0x28  stm32l0xx_hal.o [1]
  .text              ro code   0x800'2da8    0x24  event_driven.o [1]
  .text              ro code   0x800'2dcc    0x12  user_util.o [1]
  .text              ro code   0x800'2dde     0x2  startup_stm32l031xx.o [1]
  .text              ro code   0x800'2de0   0x132  user_modbus_rtu.o [1]
  .text              ro code   0x800'2f12     0x2  startup_stm32l031xx.o [1]
  .text              ro code   0x800'2f14   0x1c8  stm32l0xx_hal_flash.o [1]
  .text              ro code   0x800'30dc    0xa8  stm32l0xx_hal_flash_ex.o [1]
  .text              ro code   0x800'3184   0x26c  ade7953.o [1]
  .rodata            const     0x800'33f0    0xa0  ade7953.o [1]
  .text              ro code   0x800'3490    0x4c  stm32l0xx_it.o [1]
  .text              ro code   0x800'34dc    0x10  stm32l0xx_hal.o [1]
  .rodata            const     0x800'34ec    0x44  ade7953.o [1]
  .text              ro code   0x800'3530    0x3c  zero_init3.o [4]
  .text              ro code   0x800'356c    0x28  data_init.o [4]
  .iar.init_table    const     0x800'3594    0x20  - Linker created -
  .text              ro code   0x800'35b4    0x20  system_stm32l0xx.o [1]
  .text              ro code   0x800'35d4    0x1e  cmain.o [4]
  .text              ro code   0x800'35f2     0x4  low_level_init.o [2]
  .text              ro code   0x800'35f6     0x8  exit.o [2]
  .text              ro code   0x800'35fe     0x2  startup_stm32l031xx.o [1]
  .text              ro code   0x800'3600     0xa  cexit.o [4]
  .text              ro code   0x800'360a     0x2  startup_stm32l031xx.o [1]
  .text              ro code   0x800'360c    0x14  exit.o [5]
  .text              ro code   0x800'3620    0x10  startup_stm32l031xx.o [1]
  .text              ro code   0x800'3630     0xc  cstartup_M.o [4]
  .rodata            const     0x800'363c     0x8  system_stm32l0xx.o [1]
  .text              ro code   0x800'3644     0x2  startup_stm32l031xx.o [1]
  .text              ro code   0x800'3646     0x2  startup_stm32l031xx.o [1]
  .text              ro code   0x800'3648     0x2  startup_stm32l031xx.o [1]
  .text              ro code   0x800'364a     0x2  startup_stm32l031xx.o [1]
  .text              ro code   0x800'364c     0x2  startup_stm32l031xx.o [1]
  .text              ro code   0x800'364e     0x2  startup_stm32l031xx.o [1]
  .text              ro code   0x800'3650     0x2  startup_stm32l031xx.o [1]
  .text              ro code   0x800'3652     0x2  startup_stm32l031xx.o [1]
  .text              ro code   0x800'3654     0x2  startup_stm32l031xx.o [1]
  .rodata            const     0x800'3656     0x0  zero_init3.o [4]
  .rodata            const     0x800'3656     0x0  lz77_init_single.o [4]
  Initializer bytes  const     0x800'3656    0xa4  <for P2-1>
                             - 0x800'36fa  0x363a

"P2", part 1 of 3:                          0x140
  P2-1                        0x2000'0000   0x140  <Init block>
    .data            inited   0x2000'0000    0x78  ade7953.o [1]
    .data            inited   0x2000'0078     0xc  stm32l0xx_hal.o [1]
    .data            inited   0x2000'0084     0x4  system_stm32l0xx.o [1]
    .data            inited   0x2000'0088    0x50  user_app_ade7953.o [1]
    .data            inited   0x2000'00d8    0x32  user_app_slave.o [1]
    .data            inited   0x2000'010c    0x28  user_app_slave.o [1]
    .data            inited   0x2000'0134     0xc  user_uart.o [1]
                            - 0x2000'0140   0x140

"P2", part 2 of 3:                          0x5ec
  .bss               zero     0x2000'0140   0x418  ade7953.o [1]
  .bss               zero     0x2000'0558    0x88  usart.o [1]
  .bss               zero     0x2000'05e0    0x58  spi.o [1]
  .bss               zero     0x2000'0638    0x3c  ade7953.o [1]
  .bss               zero     0x2000'0674    0x34  user_uart.o [1]
  .bss               zero     0x2000'06a8    0x2c  ade7953.o [1]
  .bss               zero     0x2000'06d8    0x2c  user_app_ade7953.o [1]
  .bss               zero     0x2000'0704    0x18  stm32l0xx_hal_flash.o [1]
  .bss               zero     0x2000'071c    0x10  iwdg.o [1]
                            - 0x2000'072c   0x5ec

"P2", part 3 of 3:                          0x400
  CSTACK                      0x2000'0730   0x400  <Block>
    CSTACK           uninit   0x2000'0730   0x400  <Block tail>
                            - 0x2000'0b30   0x400

Unused ranges:

         From           To    Size
         ----           --    ----
   0x800'36fa   0x800'7fff  0x4906
  0x2000'072c  0x2000'072f     0x4
  0x2000'0b30  0x2000'1fff  0x14d0


*******************************************************************************
*** INIT TABLE
***

          Address      Size
          -------      ----
Zero (__iar_zero_init3)
    1 destination range, total size 0x5ec:
          0x2000'0140  0x5ec

Copy/lz77 (__iar_lz77_init_single3)
    1 source range, total size 0xa4 (51% of destination):
           0x800'3656   0xa4
    1 destination range, total size 0x140:
          0x2000'0000  0x140



*******************************************************************************
*** MODULE SUMMARY
***

    Module                    ro code  ro data  rw data
    ------                    -------  -------  -------
command line/config:
    ---------------------------------------------------
    Total:

D:\Project_STM32\Saoviet_Maybanhang_Std\Saoviet_Maybanhang_Board_2\EWARM\Saoviet_Maybanhang_Board_2\Obj: [1]
    ade7953.o                     620      289    1'272
    event_driven.o                 36
    gpio.o                        236
    iwdg.o                         44                16
    main.o                        188
    spi.o                         152                88
    startup_stm32l031xx.o         244
    stm32l0xx_hal.o               176        6       12
    stm32l0xx_hal_cortex.o        140
    stm32l0xx_hal_dma.o           152
    stm32l0xx_hal_flash.o         456                24
    stm32l0xx_hal_flash_ex.o      168
    stm32l0xx_hal_gpio.o          458
    stm32l0xx_hal_iwdg.o          108
    stm32l0xx_hal_msp.o            28
    stm32l0xx_hal_rcc.o         1'688
    stm32l0xx_hal_rcc_ex.o        376
    stm32l0xx_hal_spi.o         1'076
    stm32l0xx_hal_uart.o        2'904
    stm32l0xx_hal_uart_ex.o         2
    stm32l0xx_it.o                 76
    system_stm32l0xx.o             32       10        4
    usart.o                       164               136
    user_app_ade7953.o            804       41      124
    user_app_comm.o                44
    user_app_slave.o            2'216       47       90
    user_modbus_rtu.o             306
    user_uart.o                    72        7       64
    user_util.o                    18
    ---------------------------------------------------
    Total:                     12'984      400    1'830

dl6M_tlf.a: [2]
    exit.o                          8
    low_level_init.o                4
    ---------------------------------------------------
    Total:                         12

m6M_tl.a: [3]
    ---------------------------------------------------
    Total:

rt6M_tl.a: [4]
    ABImemset_small.o              12
    I32DivMod.o                    94
    I64DivMod.o                   168
    I64DivZer.o                     2
    I64Mul.o                       50
    IntDivZer.o                     2
    cexit.o                        10
    cmain.o                        30
    cstartup_M.o                   12
    data_init.o                    40
    lz77_init_single.o            126
    memset.o                       20
    zero_init3.o                   60
    ---------------------------------------------------
    Total:                        626

shb_l.a: [5]
    exit.o                         20
    ---------------------------------------------------
    Total:                         20

    Gaps                                              6
    Linker created                          32    1'024
-------------------------------------------------------
    Grand Total:               13'642      432    2'860


*******************************************************************************
*** ENTRY LIST
***

Entry                       Address   Size  Type      Object
-----                       -------   ----  ----      ------
.iar.init_table$$Base    0x800'3594          --   Gb  - Linker created -
.iar.init_table$$Limit   0x800'35b4          --   Gb  - Linker created -
?main                    0x800'35d5         Code  Gb  cmain.o [4]
ADE7953_Init             0x800'3185    0xc  Code  Gb  ade7953.o [1]
ADE7953_Read_Reg         0x800'3349   0x88  Code  Gb  ade7953.o [1]
ADE7953_RecommendedSetting
                         0x800'3191   0x66  Code  Gb  ade7953.o [1]
ADE7953_Write_Config     0x800'3319   0x30  Code  Gb  ade7953.o [1]
ADE7953_Write_Reg        0x800'31f7  0x122  Code  Gb  ade7953.o [1]
ADEConfigDefault        0x2000'0000   0x78  Data  Gb  ade7953.o [1]
ADEConfigInfo            0x800'33f0   0xa0  Data  Gb  ade7953.o [1]
ADEReadoutReg            0x800'34ec   0x44  Data  Gb  ade7953.o [1]
AHBPrescTable            0x800'35b8   0x10  Data  Gb  system_stm32l0xx.o [1]
APBPrescTable            0x800'363c    0x8  Data  Gb  system_stm32l0xx.o [1]
AT_Command_IF            0x800'2541   0xd2  Code  Gb  user_app_slave.o [1]
AppAde7953_Task          0x800'2cfd   0x42  Code  Gb  user_app_ade7953.o [1]
AppSlave_Task            0x800'2235   0x42  Code  Gb  user_app_slave.o [1]
CSTACK$$Base            0x2000'0730          --   Gb  - Linker created -
CSTACK$$Limit           0x2000'0b30          --   Gb  - Linker created -
Change_Baudrate_AddrSlave_Calib_ATCommand
                         0x800'23f5  0x144  Code  Gb  user_app_slave.o [1]
EXTI4_15_IRQHandler      0x800'34a1   0x28  Code  Gb  stm32l0xx_it.o [1]
Error_Handler            0x800'1681    0x4  Code  Gb  main.o [1]
FLASH_PageErase          0x800'3159   0x22  Code  Gb  stm32l0xx_hal_flash_ex.o [1]
FLASH_ReadData32         0x800'2a41    0x4  Code  Gb  user_app_slave.o [1]
FLASH_SetErrorCode       0x800'3021   0xa4  Code  Lc  stm32l0xx_hal_flash.o [1]
FLASH_WaitForLastOperation
                         0x800'2fa9   0x6c  Code  Gb  stm32l0xx_hal_flash.o [1]
FLASH_WritePage          0x800'29f5   0x46  Code  Gb  user_app_slave.o [1]
Get_Length_Variable      0x800'2621   0x1a  Code  Gb  user_app_slave.o [1]
Get_Uint_In_String       0x800'2955   0x62  Code  Gb  user_app_slave.o [1]
HAL_DMA_Abort            0x800'0d41   0x4a  Code  Gb  stm32l0xx_hal_dma.o [1]
HAL_DMA_Abort_IT         0x800'0d8b   0x4e  Code  Gb  stm32l0xx_hal_dma.o [1]
HAL_Delay                0x800'2d81   0x28  Code  Wk  stm32l0xx_hal.o [1]
HAL_FLASHEx_Erase        0x800'30dd   0x6a  Code  Gb  stm32l0xx_hal_flash_ex.o [1]
HAL_FLASH_Lock           0x800'2f91   0x10  Code  Gb  stm32l0xx_hal_flash.o [1]
HAL_FLASH_Program        0x800'2f15   0x32  Code  Gb  stm32l0xx_hal_flash.o [1]
HAL_FLASH_Unlock         0x800'2f47   0x4a  Code  Gb  stm32l0xx_hal_flash.o [1]
HAL_GPIO_EXTI_IRQHandler
                         0x800'182f   0x14  Code  Gb  stm32l0xx_hal_gpio.o [1]
HAL_GPIO_Init            0x800'1699  0x17e  Code  Gb  stm32l0xx_hal_gpio.o [1]
HAL_GPIO_ReadPin         0x800'1817    0xc  Code  Gb  stm32l0xx_hal_gpio.o [1]
HAL_GPIO_WritePin        0x800'1823    0xc  Code  Gb  stm32l0xx_hal_gpio.o [1]
HAL_GetTick              0x800'0d35    0xc  Code  Wk  stm32l0xx_hal.o [1]
HAL_IWDG_Init            0x800'2149   0x56  Code  Gb  stm32l0xx_hal_iwdg.o [1]
HAL_IWDG_Refresh         0x800'219f    0xa  Code  Gb  stm32l0xx_hal_iwdg.o [1]
HAL_IncTick              0x800'34dd   0x10  Code  Wk  stm32l0xx_hal.o [1]
HAL_Init                 0x800'1971   0x24  Code  Gb  stm32l0xx_hal.o [1]
HAL_InitTick             0x800'18f1   0x44  Code  Wk  stm32l0xx_hal.o [1]
HAL_MspInit              0x800'1cf9   0x1c  Code  Gb  stm32l0xx_hal_msp.o [1]
HAL_NVIC_EnableIRQ       0x800'18a7   0x12  Code  Gb  stm32l0xx_hal_cortex.o [1]
HAL_NVIC_SetPriority     0x800'189f    0x8  Code  Gb  stm32l0xx_hal_cortex.o [1]
HAL_RCCEx_PeriphCLKConfig
                         0x800'1b75  0x150  Code  Gb  stm32l0xx_hal_rcc_ex.o [1]
HAL_RCC_ClockConfig      0x800'1215  0x194  Code  Gb  stm32l0xx_hal_rcc.o [1]
HAL_RCC_GetPCLK1Freq     0x800'142b    0xe  Code  Gb  stm32l0xx_hal_rcc.o [1]
HAL_RCC_GetSysClockFreq
                         0x800'13b9   0x72  Code  Gb  stm32l0xx_hal_rcc.o [1]
HAL_RCC_OscConfig        0x800'0de1  0x424  Code  Gb  stm32l0xx_hal_rcc.o [1]
HAL_SPI_Init             0x800'1d15   0xae  Code  Gb  stm32l0xx_hal_spi.o [1]
HAL_SPI_MspInit          0x800'1abf   0x52  Code  Gb  spi.o [1]
HAL_SPI_TransmitReceive
                         0x800'1dc3  0x24e  Code  Gb  stm32l0xx_hal_spi.o [1]
HAL_SYSTICK_Config       0x800'18b9   0x28  Code  Gb  stm32l0xx_hal_cortex.o [1]
HAL_UARTEx_WakeupCallback
                         0x800'0ddd    0x2  Code  Wk  stm32l0xx_hal_uart_ex.o [1]
HAL_UART_IRQHandler      0x800'026d  0x2ae  Code  Gb  stm32l0xx_hal_uart.o [1]
HAL_UART_Init            0x800'00c1   0x56  Code  Gb  stm32l0xx_hal_uart.o [1]
HAL_UART_MspInit         0x800'0cc1   0x66  Code  Gb  usart.o [1]
HAL_UART_Receive_IT      0x800'0207   0x60  Code  Gb  stm32l0xx_hal_uart.o [1]
HAL_UART_RxCpltCallback
                         0x800'1591   0x2c  Code  Gb  user_uart.o [1]
HAL_UART_Transmit        0x800'012d   0xda  Code  Gb  stm32l0xx_hal_uart.o [1]
HardFault_Handler        0x800'3493    0x2  Code  Gb  stm32l0xx_it.o [1]
Init_Ade7953             0x800'2cb7   0x1a  Code  Gb  user_app_ade7953.o [1]
Init_AppSlave            0x800'2213   0x22  Code  Gb  user_app_slave.o [1]
Init_Energy              0x800'2cd1   0x20  Code  Gb  user_app_ade7953.o [1]
Init_Uart_485_Rx_IT      0x800'1581    0x4  Code  Gb  user_uart.o [1]
MX_GPIO_Init             0x800'1999   0xec  Code  Gb  gpio.o [1]
MX_IWDG_Init             0x800'1b1d   0x2c  Code  Gb  iwdg.o [1]
MX_SPI1_Init             0x800'1a85   0x3a  Code  Gb  spi.o [1]
MX_USART2_UART_Init      0x800'0c91   0x30  Code  Gb  usart.o [1]
Main_Task                0x800'1b49   0x26  Code  Gb  user_app_comm.o [1]
ModRTU_CRC               0x800'2de1   0x2c  Code  Gb  user_modbus_rtu.o [1]
ModRTU_Slave_ACK_Read_Frame
                         0x800'2e15   0x1c  Code  Gb  user_modbus_rtu.o [1]
ModRTU_Slave_ACK_Write_Frame
                         0x800'2e71   0x7a  Code  Gb  user_modbus_rtu.o [1]
ModbusRTU_Slave          0x800'2277  0x16a  Code  Gb  user_app_slave.o [1]
NMI_Handler              0x800'3491    0x2  Code  Gb  stm32l0xx_it.o [1]
PLLMulTable              0x800'35c8    0xc  Data  Gb  system_stm32l0xx.o [1]
Packing_Frame            0x800'2741  0x214  Code  Gb  user_app_slave.o [1]
PendSV_Handler           0x800'3497    0x2  Code  Gb  stm32l0xx_it.o [1]
Region$$Table$$Base      0x800'3594          --   Gb  - Linker created -
Region$$Table$$Limit     0x800'35b4          --   Gb  - Linker created -
Response_Error           0x800'2eeb   0x28  Code  Gb  user_modbus_rtu.o [1]
SPI_EndRxTxTransaction   0x800'20dd   0x60  Code  Lc  stm32l0xx_hal_spi.o [1]
SPI_WaitFlagStateUntilTimeout
                         0x800'2011   0xc6  Code  Lc  stm32l0xx_hal_spi.o [1]
SVC_Handler              0x800'3495    0x2  Code  Gb  stm32l0xx_it.o [1]
Send_Data_Terminal       0x800'26f1   0x4c  Code  Gb  user_app_slave.o [1]
SysTick_Handler          0x800'3499    0x8  Code  Gb  stm32l0xx_it.o [1]
SystemClock_Config       0x800'15e9   0x8e  Code  Gb  main.o [1]
SystemCoreClock         0x2000'0084    0x4  Data  Gb  system_stm32l0xx.o [1]
SystemInit               0x800'35b5    0x2  Code  Gb  system_stm32l0xx.o [1]
Terminal_Receive         0x800'263b   0xa8  Code  Gb  user_app_slave.o [1]
UART_AdvFeatureConfig    0x800'0705   0xc8  Code  Gb  stm32l0xx_hal_uart.o [1]
UART_CheckIdleState      0x800'07e1   0xae  Code  Gb  stm32l0xx_hal_uart.o [1]
UART_DMAAbortOnError     0x800'0a7d   0x14  Code  Lc  stm32l0xx_hal_uart.o [1]
UART_EndRxTransfer       0x800'0a09   0x5e  Code  Lc  stm32l0xx_hal_uart.o [1]
UART_RxISR_16BIT         0x800'0b35   0xa2  Code  Lc  stm32l0xx_hal_uart.o [1]
UART_RxISR_8BIT          0x800'0a91   0xa2  Code  Lc  stm32l0xx_hal_uart.o [1]
UART_SetConfig           0x800'0531  0x1ca  Code  Gb  stm32l0xx_hal_uart.o [1]
UART_Start_Receive_IT    0x800'092d   0xaa  Code  Gb  stm32l0xx_hal_uart.o [1]
UART_WaitOnFlagUntilTimeout
                         0x800'089d   0x90  Code  Gb  stm32l0xx_hal_uart.o [1]
USART2_IRQHandler        0x800'34c9    0xa  Code  Gb  stm32l0xx_it.o [1]
UTIL_MEM_set             0x800'2dcd   0x12  Code  Gb  user_util.o [1]
Uart485Buff             0x2000'0674   0x34  Data  Gb  user_uart.o [1]
Uart485RxByte           0x2000'0134    0x1  Data  Gb  user_uart.o [1]
Uart485_Init             0x800'29bd   0x2e  Code  Gb  user_app_slave.o [1]
__NVIC_SetPriority       0x800'1865   0x3a  Code  Lc  stm32l0xx_hal_cortex.o [1]
__aeabi_idiv0            0x800'196d         Code  Gb  IntDivZer.o [4]
__aeabi_ldiv0            0x800'1969         Code  Gb  I64DivZer.o [4]
__aeabi_ldivmod          0x800'1479         Code  Gb  I64DivMod.o [4]
__aeabi_lmul             0x800'1935         Code  Gb  I64Mul.o [4]
__aeabi_uldivmod         0x800'14b7         Code  Gb  I64DivMod.o [4]
__cmain                  0x800'35d5         Code  Gb  cmain.o [4]
__exit                   0x800'360d   0x14  Code  Gb  exit.o [5]
__iar_data_init3         0x800'356d   0x28  Code  Gb  data_init.o [4]
__iar_lz77_init_single3
                         0x800'0c13   0x7e  Code  Gb  lz77_init_single.o [4]
__iar_program_start      0x800'3631         Code  Gb  cstartup_M.o [4]
__iar_small_Memset4_word
                         0x800'1ced         Code  Gb  ABImemset_small.o [4]
__iar_small_Memset_word
                         0x800'1ced         Code  Gb  ABImemset_small.o [4]
__iar_small_idiv         0x800'1521         Code  Gb  I32DivMod.o [4]
__iar_small_idivmod      0x800'1521         Code  Gb  I32DivMod.o [4]
__iar_small_memset       0x800'1ced         Code  Gb  ABImemset_small.o [4]
__iar_small_memset4      0x800'1ced         Code  Gb  ABImemset_small.o [4]
__iar_small_memset8      0x800'1ced         Code  Gb  ABImemset_small.o [4]
__iar_small_uidiv        0x800'1549         Code  Gb  I32DivMod.o [4]
__iar_small_uidivmod     0x800'1549         Code  Gb  I32DivMod.o [4]
__iar_zero_init3         0x800'3531   0x3c  Code  Gb  zero_init3.o [4]
__low_level_init         0x800'35f3    0x4  Code  Gb  low_level_init.o [2]
__vector_table           0x800'0000         Data  Gb  startup_stm32l031xx.o [1]
_call_main               0x800'35e1         Code  Gb  cmain.o [4]
_exit                    0x800'3601         Code  Gb  cexit.o [4]
_main                    0x800'35ef         Code  Gb  cmain.o [4]
baud_rate_value         0x2000'0114   0x20  Data  Gb  user_app_slave.o [1]
exit                     0x800'35f7    0x8  Code  Gb  exit.o [2]
fevent_active            0x800'2da9   0x10  Code  Gb  event_driven.o [1]
fevent_ade_check_source
                         0x800'2a6b   0x4e  Code  Lc  user_app_ade7953.o [1]
fevent_ade_check_source::once_handle
                        0x2000'06d8    0x1  Data  Lc  user_app_ade7953.o [1]
fevent_ade_entry         0x800'2a5d    0xe  Code  Lc  user_app_ade7953.o [1]
fevent_ade_handle        0x800'2ab9  0x194  Code  Lc  user_app_ade7953.o [1]
fevent_ade_handle::CountPowerOff
                        0x2000'0700    0x4  Data  Lc  user_app_ade7953.o [1]
fevent_ade_save_energy   0x800'2c4d   0x34  Code  Lc  user_app_ade7953.o [1]
fevent_ctrl_led_status   0x800'2c81   0x36  Code  Lc  user_app_ade7953.o [1]
fevent_enable            0x800'2db9   0x14  Code  Gb  event_driven.o [1]
fevent_slave_complete_receive
                         0x800'21ed   0x26  Code  Lc  user_app_slave.o [1]
fevent_slave_entry       0x800'21b5    0xe  Code  Lc  user_app_slave.o [1]
fevent_slave_receive_handle
                         0x800'21c3   0x2a  Code  Lc  user_app_slave.o [1]
fevent_slave_receive_handle::countBuffer_uart
                        0x2000'0108    0x2  Data  Lc  user_app_slave.o [1]
hiwdg                   0x2000'071c   0x10  Data  Gb  iwdg.o [1]
hspi1                   0x2000'05e0   0x58  Data  Gb  spi.o [1]
huart2                  0x2000'0558   0x88  Data  Gb  usart.o [1]
main                     0x800'15c9   0x20  Code  Gb  main.o [1]
memset                   0x800'1685   0x14  Code  Gb  memset.o [4]
pFlash                  0x2000'0704   0x18  Data  Gb  stm32l0xx_hal_flash.o [1]
sADE                    0x2000'0638   0x3c  Data  Gb  ade7953.o [1]
sEventAppAde7953        0x2000'0088   0x50  Data  Gb  user_app_ade7953.o [1]
sEventAppSlave          0x2000'00d8   0x30  Data  Gb  user_app_slave.o [1]
sInforElectric          0x2000'06dc    0xc  Data  Gb  user_app_ade7953.o [1]
sInforEnergy            0x2000'06e8   0x18  Data  Gb  user_app_ade7953.o [1]
sInforSlave             0x2000'010c    0x8  Data  Gb  user_app_slave.o [1]
sMeter_Real_Value       0x2000'0140  0x418  Data  Gb  ade7953.o [1]
sMeter_Status           0x2000'06a8   0x2c  Data  Gb  ade7953.o [1]
sUart485                0x2000'0138    0x8  Data  Gb  user_uart.o [1]
uwTick                  0x2000'007c    0x4  Data  Gb  stm32l0xx_hal.o [1]
uwTickFreq              0x2000'0078    0x1  Data  Gb  stm32l0xx_hal.o [1]
uwTickPrio              0x2000'0080    0x4  Data  Gb  stm32l0xx_hal.o [1]


[1] = D:\Project_STM32\Saoviet_Maybanhang_Std\Saoviet_Maybanhang_Board_2\EWARM\Saoviet_Maybanhang_Board_2\Obj
[2] = dl6M_tlf.a
[3] = m6M_tl.a
[4] = rt6M_tl.a
[5] = shb_l.a

  13'642 bytes of readonly  code memory
     432 bytes of readonly  data memory
   2'860 bytes of readwrite data memory

Errors: none
Warnings: none
