###############################################################################
#
# IAR ELF Linker V8.40.2.214/W32 for ARM                  24/Oct/2024  13:39:32
# Copyright 2007-2019 IAR Systems AB.
#
#    Output file  =
#        D:\Saoviet_Bitbucket\Saoviet_Vending_Machine\Saoviet_VendingMachine_Shrimp_ver_1_1\EWARM\Saoviet_VendingMachine_Shrimp_ver_1\Exe\Saoviet_VendingMachine_Shrimp_ver_1.out
#    Map file     =
#        D:\Saoviet_Bitbucket\Saoviet_Vending_Machine\Saoviet_VendingMachine_Shrimp_ver_1_1\EWARM\Saoviet_VendingMachine_Shrimp_ver_1\List\Saoviet_VendingMachine_Shrimp_ver_1.map
#    Command line =
#        -f C:\Users\PC\AppData\Local\Temp\EW1754.tmp
#        (D:\Saoviet_Bitbucket\Saoviet_Vending_Machine\Saoviet_VendingMachine_Shrimp_ver_1_1\EWARM\Saoviet_VendingMachine_Shrimp_ver_1\Obj\adc.o
#        D:\Saoviet_Bitbucket\Saoviet_Vending_Machine\Saoviet_VendingMachine_Shrimp_ver_1_1\EWARM\Saoviet_VendingMachine_Shrimp_ver_1\Obj\dma.o
#        D:\Saoviet_Bitbucket\Saoviet_Vending_Machine\Saoviet_VendingMachine_Shrimp_ver_1_1\EWARM\Saoviet_VendingMachine_Shrimp_ver_1\Obj\event_driven.o
#        D:\Saoviet_Bitbucket\Saoviet_Vending_Machine\Saoviet_VendingMachine_Shrimp_ver_1_1\EWARM\Saoviet_VendingMachine_Shrimp_ver_1\Obj\gpio.o
#        D:\Saoviet_Bitbucket\Saoviet_Vending_Machine\Saoviet_VendingMachine_Shrimp_ver_1_1\EWARM\Saoviet_VendingMachine_Shrimp_ver_1\Obj\iwdg.o
#        D:\Saoviet_Bitbucket\Saoviet_Vending_Machine\Saoviet_VendingMachine_Shrimp_ver_1_1\EWARM\Saoviet_VendingMachine_Shrimp_ver_1\Obj\main.o
#        D:\Saoviet_Bitbucket\Saoviet_Vending_Machine\Saoviet_VendingMachine_Shrimp_ver_1_1\EWARM\Saoviet_VendingMachine_Shrimp_ver_1\Obj\onchipflash.o
#        D:\Saoviet_Bitbucket\Saoviet_Vending_Machine\Saoviet_VendingMachine_Shrimp_ver_1_1\EWARM\Saoviet_VendingMachine_Shrimp_ver_1\Obj\queue_p.o
#        D:\Saoviet_Bitbucket\Saoviet_Vending_Machine\Saoviet_VendingMachine_Shrimp_ver_1_1\EWARM\Saoviet_VendingMachine_Shrimp_ver_1\Obj\rtc.o
#        D:\Saoviet_Bitbucket\Saoviet_Vending_Machine\Saoviet_VendingMachine_Shrimp_ver_1_1\EWARM\Saoviet_VendingMachine_Shrimp_ver_1\Obj\S25FL216K.o
#        D:\Saoviet_Bitbucket\Saoviet_Vending_Machine\Saoviet_VendingMachine_Shrimp_ver_1_1\EWARM\Saoviet_VendingMachine_Shrimp_ver_1\Obj\spi.o
#        D:\Saoviet_Bitbucket\Saoviet_Vending_Machine\Saoviet_VendingMachine_Shrimp_ver_1_1\EWARM\Saoviet_VendingMachine_Shrimp_ver_1\Obj\startup_stm32f405xx.o
#        D:\Saoviet_Bitbucket\Saoviet_Vending_Machine\Saoviet_VendingMachine_Shrimp_ver_1_1\EWARM\Saoviet_VendingMachine_Shrimp_ver_1\Obj\stm32f4xx_hal.o
#        D:\Saoviet_Bitbucket\Saoviet_Vending_Machine\Saoviet_VendingMachine_Shrimp_ver_1_1\EWARM\Saoviet_VendingMachine_Shrimp_ver_1\Obj\stm32f4xx_hal_adc.o
#        D:\Saoviet_Bitbucket\Saoviet_Vending_Machine\Saoviet_VendingMachine_Shrimp_ver_1_1\EWARM\Saoviet_VendingMachine_Shrimp_ver_1\Obj\stm32f4xx_hal_adc_ex.o
#        D:\Saoviet_Bitbucket\Saoviet_Vending_Machine\Saoviet_VendingMachine_Shrimp_ver_1_1\EWARM\Saoviet_VendingMachine_Shrimp_ver_1\Obj\stm32f4xx_hal_cortex.o
#        D:\Saoviet_Bitbucket\Saoviet_Vending_Machine\Saoviet_VendingMachine_Shrimp_ver_1_1\EWARM\Saoviet_VendingMachine_Shrimp_ver_1\Obj\stm32f4xx_hal_dma.o
#        D:\Saoviet_Bitbucket\Saoviet_Vending_Machine\Saoviet_VendingMachine_Shrimp_ver_1_1\EWARM\Saoviet_VendingMachine_Shrimp_ver_1\Obj\stm32f4xx_hal_dma_ex.o
#        D:\Saoviet_Bitbucket\Saoviet_Vending_Machine\Saoviet_VendingMachine_Shrimp_ver_1_1\EWARM\Saoviet_VendingMachine_Shrimp_ver_1\Obj\stm32f4xx_hal_exti.o
#        D:\Saoviet_Bitbucket\Saoviet_Vending_Machine\Saoviet_VendingMachine_Shrimp_ver_1_1\EWARM\Saoviet_VendingMachine_Shrimp_ver_1\Obj\stm32f4xx_hal_flash.o
#        D:\Saoviet_Bitbucket\Saoviet_Vending_Machine\Saoviet_VendingMachine_Shrimp_ver_1_1\EWARM\Saoviet_VendingMachine_Shrimp_ver_1\Obj\stm32f4xx_hal_flash_ex.o
#        D:\Saoviet_Bitbucket\Saoviet_Vending_Machine\Saoviet_VendingMachine_Shrimp_ver_1_1\EWARM\Saoviet_VendingMachine_Shrimp_ver_1\Obj\stm32f4xx_hal_flash_ramfunc.o
#        D:\Saoviet_Bitbucket\Saoviet_Vending_Machine\Saoviet_VendingMachine_Shrimp_ver_1_1\EWARM\Saoviet_VendingMachine_Shrimp_ver_1\Obj\stm32f4xx_hal_gpio.o
#        D:\Saoviet_Bitbucket\Saoviet_Vending_Machine\Saoviet_VendingMachine_Shrimp_ver_1_1\EWARM\Saoviet_VendingMachine_Shrimp_ver_1\Obj\stm32f4xx_hal_iwdg.o
#        D:\Saoviet_Bitbucket\Saoviet_Vending_Machine\Saoviet_VendingMachine_Shrimp_ver_1_1\EWARM\Saoviet_VendingMachine_Shrimp_ver_1\Obj\stm32f4xx_hal_msp.o
#        D:\Saoviet_Bitbucket\Saoviet_Vending_Machine\Saoviet_VendingMachine_Shrimp_ver_1_1\EWARM\Saoviet_VendingMachine_Shrimp_ver_1\Obj\stm32f4xx_hal_pwr.o
#        D:\Saoviet_Bitbucket\Saoviet_Vending_Machine\Saoviet_VendingMachine_Shrimp_ver_1_1\EWARM\Saoviet_VendingMachine_Shrimp_ver_1\Obj\stm32f4xx_hal_pwr_ex.o
#        D:\Saoviet_Bitbucket\Saoviet_Vending_Machine\Saoviet_VendingMachine_Shrimp_ver_1_1\EWARM\Saoviet_VendingMachine_Shrimp_ver_1\Obj\stm32f4xx_hal_rcc.o
#        D:\Saoviet_Bitbucket\Saoviet_Vending_Machine\Saoviet_VendingMachine_Shrimp_ver_1_1\EWARM\Saoviet_VendingMachine_Shrimp_ver_1\Obj\stm32f4xx_hal_rcc_ex.o
#        D:\Saoviet_Bitbucket\Saoviet_Vending_Machine\Saoviet_VendingMachine_Shrimp_ver_1_1\EWARM\Saoviet_VendingMachine_Shrimp_ver_1\Obj\stm32f4xx_hal_rtc.o
#        D:\Saoviet_Bitbucket\Saoviet_Vending_Machine\Saoviet_VendingMachine_Shrimp_ver_1_1\EWARM\Saoviet_VendingMachine_Shrimp_ver_1\Obj\stm32f4xx_hal_rtc_ex.o
#        D:\Saoviet_Bitbucket\Saoviet_Vending_Machine\Saoviet_VendingMachine_Shrimp_ver_1_1\EWARM\Saoviet_VendingMachine_Shrimp_ver_1\Obj\stm32f4xx_hal_spi.o
#        D:\Saoviet_Bitbucket\Saoviet_Vending_Machine\Saoviet_VendingMachine_Shrimp_ver_1_1\EWARM\Saoviet_VendingMachine_Shrimp_ver_1\Obj\stm32f4xx_hal_tim.o
#        D:\Saoviet_Bitbucket\Saoviet_Vending_Machine\Saoviet_VendingMachine_Shrimp_ver_1_1\EWARM\Saoviet_VendingMachine_Shrimp_ver_1\Obj\stm32f4xx_hal_tim_ex.o
#        D:\Saoviet_Bitbucket\Saoviet_Vending_Machine\Saoviet_VendingMachine_Shrimp_ver_1_1\EWARM\Saoviet_VendingMachine_Shrimp_ver_1\Obj\stm32f4xx_hal_uart.o
#        D:\Saoviet_Bitbucket\Saoviet_Vending_Machine\Saoviet_VendingMachine_Shrimp_ver_1_1\EWARM\Saoviet_VendingMachine_Shrimp_ver_1\Obj\stm32f4xx_it.o
#        D:\Saoviet_Bitbucket\Saoviet_Vending_Machine\Saoviet_VendingMachine_Shrimp_ver_1_1\EWARM\Saoviet_VendingMachine_Shrimp_ver_1\Obj\stm32f4xx_ll_adc.o
#        D:\Saoviet_Bitbucket\Saoviet_Vending_Machine\Saoviet_VendingMachine_Shrimp_ver_1_1\EWARM\Saoviet_VendingMachine_Shrimp_ver_1\Obj\system_stm32f4xx.o
#        D:\Saoviet_Bitbucket\Saoviet_Vending_Machine\Saoviet_VendingMachine_Shrimp_ver_1_1\EWARM\Saoviet_VendingMachine_Shrimp_ver_1\Obj\tim.o
#        D:\Saoviet_Bitbucket\Saoviet_Vending_Machine\Saoviet_VendingMachine_Shrimp_ver_1_1\EWARM\Saoviet_VendingMachine_Shrimp_ver_1\Obj\usart.o
#        D:\Saoviet_Bitbucket\Saoviet_Vending_Machine\Saoviet_VendingMachine_Shrimp_ver_1_1\EWARM\Saoviet_VendingMachine_Shrimp_ver_1\Obj\user_app_comm.o
#        D:\Saoviet_Bitbucket\Saoviet_Vending_Machine\Saoviet_VendingMachine_Shrimp_ver_1_1\EWARM\Saoviet_VendingMachine_Shrimp_ver_1\Obj\user_app_delivery.o
#        D:\Saoviet_Bitbucket\Saoviet_Vending_Machine\Saoviet_VendingMachine_Shrimp_ver_1_1\EWARM\Saoviet_VendingMachine_Shrimp_ver_1\Obj\user_app_door_sensor.o
#        D:\Saoviet_Bitbucket\Saoviet_Vending_Machine\Saoviet_VendingMachine_Shrimp_ver_1_1\EWARM\Saoviet_VendingMachine_Shrimp_ver_1\Obj\user_app_electric.o
#        D:\Saoviet_Bitbucket\Saoviet_Vending_Machine\Saoviet_VendingMachine_Shrimp_ver_1_1\EWARM\Saoviet_VendingMachine_Shrimp_ver_1\Obj\user_app_mem.o
#        D:\Saoviet_Bitbucket\Saoviet_Vending_Machine\Saoviet_VendingMachine_Shrimp_ver_1_1\EWARM\Saoviet_VendingMachine_Shrimp_ver_1\Obj\user_app_pc_box.o
#        D:\Saoviet_Bitbucket\Saoviet_Vending_Machine\Saoviet_VendingMachine_Shrimp_ver_1_1\EWARM\Saoviet_VendingMachine_Shrimp_ver_1\Obj\user_app_relay.o
#        D:\Saoviet_Bitbucket\Saoviet_Vending_Machine\Saoviet_VendingMachine_Shrimp_ver_1_1\EWARM\Saoviet_VendingMachine_Shrimp_ver_1\Obj\user_app_rs485.o
#        D:\Saoviet_Bitbucket\Saoviet_Vending_Machine\Saoviet_VendingMachine_Shrimp_ver_1_1\EWARM\Saoviet_VendingMachine_Shrimp_ver_1\Obj\user_app_temperature.o
#        D:\Saoviet_Bitbucket\Saoviet_Vending_Machine\Saoviet_VendingMachine_Shrimp_ver_1_1\EWARM\Saoviet_VendingMachine_Shrimp_ver_1\Obj\user_app_vib_sensor.o
#        D:\Saoviet_Bitbucket\Saoviet_Vending_Machine\Saoviet_VendingMachine_Shrimp_ver_1_1\EWARM\Saoviet_VendingMachine_Shrimp_ver_1\Obj\user_at_serial.o
#        D:\Saoviet_Bitbucket\Saoviet_Vending_Machine\Saoviet_VendingMachine_Shrimp_ver_1_1\EWARM\Saoviet_VendingMachine_Shrimp_ver_1\Obj\user_comm_vending_machine.o
#        D:\Saoviet_Bitbucket\Saoviet_Vending_Machine\Saoviet_VendingMachine_Shrimp_ver_1_1\EWARM\Saoviet_VendingMachine_Shrimp_ver_1\Obj\user_convert_variable.o
#        D:\Saoviet_Bitbucket\Saoviet_Vending_Machine\Saoviet_VendingMachine_Shrimp_ver_1_1\EWARM\Saoviet_VendingMachine_Shrimp_ver_1\Obj\user_external_flash.o
#        D:\Saoviet_Bitbucket\Saoviet_Vending_Machine\Saoviet_VendingMachine_Shrimp_ver_1_1\EWARM\Saoviet_VendingMachine_Shrimp_ver_1\Obj\user_internal_mem.o
#        D:\Saoviet_Bitbucket\Saoviet_Vending_Machine\Saoviet_VendingMachine_Shrimp_ver_1_1\EWARM\Saoviet_VendingMachine_Shrimp_ver_1\Obj\user_irq_input.o
#        D:\Saoviet_Bitbucket\Saoviet_Vending_Machine\Saoviet_VendingMachine_Shrimp_ver_1_1\EWARM\Saoviet_VendingMachine_Shrimp_ver_1\Obj\user_log.o
#        D:\Saoviet_Bitbucket\Saoviet_Vending_Machine\Saoviet_VendingMachine_Shrimp_ver_1_1\EWARM\Saoviet_VendingMachine_Shrimp_ver_1\Obj\user_lpm.o
#        D:\Saoviet_Bitbucket\Saoviet_Vending_Machine\Saoviet_VendingMachine_Shrimp_ver_1_1\EWARM\Saoviet_VendingMachine_Shrimp_ver_1\Obj\user_modbus_rtu.o
#        D:\Saoviet_Bitbucket\Saoviet_Vending_Machine\Saoviet_VendingMachine_Shrimp_ver_1_1\EWARM\Saoviet_VendingMachine_Shrimp_ver_1\Obj\user_modem.o
#        D:\Saoviet_Bitbucket\Saoviet_Vending_Machine\Saoviet_VendingMachine_Shrimp_ver_1_1\EWARM\Saoviet_VendingMachine_Shrimp_ver_1\Obj\user_modem_init.o
#        D:\Saoviet_Bitbucket\Saoviet_Vending_Machine\Saoviet_VendingMachine_Shrimp_ver_1_1\EWARM\Saoviet_VendingMachine_Shrimp_ver_1\Obj\user_obis.o
#        D:\Saoviet_Bitbucket\Saoviet_Vending_Machine\Saoviet_VendingMachine_Shrimp_ver_1_1\EWARM\Saoviet_VendingMachine_Shrimp_ver_1\Obj\user_rtc.o
#        D:\Saoviet_Bitbucket\Saoviet_Vending_Machine\Saoviet_VendingMachine_Shrimp_ver_1_1\EWARM\Saoviet_VendingMachine_Shrimp_ver_1\Obj\user_string.o
#        D:\Saoviet_Bitbucket\Saoviet_Vending_Machine\Saoviet_VendingMachine_Shrimp_ver_1_1\EWARM\Saoviet_VendingMachine_Shrimp_ver_1\Obj\user_time.o
#        D:\Saoviet_Bitbucket\Saoviet_Vending_Machine\Saoviet_VendingMachine_Shrimp_ver_1_1\EWARM\Saoviet_VendingMachine_Shrimp_ver_1\Obj\user_timer.o
#        D:\Saoviet_Bitbucket\Saoviet_Vending_Machine\Saoviet_VendingMachine_Shrimp_ver_1_1\EWARM\Saoviet_VendingMachine_Shrimp_ver_1\Obj\user_uart.o
#        D:\Saoviet_Bitbucket\Saoviet_Vending_Machine\Saoviet_VendingMachine_Shrimp_ver_1_1\EWARM\Saoviet_VendingMachine_Shrimp_ver_1\Obj\user_util.o
#        --no_out_extension -o
#        D:\Saoviet_Bitbucket\Saoviet_Vending_Machine\Saoviet_VendingMachine_Shrimp_ver_1_1\EWARM\Saoviet_VendingMachine_Shrimp_ver_1\Exe\Saoviet_VendingMachine_Shrimp_ver_1.out
#        --redirect _Printf=_PrintfFullNoMb --redirect _Scanf=_ScanfFullNoMb
#        --map
#        D:\Saoviet_Bitbucket\Saoviet_Vending_Machine\Saoviet_VendingMachine_Shrimp_ver_1_1\EWARM\Saoviet_VendingMachine_Shrimp_ver_1\List\Saoviet_VendingMachine_Shrimp_ver_1.map
#        --config
#        D:\Saoviet_Bitbucket\Saoviet_Vending_Machine\Saoviet_VendingMachine_Shrimp_ver_1_1\EWARM/stm32f405xx_flash.icf
#        --semihosting --entry __iar_program_start --vfe --text_out locale)
#
###############################################################################

*******************************************************************************
*** RUNTIME MODEL ATTRIBUTES
***

CppFlavor       = *
__SystemLibrary = DLib
__dlib_version  = 6


*******************************************************************************
*** HEAP SELECTION
***

The basic heap was selected because no calls to memory allocation
functions were found in the application outside of system library
functions, and there are calls to deallocation functions in the
application.


*******************************************************************************
*** PLACEMENT SUMMARY
***

"A0":  place at address 0x800'0000 { ro section .intvec };
"P1":  place in [from 0x800'0000 to 0x80f'ffff] { ro };
define block CSTACK with size = 1K, alignment = 8 { };
define block HEAP with size = 512, alignment = 8 { };
"P2":  place in [from 0x2000'0000 to 0x2001'ffff] {
          rw, block CSTACK, block HEAP };
initialize by copy { rw };

  Section            Kind         Address      Size  Object
  -------            ----         -------      ----  ------
"A0":                                         0x188
  .intvec            ro code   0x800'0000     0x188  startup_stm32f405xx.o [1]
                             - 0x800'0188     0x188

"P1":                                      0x1'1dbc
  .text              ro code   0x800'0188    0x2178  user_at_serial.o [1]
  .text              ro code   0x800'2300     0x1d4  user_modem.o [1]
  .text              ro code   0x800'24d4     0x56c  user_util.o [1]
  .text              ro code   0x800'2a40     0x1fc  user_modem_init.o [1]
  .text              ro code   0x800'2c3c     0x374  user_app_comm.o [1]
  .text              ro code   0x800'2fb0      0x66  ABImemset.o [4]
  .text              ro code   0x800'3016      0x3a  zero_init3.o [4]
  .text              ro code   0x800'3050      0xa6  ABImemcpy.o [4]
  .text              ro code   0x800'30f6      0x54  event_driven.o [1]
  .text              ro code   0x800'314c     0x1e4  user_time.o [1]
  .text              ro code   0x800'3330     0x744  stm32f4xx_hal_rtc.o [1]
  .text              ro code   0x800'3a74     0x56c  user_app_mem.o [1]
  .text              ro code   0x800'3fe0     0x1e6  user_string.o [1]
  .text              ro code   0x800'41c8    0x1d74  user_app_pc_box.o [1]
  .text              ro code   0x800'5f3c    0x143c  user_app_delivery.o [1]
  .text              ro code   0x800'7378     0x462  user_convert_variable.o [1]
  .text              ro code   0x800'77dc     0x6cc  user_app_temperature.o [1]
  .text              ro code   0x800'7ea8     0x3c0  user_app_electric.o [1]
  .text              ro code   0x800'8268     0x844  user_app_relay.o [1]
  .text              ro code   0x800'8aac     0x468  stm32f4xx_hal_gpio.o [1]
  .text              ro code   0x800'8f14     0xa80  stm32f4xx_hal_uart.o [1]
  .text              ro code   0x800'9994     0x168  user_uart.o [1]
  .text              ro code   0x800'9afc     0x370  usart.o [1]
  .text              ro code   0x800'9e6c     0x230  I64DivMod.o [4]
  .text              ro code   0x800'a09c      0x36  strlen.o [4]
  .text              ro code   0x800'a0d4     0xce0  user_external_flash.o [1]
  .text              ro code   0x800'adb4      0x28  stm32f4xx_hal.o [1]
  .text              ro code   0x800'addc     0x3c4  user_timer.o [1]
  .text              ro code   0x800'b1a0      0x24  user_lpm.o [1]
  .text              ro code   0x800'b1c4     0x210  user_comm_vending_machine.o [1]
  .text              ro code   0x800'b3d4       0xc  stm32f4xx_hal.o [1]
  .text              ro code   0x800'b3e0      0x14  memset.o [4]
  .text              ro code   0x800'b3f4      0x50  rtc.o [1]
  .text              ro code   0x800'b444     0x374  user_rtc.o [1]
  .text              ro code   0x800'b7b8       0x2  stm32f4xx_hal_rtc_ex.o [1]
  .text              ro code   0x800'b7bc      0xc4  spi.o [1]
  .text              ro code   0x800'b880     0x164  queue_p.o [1]
  .text              ro code   0x800'b9e4      0x6a  stm32f4xx_hal_iwdg.o [1]
  .text              ro code   0x800'ba50     0x538  stm32f4xx_hal_tim.o [1]
  .text              ro code   0x800'bf88     0x592  stm32f4xx_hal_adc.o [1]
  .text              ro code   0x800'c51c      0x48  FltToDbl.o [3]
  .text              ro code   0x800'c564     0x17a  DblAdd.o [3]
  .text              ro code   0x800'c6e0      0x68  DblToFlt.o [3]
  .text              ro code   0x800'c748      0x12  math_wrappers64.o [3]
  .text              ro code   0x800'c75c     0x1a2  DblMul.o [3]
  .text              ro code   0x800'c900      0x3a  DblToS32.o [3]
  .text              ro code   0x800'c93c     0x2f8  user_irq_input.o [1]
  .text              ro code   0x800'cc34     0x5c8  stm32f4xx_hal_dma.o [1]
  .text              ro code   0x800'd1fc       0x2  stm32f4xx_hal_uart.o [1]
  .text              ro code   0x800'd200     0x22c  stm32f4xx_hal_rcc.o [1]
  .text              ro code   0x800'd42c      0xf0  main.o [1]
  .text              ro code   0x800'd51c     0x190  stm32f4xx_hal_cortex.o [1]
  .text              ro code   0x800'd6ac       0x2  I64DivZer.o [4]
  .text              ro code   0x800'd6b0      0x96  S25FL216K.o [1]
  .text              ro code   0x800'd748     0x44c  stm32f4xx_hal_spi.o [1]
  .text              ro code   0x800'db94      0x54  stm32f4xx_hal.o [1]
  .text              ro code   0x800'dbe8     0x228  user_app_door_sensor.o [1]
  .text              ro code   0x800'de10     0x294  user_app_vib_sensor.o [1]
  .text              ro code   0x800'e0a4     0x460  user_app_rs485.o [1]
  .text              ro code   0x800'e504      0xd2  onchipflash.o [1]
  .text              ro code   0x800'e5d8     0x160  stm32f4xx_hal_rcc_ex.o [1]
  .text              ro code   0x800'e738      0x60  stm32f4xx_hal_rtc_ex.o [1]
  .text              ro code   0x800'e798     0x110  tim.o [1]
  .text              ro code   0x800'e8a8     0x1a8  adc.o [1]
  .text              ro code   0x800'ea50       0x2  stm32f4xx_hal_adc.o [1]
  .text              ro code   0x800'ea52       0x2  stm32f4xx_hal_adc.o [1]
  .text              ro code   0x800'ea54       0x2  stm32f4xx_hal_adc.o [1]
  .text              ro code   0x800'ea58      0xe2  DblSub.o [3]
  .text              ro code   0x800'eb3c     0x31c  logx64.o [3]
  .text              ro code   0x800'ee58      0x4c  stm32f4xx_hal.o [1]
  .text              ro code   0x800'eea4     0x2b0  gpio.o [1]
  .text              ro code   0x800'f154      0x78  dma.o [1]
  .text              ro code   0x800'f1cc      0x28  iwdg.o [1]
  .text              ro code   0x800'f1f4     0x3ec  stm32f4xx_hal_rcc.o [1]
  .text              ro code   0x800'f5e0      0x40  stm32f4xx_hal_msp.o [1]
  .text              ro code   0x800'f620      0xd8  user_modbus_rtu.o [1]
  .text              ro code   0x800'f6f8     0x214  stm32f4xx_hal_flash.o [1]
  .text              ro code   0x800'f90c     0x190  stm32f4xx_hal_flash_ex.o [1]
  .text              ro code   0x800'fa9c      0xac  stm32f4xx_hal_tim_ex.o [1]
  .text              ro code   0x800'fb48      0x70  frexp.o [3]
  .text              ro code   0x800'fbb8      0x2e  DblCmpLe.o [3]
  .text              ro code   0x800'fbe8     0x246  DblDiv.o [3]
  .text              ro code   0x800'fe30      0x22  S32ToDbl.o [3]
  .rodata            const     0x800'fe54     0x5c0  user_at_serial.o [1]
  .text              ro code   0x801'0414     0x1fc  user_log.o [1]
  .text              ro code   0x801'0610     0x124  stm32f4xx_it.o [1]
  .text              ro code   0x801'0734      0x18  stm32f4xx_hal.o [1]
  .text              ro code   0x801'074c      0x78  lz77_init_single.o [4]
  .rodata            const     0x801'07c4      0x30  user_app_delivery.o [1]
  .rodata            const     0x801'07f4      0x2c  user_app_delivery.o [1]
  .rodata            const     0x801'0820      0x2c  user_app_delivery.o [1]
  .rodata            const     0x801'084c      0x2c  user_app_delivery.o [1]
  .rodata            const     0x801'0878      0x2c  user_app_delivery.o [1]
  .rodata            const     0x801'08a4      0x2c  user_rtc.o [1]
  .rodata            const     0x801'08d0      0x28  user_app_delivery.o [1]
  .rodata            const     0x801'08f8      0x28  user_app_delivery.o [1]
  .rodata            const     0x801'0920      0x28  user_external_flash.o [1]
  .rodata            const     0x801'0948      0x28  user_external_flash.o [1]
  .rodata            const     0x801'0970      0x28  user_external_flash.o [1]
  .rodata            const     0x801'0998      0x28  user_external_flash.o [1]
  .rodata            const     0x801'09c0      0x28  user_external_flash.o [1]
  .rodata            const     0x801'09e8      0x28  user_external_flash.o [1]
  .text              ro code   0x801'0a10      0x28  data_init.o [4]
  .rodata            const     0x801'0a38      0x24  user_app_delivery.o [1]
  .rodata            const     0x801'0a5c      0x24  user_app_mem.o [1]
  .rodata            const     0x801'0a80      0x24  user_app_mem.o [1]
  .rodata            const     0x801'0aa4      0x24  user_app_mem.o [1]
  .rodata            const     0x801'0ac8      0x24  user_app_mem.o [1]
  .rodata            const     0x801'0aec      0x24  user_app_mem.o [1]
  .rodata            const     0x801'0b10      0x24  user_app_mem.o [1]
  .rodata            const     0x801'0b34      0x24  user_app_mem.o [1]
  .rodata            const     0x801'0b58      0x24  user_external_flash.o [1]
  .rodata            const     0x801'0b7c      0x24  user_external_flash.o [1]
  .text              ro code   0x801'0ba0      0x22  fpinit_M.o [3]
  .iar.init_table    const     0x801'0bc4      0x20  - Linker created -
  .rodata            const     0x801'0be4      0x20  user_app_comm.o [1]
  .rodata            const     0x801'0c04      0x20  user_app_comm.o [1]
  .rodata            const     0x801'0c24      0x20  user_app_delivery.o [1]
  .rodata            const     0x801'0c44      0x20  user_app_electric.o [1]
  .rodata            const     0x801'0c64      0x20  user_app_mem.o [1]
  .rodata            const     0x801'0c84      0x20  user_at_serial.o [1]
  .rodata            const     0x801'0ca4      0x20  user_modem.o [1]
  .text              ro code   0x801'0cc4      0x1e  cmain.o [4]
  .text              ro code   0x801'0ce2       0x4  low_level_init.o [2]
  .text              ro code   0x801'0ce6       0x4  exit.o [2]
  .text              ro code   0x801'0cec       0xa  cexit.o [4]
  .text              ro code   0x801'0cf8      0x14  exit.o [5]
  .rodata            const     0x801'0d0c      0x1c  user_app_comm.o [1]
  .rodata            const     0x801'0d28      0x1c  user_app_comm.o [1]
  .rodata            const     0x801'0d44      0x1c  user_app_comm.o [1]
  .rodata            const     0x801'0d60      0x1c  user_app_delivery.o [1]
  .rodata            const     0x801'0d7c      0x1c  user_app_delivery.o [1]
  .rodata            const     0x801'0d98      0x1c  user_app_delivery.o [1]
  .rodata            const     0x801'0db4      0x1c  user_app_door_sensor.o [1]
  .rodata            const     0x801'0dd0      0x1c  user_app_pc_box.o [1]
  .rodata            const     0x801'0dec      0x1c  user_app_relay.o [1]
  .rodata            const     0x801'0e08      0x1c  user_app_relay.o [1]
  .rodata            const     0x801'0e24      0x1c  user_external_flash.o [1]
  .rodata            const     0x801'0e40      0x1c  user_external_flash.o [1]
  .rodata            const     0x801'0e5c      0x1c  user_external_flash.o [1]
  .rodata            const     0x801'0e78      0x18  user_app_delivery.o [1]
  .rodata            const     0x801'0e90      0x18  user_app_delivery.o [1]
  .rodata            const     0x801'0ea8      0x18  user_app_delivery.o [1]
  .rodata            const     0x801'0ec0      0x18  user_app_electric.o [1]
  .rodata            const     0x801'0ed8      0x18  user_app_electric.o [1]
  .rodata            const     0x801'0ef0      0x18  user_app_pc_box.o [1]
  .rodata            const     0x801'0f08      0x18  user_app_pc_box.o [1]
  .rodata            const     0x801'0f20      0x18  user_app_pc_box.o [1]
  .rodata            const     0x801'0f38      0x18  user_app_temperature.o [1]
  .rodata            const     0x801'0f50      0x18  user_app_vib_sensor.o [1]
  .rodata            const     0x801'0f68      0x18  user_at_serial.o [1]
  .rodata            const     0x801'0f80      0x18  user_at_serial.o [1]
  .rodata            const     0x801'0f98      0x18  user_external_flash.o [1]
  .rodata            const     0x801'0fb0      0x14  user_app_comm.o [1]
  .rodata            const     0x801'0fc4      0x14  user_app_delivery.o [1]
  .rodata            const     0x801'0fd8      0x14  user_app_delivery.o [1]
  .rodata            const     0x801'0fec      0x14  user_app_delivery.o [1]
  .rodata            const     0x801'1000      0x14  user_app_delivery.o [1]
  .rodata            const     0x801'1014      0x14  user_app_delivery.o [1]
  .rodata            const     0x801'1028      0x14  user_app_delivery.o [1]
  .rodata            const     0x801'103c      0x14  user_app_electric.o [1]
  .rodata            const     0x801'1050      0x14  user_app_pc_box.o [1]
  .rodata            const     0x801'1064      0x14  user_app_pc_box.o [1]
  .rodata            const     0x801'1078      0x14  user_at_serial.o [1]
  .rodata            const     0x801'108c      0x14  user_at_serial.o [1]
  .rodata            const     0x801'10a0      0x14  user_at_serial.o [1]
  .rodata            const     0x801'10b4      0x14  user_at_serial.o [1]
  .rodata            const     0x801'10c8      0x14  user_at_serial.o [1]
  .rodata            const     0x801'10dc      0x14  user_at_serial.o [1]
  .rodata            const     0x801'10f0      0x14  user_at_serial.o [1]
  .rodata            const     0x801'1104      0x14  user_at_serial.o [1]
  .rodata            const     0x801'1118      0x14  user_at_serial.o [1]
  .rodata            const     0x801'112c      0x14  user_at_serial.o [1]
  .rodata            const     0x801'1140      0x14  user_at_serial.o [1]
  .rodata            const     0x801'1154      0x14  user_external_flash.o [1]
  .rodata            const     0x801'1168      0x14  user_external_flash.o [1]
  .rodata            const     0x801'117c      0x14  user_external_flash.o [1]
  .rodata            const     0x801'1190      0x14  user_external_flash.o [1]
  .rodata            const     0x801'11a4      0x14  user_external_flash.o [1]
  .rodata            const     0x801'11b8      0x14  user_modem.o [1]
  .rodata            const     0x801'11cc      0x10  system_stm32f4xx.o [1]
  .rodata            const     0x801'11dc      0x10  user_app_delivery.o [1]
  .rodata            const     0x801'11ec      0x10  user_app_pc_box.o [1]
  .rodata            const     0x801'11fc      0x10  user_app_relay.o [1]
  .rodata            const     0x801'120c      0x10  user_app_relay.o [1]
  .rodata            const     0x801'121c      0x10  user_at_serial.o [1]
  .rodata            const     0x801'122c      0x10  user_at_serial.o [1]
  .rodata            const     0x801'123c      0x10  user_at_serial.o [1]
  .rodata            const     0x801'124c      0x10  user_at_serial.o [1]
  .rodata            const     0x801'125c      0x10  user_at_serial.o [1]
  .rodata            const     0x801'126c      0x10  user_at_serial.o [1]
  .rodata            const     0x801'127c      0x10  user_at_serial.o [1]
  .rodata            const     0x801'128c      0x10  user_at_serial.o [1]
  .rodata            const     0x801'129c      0x10  user_at_serial.o [1]
  .rodata            const     0x801'12ac      0x10  user_at_serial.o [1]
  .rodata            const     0x801'12bc      0x10  user_at_serial.o [1]
  .rodata            const     0x801'12cc      0x10  user_at_serial.o [1]
  .rodata            const     0x801'12dc      0x10  user_at_serial.o [1]
  .rodata            const     0x801'12ec      0x10  user_at_serial.o [1]
  .rodata            const     0x801'12fc      0x10  user_at_serial.o [1]
  .rodata            const     0x801'130c      0x10  user_at_serial.o [1]
  .rodata            const     0x801'131c      0x10  user_at_serial.o [1]
  .rodata            const     0x801'132c      0x10  user_at_serial.o [1]
  .rodata            const     0x801'133c      0x10  user_at_serial.o [1]
  .rodata            const     0x801'134c      0x10  user_at_serial.o [1]
  .rodata            const     0x801'135c      0x10  user_at_serial.o [1]
  .rodata            const     0x801'136c      0x10  user_at_serial.o [1]
  .rodata            const     0x801'137c      0x10  user_at_serial.o [1]
  .rodata            const     0x801'138c      0x10  user_at_serial.o [1]
  .rodata            const     0x801'139c      0x10  user_at_serial.o [1]
  .rodata            const     0x801'13ac      0x10  user_at_serial.o [1]
  .rodata            const     0x801'13bc      0x10  user_at_serial.o [1]
  .rodata            const     0x801'13cc      0x10  user_at_serial.o [1]
  .rodata            const     0x801'13dc      0x10  user_at_serial.o [1]
  .rodata            const     0x801'13ec      0x10  user_at_serial.o [1]
  .rodata            const     0x801'13fc      0x10  user_at_serial.o [1]
  .rodata            const     0x801'140c      0x10  user_at_serial.o [1]
  .rodata            const     0x801'141c      0x10  user_at_serial.o [1]
  .rodata            const     0x801'142c      0x10  user_at_serial.o [1]
  .rodata            const     0x801'143c      0x10  user_at_serial.o [1]
  .rodata            const     0x801'144c      0x10  user_at_serial.o [1]
  .rodata            const     0x801'145c      0x10  user_at_serial.o [1]
  .rodata            const     0x801'146c      0x10  user_at_serial.o [1]
  .rodata            const     0x801'147c      0x10  user_at_serial.o [1]
  .rodata            const     0x801'148c      0x10  user_at_serial.o [1]
  .rodata            const     0x801'149c      0x10  user_at_serial.o [1]
  .rodata            const     0x801'14ac      0x10  user_at_serial.o [1]
  .rodata            const     0x801'14bc      0x10  user_at_serial.o [1]
  .rodata            const     0x801'14cc      0x10  user_at_serial.o [1]
  .rodata            const     0x801'14dc      0x10  user_at_serial.o [1]
  .rodata            const     0x801'14ec      0x10  user_at_serial.o [1]
  .rodata            const     0x801'14fc      0x10  user_at_serial.o [1]
  .rodata            const     0x801'150c      0x10  user_at_serial.o [1]
  .rodata            const     0x801'151c      0x10  user_at_serial.o [1]
  .rodata            const     0x801'152c      0x10  user_at_serial.o [1]
  .rodata            const     0x801'153c      0x10  user_at_serial.o [1]
  .rodata            const     0x801'154c      0x10  user_at_serial.o [1]
  .rodata            const     0x801'155c      0x10  user_at_serial.o [1]
  .rodata            const     0x801'156c      0x10  user_at_serial.o [1]
  .rodata            const     0x801'157c      0x10  user_at_serial.o [1]
  .rodata            const     0x801'158c      0x10  user_at_serial.o [1]
  .rodata            const     0x801'159c      0x10  user_at_serial.o [1]
  .rodata            const     0x801'15ac      0x10  user_at_serial.o [1]
  .rodata            const     0x801'15bc      0x10  user_at_serial.o [1]
  .rodata            const     0x801'15cc      0x10  user_at_serial.o [1]
  .rodata            const     0x801'15dc      0x10  user_at_serial.o [1]
  .rodata            const     0x801'15ec      0x10  user_at_serial.o [1]
  .rodata            const     0x801'15fc      0x10  user_at_serial.o [1]
  .rodata            const     0x801'160c      0x10  user_external_flash.o [1]
  .rodata            const     0x801'161c      0x10  user_external_flash.o [1]
  .rodata            const     0x801'162c      0x10  user_external_flash.o [1]
  .rodata            const     0x801'163c      0x10  user_external_flash.o [1]
  .text              ro code   0x801'164c      0x10  startup_stm32f405xx.o [1]
  .text              ro code   0x801'165c      0x10  system_stm32f4xx.o [1]
  .rodata            const     0x801'166c       0xc  user_app_delivery.o [1]
  .rodata            const     0x801'1678       0xc  user_app_delivery.o [1]
  .rodata            const     0x801'1684       0xc  user_app_delivery.o [1]
  .rodata            const     0x801'1690       0xc  user_app_pc_box.o [1]
  .rodata            const     0x801'169c       0xc  user_app_pc_box.o [1]
  .rodata            const     0x801'16a8       0xc  user_app_pc_box.o [1]
  .rodata            const     0x801'16b4       0xc  user_app_relay.o [1]
  .rodata            const     0x801'16c0       0xc  user_app_temperature.o [1]
  .rodata            const     0x801'16cc       0xc  user_app_temperature.o [1]
  .rodata            const     0x801'16d8       0xc  user_at_serial.o [1]
  .rodata            const     0x801'16e4       0xc  user_at_serial.o [1]
  .rodata            const     0x801'16f0       0xc  user_at_serial.o [1]
  .rodata            const     0x801'16fc       0xc  user_at_serial.o [1]
  .rodata            const     0x801'1708       0xc  user_at_serial.o [1]
  .rodata            const     0x801'1714       0xc  user_at_serial.o [1]
  .rodata            const     0x801'1720       0xc  user_at_serial.o [1]
  .rodata            const     0x801'172c       0xc  user_at_serial.o [1]
  .rodata            const     0x801'1738       0xc  user_at_serial.o [1]
  .rodata            const     0x801'1744       0xc  user_at_serial.o [1]
  .rodata            const     0x801'1750       0xc  user_at_serial.o [1]
  .rodata            const     0x801'175c       0xc  user_at_serial.o [1]
  .rodata            const     0x801'1768       0xc  user_at_serial.o [1]
  .rodata            const     0x801'1774       0xc  user_at_serial.o [1]
  .rodata            const     0x801'1780       0xc  user_at_serial.o [1]
  .rodata            const     0x801'178c       0xc  user_at_serial.o [1]
  .rodata            const     0x801'1798       0xc  user_at_serial.o [1]
  .rodata            const     0x801'17a4       0xc  user_at_serial.o [1]
  .rodata            const     0x801'17b0       0xc  user_at_serial.o [1]
  .rodata            const     0x801'17bc       0xc  user_at_serial.o [1]
  .rodata            const     0x801'17c8       0xc  user_at_serial.o [1]
  .rodata            const     0x801'17d4       0xc  user_at_serial.o [1]
  .rodata            const     0x801'17e0       0xc  user_at_serial.o [1]
  .rodata            const     0x801'17ec       0xc  user_at_serial.o [1]
  .rodata            const     0x801'17f8       0xc  user_at_serial.o [1]
  .rodata            const     0x801'1804       0xc  user_at_serial.o [1]
  .rodata            const     0x801'1810       0xc  user_at_serial.o [1]
  .rodata            const     0x801'181c       0xc  user_at_serial.o [1]
  .rodata            const     0x801'1828       0xc  user_at_serial.o [1]
  .rodata            const     0x801'1834       0xc  user_at_serial.o [1]
  .rodata            const     0x801'1840       0xc  user_at_serial.o [1]
  .rodata            const     0x801'184c       0xc  user_at_serial.o [1]
  .rodata            const     0x801'1858       0xc  user_at_serial.o [1]
  .rodata            const     0x801'1864       0xc  user_at_serial.o [1]
  .rodata            const     0x801'1870       0xc  user_at_serial.o [1]
  .rodata            const     0x801'187c       0xc  user_at_serial.o [1]
  .rodata            const     0x801'1888       0xc  user_at_serial.o [1]
  .rodata            const     0x801'1894       0xc  user_at_serial.o [1]
  .rodata            const     0x801'18a0       0xc  user_at_serial.o [1]
  .rodata            const     0x801'18ac       0xc  user_at_serial.o [1]
  .rodata            const     0x801'18b8       0xc  user_at_serial.o [1]
  .rodata            const     0x801'18c4       0xc  user_rtc.o [1]
  .rodata            const     0x801'18d0       0xc  user_rtc.o [1]
  .text              ro code   0x801'18dc       0xc  cstartup_M.o [4]
  .rodata            const     0x801'18e8       0x8  stm32f4xx_hal_dma.o [1]
  .rodata            const     0x801'18f0       0x8  system_stm32f4xx.o [1]
  .rodata            const     0x801'18f8       0x8  user_app_delivery.o [1]
  .rodata            const     0x801'1900       0x8  user_app_door_sensor.o [1]
  .rodata            const     0x801'1908       0x8  user_app_door_sensor.o [1]
  .rodata            const     0x801'1910       0x8  user_app_electric.o [1]
  .rodata            const     0x801'1918       0x8  user_app_electric.o [1]
  .rodata            const     0x801'1920       0x8  user_app_electric.o [1]
  .rodata            const     0x801'1928       0x8  user_app_mem.o [1]
  .rodata            const     0x801'1930       0x8  user_app_pc_box.o [1]
  .rodata            const     0x801'1938       0x8  user_app_pc_box.o [1]
  .rodata            const     0x801'1940       0x8  user_app_pc_box.o [1]
  .rodata            const     0x801'1948       0x8  user_app_relay.o [1]
  .rodata            const     0x801'1950       0x8  user_app_relay.o [1]
  .rodata            const     0x801'1958       0x8  user_app_relay.o [1]
  .rodata            const     0x801'1960       0x8  user_app_relay.o [1]
  .rodata            const     0x801'1968       0x8  user_app_relay.o [1]
  .rodata            const     0x801'1970       0x8  user_app_rs485.o [1]
  .rodata            const     0x801'1978       0x8  user_at_serial.o [1]
  .rodata            const     0x801'1980       0x8  user_at_serial.o [1]
  .rodata            const     0x801'1988       0x8  user_at_serial.o [1]
  .rodata            const     0x801'1990       0x8  user_at_serial.o [1]
  .rodata            const     0x801'1998       0x8  user_at_serial.o [1]
  .rodata            const     0x801'19a0       0x8  user_at_serial.o [1]
  .rodata            const     0x801'19a8       0x8  user_at_serial.o [1]
  .rodata            const     0x801'19b0       0x8  user_at_serial.o [1]
  .rodata            const     0x801'19b8       0x8  user_at_serial.o [1]
  .rodata            const     0x801'19c0       0x8  user_at_serial.o [1]
  .rodata            const     0x801'19c8       0x8  user_at_serial.o [1]
  .rodata            const     0x801'19d0       0x8  user_at_serial.o [1]
  .rodata            const     0x801'19d8       0x8  user_at_serial.o [1]
  .rodata            const     0x801'19e0       0x8  user_at_serial.o [1]
  .rodata            const     0x801'19e8       0x8  user_at_serial.o [1]
  .rodata            const     0x801'19f0       0x8  user_at_serial.o [1]
  .rodata            const     0x801'19f8       0x8  user_at_serial.o [1]
  .rodata            const     0x801'1a00       0x8  user_at_serial.o [1]
  .rodata            const     0x801'1a08       0x8  user_at_serial.o [1]
  .rodata            const     0x801'1a10       0x8  user_at_serial.o [1]
  .rodata            const     0x801'1a18       0x8  user_at_serial.o [1]
  .rodata            const     0x801'1a20       0x8  user_at_serial.o [1]
  .rodata            const     0x801'1a28       0x8  user_log.o [1]
  .rodata            const     0x801'1a30       0x8  user_util.o [1]
  .rodata            const     0x801'1a38       0x8  user_util.o [1]
  .rodata            const     0x801'1a40       0x8  user_util.o [1]
  .text              ro code   0x801'1a48       0x4  startup_stm32f405xx.o [1]
  .text              ro code   0x801'1a4c       0x4  startup_stm32f405xx.o [1]
  .text              ro code   0x801'1a50       0x4  startup_stm32f405xx.o [1]
  .text              ro code   0x801'1a54       0x4  startup_stm32f405xx.o [1]
  .text              ro code   0x801'1a58       0x4  startup_stm32f405xx.o [1]
  .text              ro code   0x801'1a5c       0x4  startup_stm32f405xx.o [1]
  .text              ro code   0x801'1a60       0x4  startup_stm32f405xx.o [1]
  .text              ro code   0x801'1a64       0x4  startup_stm32f405xx.o [1]
  .text              ro code   0x801'1a68       0x4  startup_stm32f405xx.o [1]
  .text              ro code   0x801'1a6c       0x4  startup_stm32f405xx.o [1]
  .text              ro code   0x801'1a70       0x4  startup_stm32f405xx.o [1]
  .text              ro code   0x801'1a74       0x4  startup_stm32f405xx.o [1]
  .text              ro code   0x801'1a78       0x4  startup_stm32f405xx.o [1]
  .text              ro code   0x801'1a7c       0x4  startup_stm32f405xx.o [1]
  .text              ro code   0x801'1a80       0x4  startup_stm32f405xx.o [1]
  .text              ro code   0x801'1a84       0x4  startup_stm32f405xx.o [1]
  .text              ro code   0x801'1a88       0x4  startup_stm32f405xx.o [1]
  .text              ro code   0x801'1a8c       0x4  startup_stm32f405xx.o [1]
  .text              ro code   0x801'1a90       0x4  startup_stm32f405xx.o [1]
  .text              ro code   0x801'1a94       0x4  startup_stm32f405xx.o [1]
  .text              ro code   0x801'1a98       0x4  startup_stm32f405xx.o [1]
  .text              ro code   0x801'1a9c       0x4  startup_stm32f405xx.o [1]
  .text              ro code   0x801'1aa0       0x4  startup_stm32f405xx.o [1]
  .text              ro code   0x801'1aa4       0x4  startup_stm32f405xx.o [1]
  .text              ro code   0x801'1aa8       0x4  startup_stm32f405xx.o [1]
  .text              ro code   0x801'1aac       0x4  startup_stm32f405xx.o [1]
  .text              ro code   0x801'1ab0       0x4  startup_stm32f405xx.o [1]
  .text              ro code   0x801'1ab4       0x4  startup_stm32f405xx.o [1]
  .text              ro code   0x801'1ab8       0x4  startup_stm32f405xx.o [1]
  .text              ro code   0x801'1abc       0x4  startup_stm32f405xx.o [1]
  .text              ro code   0x801'1ac0       0x4  startup_stm32f405xx.o [1]
  .text              ro code   0x801'1ac4       0x4  startup_stm32f405xx.o [1]
  .text              ro code   0x801'1ac8       0x4  startup_stm32f405xx.o [1]
  .text              ro code   0x801'1acc       0x4  startup_stm32f405xx.o [1]
  .text              ro code   0x801'1ad0       0x4  startup_stm32f405xx.o [1]
  .text              ro code   0x801'1ad4       0x4  startup_stm32f405xx.o [1]
  .text              ro code   0x801'1ad8       0x4  startup_stm32f405xx.o [1]
  .text              ro code   0x801'1adc       0x4  startup_stm32f405xx.o [1]
  .text              ro code   0x801'1ae0       0x4  startup_stm32f405xx.o [1]
  .text              ro code   0x801'1ae4       0x4  startup_stm32f405xx.o [1]
  .text              ro code   0x801'1ae8       0x4  startup_stm32f405xx.o [1]
  .text              ro code   0x801'1aec       0x4  startup_stm32f405xx.o [1]
  .text              ro code   0x801'1af0       0x4  startup_stm32f405xx.o [1]
  .text              ro code   0x801'1af4       0x4  startup_stm32f405xx.o [1]
  .text              ro code   0x801'1af8       0x4  startup_stm32f405xx.o [1]
  .text              ro code   0x801'1afc       0x4  startup_stm32f405xx.o [1]
  .text              ro code   0x801'1b00       0x4  startup_stm32f405xx.o [1]
  .text              ro code   0x801'1b04       0x4  startup_stm32f405xx.o [1]
  .text              ro code   0x801'1b08       0x4  startup_stm32f405xx.o [1]
  .text              ro code   0x801'1b0c       0x4  startup_stm32f405xx.o [1]
  .text              ro code   0x801'1b10       0x4  startup_stm32f405xx.o [1]
  .text              ro code   0x801'1b14       0x4  startup_stm32f405xx.o [1]
  .text              ro code   0x801'1b18       0x4  startup_stm32f405xx.o [1]
  .text              ro code   0x801'1b1c       0x4  startup_stm32f405xx.o [1]
  .text              ro code   0x801'1b20       0x4  startup_stm32f405xx.o [1]
  .text              ro code   0x801'1b24       0x4  startup_stm32f405xx.o [1]
  .text              ro code   0x801'1b28       0x4  startup_stm32f405xx.o [1]
  .text              ro code   0x801'1b2c       0x4  startup_stm32f405xx.o [1]
  .text              ro code   0x801'1b30       0x4  startup_stm32f405xx.o [1]
  .text              ro code   0x801'1b34       0x4  startup_stm32f405xx.o [1]
  .text              ro code   0x801'1b38       0x4  startup_stm32f405xx.o [1]
  .text              ro code   0x801'1b3c       0x4  startup_stm32f405xx.o [1]
  .text              ro code   0x801'1b40       0x4  startup_stm32f405xx.o [1]
  .rodata            const     0x801'1b44       0x0  zero_init3.o [4]
  .rodata            const     0x801'1b44       0x0  lz77_init_single.o [4]
  Initializer bytes  const     0x801'1b44     0x400  <for P2-1>
                             - 0x801'1f44  0x1'1dbc

"P2", part 1 of 3:                            0x9a7
  P2-1                        0x2000'0000     0x9a7  <Init block>
    .data            inited   0x2000'0000       0x4  stm32f4xx_hal.o [1]
    .data            inited   0x2000'0004       0x4  system_stm32f4xx.o [1]
    .data            inited   0x2000'0008      0x70  user_app_comm.o [1]
    .data            inited   0x2000'0078       0x8  user_app_comm.o [1]
    .data            inited   0x2000'0080     0x140  user_app_delivery.o [1]
    .data            inited   0x2000'01c0      0x28  user_app_delivery.o [1]
    .data            inited   0x2000'01e8      0x60  user_app_door_sensor.o [1]
    .data            inited   0x2000'0248      0x40  user_app_electric.o [1]
    .data            inited   0x2000'0288      0x14  user_app_electric.o [1]
    .data            inited   0x2000'029c      0x38  user_app_mem.o [1]
    .data            inited   0x2000'02d4      0x38  user_app_mem.o [1]
    .data            inited   0x2000'030c      0x38  user_app_mem.o [1]
    .data            inited   0x2000'0344      0x80  user_app_mem.o [1]
    .data            inited   0x2000'03c4      0xf0  user_app_pc_box.o [1]
    .data            inited   0x2000'04b4       0x8  user_app_pc_box.o [1]
    .data            inited   0x2000'04bc       0x8  user_app_pc_box.o [1]
    .data            inited   0x2000'04c4      0x70  user_app_relay.o [1]
    .data            inited   0x2000'0534      0x1c  user_app_relay.o [1]
    .data            inited   0x2000'0550      0x10  user_app_relay.o [1]
    .data            inited   0x2000'0560       0xc  user_app_relay.o [1]
    .data            inited   0x2000'056c      0x50  user_app_rs485.o [1]
    .data            inited   0x2000'05bc      0x90  user_app_temperature.o [1]
    .data            inited   0x2000'064c       0x4  user_app_temperature.o [1]
    .data            inited   0x2000'0650      0x50  user_app_vib_sensor.o [1]
    .data            inited   0x2000'06a0      0x40  user_external_flash.o [1]
    .data            inited   0x2000'06e0      0xb4  user_external_flash.o [1]
    .data            inited   0x2000'0794      0x10  user_external_flash.o [1]
    .data            inited   0x2000'07a4      0x14  user_external_flash.o [1]
    .data            inited   0x2000'07b8       0x4  user_external_flash.o [1]
    .data            inited   0x2000'07bc      0x10  user_external_flash.o [1]
    .data            inited   0x2000'07cc     0x140  user_external_flash.o [1]
    .data            inited   0x2000'090c      0x14  user_modem.o [1]
    .data            inited   0x2000'0920      0x4c  user_modem.o [1]
    .data            inited   0x2000'096c       0xc  user_modem.o [1]
    .data            inited   0x2000'0978      0x10  user_modem.o [1]
    .data            inited   0x2000'0988       0x8  user_uart.o [1]
    .data            inited   0x2000'0990       0x8  user_uart.o [1]
    .data            inited   0x2000'0998       0x8  user_uart.o [1]
    .data            inited   0x2000'09a0       0x2  user_app_relay.o [1]
    .data            inited   0x2000'09a2       0x2  user_app_rs485.o [1]
    .data            inited   0x2000'09a4       0x1  stm32f4xx_hal.o [1]
    .data            inited   0x2000'09a5       0x1  user_app_delivery.o [1]
    .data            inited   0x2000'09a6       0x1  user_app_door_sensor.o [1]
                            - 0x2000'09a7     0x9a7

"P2", part 2 of 3:                           0x21c4
  .bss               zero     0x2000'09a8     0x5fc  user_app_pc_box.o [1]
  .bss               zero     0x2000'0fa4     0x5fc  user_app_pc_box.o [1]
  .bss               zero     0x2000'15a0     0x4b0  user_uart.o [1]
  .bss               zero     0x2000'1a50     0x400  user_external_flash.o [1]
  .bss               zero     0x2000'1e50     0x400  user_modem.o [1]
  .bss               zero     0x2000'2250     0x100  user_modem.o [1]
  .bss               zero     0x2000'2350     0x100  user_modem.o [1]
  .bss               zero     0x2000'2450      0x80  user_at_serial.o [1]
  .bss               zero     0x2000'24d0      0x64  user_uart.o [1]
  .bss               zero     0x2000'2534      0x64  user_uart.o [1]
  .bss               zero     0x2000'2598      0x60  adc.o [1]
  .bss               zero     0x2000'25f8      0x60  usart.o [1]
  .bss               zero     0x2000'2658      0x60  usart.o [1]
  .bss               zero     0x2000'26b8      0x60  usart.o [1]
  .bss               zero     0x2000'2718      0x58  spi.o [1]
  .bss               zero     0x2000'2770      0x48  adc.o [1]
  .bss               zero     0x2000'27b8      0x48  tim.o [1]
  .bss               zero     0x2000'2800      0x44  usart.o [1]
  .bss               zero     0x2000'2844      0x44  usart.o [1]
  .bss               zero     0x2000'2888      0x44  usart.o [1]
  .bss               zero     0x2000'28cc      0x34  user_app_pc_box.o [1]
  .bss               zero     0x2000'2900      0x28  user_rtc.o [1]
  .bss               zero     0x2000'2928      0x20  rtc.o [1]
  .bss               zero     0x2000'2948      0x20  stm32f4xx_hal_flash.o [1]
  .bss               zero     0x2000'2968      0x1c  user_rtc.o [1]
  .bss               zero     0x2000'2984      0x18  user_app_comm.o [1]
  .bss               zero     0x2000'299c      0x18  user_app_delivery.o [1]
  .bss               zero     0x2000'29b4      0x18  user_app_pc_box.o [1]
  .bss               zero     0x2000'29cc      0x18  user_app_pc_box.o [1]
  .bss               zero     0x2000'29e4      0x18  user_external_flash.o [1]
  .bss               zero     0x2000'29fc      0x18  user_external_flash.o [1]
  .bss               zero     0x2000'2a14      0x18  user_external_flash.o [1]
  .bss               zero     0x2000'2a2c      0x14  user_app_delivery.o [1]
  .bss               zero     0x2000'2a40      0x10  user_app_delivery.o [1]
  .bss               zero     0x2000'2a50      0x10  user_app_mem.o [1]
  .bss               zero     0x2000'2a60      0x10  user_app_relay.o [1]
  .bss               zero     0x2000'2a70      0x10  user_app_temperature.o [1]
  .bss               zero     0x2000'2a80      0x10  user_app_temperature.o [1]
  .bss               zero     0x2000'2a90       0xc  iwdg.o [1]
  .bss               zero     0x2000'2a9c       0xc  user_app_vib_sensor.o [1]
  .bss               zero     0x2000'2aa8       0xc  user_external_flash.o [1]
  .bss               zero     0x2000'2ab4       0xc  user_modem.o [1]
  .bss               zero     0x2000'2ac0       0xc  user_util.o [1]
  .bss               zero     0x2000'2acc       0x8  user_app_delivery.o [1]
  .bss               zero     0x2000'2ad4       0x8  user_app_pc_box.o [1]
  .bss               zero     0x2000'2adc       0x8  user_app_pc_box.o [1]
  .bss               zero     0x2000'2ae4       0x8  user_app_temperature.o [1]
  .bss               zero     0x2000'2aec       0x8  user_app_temperature.o [1]
  .bss               zero     0x2000'2af4       0x4  stm32f4xx_hal.o [1]
  .bss               zero     0x2000'2af8       0x4  user_app_delivery.o [1]
  .bss               zero     0x2000'2afc       0x4  user_app_delivery.o [1]
  .bss               zero     0x2000'2b00       0x4  user_app_delivery.o [1]
  .bss               zero     0x2000'2b04       0x4  user_app_delivery.o [1]
  .bss               zero     0x2000'2b08       0x4  user_app_delivery.o [1]
  .bss               zero     0x2000'2b0c       0x4  user_app_delivery.o [1]
  .bss               zero     0x2000'2b10       0x4  user_app_door_sensor.o [1]
  .bss               zero     0x2000'2b14       0x4  user_app_pc_box.o [1]
  .bss               zero     0x2000'2b18       0x4  user_app_vib_sensor.o [1]
  .bss               zero     0x2000'2b1c       0x4  user_irq_input.o [1]
  .bss               zero     0x2000'2b20       0x4  user_irq_input.o [1]
  .bss               zero     0x2000'2b24       0x4  user_irq_input.o [1]
  .bss               zero     0x2000'2b28       0x4  user_lpm.o [1]
  .bss               zero     0x2000'2b2c       0x4  user_rtc.o [1]
  .bss               zero     0x2000'2b30       0x4  user_timer.o [1]
  .bss               zero     0x2000'2b34       0x4  user_util.o [1]
  .bss               zero     0x2000'2b38       0x4  user_util.o [1]
  .bss               zero     0x2000'2b3c       0x2  user_app_comm.o [1]
  .bss               zero     0x2000'2b3e       0x2  user_app_pc_box.o [1]
  .bss               zero     0x2000'2b40       0x2  user_app_rs485.o [1]
  .bss               zero     0x2000'2b42       0x2  user_app_rs485.o [1]
  .bss               zero     0x2000'2b44       0x2  user_app_temperature.o [1]
  .bss               zero     0x2000'2b46       0x2  user_app_temperature.o [1]
  .bss               zero     0x2000'2b48       0x2  user_external_flash.o [1]
  .bss               zero     0x2000'2b4a       0x1  user_app_comm.o [1]
  .bss               zero     0x2000'2b4b       0x1  user_app_comm.o [1]
  .bss               zero     0x2000'2b4c       0x1  user_app_comm.o [1]
  .bss               zero     0x2000'2b4d       0x1  user_app_delivery.o [1]
  .bss               zero     0x2000'2b4e       0x1  user_app_delivery.o [1]
  .bss               zero     0x2000'2b4f       0x1  user_app_delivery.o [1]
  .bss               zero     0x2000'2b50       0x1  user_app_delivery.o [1]
  .bss               zero     0x2000'2b51       0x1  user_app_delivery.o [1]
  .bss               zero     0x2000'2b52       0x1  user_app_delivery.o [1]
  .bss               zero     0x2000'2b53       0x1  user_app_delivery.o [1]
  .bss               zero     0x2000'2b54       0x1  user_app_door_sensor.o [1]
  .bss               zero     0x2000'2b55       0x1  user_app_mem.o [1]
  .bss               zero     0x2000'2b56       0x1  user_app_pc_box.o [1]
  .bss               zero     0x2000'2b57       0x1  user_app_pc_box.o [1]
  .bss               zero     0x2000'2b58       0x1  user_app_pc_box.o [1]
  .bss               zero     0x2000'2b59       0x1  user_app_relay.o [1]
  .bss               zero     0x2000'2b5a       0x1  user_app_rs485.o [1]
  .bss               zero     0x2000'2b5b       0x1  user_app_rs485.o [1]
  .bss               zero     0x2000'2b5c       0x1  user_app_rs485.o [1]
  .bss               zero     0x2000'2b5d       0x1  user_app_vib_sensor.o [1]
  .bss               zero     0x2000'2b5e       0x1  user_app_vib_sensor.o [1]
  .bss               zero     0x2000'2b5f       0x1  user_at_serial.o [1]
  .bss               zero     0x2000'2b60       0x1  user_external_flash.o [1]
  .bss               zero     0x2000'2b61       0x1  user_external_flash.o [1]
  .bss               zero     0x2000'2b62       0x1  user_external_flash.o [1]
  .bss               zero     0x2000'2b63       0x1  user_lpm.o [1]
  .bss               zero     0x2000'2b64       0x1  user_rtc.o [1]
  .bss               zero     0x2000'2b65       0x1  user_uart.o [1]
  .bss               zero     0x2000'2b66       0x1  user_uart.o [1]
  .bss               zero     0x2000'2b67       0x1  user_uart.o [1]
  .bss               zero     0x2000'2b68       0x1  user_uart.o [1]
                            - 0x2000'2b69    0x21c1

"P2", part 3 of 3:                            0x400
  CSTACK                      0x2000'2b70     0x400  <Block>
    CSTACK           uninit   0x2000'2b70     0x400  <Block tail>
                            - 0x2000'2f70     0x400

Unused ranges:

         From           To      Size
         ----           --      ----
   0x801'1f44   0x80f'ffff  0xe'e0bc
  0x2000'09a7  0x2000'09a7       0x1
  0x2000'2b6c  0x2000'2b6f       0x4
  0x2000'2f70  0x2001'ffff  0x1'd090


*******************************************************************************
*** INIT TABLE
***

          Address      Size
          -------      ----
Zero (__iar_zero_init3)
    1 destination range, total size 0x21c1:
          0x2000'09a8  0x21c1

Copy/lz77 (__iar_lz77_init_single3)
    1 source range, total size 0x400 (41% of destination):
           0x801'1b44   0x400
    1 destination range, total size 0x9a7:
          0x2000'0000   0x9a7



*******************************************************************************
*** MODULE SUMMARY
***

    Module                       ro code  ro data  rw data
    ------                       -------  -------  -------
command line/config:
    ------------------------------------------------------
    Total:

D:\Saoviet_Bitbucket\Saoviet_Vending_Machine\Saoviet_VendingMachine_Shrimp_ver_1_1\EWARM\Saoviet_VendingMachine_Shrimp_ver_1\Obj: [1]
    S25FL216K.o                      150
    adc.o                            424               168
    dma.o                            120
    event_driven.o                    84
    gpio.o                           688
    iwdg.o                            40                12
    main.o                           240
    onchipflash.o                    210
    queue_p.o                        356
    rtc.o                             80                32
    spi.o                            196                88
    startup_stm32f405xx.o            660
    stm32f4xx_hal.o                  236        2        9
    stm32f4xx_hal_adc.o            1'432
    stm32f4xx_hal_cortex.o           400
    stm32f4xx_hal_dma.o            1'480        8
    stm32f4xx_hal_flash.o            532                32
    stm32f4xx_hal_flash_ex.o         400
    stm32f4xx_hal_gpio.o           1'128
    stm32f4xx_hal_iwdg.o             106
    stm32f4xx_hal_msp.o               64
    stm32f4xx_hal_rcc.o            1'560
    stm32f4xx_hal_rcc_ex.o           352
    stm32f4xx_hal_rtc.o            1'860
    stm32f4xx_hal_rtc_ex.o            98
    stm32f4xx_hal_spi.o            1'100
    stm32f4xx_hal_tim.o            1'336
    stm32f4xx_hal_tim_ex.o           172
    stm32f4xx_hal_uart.o           2'690
    stm32f4xx_it.o                   292
    system_stm32f4xx.o                16       26        4
    tim.o                            272                72
    usart.o                          880               492
    user_app_comm.o                  884      218      149
    user_app_delivery.o            5'180      857      460
    user_app_door_sensor.o           552       85      102
    user_app_electric.o              960      158       84
    user_app_mem.o                 1'388      415      313
    user_app_pc_box.o              7'540      322    3'445
    user_app_relay.o               2'116      210      187
    user_app_rs485.o               1'120       42       89
    user_app_temperature.o         1'740      109      200
    user_app_vib_sensor.o            660       57       98
    user_at_serial.o               8'568    3'448      129
    user_comm_vending_machine.o      528
    user_convert_variable.o        1'122
    user_external_flash.o          3'296      841    1'733
    user_irq_input.o                 760                12
    user_log.o                       508        8
    user_lpm.o                        36                 5
    user_modbus_rtu.o                216
    user_modem.o                     468      104    1'672
    user_modem_init.o                508
    user_rtc.o                       884       68       73
    user_string.o                    486
    user_time.o                      484
    user_timer.o                     964                 4
    user_uart.o                      360       10    1'428
    user_util.o                    1'388       24       20
    ------------------------------------------------------
    Total:                        62'370    7'012   11'112

dl7M_tlf.a: [2]
    exit.o                             4
    low_level_init.o                   4
    ------------------------------------------------------
    Total:                             8

m7M_tls.a: [3]
    DblAdd.o                         378
    DblCmpLe.o                        46
    DblDiv.o                         582
    DblMul.o                         418
    DblSub.o                         226
    DblToFlt.o                       104
    DblToS32.o                        58
    FltToDbl.o                        72
    S32ToDbl.o                        34
    fpinit_M.o                        34
    frexp.o                          112
    logx64.o                         796
    math_wrappers64.o                 18
    ------------------------------------------------------
    Total:                         2'878

rt7M_tl.a: [4]
    ABImemcpy.o                      166
    ABImemset.o                      102
    I64DivMod.o                      560
    I64DivZer.o                        2
    cexit.o                           10
    cmain.o                           30
    cstartup_M.o                      12
    data_init.o                       40
    lz77_init_single.o               120
    memset.o                          20
    strlen.o                          54
    zero_init3.o                      58
    ------------------------------------------------------
    Total:                         1'174

shb_l.a: [5]
    exit.o                            20
    ------------------------------------------------------
    Total:                            20

    Gaps                              42        4
    Linker created                             32    1'024
----------------------------------------------------------
    Grand Total:                  66'492    7'048   12'136


*******************************************************************************
*** ENTRY LIST
***

Entry                       Address   Size  Type      Object
-----                       -------   ----  ----      ------
.iar.init_table$$Base    0x801'0bc4          --   Gb  - Linker created -
.iar.init_table$$Limit   0x801'0be4          --   Gb  - Linker created -
?main                    0x801'0cc5         Code  Gb  cmain.o [4]
ADC_Avg                 0x2000'2a80   0x10  Data  Gb  user_app_temperature.o [1]
ADC_DMAConvCplt          0x800'c475   0x7a  Code  Lc  stm32f4xx_hal_adc.o [1]
ADC_DMAError             0x800'c501   0x1a  Code  Lc  stm32f4xx_hal_adc.o [1]
ADC_DMAHalfConvCplt      0x800'c4f1    0xe  Code  Lc  stm32f4xx_hal_adc.o [1]
ADC_Init                 0x800'c2f5  0x15a  Code  Lc  stm32f4xx_hal_adc.o [1]
ADC_Init                 0x800'7ced    0xe  Code  Gb  user_app_temperature.o [1]
ADC_Temp                0x2000'2a70   0x10  Data  Gb  user_app_temperature.o [1]
AHBPrescTable            0x801'11cc   0x10  Data  Gb  system_stm32f4xx.o [1]
APBPrescTable            0x801'18f0    0x8  Data  Gb  system_stm32f4xx.o [1]
AppCom_Calcu_Period_To_RoudTime
                         0x800'2e7d   0x3a  Code  Lc  user_app_comm.o [1]
AppComm_IRQ_Timer_CallBack
                         0x800'2e71    0xc  Code  Gb  user_app_comm.o [1]
AppComm_Init             0x800'2da9   0x2a  Code  Gb  user_app_comm.o [1]
AppComm_Set_Next_TxTimer
                         0x800'2ee1   0x78  Code  Gb  user_app_comm.o [1]
AppComm_Set_Next_TxTimer::CountMessInit
                        0x2000'2b4c    0x1  Data  Lc  user_app_comm.o [1]
AppComm_Task             0x800'2dd3   0x9e  Code  Gb  user_app_comm.o [1]
AppDelivery_Debug        0x800'6ce5   0xc6  Code  Gb  user_app_delivery.o [1]
AppDelivery_Task         0x800'7275   0x84  Code  Gb  user_app_delivery.o [1]
AppDoorSensor_Debug      0x800'dd25   0x36  Code  Gb  user_app_door_sensor.o [1]
AppDoorSensor_Task       0x800'dd5d   0x84  Code  Gb  user_app_door_sensor.o [1]
AppElectric_Debug        0x800'80dd   0xc4  Code  Gb  user_app_electric.o [1]
AppElectric_Task         0x800'81b1   0x84  Code  Gb  user_app_electric.o [1]
AppMem_Get_Req_AT        0x800'3ecd   0xc2  Code  Gb  user_app_mem.o [1]
AppMem_PowerOff_ExFlash
                         0x800'3f8f    0x2  Code  Gb  user_app_mem.o [1]
AppMem_PowerOn_ExFlash   0x800'3f91    0x8  Code  Gb  user_app_mem.o [1]
AppMem_Read_Data         0x800'3ead   0x20  Code  Gb  user_app_mem.o [1]
AppMem_Task              0x800'3d45   0xa2  Code  Gb  user_app_mem.o [1]
AppMem_Write_Data        0x800'3de7   0xc6  Code  Gb  user_app_mem.o [1]
AppPcBox_Debug           0x800'5e4d   0x8c  Code  Gb  user_app_pc_box.o [1]
AppPcBox_Task            0x800'5dc1   0x84  Code  Gb  user_app_pc_box.o [1]
AppRelay_Task            0x800'8927   0x84  Code  Gb  user_app_relay.o [1]
AppRs485_Task            0x800'e445   0x84  Code  Gb  user_app_rs485.o [1]
AppTemperature_Debug     0x800'7d8f   0xc4  Code  Gb  user_app_temperature.o [1]
AppTemperature_Task      0x800'7d0b   0x84  Code  Gb  user_app_temperature.o [1]
AppVendingMachine_Task   0x800'b1ed   0x26  Code  Gb  user_comm_vending_machine.o [1]
AppVibSensor_Debug       0x800'e055   0x2c  Code  Gb  user_app_vib_sensor.o [1]
AppVibSensor_Task        0x800'dfd1   0x84  Code  Gb  user_app_vib_sensor.o [1]
BusFault_Handler         0x801'0617    0x2  Code  Gb  stm32f4xx_it.o [1]
CSTACK$$Base            0x2000'2b70          --   Gb  - Linker created -
CSTACK$$Limit           0x2000'2f70          --   Gb  - Linker created -
CTRL_MOTOR_PIN           0x801'1028   0x14  Data  Lc  user_app_delivery.o [1]
CTRL_MOTOR_PORT         0x2000'01c0   0x28  Data  Lc  user_app_delivery.o [1]
Cal_Time                 0x800'24f3   0x12  Code  Gb  user_util.o [1]
Calculator_Crc_U16       0x800'b2d3   0x52  Code  Gb  user_comm_vending_machine.o [1]
Calculator_Scale         0x800'7379   0x52  Code  Gb  user_convert_variable.o [1]
Calculator_Scale_Int     0x800'b38f   0x22  Code  Gb  user_comm_vending_machine.o [1]
CallBack_IRQ_HAL_GetTick_Ms
                         0x800'b3b1    0xa  Code  Gb  user_comm_vending_machine.o [1]
Cb_TX_Timer_Event        0x800'2eb9   0x22  Code  Lc  user_app_comm.o [1]
CheckList_AT_CONFIG      0x800'fe54  0x5c0  Data  Gb  user_at_serial.o [1]
Check_AT_User            0x800'0d4b  0x1ac  Code  Gb  user_at_serial.o [1]
Check_RealTime_OFF_PcBox
                         0x800'5507   0x8e  Code  Gb  user_app_pc_box.o [1]
Check_RealTime_ON_PcBox
                         0x800'5599   0x80  Code  Gb  user_app_pc_box.o [1]
Check_Time_Out           0x800'24d5   0x1e  Code  Gb  user_util.o [1]
Check_Top_Bot_Elevator   0x800'6dab   0x9a  Code  Gb  user_app_delivery.o [1]
Check_update_Time        0x800'321b   0x56  Code  Gb  user_time.o [1]
ControlRelay             0x800'875b  0x11c  Code  Gb  user_app_relay.o [1]
Control_Elevator         0x800'6e4d  0x13c  Code  Gb  user_app_delivery.o [1]
Control_LockMagnetis     0x800'7025   0x14  Code  Gb  user_app_delivery.o [1]
Convert_Hex_To_String_Hex
                         0x800'283f   0x90  Code  Gb  user_util.o [1]
Convert_Int_To_String    0x800'73d1   0xc6  Code  Gb  user_convert_variable.o [1]
Convert_Int_To_String_Scale
                         0x800'7497   0xce  Code  Gb  user_convert_variable.o [1]
Convert_Point_Int_To_String
                         0x800'7565   0xce  Code  Gb  user_convert_variable.o [1]
Convert_Point_Int_To_String_Scale
                         0x800'7633   0xea  Code  Gb  user_convert_variable.o [1]
Convert_String_To_Dec    0x800'27e3   0x5c  Code  Gb  user_util.o [1]
Convert_String_To_Integer_Point
                         0x800'771d   0x94  Code  Gb  user_convert_variable.o [1]
Convert_Uint64_To_StringDec
                         0x800'2505  0x128  Code  Gb  user_util.o [1]
CountBufferHandleRecv   0x2000'2b40    0x2  Data  Gb  user_app_rs485.o [1]
DCU_Respond              0x800'239d   0xd0  Code  Gb  user_modem.o [1]
DMA1_Stream1_IRQHandler
                         0x801'0667    0xa  Code  Gb  stm32f4xx_it.o [1]
DMA1_Stream5_IRQHandler
                         0x801'0671    0xa  Code  Gb  stm32f4xx_it.o [1]
DMA2_Stream0_IRQHandler
                         0x801'06fd    0xa  Code  Gb  stm32f4xx_it.o [1]
DMA2_Stream2_IRQHandler
                         0x801'0707    0xa  Code  Gb  stm32f4xx_it.o [1]
DMA_CalcBaseAndBitshift
                         0x800'd121   0x30  Code  Lc  stm32f4xx_hal_dma.o [1]
DMA_CalcBaseAndBitshift::flagBitshiftOffset
                         0x801'18e8    0x8  Data  Lc  stm32f4xx_hal_dma.o [1]
DMA_CheckFifoParam       0x800'd161   0x9c  Code  Lc  stm32f4xx_hal_dma.o [1]
DMA_SetConfig            0x800'd0f3   0x2e  Code  Lc  stm32f4xx_hal_dma.o [1]
DaysInMonth              0x801'18c4    0xc  Data  Lc  user_rtc.o [1]
DaysInMonthLeapYear      0x801'18d0    0xc  Data  Lc  user_rtc.o [1]
DeInit_RX_Mode_Uart_485
                         0x800'99c1    0x2  Code  Gb  user_uart.o [1]
DeInit_RX_Mode_Uart_Debug
                         0x800'99bf    0x2  Code  Gb  user_uart.o [1]
DeInit_RX_Mode_Uart_PcBox
                         0x800'99c3    0x2  Code  Gb  user_uart.o [1]
DebugMon_Handler         0x801'061d    0x2  Code  Gb  stm32f4xx_it.o [1]
Debug_Floor_Elevator     0x800'7041   0x42  Code  Gb  user_app_delivery.o [1]
Delivery_Entry           0x800'699d   0x64  Code  Gb  user_app_delivery.o [1]
Delivery_Handle_State    0x800'70a5   0x9e  Code  Gb  user_app_delivery.o [1]
Delivery_Handle_State::State_Before
                        0x2000'2b53    0x1  Data  Lc  user_app_delivery.o [1]
DetectErrorDelivery     0x2000'2b4d    0x1  Data  Gb  user_app_delivery.o [1]
Disable_Handle_Idle_Delivery
                         0x800'6ffb    0xc  Code  Gb  user_app_delivery.o [1]
EXTI0_IRQHandler         0x801'0635    0xa  Code  Gb  stm32f4xx_it.o [1]
EXTI15_10_IRQHandler     0x801'06bf   0x34  Code  Gb  stm32f4xx_it.o [1]
EXTI1_IRQHandler         0x801'063f    0xa  Code  Gb  stm32f4xx_it.o [1]
EXTI2_IRQHandler         0x801'0649    0xa  Code  Gb  stm32f4xx_it.o [1]
EXTI3_IRQHandler         0x801'0653    0xa  Code  Gb  stm32f4xx_it.o [1]
EXTI4_IRQHandler         0x801'065d    0xa  Code  Gb  stm32f4xx_it.o [1]
EXTI9_5_IRQHandler       0x801'067b   0x26  Code  Gb  stm32f4xx_it.o [1]
Enable_Handle_Idle_Delivery
                         0x800'6fe1   0x1a  Code  Gb  user_app_delivery.o [1]
Enable_Test_Elevator     0x800'7007   0x1e  Code  Gb  user_app_delivery.o [1]
Error_Handler            0x800'd519    0x4  Code  Gb  main.o [1]
FLASH_Erase_Sector       0x800'f9dd   0x60  Code  Gb  stm32f4xx_hal_flash_ex.o [1]
FLASH_FlushCaches        0x800'fa3d   0x50  Code  Gb  stm32f4xx_hal_flash_ex.o [1]
FLASH_MassErase          0x800'f9b5   0x28  Code  Lc  stm32f4xx_hal_flash_ex.o [1]
FLASH_Program_Byte       0x800'f871   0x1a  Code  Lc  stm32f4xx_hal_flash.o [1]
FLASH_Program_DoubleWord
                         0x800'f80b   0x2a  Code  Lc  stm32f4xx_hal_flash.o [1]
FLASH_Program_HalfWord   0x800'f853   0x1e  Code  Lc  stm32f4xx_hal_flash.o [1]
FLASH_Program_Word       0x800'f835   0x1e  Code  Lc  stm32f4xx_hal_flash.o [1]
FLASH_SetErrorCode       0x800'f88b   0x68  Code  Lc  stm32f4xx_hal_flash.o [1]
FLASH_WaitForLastOperation
                         0x800'f7bb   0x50  Code  Gb  stm32f4xx_hal_flash.o [1]
Find_String_V2           0x800'3fe1  0x130  Code  Gb  user_string.o [1]
Find_str_fix             0x800'4133   0x94  Code  Gb  user_string.o [1]
Fix_Motor                0x800'6923   0x7a  Code  Gb  user_app_delivery.o [1]
GPIO_Init_Pos_Elevator   0x800'6f89   0x58  Code  Gb  user_app_delivery.o [1]
Get_RTC                  0x800'314d   0x4e  Code  Gb  user_time.o [1]
HAL_ADC_ConfigChannel    0x800'c179  0x17c  Code  Gb  stm32f4xx_hal_adc.o [1]
HAL_ADC_Init             0x800'bf89   0x66  Code  Gb  stm32f4xx_hal_adc.o [1]
HAL_ADC_MspInit          0x800'e961   0xcc  Code  Gb  adc.o [1]
HAL_ADC_Start_DMA        0x800'bfef  0x18a  Code  Gb  stm32f4xx_hal_adc.o [1]
HAL_DBGMCU_DisableDBGSleepMode
                         0x800'dbbd    0xc  Code  Gb  stm32f4xx_hal.o [1]
HAL_DBGMCU_DisableDBGStandbyMode
                         0x800'dbd5    0xc  Code  Gb  stm32f4xx_hal.o [1]
HAL_DBGMCU_DisableDBGStopMode
                         0x800'dbc9    0xc  Code  Gb  stm32f4xx_hal.o [1]
HAL_DMA_Abort            0x800'ce27   0x9c  Code  Gb  stm32f4xx_hal_dma.o [1]
HAL_DMA_Abort_IT         0x800'cec3   0x28  Code  Gb  stm32f4xx_hal_dma.o [1]
HAL_DMA_DeInit           0x800'cd17   0x84  Code  Gb  stm32f4xx_hal_dma.o [1]
HAL_DMA_IRQHandler       0x800'ceeb  0x208  Code  Gb  stm32f4xx_hal_dma.o [1]
HAL_DMA_Init             0x800'cc35   0xe2  Code  Gb  stm32f4xx_hal_dma.o [1]
HAL_DMA_Start_IT         0x800'cd9b   0x8c  Code  Gb  stm32f4xx_hal_dma.o [1]
HAL_Delay                0x800'adb5   0x28  Code  Wk  stm32f4xx_hal.o [1]
HAL_FLASHEx_Erase        0x800'f90d   0xa8  Code  Gb  stm32f4xx_hal_flash_ex.o [1]
HAL_FLASH_Lock           0x800'f7ad    0xe  Code  Gb  stm32f4xx_hal_flash.o [1]
HAL_FLASH_Program        0x800'f6f9   0x92  Code  Gb  stm32f4xx_hal_flash.o [1]
HAL_FLASH_Unlock         0x800'f78b   0x22  Code  Gb  stm32f4xx_hal_flash.o [1]
HAL_GPIO_DeInit          0x800'8ccf  0x19c  Code  Gb  stm32f4xx_hal_gpio.o [1]
HAL_GPIO_EXTI_Callback   0x800'c93d  0x2f8  Code  Gb  user_irq_input.o [1]
HAL_GPIO_EXTI_IRQHandler
                         0x800'8eb5   0x20  Code  Gb  stm32f4xx_hal_gpio.o [1]
HAL_GPIO_Init            0x800'8aad  0x222  Code  Gb  stm32f4xx_hal_gpio.o [1]
HAL_GPIO_ReadPin         0x800'8e6b   0x16  Code  Gb  stm32f4xx_hal_gpio.o [1]
HAL_GPIO_TogglePin       0x800'8e9b   0x1a  Code  Gb  stm32f4xx_hal_gpio.o [1]
HAL_GPIO_WritePin        0x800'8e81   0x1a  Code  Gb  stm32f4xx_hal_gpio.o [1]
HAL_GetTick              0x800'b3d5    0xc  Code  Wk  stm32f4xx_hal.o [1]
HAL_IWDG_Init            0x800'b9e5   0x5c  Code  Gb  stm32f4xx_hal_iwdg.o [1]
HAL_IWDG_Refresh         0x800'ba41    0xe  Code  Gb  stm32f4xx_hal_iwdg.o [1]
HAL_IncTick              0x801'0735   0x18  Code  Wk  stm32f4xx_hal.o [1]
HAL_Init                 0x800'db95   0x28  Code  Gb  stm32f4xx_hal.o [1]
HAL_InitTick             0x800'ee59   0x4c  Code  Wk  stm32f4xx_hal.o [1]
HAL_MspInit              0x800'f5e1   0x40  Code  Gb  stm32f4xx_hal_msp.o [1]
HAL_NVIC_DisableIRQ      0x800'd66f    0xe  Code  Gb  stm32f4xx_hal_cortex.o [1]
HAL_NVIC_EnableIRQ       0x800'd661    0xe  Code  Gb  stm32f4xx_hal_cortex.o [1]
HAL_NVIC_SetPriority     0x800'd637   0x2a  Code  Gb  stm32f4xx_hal_cortex.o [1]
HAL_NVIC_SetPriorityGrouping
                         0x800'd62b    0xc  Code  Gb  stm32f4xx_hal_cortex.o [1]
HAL_RCCEx_PeriphCLKConfig
                         0x800'e5d9  0x13a  Code  Gb  stm32f4xx_hal_rcc_ex.o [1]
HAL_RCC_ClockConfig      0x800'd201  0x140  Code  Gb  stm32f4xx_hal_rcc.o [1]
HAL_RCC_GetHCLKFreq      0x800'd341    0x6  Code  Gb  stm32f4xx_hal_rcc.o [1]
HAL_RCC_GetPCLK1Freq     0x800'd347   0x16  Code  Gb  stm32f4xx_hal_rcc.o [1]
HAL_RCC_GetPCLK2Freq     0x800'd35d   0x16  Code  Gb  stm32f4xx_hal_rcc.o [1]
HAL_RCC_OscConfig        0x800'f1f5  0x3ec  Code  Wk  stm32f4xx_hal_rcc.o [1]
HAL_RTCEx_AlarmBEventCallback
                         0x800'b7b9    0x2  Code  Wk  stm32f4xx_hal_rtc_ex.o [1]
HAL_RTCEx_BKUPRead       0x800'e74b   0x10  Code  Gb  stm32f4xx_hal_rtc_ex.o [1]
HAL_RTCEx_BKUPWrite      0x800'e739   0x12  Code  Gb  stm32f4xx_hal_rtc_ex.o [1]
HAL_RTCEx_EnableBypassShadow
                         0x800'e75b   0x3e  Code  Gb  stm32f4xx_hal_rtc_ex.o [1]
HAL_RTC_AlarmAEventCallback
                         0x800'b56d    0xc  Code  Gb  user_rtc.o [1]
HAL_RTC_AlarmIRQHandler
                         0x800'3911   0x5e  Code  Gb  stm32f4xx_hal_rtc.o [1]
HAL_RTC_DeactivateAlarm
                         0x800'3847   0xca  Code  Gb  stm32f4xx_hal_rtc.o [1]
HAL_RTC_GetDate          0x800'35f1   0x54  Code  Gb  stm32f4xx_hal_rtc.o [1]
HAL_RTC_GetTime          0x800'34c3   0x68  Code  Gb  stm32f4xx_hal_rtc.o [1]
HAL_RTC_Init             0x800'3331   0xac  Code  Gb  stm32f4xx_hal_rtc.o [1]
HAL_RTC_MspInit          0x800'b3f5   0x46  Code  Gb  rtc.o [1]
HAL_RTC_SetAlarm_IT      0x800'3645  0x202  Code  Gb  stm32f4xx_hal_rtc.o [1]
HAL_RTC_SetDate          0x800'352b   0xc6  Code  Gb  stm32f4xx_hal_rtc.o [1]
HAL_RTC_SetTime          0x800'33dd   0xe6  Code  Gb  stm32f4xx_hal_rtc.o [1]
HAL_RTC_WaitForSynchro   0x800'398d   0x36  Code  Gb  stm32f4xx_hal_rtc.o [1]
HAL_SPI_Init             0x800'd749   0xce  Code  Gb  stm32f4xx_hal_spi.o [1]
HAL_SPI_MspInit          0x800'b803   0x6a  Code  Gb  spi.o [1]
HAL_SPI_TransmitReceive
                         0x800'd817  0x23c  Code  Gb  stm32f4xx_hal_spi.o [1]
HAL_SYSTICK_Config       0x800'd67d    0xc  Code  Gb  stm32f4xx_hal_cortex.o [1]
HAL_TIMEx_MasterConfigSynchronization
                         0x800'fa9d   0x8e  Code  Gb  stm32f4xx_hal_tim_ex.o [1]
HAL_TIM_MspPostInit      0x800'e843   0x52  Code  Gb  tim.o [1]
HAL_TIM_PWM_ConfigChannel
                         0x800'bbe9   0xfc  Code  Gb  stm32f4xx_hal_tim.o [1]
HAL_TIM_PWM_Init         0x800'ba51   0x6e  Code  Gb  stm32f4xx_hal_tim.o [1]
HAL_TIM_PWM_MspInit      0x800'e81d   0x26  Code  Gb  tim.o [1]
HAL_TIM_PWM_Start        0x800'babf  0x10e  Code  Gb  stm32f4xx_hal_tim.o [1]
HAL_UARTEx_RxEventCallback
                         0x800'9a69    0x2  Code  Gb  user_uart.o [1]
HAL_UART_DeInit          0x800'8f8b   0x42  Code  Gb  stm32f4xx_hal_uart.o [1]
HAL_UART_ErrorCallback   0x800'9a6b   0x3e  Code  Gb  user_uart.o [1]
HAL_UART_IRQHandler      0x800'90ed  0x2cc  Code  Gb  stm32f4xx_hal_uart.o [1]
HAL_UART_Init            0x800'8f15   0x76  Code  Gb  stm32f4xx_hal_uart.o [1]
HAL_UART_MspDeInit       0x800'9da7   0x80  Code  Gb  usart.o [1]
HAL_UART_MspInit         0x800'9b99  0x20e  Code  Gb  usart.o [1]
HAL_UART_Receive_IT      0x800'90a5   0x48  Code  Gb  stm32f4xx_hal_uart.o [1]
HAL_UART_RxCpltCallback
                         0x800'99d5   0x94  Code  Gb  user_uart.o [1]
HAL_UART_Transmit        0x800'8fcd   0xd8  Code  Gb  stm32f4xx_hal_uart.o [1]
HW_RTC_GetCalendarValue_Second
                         0x800'3271   0xa0  Code  Gb  user_time.o [1]
Handle_State_Power       0x800'7f73   0x5a  Code  Gb  user_app_electric.o [1]
HardFault_Handler        0x801'0613    0x2  Code  Gb  stm32f4xx_it.o [1]
IRQ_Pluse_OffMotorPush   0x800'6a05   0x46  Code  Gb  user_app_delivery.o [1]
IndexUartError          0x2000'2b68    0x1  Data  Lc  user_uart.o [1]
Init_AppComm_Vending_Machine
                         0x800'b213   0xc0  Code  Gb  user_comm_vending_machine.o [1]
Init_AppDelivery         0x800'726d    0x8  Code  Gb  user_app_delivery.o [1]
Init_AppDoorSensor       0x800'dd5b    0x2  Code  Gb  user_app_door_sensor.o [1]
Init_AppElectric         0x800'81a5    0xc  Code  Gb  user_app_electric.o [1]
Init_AppPcBox            0x800'5da9   0x18  Code  Gb  user_app_pc_box.o [1]
Init_AppRelay            0x800'891b    0xc  Code  Gb  user_app_relay.o [1]
Init_AppRs485            0x800'e43d    0x8  Code  Gb  user_app_rs485.o [1]
Init_AppTemperature      0x800'7cfb   0x10  Code  Gb  user_app_temperature.o [1]
Init_AppVendingMachine   0x800'b1c5   0x28  Code  Gb  user_comm_vending_machine.o [1]
Init_AppVibSensor        0x800'dfcf    0x2  Code  Gb  user_app_vib_sensor.o [1]
Init_CycleOnOffPcBox     0x800'5c71   0x72  Code  Gb  user_app_pc_box.o [1]
Init_DCU_ID              0x800'2a4d   0xaa  Code  Gb  user_modem_init.o [1]
Init_IdSlave             0x800'e413   0x2a  Code  Gb  user_app_rs485.o [1]
Init_IdSlaveElectric     0x800'80b1   0x2c  Code  Gb  user_app_electric.o [1]
Init_Memory_Infor        0x800'2a41    0xc  Code  Gb  user_modem_init.o [1]
Init_QueuePcBox          0x800'5d6d   0x1c  Code  Gb  user_app_pc_box.o [1]
Init_RX_Mode_Uart_485    0x800'99a3    0xe  Code  Gb  user_uart.o [1]
Init_RX_Mode_Uart_Debug
                         0x800'9995    0xe  Code  Gb  user_uart.o [1]
Init_RX_Mode_Uart_PcBox
                         0x800'99b1    0xe  Code  Gb  user_uart.o [1]
Init_StatePcBox          0x800'5d35   0x30  Code  Gb  user_app_pc_box.o [1]
[...]
_fTEST_ELEVATOR          0x800'1efb   0x38  Code  Gb  user_at_serial.o [1]
_fTEST_LOCK_MAGNETIS     0x800'1fa1   0xb0  Code  Gb  user_at_serial.o [1]
_fTEST_LOG               0x800'0c77   0x12  Code  Gb  user_at_serial.o [1]
_main                    0x801'0cdf         Code  Gb  cmain.o [4]
aALRM_EMERGENCY         0x2000'1e50  0x400  Data  Gb  user_modem.o [1]
aAT_CMD                 0x2000'2350  0x100  Data  Gb  user_modem.o [1]
aBufferRespondPcBox     0x2000'28cc   0x34  Data  Gb  user_app_pc_box.o [1]
aDATA_CONFIG            0x2000'2450   0x80  Data  Gb  user_at_serial.o [1]
aDATA_FLASH_READ        0x2000'1a50  0x400  Data  Lc  user_external_flash.o [1]
aDCU_ID                 0x2000'090c   0x14  Data  Gb  user_modem.o [1]
aFlashCmd               0x2000'06e0   0xb4  Data  Gb  user_external_flash.o [1]
aFlash_Erase_Chip_BlockCmd
                        0x2000'07bc   0x10  Data  Lc  user_external_flash.o [1]
aFlash_Erase_Sector_BlockCmd
                        0x2000'0794   0x10  Data  Lc  user_external_flash.o [1]
aFlash_Read_Data_BlockCmd
                        0x2000'07b8    0x4  Data  Lc  user_external_flash.o [1]
aFlash_Write_Data_BlockCmd
                        0x2000'07a4   0x14  Data  Lc  user_external_flash.o [1]
aRESPONDSE_AT           0x2000'2250  0x100  Data  Gb  user_modem.o [1]
count_error_rtc         0x2000'2b14    0x4  Data  Gb  user_app_pc_box.o [1]
eFlash_Check_Pos_PartA   0x800'abe9   0x8a  Code  Gb  user_external_flash.o [1]
eFlash_Check_Pos_PartA::MarkDefaultVar
                        0x2000'2b61    0x1  Data  Lc  user_external_flash.o [1]
eFlash_Check_Pos_PartB   0x800'ac85   0xa6  Code  Gb  user_external_flash.o [1]
eFlash_Check_Pos_PartB::MarkDefaultVar
                        0x2000'2b62    0x1  Data  Lc  user_external_flash.o [1]
eFlash_Check_Write_To_PartAB
                         0x800'abc1    0x6  Code  Gb  user_external_flash.o [1]
eFlash_Default_Struct_Init_Pos
                         0x800'aab3   0x16  Code  Gb  user_external_flash.o [1]
eFlash_Get_Step_From_Queue
                         0x800'a811   0x36  Code  Gb  user_external_flash.o [1]
eFlash_Push_Block_To_Queue
                         0x800'a7e1   0x30  Code  Gb  user_external_flash.o [1]
eFlash_Push_Step_Erase_Chip
                         0x800'aac9    0xe  Code  Gb  user_external_flash.o [1]
eFlash_Push_Step_To_Queue
                         0x800'a7ab   0x36  Code  Gb  user_external_flash.o [1]
eFlash_S25FL_BufferRead
                         0x800'aa2b   0x88  Code  Gb  user_external_flash.o [1]
eFlash_S25FL_BufferWrite
                         0x800'a9eb   0x40  Code  Gb  user_external_flash.o [1]
eFlash_S25FL_CheckWriteEnable
                         0x800'a91d   0x58  Code  Gb  user_external_flash.o [1]
eFlash_S25FL_Enable      0x800'a84d   0x16  Code  Gb  user_external_flash.o [1]
eFlash_S25FL_Erase_Sector
                         0x800'a863   0x66  Code  Gb  user_external_flash.o [1]
eFlash_S25FL_PageWrite   0x800'a975   0x76  Code  Gb  user_external_flash.o [1]
eFlash_S25FL_WaitForWriteEnd
                         0x800'a8c9   0x54  Code  Gb  user_external_flash.o [1]
eFlash_Send_Address      0x800'a79f    0xc  Code  Gb  user_external_flash.o [1]
eFlash_Send_To_Queue_Read
                         0x800'aba9   0x18  Code  Gb  user_external_flash.o [1]
eFlash_Send_To_Queue_Write
                         0x800'abc7   0x18  Code  Gb  user_external_flash.o [1]
eFlash_Setup_Init        0x800'ab93   0x10  Code  Gb  user_external_flash.o [1]
eFlash_Status            0x800'ab8b    0x8  Code  Gb  user_external_flash.o [1]
eFlash_Task              0x800'a719   0x86  Code  Gb  user_external_flash.o [1]
eFlash_Test_Write        0x800'aad7   0xb4  Code  Gb  user_external_flash.o [1]
eFlash_Test_Write::Retry
                        0x2000'2b60    0x1  Data  Lc  user_external_flash.o [1]
exit                     0x801'0ce7    0x4  Code  Gb  exit.o [2]
fevent_active            0x800'30f7   0x1e  Code  Gb  event_driven.o [1]
fevent_alter_pwm_elevator
                         0x800'661d   0x72  Code  Lc  user_app_delivery.o [1]
fevent_calculator_coordinates
                         0x800'61d7   0xaa  Code  Lc  user_app_delivery.o [1]
fevent_check_power_supply
                         0x800'7f45   0x2e  Code  Lc  user_app_electric.o [1]
fevent_control_led_pcbox
                         0x800'8341   0x44  Code  Lc  user_app_relay.o [1]
fevent_control_led_slave
                         0x800'8385   0x2c  Code  Lc  user_app_relay.o [1]
fevent_control_led_status
                         0x800'830b   0x36  Code  Lc  user_app_relay.o [1]
fevent_control_pwm_elevator
                         0x800'65bb   0x62  Code  Lc  user_app_delivery.o [1]
fevent_ctrl_elevator_lower
                         0x800'66dd   0x4e  Code  Lc  user_app_delivery.o [1]
fevent_ctrl_elevator_upper
                         0x800'668f   0x4e  Code  Lc  user_app_delivery.o [1]
fevent_dcu_ping_pc_box   0x800'4f81   0x68  Code  Lc  user_app_pc_box.o [1]
fevent_delivery_entry    0x800'612f   0xa8  Code  Lc  user_app_delivery.o [1]
fevent_disable           0x800'3139   0x12  Code  Gb  event_driven.o [1]
fevent_door_ctrl_respond
                         0x800'dc3d   0x24  Code  Lc  user_app_door_sensor.o [1]
fevent_door_ctrl_respond::status_before
                        0x2000'09a6    0x1  Data  Lc  user_app_door_sensor.o [1]
fevent_door_delivery     0x800'dc91   0x12  Code  Lc  user_app_door_sensor.o [1]
fevent_door_entry        0x800'dbe9   0x10  Code  Lc  user_app_door_sensor.o [1]
fevent_door_respond_pc_box
                         0x800'dc61   0x30  Code  Lc  user_app_door_sensor.o [1]
fevent_door_sensor       0x800'dbf9   0x44  Code  Lc  user_app_door_sensor.o [1]
fevent_electric_change_status_power
                         0x800'7ec5   0x7a  Code  Lc  user_app_electric.o [1]
fevent_electric_check_connect
                         0x800'7f3f    0x6  Code  Lc  user_app_electric.o [1]
fevent_electric_entry    0x800'7ea9   0x1c  Code  Lc  user_app_electric.o [1]
fevent_elevator_lower_begin
                         0x800'60c9   0x66  Code  Lc  user_app_delivery.o [1]
fevent_elevator_lower_end
                         0x800'6337   0x70  Code  Lc  user_app_delivery.o [1]
fevent_enable            0x800'3115   0x24  Code  Gb  event_driven.o [1]
fevent_finish_delivery   0x800'63d1   0x40  Code  Lc  user_app_delivery.o [1]
fevent_fix_motor         0x800'64d1   0x9e  Code  Lc  user_app_delivery.o [1]
fevent_fix_motor::Handle_Once
                        0x2000'2b4f    0x1  Data  Lc  user_app_delivery.o [1]
fevent_fix_motor::gettick_ms_error
                        0x2000'2afc    0x4  Data  Lc  user_app_delivery.o [1]
fevent_free_elevator_lower
                         0x800'6411   0xc0  Code  Lc  user_app_delivery.o [1]
fevent_free_lock_magnetis
                         0x800'6827   0xfc  Code  Lc  user_app_delivery.o [1]
fevent_free_lock_magnetis::gettick_ms
                        0x2000'2b08    0x4  Data  Lc  user_app_delivery.o [1]
fevent_free_lock_magnetis::gettick_ms2
                        0x2000'2b0c    0x4  Data  Lc  user_app_delivery.o [1]
fevent_free_lock_magnetis::state_before
                        0x2000'2b52    0x1  Data  Lc  user_app_delivery.o [1]
fevent_get_real_time_dcu
                         0x800'5225   0xba  Code  Lc  user_app_pc_box.o [1]
fevent_get_real_time_dcu::get_time_cycle
                        0x2000'2b58    0x1  Data  Lc  user_app_pc_box.o [1]
fevent_get_real_time_dcu::state_get_time
                        0x2000'2b57    0x1  Data  Lc  user_app_pc_box.o [1]
fevent_handle_error_delivery
                         0x800'5f75  0x112  Code  Lc  user_app_delivery.o [1]
fevent_handle_respond_error
                         0x800'4f75    0xc  Code  Lc  user_app_pc_box.o [1]
fevent_lock_magnetis     0x800'dca3   0x44  Code  Lc  user_app_door_sensor.o [1]
fevent_lock_magnetis::CountStateLock
                        0x2000'2b54    0x1  Data  Lc  user_app_door_sensor.o [1]
fevent_lock_magnetis_begin
                         0x800'6087   0x42  Code  Lc  user_app_delivery.o [1]
fevent_lock_magnetis_end
                         0x800'63a7   0x2a  Code  Lc  user_app_delivery.o [1]
fevent_motor_entry       0x800'5f3d   0x2a  Code  Lc  user_app_delivery.o [1]
fevent_on_off_cycle_pc_box
                         0x800'5101   0xd0  Code  Lc  user_app_pc_box.o [1]
fevent_on_off_sw_pcbox   0x800'52df   0x14  Code  Lc  user_app_pc_box.o [1]
fevent_pcbox_complete_receive
                         0x800'42d9  0xb4e  Code  Lc  user_app_pc_box.o [1]
fevent_pcbox_entry       0x800'41c9   0x9e  Code  Lc  user_app_pc_box.o [1]
fevent_pcbox_log_tsvh    0x800'4e27   0x24  Code  Lc  user_app_pc_box.o [1]
fevent_pcbox_receive_handle
                         0x800'4299   0x40  Code  Lc  user_app_pc_box.o [1]
fevent_pcbox_receive_handle::countBuffer_uart
                        0x2000'2b3e    0x2  Data  Lc  user_app_pc_box.o [1]
fevent_protect_motor_elevator
                         0x800'656f   0x4c  Code  Lc  user_app_delivery.o [1]
fevent_protect_motor_elevator::count_error
                        0x2000'2b00    0x4  Data  Lc  user_app_delivery.o [1]
fevent_push_motor        0x800'6285   0xb2  Code  Lc  user_app_delivery.o [1]
fevent_queue_respond_immediately
                         0x800'4e5d   0x84  Code  Lc  user_app_pc_box.o [1]
fevent_queue_respond_time
                         0x800'4eed   0x82  Code  Lc  user_app_pc_box.o [1]
fevent_refresh_dcu       0x800'51d1   0x46  Code  Lc  user_app_pc_box.o [1]
fevent_relay_entry       0x800'8269   0x24  Code  Lc  user_app_relay.o [1]
fevent_relay_warm_off    0x800'82e1   0x2a  Code  Lc  user_app_relay.o [1]
fevent_relay_warm_on     0x800'82b5   0x2c  Code  Lc  user_app_relay.o [1]
fevent_relay_warm_refresh
                         0x800'828d   0x28  Code  Lc  user_app_relay.o [1]
fevent_reset_pc_box      0x800'4ff5   0xe0  Code  Lc  user_app_pc_box.o [1]
fevent_reset_pc_box::state_reset
                        0x2000'2b56    0x1  Data  Lc  user_app_pc_box.o [1]
fevent_rs485_entry       0x800'e0a5   0x12  Code  Lc  user_app_rs485.o [1]
fevent_rs485_init_uart   0x800'e3d9   0x3a  Code  Lc  user_app_rs485.o [1]
fevent_rs485_receive_complete
                         0x800'e1e1  0x1f8  Code  Lc  user_app_rs485.o [1]
fevent_rs485_receive_complete::CountPowerDisconnect
                        0x2000'2b5c    0x1  Data  Lc  user_app_rs485.o [1]
fevent_rs485_receive_complete::CountStatePower
                        0x2000'2b5b    0x1  Data  Lc  user_app_rs485.o [1]
fevent_rs485_receive_handle
                         0x800'e1a1   0x40  Code  Lc  user_app_rs485.o [1]
fevent_rs485_transmit    0x800'e0b7   0xea  Code  Lc  user_app_rs485.o [1]
fevent_send_pcbox_temperature
                         0x800'7aa1   0x70  Code  Lc  user_app_temperature.o [1]
fevent_temp_calculator   0x800'78a1  0x1b0  Code  Lc  user_app_temperature.o [1]
fevent_temp_ctrl_fridge
                         0x800'7a6b    0x6  Code  Lc  user_app_temperature.o [1]
fevent_temp_entry        0x800'77dd   0x4c  Code  Lc  user_app_temperature.o [1]
fevent_temp_entry::once
                        0x2000'2b44    0x2  Data  Lc  user_app_temperature.o [1]
fevent_temp_get_adc      0x800'7829   0x76  Code  Lc  user_app_temperature.o [1]
fevent_temp_get_adc::count_adc
                        0x2000'2b46    0x2  Data  Lc  user_app_temperature.o [1]
fevent_temp_off_fridge_frozen
                         0x800'7a83    0x6  Code  Lc  user_app_temperature.o [1]
fevent_temp_respond_error
                         0x800'7a89   0x18  Code  Lc  user_app_temperature.o [1]
fevent_temp_set_setuptemp
                         0x800'7a51   0x1a  Code  Lc  user_app_temperature.o [1]
fevent_temp_time_get     0x800'7a71   0x12  Code  Lc  user_app_temperature.o [1]
fevent_test_elevator     0x800'672b   0xfc  Code  Lc  user_app_delivery.o [1]
fevent_test_elevator::Handle_Once
                        0x2000'2b50    0x1  Data  Lc  user_app_delivery.o [1]
fevent_test_elevator::StateHandle
                        0x2000'2b51    0x1  Data  Lc  user_app_delivery.o [1]
fevent_test_elevator::gettick_ms_error
                        0x2000'2b04    0x4  Data  Lc  user_app_delivery.o [1]
fevent_vib_led_warning   0x800'df03   0x8e  Code  Lc  user_app_vib_sensor.o [1]
fevent_vib_led_warning::Count_Morse
                        0x2000'2b5e    0x1  Data  Lc  user_app_vib_sensor.o [1]
fevent_vib_led_warning::Count_Toggle
                        0x2000'2b5d    0x1  Data  Lc  user_app_vib_sensor.o [1]
fevent_vib_off_alarm     0x800'deeb   0x18  Code  Lc  user_app_vib_sensor.o [1]
fevent_vib_sensor        0x800'de45   0xa6  Code  Lc  user_app_vib_sensor.o [1]
fevent_vib_sensor::GetTickLevelAlarm
                        0x2000'2b18    0x4  Data  Lc  user_app_vib_sensor.o [1]
fevent_vib_sensor_entry
                         0x800'de11   0x10  Code  Lc  user_app_vib_sensor.o [1]
fevent_vib_sensor_scan   0x800'de21   0x24  Code  Lc  user_app_vib_sensor.o [1]
fevent_wait_free_motor   0x800'5f67    0xe  Code  Lc  user_app_delivery.o [1]
fevent_wait_reset_pc_box
                         0x800'50d5   0x22  Code  Lc  user_app_pc_box.o [1]
fevent_wdg_stm32f4       0x800'4267   0x32  Code  Lc  user_app_pc_box.o [1]
gettick_floor           0x2000'2b1c    0x4  Data  Gb  user_irq_input.o [1]
gettick_motor           0x2000'2b24    0x4  Data  Gb  user_irq_input.o [1]
gettick_top_bot         0x2000'2b20    0x4  Data  Gb  user_irq_input.o [1]
hadc1                   0x2000'2770   0x48  Data  Gb  adc.o [1]
hdma_adc1               0x2000'2598   0x60  Data  Gb  adc.o [1]
hdma_usart1_rx          0x2000'25f8   0x60  Data  Gb  usart.o [1]
hdma_usart2_rx          0x2000'2658   0x60  Data  Gb  usart.o [1]
hdma_usart3_rx          0x2000'26b8   0x60  Data  Gb  usart.o [1]
hiwdg                   0x2000'2a90    0xc  Data  Gb  iwdg.o [1]
hrtc                    0x2000'2928   0x20  Data  Gb  rtc.o [1]
hspi2                   0x2000'2718   0x58  Data  Gb  spi.o [1]
htim4                   0x2000'27b8   0x48  Data  Gb  tim.o [1]
huart1                  0x2000'2800   0x44  Data  Gb  usart.o [1]
huart2                  0x2000'2844   0x44  Data  Gb  usart.o [1]
huart3                  0x2000'2888   0x44  Data  Gb  usart.o [1]
log                      0x800'ee55    0x4  Code  Gb  logx64.o [3]
logl                     0x800'ee55    0x4  Code  Gb  logx64.o [3]
main                     0x800'd42d   0x34  Code  Gb  main.o [1]
memset                   0x800'b3e1   0x14  Code  Gb  memset.o [4]
pFlash                  0x2000'2948   0x20  Data  Gb  stm32f4xx_hal_flash.o [1]
pFunc_Log_To_Mem        0x2000'2b38    0x4  Data  Gb  user_util.o [1]
pModemProcessIRQTimer   0x2000'2b2c    0x4  Data  Gb  user_rtc.o [1]
qCopy_Data_From_Queue    0x800'b981   0x60  Code  Lc  queue_p.o [1]
qCopy_Data_To_Queue      0x800'b909   0x78  Code  Lc  queue_p.o [1]
qFlashRead              0x2000'29fc   0x18  Data  Gb  user_external_flash.o [1]
qFlashStep              0x2000'29e4   0x18  Data  Gb  user_external_flash.o [1]
qFlashWrite             0x2000'2a14   0x18  Data  Gb  user_external_flash.o [1]
qGet_Number_Items        0x800'b9e1    0x4  Code  Gb  queue_p.o [1]
qQueue_Clear             0x800'b8af    0xe  Code  Gb  queue_p.o [1]
qQueue_Create            0x800'b881   0x2e  Code  Gb  queue_p.o [1]
qQueue_Receive           0x800'b8e7   0x22  Code  Gb  queue_p.o [1]
qQueue_Send              0x800'b8bd   0x2a  Code  Gb  queue_p.o [1]
qRespondPcBox_Prio_0    0x2000'29b4   0x18  Data  Gb  user_app_pc_box.o [1]
qRespondPcBox_Prio_1    0x2000'29cc   0x18  Data  Gb  user_app_pc_box.o [1]
sAppMem                 0x2000'2a50   0x10  Data  Gb  user_app_mem.o [1]
sCycleOnOffPcBox        0x2000'2adc    0x8  Data  Gb  user_app_pc_box.o [1]
sElectric               0x2000'0288   0x14  Data  Gb  user_app_electric.o [1]
sElevator               0x2000'2a2c   0x14  Data  Gb  user_app_delivery.o [1]
sEventAppComm           0x2000'0008   0x70  Data  Gb  user_app_comm.o [1]
sEventAppDelivery       0x2000'0080  0x140  Data  Gb  user_app_delivery.o [1]
sEventAppDoorSensor     0x2000'01e8   0x60  Data  Gb  user_app_door_sensor.o [1]
sEventAppElectric       0x2000'0248   0x40  Data  Gb  user_app_electric.o [1]
sEventAppMem            0x2000'0344   0x80  Data  Gb  user_app_mem.o [1]
sEventAppPcBox          0x2000'03c4   0xf0  Data  Gb  user_app_pc_box.o [1]
sEventAppRelay          0x2000'04c4   0x70  Data  Gb  user_app_relay.o [1]
sEventAppRs485          0x2000'056c   0x50  Data  Gb  user_app_rs485.o [1]
sEventAppTemperature    0x2000'05bc   0x90  Data  Gb  user_app_temperature.o [1]
sEventAppVibSensor      0x2000'0650   0x50  Data  Gb  user_app_vib_sensor.o [1]
sEventExFlash           0x2000'06a0   0x40  Data  Gb  user_external_flash.o [1]
sExFlash                0x2000'07cc  0x140  Data  Gb  user_external_flash.o [1]
sExFlashInit            0x2000'2aa8    0xc  Data  Gb  user_external_flash.o [1]
sFirmVersion            0x2000'0078    0x8  Data  Gb  user_app_comm.o [1]
sFreqInfor              0x2000'096c    0xc  Data  Gb  user_modem.o [1]
sIdSlave485             0x2000'09a2    0x2  Data  Gb  user_app_rs485.o [1]
sKindMode485            0x2000'2b42    0x2  Data  Gb  user_app_rs485.o [1]
sLPMFeatureHandler      0x2000'2b28    0x4  Data  Gb  user_lpm.o [1]
sModem                  0x2000'0920   0x4c  Data  Gb  user_modem.o [1]
sModemLPMHandler        0x2000'0978   0x10  Data  Gb  user_modem.o [1]
sMotorPush              0x2000'2a40   0x10  Data  Gb  user_app_delivery.o [1]
sParamDelivery          0x2000'299c   0x18  Data  Gb  user_app_delivery.o [1]
sParamPcBox             0x2000'04b4    0x8  Data  Gb  user_app_pc_box.o [1]
sQueueRespondPcBox_Prio_0
                        0x2000'09a8  0x5fc  Data  Gb  user_app_pc_box.o [1]
sQueueRespondPcBox_Prio_1
                        0x2000'0fa4  0x5fc  Data  Gb  user_app_pc_box.o [1]
sRTC                    0x2000'2ac0    0xc  Data  Gb  user_util.o [1]
sRTCSet                 0x2000'2ab4    0xc  Data  Gb  user_modem.o [1]
sRecEvent               0x2000'02d4   0x38  Data  Gb  user_app_mem.o [1]
sRecLog                 0x2000'030c   0x38  Data  Gb  user_app_mem.o [1]
sRecTSVH                0x2000'029c   0x38  Data  Gb  user_app_mem.o [1]
sRespPcBox              0x2000'04bc    0x8  Data  Gb  user_app_pc_box.o [1]
sStateSlave485          0x2000'2b5a    0x1  Data  Gb  user_app_rs485.o [1]
sStatusApp              0x2000'2ad4    0x8  Data  Gb  user_app_pc_box.o [1]
sStatusDoor             0x2000'2b10    0x4  Data  Gb  user_app_door_sensor.o [1]
sStatusRelay            0x2000'2a60   0x10  Data  Gb  user_app_relay.o [1]
sStatusVib              0x2000'2a9c    0xc  Data  Gb  user_app_vib_sensor.o [1]
sTemp_Crtl_Fridge       0x2000'064c    0x4  Data  Gb  user_app_temperature.o [1]
sTemp_Thresh_Recv       0x2000'2aec    0x8  Data  Gb  user_app_temperature.o [1]
sTemperature            0x2000'2ae4    0x8  Data  Gb  user_app_temperature.o [1]
sTimeCycleWarm          0x2000'09a0    0x2  Data  Gb  user_app_relay.o [1]
sTimeLockMagnetis       0x2000'2acc    0x8  Data  Gb  user_app_delivery.o [1]
sUart485                0x2000'0998    0x8  Data  Gb  user_uart.o [1]
sUartDebug              0x2000'0988    0x8  Data  Gb  user_uart.o [1]
sUartPcBox              0x2000'0990    0x8  Data  Gb  user_uart.o [1]
strlen                   0x800'a09d         Code  Gb  strlen.o [4]
uwTick                  0x2000'2af4    0x4  Data  Gb  stm32f4xx_hal.o [1]
uwTickFreq              0x2000'09a4    0x1  Data  Gb  stm32f4xx_hal.o [1]
uwTickPrio              0x2000'0000    0x4  Data  Gb  stm32f4xx_hal.o [1]


[1] = D:\Saoviet_Bitbucket\Saoviet_Vending_Machine\Saoviet_VendingMachine_Shrimp_ver_1_1\EWARM\Saoviet_VendingMachine_Shrimp_ver_1\Obj
[2] = dl7M_tlf.a
[3] = m7M_tls.a
[4] = rt7M_tl.a
[5] = shb_l.a

  66'492 bytes of readonly  code memory
   7'048 bytes of readonly  data memory
  12'136 bytes of readwrite data memory

Errors: none
Warnings: none
