###############################################################################
#
# IAR ELF Linker V8.40.2.214/W32 for ARM                  20/Dec/2024  08:38:39
# Copyright 2007-2019 IAR Systems AB.
#
#    Output file  =
#        D:\Saoviet_Bitbucket\Saoviet_Vending_Machine\Saoviet_VendingMachine_Shrimp_ver_1_1\EWARM\Saoviet_VendingMachine_Shrimp_ver_1\Exe\Saoviet_VendingMachine_Shrimp_ver_1.out
#    Map file     =
#        D:\Saoviet_Bitbucket\Saoviet_Vending_Machine\Saoviet_VendingMachine_Shrimp_ver_1_1\EWARM\Saoviet_VendingMachine_Shrimp_ver_1\List\Saoviet_VendingMachine_Shrimp_ver_1.map
#    Command line =
#        -f C:\Users\PC\AppData\Local\Temp\EWC2AE.tmp
#        (D:\Saoviet_Bitbucket\Saoviet_Vending_Machine\Saoviet_VendingMachine_Shrimp_ver_1_1\EWARM\Saoviet_VendingMachine_Shrimp_ver_1\Obj\adc.o
#        D:\Saoviet_Bitbucket\Saoviet_Vending_Machine\Saoviet_VendingMachine_Shrimp_ver_1_1\EWARM\Saoviet_VendingMachine_Shrimp_ver_1\Obj\dma.o
#        D:\Saoviet_Bitbucket\Saoviet_Vending_Machine\Saoviet_VendingMachine_Shrimp_ver_1_1\EWARM\Saoviet_VendingMachine_Shrimp_ver_1\Obj\event_driven.o
#        D:\Saoviet_Bitbucket\Saoviet_Vending_Machine\Saoviet_VendingMachine_Shrimp_ver_1_1\EWARM\Saoviet_VendingMachine_Shrimp_ver_1\Obj\gpio.o
#        D:\Saoviet_Bitbucket\Saoviet_Vending_Machine\Saoviet_VendingMachine_Shrimp_ver_1_1\EWARM\Saoviet_VendingMachine_Shrimp_ver_1\Obj\iwdg.o
#        D:\Saoviet_Bitbucket\Saoviet_Vending_Machine\Saoviet_VendingMachine_Shrimp_ver_1_1\EWARM\Saoviet_VendingMachine_Shrimp_ver_1\Obj\main.o
#        D:\Saoviet_Bitbucket\Saoviet_Vending_Machine\Saoviet_VendingMachine_Shrimp_ver_1_1\EWARM\Saoviet_VendingMachine_Shrimp_ver_1\Obj\onchipflash.o
#        D:\Saoviet_Bitbucket\Saoviet_Vending_Machine\Saoviet_VendingMachine_Shrimp_ver_1_1\EWARM\Saoviet_VendingMachine_Shrimp_ver_1\Obj\queue_p.o
#        D:\Saoviet_Bitbucket\Saoviet_Vending_Machine\Saoviet_VendingMachine_Shrimp_ver_1_1\EWARM\Saoviet_VendingMachine_Shrimp_ver_1\Obj\rtc.o
#        D:\Saoviet_Bitbucket\Saoviet_Vending_Machine\Saoviet_VendingMachine_Shrimp_ver_1_1\EWARM\Saoviet_VendingMachine_Shrimp_ver_1\Obj\S25FL216K.o
#        D:\Saoviet_Bitbucket\Saoviet_Vending_Machine\Saoviet_VendingMachine_Shrimp_ver_1_1\EWARM\Saoviet_VendingMachine_Shrimp_ver_1\Obj\spi.o
#        D:\Saoviet_Bitbucket\Saoviet_Vending_Machine\Saoviet_VendingMachine_Shrimp_ver_1_1\EWARM\Saoviet_VendingMachine_Shrimp_ver_1\Obj\startup_stm32f405xx.o
#        D:\Saoviet_Bitbucket\Saoviet_Vending_Machine\Saoviet_VendingMachine_Shrimp_ver_1_1\EWARM\Saoviet_VendingMachine_Shrimp_ver_1\Obj\stm32f4xx_hal.o
#        D:\Saoviet_Bitbucket\Saoviet_Vending_Machine\Saoviet_VendingMachine_Shrimp_ver_1_1\EWARM\Saoviet_VendingMachine_Shrimp_ver_1\Obj\stm32f4xx_hal_adc.o
#        D:\Saoviet_Bitbucket\Saoviet_Vending_Machine\Saoviet_VendingMachine_Shrimp_ver_1_1\EWARM\Saoviet_VendingMachine_Shrimp_ver_1\Obj\stm32f4xx_hal_adc_ex.o
#        D:\Saoviet_Bitbucket\Saoviet_Vending_Machine\Saoviet_VendingMachine_Shrimp_ver_1_1\EWARM\Saoviet_VendingMachine_Shrimp_ver_1\Obj\stm32f4xx_hal_cortex.o
#        D:\Saoviet_Bitbucket\Saoviet_Vending_Machine\Saoviet_VendingMachine_Shrimp_ver_1_1\EWARM\Saoviet_VendingMachine_Shrimp_ver_1\Obj\stm32f4xx_hal_dma.o
#        D:\Saoviet_Bitbucket\Saoviet_Vending_Machine\Saoviet_VendingMachine_Shrimp_ver_1_1\EWARM\Saoviet_VendingMachine_Shrimp_ver_1\Obj\stm32f4xx_hal_dma_ex.o
#        D:\Saoviet_Bitbucket\Saoviet_Vending_Machine\Saoviet_VendingMachine_Shrimp_ver_1_1\EWARM\Saoviet_VendingMachine_Shrimp_ver_1\Obj\stm32f4xx_hal_exti.o
#        D:\Saoviet_Bitbucket\Saoviet_Vending_Machine\Saoviet_VendingMachine_Shrimp_ver_1_1\EWARM\Saoviet_VendingMachine_Shrimp_ver_1\Obj\stm32f4xx_hal_flash.o
#        D:\Saoviet_Bitbucket\Saoviet_Vending_Machine\Saoviet_VendingMachine_Shrimp_ver_1_1\EWARM\Saoviet_VendingMachine_Shrimp_ver_1\Obj\stm32f4xx_hal_flash_ex.o
#        D:\Saoviet_Bitbucket\Saoviet_Vending_Machine\Saoviet_VendingMachine_Shrimp_ver_1_1\EWARM\Saoviet_VendingMachine_Shrimp_ver_1\Obj\stm32f4xx_hal_flash_ramfunc.o
#        D:\Saoviet_Bitbucket\Saoviet_Vending_Machine\Saoviet_VendingMachine_Shrimp_ver_1_1\EWARM\Saoviet_VendingMachine_Shrimp_ver_1\Obj\stm32f4xx_hal_gpio.o
#        D:\Saoviet_Bitbucket\Saoviet_Vending_Machine\Saoviet_VendingMachine_Shrimp_ver_1_1\EWARM\Saoviet_VendingMachine_Shrimp_ver_1\Obj\stm32f4xx_hal_iwdg.o
#        D:\Saoviet_Bitbucket\Saoviet_Vending_Machine\Saoviet_VendingMachine_Shrimp_ver_1_1\EWARM\Saoviet_VendingMachine_Shrimp_ver_1\Obj\stm32f4xx_hal_msp.o
#        D:\Saoviet_Bitbucket\Saoviet_Vending_Machine\Saoviet_VendingMachine_Shrimp_ver_1_1\EWARM\Saoviet_VendingMachine_Shrimp_ver_1\Obj\stm32f4xx_hal_pwr.o
#        D:\Saoviet_Bitbucket\Saoviet_Vending_Machine\Saoviet_VendingMachine_Shrimp_ver_1_1\EWARM\Saoviet_VendingMachine_Shrimp_ver_1\Obj\stm32f4xx_hal_pwr_ex.o
#        D:\Saoviet_Bitbucket\Saoviet_Vending_Machine\Saoviet_VendingMachine_Shrimp_ver_1_1\EWARM\Saoviet_VendingMachine_Shrimp_ver_1\Obj\stm32f4xx_hal_rcc.o
#        D:\Saoviet_Bitbucket\Saoviet_Vending_Machine\Saoviet_VendingMachine_Shrimp_ver_1_1\EWARM\Saoviet_VendingMachine_Shrimp_ver_1\Obj\stm32f4xx_hal_rcc_ex.o
#        D:\Saoviet_Bitbucket\Saoviet_Vending_Machine\Saoviet_VendingMachine_Shrimp_ver_1_1\EWARM\Saoviet_VendingMachine_Shrimp_ver_1\Obj\stm32f4xx_hal_rtc.o
#        D:\Saoviet_Bitbucket\Saoviet_Vending_Machine\Saoviet_VendingMachine_Shrimp_ver_1_1\EWARM\Saoviet_VendingMachine_Shrimp_ver_1\Obj\stm32f4xx_hal_rtc_ex.o
#        D:\Saoviet_Bitbucket\Saoviet_Vending_Machine\Saoviet_VendingMachine_Shrimp_ver_1_1\EWARM\Saoviet_VendingMachine_Shrimp_ver_1\Obj\stm32f4xx_hal_spi.o
#        D:\Saoviet_Bitbucket\Saoviet_Vending_Machine\Saoviet_VendingMachine_Shrimp_ver_1_1\EWARM\Saoviet_VendingMachine_Shrimp_ver_1\Obj\stm32f4xx_hal_tim.o
#        D:\Saoviet_Bitbucket\Saoviet_Vending_Machine\Saoviet_VendingMachine_Shrimp_ver_1_1\EWARM\Saoviet_VendingMachine_Shrimp_ver_1\Obj\stm32f4xx_hal_tim_ex.o
#        D:\Saoviet_Bitbucket\Saoviet_Vending_Machine\Saoviet_VendingMachine_Shrimp_ver_1_1\EWARM\Saoviet_VendingMachine_Shrimp_ver_1\Obj\stm32f4xx_hal_uart.o
#        D:\Saoviet_Bitbucket\Saoviet_Vending_Machine\Saoviet_VendingMachine_Shrimp_ver_1_1\EWARM\Saoviet_VendingMachine_Shrimp_ver_1\Obj\stm32f4xx_it.o
#        D:\Saoviet_Bitbucket\Saoviet_Vending_Machine\Saoviet_VendingMachine_Shrimp_ver_1_1\EWARM\Saoviet_VendingMachine_Shrimp_ver_1\Obj\stm32f4xx_ll_adc.o
#        D:\Saoviet_Bitbucket\Saoviet_Vending_Machine\Saoviet_VendingMachine_Shrimp_ver_1_1\EWARM\Saoviet_VendingMachine_Shrimp_ver_1\Obj\system_stm32f4xx.o
#        D:\Saoviet_Bitbucket\Saoviet_Vending_Machine\Saoviet_VendingMachine_Shrimp_ver_1_1\EWARM\Saoviet_VendingMachine_Shrimp_ver_1\Obj\tim.o
#        D:\Saoviet_Bitbucket\Saoviet_Vending_Machine\Saoviet_VendingMachine_Shrimp_ver_1_1\EWARM\Saoviet_VendingMachine_Shrimp_ver_1\Obj\usart.o
#        D:\Saoviet_Bitbucket\Saoviet_Vending_Machine\Saoviet_VendingMachine_Shrimp_ver_1_1\EWARM\Saoviet_VendingMachine_Shrimp_ver_1\Obj\user_app_comm.o
#        D:\Saoviet_Bitbucket\Saoviet_Vending_Machine\Saoviet_VendingMachine_Shrimp_ver_1_1\EWARM\Saoviet_VendingMachine_Shrimp_ver_1\Obj\user_app_delivery.o
#        D:\Saoviet_Bitbucket\Saoviet_Vending_Machine\Saoviet_VendingMachine_Shrimp_ver_1_1\EWARM\Saoviet_VendingMachine_Shrimp_ver_1\Obj\user_app_door_sensor.o
#        D:\Saoviet_Bitbucket\Saoviet_Vending_Machine\Saoviet_VendingMachine_Shrimp_ver_1_1\EWARM\Saoviet_VendingMachine_Shrimp_ver_1\Obj\user_app_electric.o
#        D:\Saoviet_Bitbucket\Saoviet_Vending_Machine\Saoviet_VendingMachine_Shrimp_ver_1_1\EWARM\Saoviet_VendingMachine_Shrimp_ver_1\Obj\user_app_mem.o
#        D:\Saoviet_Bitbucket\Saoviet_Vending_Machine\Saoviet_VendingMachine_Shrimp_ver_1_1\EWARM\Saoviet_VendingMachine_Shrimp_ver_1\Obj\user_app_pc_box.o
#        D:\Saoviet_Bitbucket\Saoviet_Vending_Machine\Saoviet_VendingMachine_Shrimp_ver_1_1\EWARM\Saoviet_VendingMachine_Shrimp_ver_1\Obj\user_app_relay.o
#        D:\Saoviet_Bitbucket\Saoviet_Vending_Machine\Saoviet_VendingMachine_Shrimp_ver_1_1\EWARM\Saoviet_VendingMachine_Shrimp_ver_1\Obj\user_app_rs485.o
#        D:\Saoviet_Bitbucket\Saoviet_Vending_Machine\Saoviet_VendingMachine_Shrimp_ver_1_1\EWARM\Saoviet_VendingMachine_Shrimp_ver_1\Obj\user_app_temperature.o
#        D:\Saoviet_Bitbucket\Saoviet_Vending_Machine\Saoviet_VendingMachine_Shrimp_ver_1_1\EWARM\Saoviet_VendingMachine_Shrimp_ver_1\Obj\user_app_vib_sensor.o
#        D:\Saoviet_Bitbucket\Saoviet_Vending_Machine\Saoviet_VendingMachine_Shrimp_ver_1_1\EWARM\Saoviet_VendingMachine_Shrimp_ver_1\Obj\user_at_serial.o
#        D:\Saoviet_Bitbucket\Saoviet_Vending_Machine\Saoviet_VendingMachine_Shrimp_ver_1_1\EWARM\Saoviet_VendingMachine_Shrimp_ver_1\Obj\user_comm_vending_machine.o
#        D:\Saoviet_Bitbucket\Saoviet_Vending_Machine\Saoviet_VendingMachine_Shrimp_ver_1_1\EWARM\Saoviet_VendingMachine_Shrimp_ver_1\Obj\user_convert_variable.o
#        D:\Saoviet_Bitbucket\Saoviet_Vending_Machine\Saoviet_VendingMachine_Shrimp_ver_1_1\EWARM\Saoviet_VendingMachine_Shrimp_ver_1\Obj\user_external_flash.o
#        D:\Saoviet_Bitbucket\Saoviet_Vending_Machine\Saoviet_VendingMachine_Shrimp_ver_1_1\EWARM\Saoviet_VendingMachine_Shrimp_ver_1\Obj\user_internal_mem.o
#        D:\Saoviet_Bitbucket\Saoviet_Vending_Machine\Saoviet_VendingMachine_Shrimp_ver_1_1\EWARM\Saoviet_VendingMachine_Shrimp_ver_1\Obj\user_irq_input.o
#        D:\Saoviet_Bitbucket\Saoviet_Vending_Machine\Saoviet_VendingMachine_Shrimp_ver_1_1\EWARM\Saoviet_VendingMachine_Shrimp_ver_1\Obj\user_log.o
#        D:\Saoviet_Bitbucket\Saoviet_Vending_Machine\Saoviet_VendingMachine_Shrimp_ver_1_1\EWARM\Saoviet_VendingMachine_Shrimp_ver_1\Obj\user_lpm.o
#        D:\Saoviet_Bitbucket\Saoviet_Vending_Machine\Saoviet_VendingMachine_Shrimp_ver_1_1\EWARM\Saoviet_VendingMachine_Shrimp_ver_1\Obj\user_modbus_rtu.o
#        D:\Saoviet_Bitbucket\Saoviet_Vending_Machine\Saoviet_VendingMachine_Shrimp_ver_1_1\EWARM\Saoviet_VendingMachine_Shrimp_ver_1\Obj\user_modem.o
#        D:\Saoviet_Bitbucket\Saoviet_Vending_Machine\Saoviet_VendingMachine_Shrimp_ver_1_1\EWARM\Saoviet_VendingMachine_Shrimp_ver_1\Obj\user_modem_init.o
#        D:\Saoviet_Bitbucket\Saoviet_Vending_Machine\Saoviet_VendingMachine_Shrimp_ver_1_1\EWARM\Saoviet_VendingMachine_Shrimp_ver_1\Obj\user_obis.o
#        D:\Saoviet_Bitbucket\Saoviet_Vending_Machine\Saoviet_VendingMachine_Shrimp_ver_1_1\EWARM\Saoviet_VendingMachine_Shrimp_ver_1\Obj\user_rtc.o
#        D:\Saoviet_Bitbucket\Saoviet_Vending_Machine\Saoviet_VendingMachine_Shrimp_ver_1_1\EWARM\Saoviet_VendingMachine_Shrimp_ver_1\Obj\user_string.o
#        D:\Saoviet_Bitbucket\Saoviet_Vending_Machine\Saoviet_VendingMachine_Shrimp_ver_1_1\EWARM\Saoviet_VendingMachine_Shrimp_ver_1\Obj\user_time.o
#        D:\Saoviet_Bitbucket\Saoviet_Vending_Machine\Saoviet_VendingMachine_Shrimp_ver_1_1\EWARM\Saoviet_VendingMachine_Shrimp_ver_1\Obj\user_timer.o
#        D:\Saoviet_Bitbucket\Saoviet_Vending_Machine\Saoviet_VendingMachine_Shrimp_ver_1_1\EWARM\Saoviet_VendingMachine_Shrimp_ver_1\Obj\user_uart.o
#        D:\Saoviet_Bitbucket\Saoviet_Vending_Machine\Saoviet_VendingMachine_Shrimp_ver_1_1\EWARM\Saoviet_VendingMachine_Shrimp_ver_1\Obj\user_util.o
#        --no_out_extension -o
#        D:\Saoviet_Bitbucket\Saoviet_Vending_Machine\Saoviet_VendingMachine_Shrimp_ver_1_1\EWARM\Saoviet_VendingMachine_Shrimp_ver_1\Exe\Saoviet_VendingMachine_Shrimp_ver_1.out
#        --redirect _Printf=_PrintfFullNoMb --redirect _Scanf=_ScanfFullNoMb
#        --map
#        D:\Saoviet_Bitbucket\Saoviet_Vending_Machine\Saoviet_VendingMachine_Shrimp_ver_1_1\EWARM\Saoviet_VendingMachine_Shrimp_ver_1\List\Saoviet_VendingMachine_Shrimp_ver_1.map
#        --config
#        D:\Saoviet_Bitbucket\Saoviet_Vending_Machine\Saoviet_VendingMachine_Shrimp_ver_1_1\EWARM/stm32f405xx_flash.icf
#        --semihosting --entry __iar_program_start --vfe --text_out locale)
#
###############################################################################

*******************************************************************************
*** RUNTIME MODEL ATTRIBUTES
***

CppFlavor       = *
__SystemLibrary = DLib
__dlib_version  = 6


*******************************************************************************
*** HEAP SELECTION
***

The basic heap was selected because no calls to memory allocation
functions were found in the application outside of system library
functions, and there are calls to deallocation functions in the
application.


*******************************************************************************
*** PLACEMENT SUMMARY
***

"A0":  place at address 0x800'0000 { ro section .intvec };
"P1":  place in [from 0x800'0000 to 0x80f'ffff] { ro };
define block CSTACK with size = 1K, alignment = 8 { };
define block HEAP with size = 512, alignment = 8 { };
"P2":  place in [from 0x2000'0000 to 0x2001'ffff] {
          rw, block CSTACK, block HEAP };
initialize by copy { rw };

  Section            Kind         Address      Size  Object
  -------            ----         -------      ----  ------
"A0":                                         0x188
  .intvec            ro code   0x800'0000     0x188  startup_stm32f405xx.o [1]
                             - 0x800'0188     0x188

"P1":                                      0x1'1d77
  .text              ro code   0x800'0188    0x2178  user_at_serial.o [1]
  .text              ro code   0x800'2300     0x1d4  user_modem.o [1]
  .text              ro code   0x800'24d4     0x56c  user_util.o [1]
  .text              ro code   0x800'2a40     0x1fc  user_modem_init.o [1]
  .text              ro code   0x800'2c3c     0x374  user_app_comm.o [1]
  .text              ro code   0x800'2fb0      0x66  ABImemset.o [4]
  .text              ro code   0x800'3016      0x3a  zero_init3.o [4]
  .text              ro code   0x800'3050      0xa6  ABImemcpy.o [4]
  .text              ro code   0x800'30f6      0x54  event_driven.o [1]
  .text              ro code   0x800'314c     0x1e4  user_time.o [1]
  .text              ro code   0x800'3330     0x744  stm32f4xx_hal_rtc.o [1]
  .text              ro code   0x800'3a74     0x56c  user_app_mem.o [1]
  .text              ro code   0x800'3fe0     0x1e6  user_string.o [1]
  .text              ro code   0x800'41c8    0x1cdc  user_app_pc_box.o [1]
  .text              ro code   0x800'5ea4    0x143c  user_app_delivery.o [1]
  .text              ro code   0x800'72e0     0x462  user_convert_variable.o [1]
  .text              ro code   0x800'7744     0x6cc  user_app_temperature.o [1]
  .text              ro code   0x800'7e10     0x3c0  user_app_electric.o [1]
  .text              ro code   0x800'81d0     0x894  user_app_relay.o [1]
  .text              ro code   0x800'8a64     0x468  stm32f4xx_hal_gpio.o [1]
  .text              ro code   0x800'8ecc     0xa80  stm32f4xx_hal_uart.o [1]
  .text              ro code   0x800'994c     0x168  user_uart.o [1]
  .text              ro code   0x800'9ab4     0x370  usart.o [1]
  .text              ro code   0x800'9e24     0x230  I64DivMod.o [4]
  .text              ro code   0x800'a054      0x36  strlen.o [4]
  .text              ro code   0x800'a08c     0xce0  user_external_flash.o [1]
  .text              ro code   0x800'ad6c      0x28  stm32f4xx_hal.o [1]
  .text              ro code   0x800'ad94     0x3c4  user_timer.o [1]
  .text              ro code   0x800'b158      0x24  user_lpm.o [1]
  .text              ro code   0x800'b17c     0x210  user_comm_vending_machine.o [1]
  .text              ro code   0x800'b38c       0xc  stm32f4xx_hal.o [1]
  .text              ro code   0x800'b398      0x14  memset.o [4]
  .text              ro code   0x800'b3ac      0x50  rtc.o [1]
  .text              ro code   0x800'b3fc     0x374  user_rtc.o [1]
  .text              ro code   0x800'b770       0x2  stm32f4xx_hal_rtc_ex.o [1]
  .text              ro code   0x800'b774      0xc4  spi.o [1]
  .text              ro code   0x800'b838     0x164  queue_p.o [1]
  .text              ro code   0x800'b99c      0x6a  stm32f4xx_hal_iwdg.o [1]
  .text              ro code   0x800'ba08     0x538  stm32f4xx_hal_tim.o [1]
  .text              ro code   0x800'bf40     0x592  stm32f4xx_hal_adc.o [1]
  .text              ro code   0x800'c4d4      0x48  FltToDbl.o [3]
  .text              ro code   0x800'c51c     0x17a  DblAdd.o [3]
  .text              ro code   0x800'c698      0x68  DblToFlt.o [3]
  .text              ro code   0x800'c700      0x12  math_wrappers64.o [3]
  .text              ro code   0x800'c714     0x1a2  DblMul.o [3]
  .text              ro code   0x800'c8b8      0x3a  DblToS32.o [3]
  .text              ro code   0x800'c8f4     0x2fc  user_irq_input.o [1]
  .text              ro code   0x800'cbf0     0x5c8  stm32f4xx_hal_dma.o [1]
  .text              ro code   0x800'd1b8       0x2  stm32f4xx_hal_uart.o [1]
  .text              ro code   0x800'd1bc     0x22c  stm32f4xx_hal_rcc.o [1]
  .text              ro code   0x800'd3e8      0xf0  main.o [1]
  .text              ro code   0x800'd4d8     0x190  stm32f4xx_hal_cortex.o [1]
  .text              ro code   0x800'd668       0x2  I64DivZer.o [4]
  .text              ro code   0x800'd66c      0x96  S25FL216K.o [1]
  .text              ro code   0x800'd704     0x44c  stm32f4xx_hal_spi.o [1]
  .text              ro code   0x800'db50      0x54  stm32f4xx_hal.o [1]
  .text              ro code   0x800'dba4     0x228  user_app_door_sensor.o [1]
  .text              ro code   0x800'ddcc     0x294  user_app_vib_sensor.o [1]
  .text              ro code   0x800'e060     0x460  user_app_rs485.o [1]
  .text              ro code   0x800'e4c0      0xd2  onchipflash.o [1]
  .text              ro code   0x800'e594     0x160  stm32f4xx_hal_rcc_ex.o [1]
  .text              ro code   0x800'e6f4      0x60  stm32f4xx_hal_rtc_ex.o [1]
  .text              ro code   0x800'e754     0x110  tim.o [1]
  .text              ro code   0x800'e864     0x1a8  adc.o [1]
  .text              ro code   0x800'ea0c       0x2  stm32f4xx_hal_adc.o [1]
  .text              ro code   0x800'ea0e       0x2  stm32f4xx_hal_adc.o [1]
  .text              ro code   0x800'ea10       0x2  stm32f4xx_hal_adc.o [1]
  .text              ro code   0x800'ea14      0xe2  DblSub.o [3]
  .text              ro code   0x800'eaf8     0x31c  logx64.o [3]
  .text              ro code   0x800'ee14      0x4c  stm32f4xx_hal.o [1]
  .text              ro code   0x800'ee60     0x2b0  gpio.o [1]
  .text              ro code   0x800'f110      0x78  dma.o [1]
  .text              ro code   0x800'f188      0x28  iwdg.o [1]
  .text              ro code   0x800'f1b0     0x3ec  stm32f4xx_hal_rcc.o [1]
  .text              ro code   0x800'f59c      0x40  stm32f4xx_hal_msp.o [1]
  .text              ro code   0x800'f5dc      0xd8  user_modbus_rtu.o [1]
  .text              ro code   0x800'f6b4     0x214  stm32f4xx_hal_flash.o [1]
  .text              ro code   0x800'f8c8     0x190  stm32f4xx_hal_flash_ex.o [1]
  .text              ro code   0x800'fa58      0xac  stm32f4xx_hal_tim_ex.o [1]
  .text              ro code   0x800'fb04      0x70  frexp.o [3]
  .text              ro code   0x800'fb74      0x2e  DblCmpLe.o [3]
  .text              ro code   0x800'fba4     0x246  DblDiv.o [3]
  .text              ro code   0x800'fdec      0x22  S32ToDbl.o [3]
  .rodata            const     0x800'fe10     0x5c0  user_at_serial.o [1]
  .text              ro code   0x801'03d0     0x1fc  user_log.o [1]
  .text              ro code   0x801'05cc     0x124  stm32f4xx_it.o [1]
  .text              ro code   0x801'06f0      0x18  stm32f4xx_hal.o [1]
  .text              ro code   0x801'0708      0x78  lz77_init_single.o [4]
  .rodata            const     0x801'0780      0x30  user_app_delivery.o [1]
  .rodata            const     0x801'07b0      0x2c  user_app_delivery.o [1]
  .rodata            const     0x801'07dc      0x2c  user_app_delivery.o [1]
  .rodata            const     0x801'0808      0x2c  user_app_delivery.o [1]
  .rodata            const     0x801'0834      0x2c  user_app_delivery.o [1]
  .rodata            const     0x801'0860      0x2c  user_rtc.o [1]
  .rodata            const     0x801'088c      0x28  user_app_delivery.o [1]
  .rodata            const     0x801'08b4      0x28  user_app_delivery.o [1]
  .rodata            const     0x801'08dc      0x28  user_external_flash.o [1]
  .rodata            const     0x801'0904      0x28  user_external_flash.o [1]
  .rodata            const     0x801'092c      0x28  user_external_flash.o [1]
  .rodata            const     0x801'0954      0x28  user_external_flash.o [1]
  .rodata            const     0x801'097c      0x28  user_external_flash.o [1]
  .rodata            const     0x801'09a4      0x28  user_external_flash.o [1]
  .text              ro code   0x801'09cc      0x28  data_init.o [4]
  .rodata            const     0x801'09f4      0x24  user_app_delivery.o [1]
  .rodata            const     0x801'0a18      0x24  user_app_mem.o [1]
  .rodata            const     0x801'0a3c      0x24  user_app_mem.o [1]
  .rodata            const     0x801'0a60      0x24  user_app_mem.o [1]
  .rodata            const     0x801'0a84      0x24  user_app_mem.o [1]
  .rodata            const     0x801'0aa8      0x24  user_app_mem.o [1]
  .rodata            const     0x801'0acc      0x24  user_app_mem.o [1]
  .rodata            const     0x801'0af0      0x24  user_app_mem.o [1]
  .rodata            const     0x801'0b14      0x24  user_external_flash.o [1]
  .rodata            const     0x801'0b38      0x24  user_external_flash.o [1]
  .text              ro code   0x801'0b5c      0x22  fpinit_M.o [3]
  .iar.init_table    const     0x801'0b80      0x20  - Linker created -
  .rodata            const     0x801'0ba0      0x20  user_app_comm.o [1]
  .rodata            const     0x801'0bc0      0x20  user_app_comm.o [1]
  .rodata            const     0x801'0be0      0x20  user_app_delivery.o [1]
  .rodata            const     0x801'0c00      0x20  user_app_electric.o [1]
  .rodata            const     0x801'0c20      0x20  user_app_mem.o [1]
  .rodata            const     0x801'0c40      0x20  user_at_serial.o [1]
  .rodata            const     0x801'0c60      0x20  user_modem.o [1]
  .text              ro code   0x801'0c80      0x1e  cmain.o [4]
  .text              ro code   0x801'0c9e       0x4  low_level_init.o [2]
  .text              ro code   0x801'0ca2       0x4  exit.o [2]
  .text              ro code   0x801'0ca8       0xa  cexit.o [4]
  .text              ro code   0x801'0cb4      0x14  exit.o [5]
  .rodata            const     0x801'0cc8      0x1c  user_app_comm.o [1]
  .rodata            const     0x801'0ce4      0x1c  user_app_comm.o [1]
  .rodata            const     0x801'0d00      0x1c  user_app_comm.o [1]
  .rodata            const     0x801'0d1c      0x1c  user_app_delivery.o [1]
  .rodata            const     0x801'0d38      0x1c  user_app_delivery.o [1]
  .rodata            const     0x801'0d54      0x1c  user_app_delivery.o [1]
  .rodata            const     0x801'0d70      0x1c  user_app_door_sensor.o [1]
  .rodata            const     0x801'0d8c      0x1c  user_app_pc_box.o [1]
  .rodata            const     0x801'0da8      0x1c  user_app_relay.o [1]
  .rodata            const     0x801'0dc4      0x1c  user_app_relay.o [1]
  .rodata            const     0x801'0de0      0x1c  user_external_flash.o [1]
  .rodata            const     0x801'0dfc      0x1c  user_external_flash.o [1]
  .rodata            const     0x801'0e18      0x1c  user_external_flash.o [1]
  .rodata            const     0x801'0e34      0x18  user_app_delivery.o [1]
  .rodata            const     0x801'0e4c      0x18  user_app_delivery.o [1]
  .rodata            const     0x801'0e64      0x18  user_app_delivery.o [1]
  .rodata            const     0x801'0e7c      0x18  user_app_electric.o [1]
  .rodata            const     0x801'0e94      0x18  user_app_electric.o [1]
  .rodata            const     0x801'0eac      0x18  user_app_pc_box.o [1]
  .rodata            const     0x801'0ec4      0x18  user_app_pc_box.o [1]
  .rodata            const     0x801'0edc      0x18  user_app_pc_box.o [1]
  .rodata            const     0x801'0ef4      0x18  user_app_temperature.o [1]
  .rodata            const     0x801'0f0c      0x18  user_app_vib_sensor.o [1]
  .rodata            const     0x801'0f24      0x18  user_at_serial.o [1]
  .rodata            const     0x801'0f3c      0x18  user_at_serial.o [1]
  .rodata            const     0x801'0f54      0x18  user_external_flash.o [1]
  .rodata            const     0x801'0f6c      0x14  user_app_comm.o [1]
  .rodata            const     0x801'0f80      0x14  user_app_delivery.o [1]
  .rodata            const     0x801'0f94      0x14  user_app_delivery.o [1]
  .rodata            const     0x801'0fa8      0x14  user_app_delivery.o [1]
  .rodata            const     0x801'0fbc      0x14  user_app_delivery.o [1]
  .rodata            const     0x801'0fd0      0x14  user_app_delivery.o [1]
  .rodata            const     0x801'0fe4      0x14  user_app_delivery.o [1]
  .rodata            const     0x801'0ff8      0x14  user_app_electric.o [1]
  .rodata            const     0x801'100c      0x14  user_app_pc_box.o [1]
  .rodata            const     0x801'1020      0x14  user_app_pc_box.o [1]
  .rodata            const     0x801'1034      0x14  user_at_serial.o [1]
  .rodata            const     0x801'1048      0x14  user_at_serial.o [1]
  .rodata            const     0x801'105c      0x14  user_at_serial.o [1]
  .rodata            const     0x801'1070      0x14  user_at_serial.o [1]
  .rodata            const     0x801'1084      0x14  user_at_serial.o [1]
  .rodata            const     0x801'1098      0x14  user_at_serial.o [1]
  .rodata            const     0x801'10ac      0x14  user_at_serial.o [1]
  .rodata            const     0x801'10c0      0x14  user_at_serial.o [1]
  .rodata            const     0x801'10d4      0x14  user_at_serial.o [1]
  .rodata            const     0x801'10e8      0x14  user_at_serial.o [1]
  .rodata            const     0x801'10fc      0x14  user_at_serial.o [1]
  .rodata            const     0x801'1110      0x14  user_external_flash.o [1]
  .rodata            const     0x801'1124      0x14  user_external_flash.o [1]
  .rodata            const     0x801'1138      0x14  user_external_flash.o [1]
  .rodata            const     0x801'114c      0x14  user_external_flash.o [1]
  .rodata            const     0x801'1160      0x14  user_external_flash.o [1]
  .rodata            const     0x801'1174      0x14  user_modem.o [1]
  .rodata            const     0x801'1188      0x10  system_stm32f4xx.o [1]
  .rodata            const     0x801'1198      0x10  user_app_delivery.o [1]
  .rodata            const     0x801'11a8      0x10  user_app_pc_box.o [1]
  .rodata            const     0x801'11b8      0x10  user_app_relay.o [1]
  .rodata            const     0x801'11c8      0x10  user_app_relay.o [1]
  .rodata            const     0x801'11d8      0x10  user_at_serial.o [1]
  .rodata            const     0x801'11e8      0x10  user_at_serial.o [1]
  .rodata            const     0x801'11f8      0x10  user_at_serial.o [1]
  .rodata            const     0x801'1208      0x10  user_at_serial.o [1]
  .rodata            const     0x801'1218      0x10  user_at_serial.o [1]
  .rodata            const     0x801'1228      0x10  user_at_serial.o [1]
  .rodata            const     0x801'1238      0x10  user_at_serial.o [1]
  .rodata            const     0x801'1248      0x10  user_at_serial.o [1]
  .rodata            const     0x801'1258      0x10  user_at_serial.o [1]
  .rodata            const     0x801'1268      0x10  user_at_serial.o [1]
  .rodata            const     0x801'1278      0x10  user_at_serial.o [1]
  .rodata            const     0x801'1288      0x10  user_at_serial.o [1]
  .rodata            const     0x801'1298      0x10  user_at_serial.o [1]
  .rodata            const     0x801'12a8      0x10  user_at_serial.o [1]
  .rodata            const     0x801'12b8      0x10  user_at_serial.o [1]
  .rodata            const     0x801'12c8      0x10  user_at_serial.o [1]
  .rodata            const     0x801'12d8      0x10  user_at_serial.o [1]
  .rodata            const     0x801'12e8      0x10  user_at_serial.o [1]
  .rodata            const     0x801'12f8      0x10  user_at_serial.o [1]
  .rodata            const     0x801'1308      0x10  user_at_serial.o [1]
  .rodata            const     0x801'1318      0x10  user_at_serial.o [1]
  .rodata            const     0x801'1328      0x10  user_at_serial.o [1]
  .rodata            const     0x801'1338      0x10  user_at_serial.o [1]
  .rodata            const     0x801'1348      0x10  user_at_serial.o [1]
  .rodata            const     0x801'1358      0x10  user_at_serial.o [1]
  .rodata            const     0x801'1368      0x10  user_at_serial.o [1]
  .rodata            const     0x801'1378      0x10  user_at_serial.o [1]
  .rodata            const     0x801'1388      0x10  user_at_serial.o [1]
  .rodata            const     0x801'1398      0x10  user_at_serial.o [1]
  .rodata            const     0x801'13a8      0x10  user_at_serial.o [1]
  .rodata            const     0x801'13b8      0x10  user_at_serial.o [1]
  .rodata            const     0x801'13c8      0x10  user_at_serial.o [1]
  .rodata            const     0x801'13d8      0x10  user_at_serial.o [1]
  .rodata            const     0x801'13e8      0x10  user_at_serial.o [1]
  .rodata            const     0x801'13f8      0x10  user_at_serial.o [1]
  .rodata            const     0x801'1408      0x10  user_at_serial.o [1]
  .rodata            const     0x801'1418      0x10  user_at_serial.o [1]
  .rodata            const     0x801'1428      0x10  user_at_serial.o [1]
  .rodata            const     0x801'1438      0x10  user_at_serial.o [1]
  .rodata            const     0x801'1448      0x10  user_at_serial.o [1]
  .rodata            const     0x801'1458      0x10  user_at_serial.o [1]
  .rodata            const     0x801'1468      0x10  user_at_serial.o [1]
  .rodata            const     0x801'1478      0x10  user_at_serial.o [1]
  .rodata            const     0x801'1488      0x10  user_at_serial.o [1]
  .rodata            const     0x801'1498      0x10  user_at_serial.o [1]
  .rodata            const     0x801'14a8      0x10  user_at_serial.o [1]
  .rodata            const     0x801'14b8      0x10  user_at_serial.o [1]
  .rodata            const     0x801'14c8      0x10  user_at_serial.o [1]
  .rodata            const     0x801'14d8      0x10  user_at_serial.o [1]
  .rodata            const     0x801'14e8      0x10  user_at_serial.o [1]
  .rodata            const     0x801'14f8      0x10  user_at_serial.o [1]
  .rodata            const     0x801'1508      0x10  user_at_serial.o [1]
  .rodata            const     0x801'1518      0x10  user_at_serial.o [1]
  .rodata            const     0x801'1528      0x10  user_at_serial.o [1]
  .rodata            const     0x801'1538      0x10  user_at_serial.o [1]
  .rodata            const     0x801'1548      0x10  user_at_serial.o [1]
  .rodata            const     0x801'1558      0x10  user_at_serial.o [1]
  .rodata            const     0x801'1568      0x10  user_at_serial.o [1]
  .rodata            const     0x801'1578      0x10  user_at_serial.o [1]
  .rodata            const     0x801'1588      0x10  user_at_serial.o [1]
  .rodata            const     0x801'1598      0x10  user_at_serial.o [1]
  .rodata            const     0x801'15a8      0x10  user_at_serial.o [1]
  .rodata            const     0x801'15b8      0x10  user_at_serial.o [1]
  .rodata            const     0x801'15c8      0x10  user_external_flash.o [1]
  .rodata            const     0x801'15d8      0x10  user_external_flash.o [1]
  .rodata            const     0x801'15e8      0x10  user_external_flash.o [1]
  .rodata            const     0x801'15f8      0x10  user_external_flash.o [1]
  .text              ro code   0x801'1608      0x10  startup_stm32f405xx.o [1]
  .text              ro code   0x801'1618      0x10  system_stm32f4xx.o [1]
  .rodata            const     0x801'1628       0xc  user_app_delivery.o [1]
  .rodata            const     0x801'1634       0xc  user_app_delivery.o [1]
  .rodata            const     0x801'1640       0xc  user_app_delivery.o [1]
  .rodata            const     0x801'164c       0xc  user_app_pc_box.o [1]
  .rodata            const     0x801'1658       0xc  user_app_pc_box.o [1]
  .rodata            const     0x801'1664       0xc  user_app_pc_box.o [1]
  .rodata            const     0x801'1670       0xc  user_app_relay.o [1]
  .rodata            const     0x801'167c       0xc  user_app_temperature.o [1]
  .rodata            const     0x801'1688       0xc  user_app_temperature.o [1]
  .rodata            const     0x801'1694       0xc  user_at_serial.o [1]
  .rodata            const     0x801'16a0       0xc  user_at_serial.o [1]
  .rodata            const     0x801'16ac       0xc  user_at_serial.o [1]
  .rodata            const     0x801'16b8       0xc  user_at_serial.o [1]
  .rodata            const     0x801'16c4       0xc  user_at_serial.o [1]
  .rodata            const     0x801'16d0       0xc  user_at_serial.o [1]
  .rodata            const     0x801'16dc       0xc  user_at_serial.o [1]
  .rodata            const     0x801'16e8       0xc  user_at_serial.o [1]
  .rodata            const     0x801'16f4       0xc  user_at_serial.o [1]
  .rodata            const     0x801'1700       0xc  user_at_serial.o [1]
  .rodata            const     0x801'170c       0xc  user_at_serial.o [1]
  .rodata            const     0x801'1718       0xc  user_at_serial.o [1]
  .rodata            const     0x801'1724       0xc  user_at_serial.o [1]
  .rodata            const     0x801'1730       0xc  user_at_serial.o [1]
  .rodata            const     0x801'173c       0xc  user_at_serial.o [1]
  .rodata            const     0x801'1748       0xc  user_at_serial.o [1]
  .rodata            const     0x801'1754       0xc  user_at_serial.o [1]
  .rodata            const     0x801'1760       0xc  user_at_serial.o [1]
  .rodata            const     0x801'176c       0xc  user_at_serial.o [1]
  .rodata            const     0x801'1778       0xc  user_at_serial.o [1]
  .rodata            const     0x801'1784       0xc  user_at_serial.o [1]
  .rodata            const     0x801'1790       0xc  user_at_serial.o [1]
  .rodata            const     0x801'179c       0xc  user_at_serial.o [1]
  .rodata            const     0x801'17a8       0xc  user_at_serial.o [1]
  .rodata            const     0x801'17b4       0xc  user_at_serial.o [1]
  .rodata            const     0x801'17c0       0xc  user_at_serial.o [1]
  .rodata            const     0x801'17cc       0xc  user_at_serial.o [1]
  .rodata            const     0x801'17d8       0xc  user_at_serial.o [1]
  .rodata            const     0x801'17e4       0xc  user_at_serial.o [1]
  .rodata            const     0x801'17f0       0xc  user_at_serial.o [1]
  .rodata            const     0x801'17fc       0xc  user_at_serial.o [1]
  .rodata            const     0x801'1808       0xc  user_at_serial.o [1]
  .rodata            const     0x801'1814       0xc  user_at_serial.o [1]
  .rodata            const     0x801'1820       0xc  user_at_serial.o [1]
  .rodata            const     0x801'182c       0xc  user_at_serial.o [1]
  .rodata            const     0x801'1838       0xc  user_at_serial.o [1]
  .rodata            const     0x801'1844       0xc  user_at_serial.o [1]
  .rodata            const     0x801'1850       0xc  user_at_serial.o [1]
  .rodata            const     0x801'185c       0xc  user_at_serial.o [1]
  .rodata            const     0x801'1868       0xc  user_at_serial.o [1]
  .rodata            const     0x801'1874       0xc  user_at_serial.o [1]
  .rodata            const     0x801'1880       0xc  user_rtc.o [1]
  .rodata            const     0x801'188c       0xc  user_rtc.o [1]
  .text              ro code   0x801'1898       0xc  cstartup_M.o [4]
  .rodata            const     0x801'18a4       0x8  stm32f4xx_hal_dma.o [1]
  .rodata            const     0x801'18ac       0x8  system_stm32f4xx.o [1]
  .rodata            const     0x801'18b4       0x8  user_app_delivery.o [1]
  .rodata            const     0x801'18bc       0x8  user_app_door_sensor.o [1]
  .rodata            const     0x801'18c4       0x8  user_app_door_sensor.o [1]
  .rodata            const     0x801'18cc       0x8  user_app_electric.o [1]
  .rodata            const     0x801'18d4       0x8  user_app_electric.o [1]
  .rodata            const     0x801'18dc       0x8  user_app_electric.o [1]
  .rodata            const     0x801'18e4       0x8  user_app_mem.o [1]
  .rodata            const     0x801'18ec       0x8  user_app_pc_box.o [1]
  .rodata            const     0x801'18f4       0x8  user_app_pc_box.o [1]
  .rodata            const     0x801'18fc       0x8  user_app_pc_box.o [1]
  .rodata            const     0x801'1904       0x8  user_app_relay.o [1]
  .rodata            const     0x801'190c       0x8  user_app_relay.o [1]
  .rodata            const     0x801'1914       0x8  user_app_relay.o [1]
  .rodata            const     0x801'191c       0x8  user_app_relay.o [1]
  .rodata            const     0x801'1924       0x8  user_app_relay.o [1]
  .rodata            const     0x801'192c       0x8  user_app_rs485.o [1]
  .rodata            const     0x801'1934       0x8  user_at_serial.o [1]
  .rodata            const     0x801'193c       0x8  user_at_serial.o [1]
  .rodata            const     0x801'1944       0x8  user_at_serial.o [1]
  .rodata            const     0x801'194c       0x8  user_at_serial.o [1]
  .rodata            const     0x801'1954       0x8  user_at_serial.o [1]
  .rodata            const     0x801'195c       0x8  user_at_serial.o [1]
  .rodata            const     0x801'1964       0x8  user_at_serial.o [1]
  .rodata            const     0x801'196c       0x8  user_at_serial.o [1]
  .rodata            const     0x801'1974       0x8  user_at_serial.o [1]
  .rodata            const     0x801'197c       0x8  user_at_serial.o [1]
  .rodata            const     0x801'1984       0x8  user_at_serial.o [1]
  .rodata            const     0x801'198c       0x8  user_at_serial.o [1]
  .rodata            const     0x801'1994       0x8  user_at_serial.o [1]
  .rodata            const     0x801'199c       0x8  user_at_serial.o [1]
  .rodata            const     0x801'19a4       0x8  user_at_serial.o [1]
  .rodata            const     0x801'19ac       0x8  user_at_serial.o [1]
  .rodata            const     0x801'19b4       0x8  user_at_serial.o [1]
  .rodata            const     0x801'19bc       0x8  user_at_serial.o [1]
  .rodata            const     0x801'19c4       0x8  user_at_serial.o [1]
  .rodata            const     0x801'19cc       0x8  user_at_serial.o [1]
  .rodata            const     0x801'19d4       0x8  user_at_serial.o [1]
  .rodata            const     0x801'19dc       0x8  user_at_serial.o [1]
  .rodata            const     0x801'19e4       0x8  user_log.o [1]
  .rodata            const     0x801'19ec       0x8  user_util.o [1]
  .rodata            const     0x801'19f4       0x8  user_util.o [1]
  .rodata            const     0x801'19fc       0x8  user_util.o [1]
  .text              ro code   0x801'1a04       0x4  startup_stm32f405xx.o [1]
  .text              ro code   0x801'1a08       0x4  startup_stm32f405xx.o [1]
  .text              ro code   0x801'1a0c       0x4  startup_stm32f405xx.o [1]
  .text              ro code   0x801'1a10       0x4  startup_stm32f405xx.o [1]
  .text              ro code   0x801'1a14       0x4  startup_stm32f405xx.o [1]
  .text              ro code   0x801'1a18       0x4  startup_stm32f405xx.o [1]
  .text              ro code   0x801'1a1c       0x4  startup_stm32f405xx.o [1]
  .text              ro code   0x801'1a20       0x4  startup_stm32f405xx.o [1]
  .text              ro code   0x801'1a24       0x4  startup_stm32f405xx.o [1]
  .text              ro code   0x801'1a28       0x4  startup_stm32f405xx.o [1]
  .text              ro code   0x801'1a2c       0x4  startup_stm32f405xx.o [1]
  .text              ro code   0x801'1a30       0x4  startup_stm32f405xx.o [1]
  .text              ro code   0x801'1a34       0x4  startup_stm32f405xx.o [1]
  .text              ro code   0x801'1a38       0x4  startup_stm32f405xx.o [1]
  .text              ro code   0x801'1a3c       0x4  startup_stm32f405xx.o [1]
  .text              ro code   0x801'1a40       0x4  startup_stm32f405xx.o [1]
  .text              ro code   0x801'1a44       0x4  startup_stm32f405xx.o [1]
  .text              ro code   0x801'1a48       0x4  startup_stm32f405xx.o [1]
  .text              ro code   0x801'1a4c       0x4  startup_stm32f405xx.o [1]
  .text              ro code   0x801'1a50       0x4  startup_stm32f405xx.o [1]
  .text              ro code   0x801'1a54       0x4  startup_stm32f405xx.o [1]
  .text              ro code   0x801'1a58       0x4  startup_stm32f405xx.o [1]
  .text              ro code   0x801'1a5c       0x4  startup_stm32f405xx.o [1]
  .text              ro code   0x801'1a60       0x4  startup_stm32f405xx.o [1]
  .text              ro code   0x801'1a64       0x4  startup_stm32f405xx.o [1]
  .text              ro code   0x801'1a68       0x4  startup_stm32f405xx.o [1]
  .text              ro code   0x801'1a6c       0x4  startup_stm32f405xx.o [1]
  .text              ro code   0x801'1a70       0x4  startup_stm32f405xx.o [1]
  .text              ro code   0x801'1a74       0x4  startup_stm32f405xx.o [1]
  .text              ro code   0x801'1a78       0x4  startup_stm32f405xx.o [1]
  .text              ro code   0x801'1a7c       0x4  startup_stm32f405xx.o [1]
  .text              ro code   0x801'1a80       0x4  startup_stm32f405xx.o [1]
  .text              ro code   0x801'1a84       0x4  startup_stm32f405xx.o [1]
  .text              ro code   0x801'1a88       0x4  startup_stm32f405xx.o [1]
  .text              ro code   0x801'1a8c       0x4  startup_stm32f405xx.o [1]
  .text              ro code   0x801'1a90       0x4  startup_stm32f405xx.o [1]
  .text              ro code   0x801'1a94       0x4  startup_stm32f405xx.o [1]
  .text              ro code   0x801'1a98       0x4  startup_stm32f405xx.o [1]
  .text              ro code   0x801'1a9c       0x4  startup_stm32f405xx.o [1]
  .text              ro code   0x801'1aa0       0x4  startup_stm32f405xx.o [1]
  .text              ro code   0x801'1aa4       0x4  startup_stm32f405xx.o [1]
  .text              ro code   0x801'1aa8       0x4  startup_stm32f405xx.o [1]
  .text              ro code   0x801'1aac       0x4  startup_stm32f405xx.o [1]
  .text              ro code   0x801'1ab0       0x4  startup_stm32f405xx.o [1]
  .text              ro code   0x801'1ab4       0x4  startup_stm32f405xx.o [1]
  .text              ro code   0x801'1ab8       0x4  startup_stm32f405xx.o [1]
  .text              ro code   0x801'1abc       0x4  startup_stm32f405xx.o [1]
  .text              ro code   0x801'1ac0       0x4  startup_stm32f405xx.o [1]
  .text              ro code   0x801'1ac4       0x4  startup_stm32f405xx.o [1]
  .text              ro code   0x801'1ac8       0x4  startup_stm32f405xx.o [1]
  .text              ro code   0x801'1acc       0x4  startup_stm32f405xx.o [1]
  .text              ro code   0x801'1ad0       0x4  startup_stm32f405xx.o [1]
  .text              ro code   0x801'1ad4       0x4  startup_stm32f405xx.o [1]
  .text              ro code   0x801'1ad8       0x4  startup_stm32f405xx.o [1]
  .text              ro code   0x801'1adc       0x4  startup_stm32f405xx.o [1]
  .text              ro code   0x801'1ae0       0x4  startup_stm32f405xx.o [1]
  .text              ro code   0x801'1ae4       0x4  startup_stm32f405xx.o [1]
  .text              ro code   0x801'1ae8       0x4  startup_stm32f405xx.o [1]
  .text              ro code   0x801'1aec       0x4  startup_stm32f405xx.o [1]
  .text              ro code   0x801'1af0       0x4  startup_stm32f405xx.o [1]
  .text              ro code   0x801'1af4       0x4  startup_stm32f405xx.o [1]
  .text              ro code   0x801'1af8       0x4  startup_stm32f405xx.o [1]
  .text              ro code   0x801'1afc       0x4  startup_stm32f405xx.o [1]
  .rodata            const     0x801'1b00       0x0  zero_init3.o [4]
  .rodata            const     0x801'1b00       0x0  lz77_init_single.o [4]
  Initializer bytes  const     0x801'1b00     0x3ff  <for P2-1>
                             - 0x801'1eff  0x1'1d77

"P2", part 1 of 3:                            0x9a7
  P2-1                        0x2000'0000     0x9a7  <Init block>
    .data            inited   0x2000'0000       0x4  stm32f4xx_hal.o [1]
    .data            inited   0x2000'0004       0x4  system_stm32f4xx.o [1]
    .data            inited   0x2000'0008      0x70  user_app_comm.o [1]
    .data            inited   0x2000'0078       0x8  user_app_comm.o [1]
    .data            inited   0x2000'0080     0x140  user_app_delivery.o [1]
    .data            inited   0x2000'01c0      0x28  user_app_delivery.o [1]
    .data            inited   0x2000'01e8      0x60  user_app_door_sensor.o [1]
    .data            inited   0x2000'0248      0x40  user_app_electric.o [1]
    .data            inited   0x2000'0288      0x14  user_app_electric.o [1]
    .data            inited   0x2000'029c      0x38  user_app_mem.o [1]
    .data            inited   0x2000'02d4      0x38  user_app_mem.o [1]
    .data            inited   0x2000'030c      0x38  user_app_mem.o [1]
    .data            inited   0x2000'0344      0x80  user_app_mem.o [1]
    .data            inited   0x2000'03c4      0xe0  user_app_pc_box.o [1]
    .data            inited   0x2000'04a4       0x8  user_app_pc_box.o [1]
    .data            inited   0x2000'04ac       0x8  user_app_pc_box.o [1]
    .data            inited   0x2000'04b4      0x80  user_app_relay.o [1]
    .data            inited   0x2000'0534      0x1c  user_app_relay.o [1]
    .data            inited   0x2000'0550      0x10  user_app_relay.o [1]
    .data            inited   0x2000'0560       0xc  user_app_relay.o [1]
    .data            inited   0x2000'056c      0x50  user_app_rs485.o [1]
    .data            inited   0x2000'05bc      0x90  user_app_temperature.o [1]
    .data            inited   0x2000'064c       0x4  user_app_temperature.o [1]
    .data            inited   0x2000'0650      0x50  user_app_vib_sensor.o [1]
    .data            inited   0x2000'06a0      0x40  user_external_flash.o [1]
    .data            inited   0x2000'06e0      0xb4  user_external_flash.o [1]
    .data            inited   0x2000'0794      0x10  user_external_flash.o [1]
    .data            inited   0x2000'07a4      0x14  user_external_flash.o [1]
    .data            inited   0x2000'07b8       0x4  user_external_flash.o [1]
    .data            inited   0x2000'07bc      0x10  user_external_flash.o [1]
    .data            inited   0x2000'07cc     0x140  user_external_flash.o [1]
    .data            inited   0x2000'090c      0x14  user_modem.o [1]
    .data            inited   0x2000'0920      0x4c  user_modem.o [1]
    .data            inited   0x2000'096c       0xc  user_modem.o [1]
    .data            inited   0x2000'0978      0x10  user_modem.o [1]
    .data            inited   0x2000'0988       0x8  user_uart.o [1]
    .data            inited   0x2000'0990       0x8  user_uart.o [1]
    .data            inited   0x2000'0998       0x8  user_uart.o [1]
    .data            inited   0x2000'09a0       0x2  user_app_relay.o [1]
    .data            inited   0x2000'09a2       0x2  user_app_rs485.o [1]
    .data            inited   0x2000'09a4       0x1  stm32f4xx_hal.o [1]
    .data            inited   0x2000'09a5       0x1  user_app_delivery.o [1]
    .data            inited   0x2000'09a6       0x1  user_app_door_sensor.o [1]
                            - 0x2000'09a7     0x9a7

"P2", part 2 of 3:                           0x21c0
  .bss               zero     0x2000'09a8     0x5fc  user_app_pc_box.o [1]
  .bss               zero     0x2000'0fa4     0x5fc  user_app_pc_box.o [1]
  .bss               zero     0x2000'15a0     0x4b0  user_uart.o [1]
  .bss               zero     0x2000'1a50     0x400  user_external_flash.o [1]
  .bss               zero     0x2000'1e50     0x400  user_modem.o [1]
  .bss               zero     0x2000'2250     0x100  user_modem.o [1]
  .bss               zero     0x2000'2350     0x100  user_modem.o [1]
  .bss               zero     0x2000'2450      0x80  user_at_serial.o [1]
  .bss               zero     0x2000'24d0      0x64  user_uart.o [1]
  .bss               zero     0x2000'2534      0x64  user_uart.o [1]
  .bss               zero     0x2000'2598      0x60  adc.o [1]
  .bss               zero     0x2000'25f8      0x60  usart.o [1]
  .bss               zero     0x2000'2658      0x60  usart.o [1]
  .bss               zero     0x2000'26b8      0x60  usart.o [1]
  .bss               zero     0x2000'2718      0x58  spi.o [1]
  .bss               zero     0x2000'2770      0x48  adc.o [1]
  .bss               zero     0x2000'27b8      0x48  tim.o [1]
  .bss               zero     0x2000'2800      0x44  usart.o [1]
  .bss               zero     0x2000'2844      0x44  usart.o [1]
  .bss               zero     0x2000'2888      0x44  usart.o [1]
  .bss               zero     0x2000'28cc      0x34  user_app_pc_box.o [1]
  .bss               zero     0x2000'2900      0x28  user_rtc.o [1]
  .bss               zero     0x2000'2928      0x20  rtc.o [1]
  .bss               zero     0x2000'2948      0x20  stm32f4xx_hal_flash.o [1]
  .bss               zero     0x2000'2968      0x1c  user_rtc.o [1]
  .bss               zero     0x2000'2984      0x18  user_app_comm.o [1]
  .bss               zero     0x2000'299c      0x18  user_app_delivery.o [1]
  .bss               zero     0x2000'29b4      0x18  user_app_pc_box.o [1]
  .bss               zero     0x2000'29cc      0x18  user_app_pc_box.o [1]
  .bss               zero     0x2000'29e4      0x18  user_external_flash.o [1]
  .bss               zero     0x2000'29fc      0x18  user_external_flash.o [1]
  .bss               zero     0x2000'2a14      0x18  user_external_flash.o [1]
  .bss               zero     0x2000'2a2c      0x14  user_app_delivery.o [1]
  .bss               zero     0x2000'2a40      0x10  user_app_delivery.o [1]
  .bss               zero     0x2000'2a50      0x10  user_app_mem.o [1]
  .bss               zero     0x2000'2a60      0x10  user_app_relay.o [1]
  .bss               zero     0x2000'2a70      0x10  user_app_temperature.o [1]
  .bss               zero     0x2000'2a80      0x10  user_app_temperature.o [1]
  .bss               zero     0x2000'2a90       0xc  iwdg.o [1]
  .bss               zero     0x2000'2a9c       0xc  user_app_vib_sensor.o [1]
  .bss               zero     0x2000'2aa8       0xc  user_external_flash.o [1]
  .bss               zero     0x2000'2ab4       0xc  user_modem.o [1]
  .bss               zero     0x2000'2ac0       0xc  user_util.o [1]
  .bss               zero     0x2000'2acc       0x8  user_app_delivery.o [1]
  .bss               zero     0x2000'2ad4       0x8  user_app_pc_box.o [1]
  .bss               zero     0x2000'2adc       0x8  user_app_pc_box.o [1]
  .bss               zero     0x2000'2ae4       0x8  user_app_temperature.o [1]
  .bss               zero     0x2000'2aec       0x8  user_app_temperature.o [1]
  .bss               zero     0x2000'2af4       0x4  stm32f4xx_hal.o [1]
  .bss               zero     0x2000'2af8       0x4  user_app_delivery.o [1]
  .bss               zero     0x2000'2afc       0x4  user_app_delivery.o [1]
  .bss               zero     0x2000'2b00       0x4  user_app_delivery.o [1]
  .bss               zero     0x2000'2b04       0x4  user_app_delivery.o [1]
  .bss               zero     0x2000'2b08       0x4  user_app_delivery.o [1]
  .bss               zero     0x2000'2b0c       0x4  user_app_delivery.o [1]
  .bss               zero     0x2000'2b10       0x4  user_app_door_sensor.o [1]
  .bss               zero     0x2000'2b14       0x4  user_app_vib_sensor.o [1]
  .bss               zero     0x2000'2b18       0x4  user_irq_input.o [1]
  .bss               zero     0x2000'2b1c       0x4  user_irq_input.o [1]
  .bss               zero     0x2000'2b20       0x4  user_irq_input.o [1]
  .bss               zero     0x2000'2b24       0x4  user_lpm.o [1]
  .bss               zero     0x2000'2b28       0x4  user_rtc.o [1]
  .bss               zero     0x2000'2b2c       0x4  user_timer.o [1]
  .bss               zero     0x2000'2b30       0x4  user_util.o [1]
  .bss               zero     0x2000'2b34       0x4  user_util.o [1]
  .bss               zero     0x2000'2b38       0x2  user_app_comm.o [1]
  .bss               zero     0x2000'2b3a       0x2  user_app_pc_box.o [1]
  .bss               zero     0x2000'2b3c       0x2  user_app_rs485.o [1]
  .bss               zero     0x2000'2b3e       0x2  user_app_rs485.o [1]
  .bss               zero     0x2000'2b40       0x2  user_app_temperature.o [1]
  .bss               zero     0x2000'2b42       0x2  user_app_temperature.o [1]
  .bss               zero     0x2000'2b44       0x2  user_external_flash.o [1]
  .bss               zero     0x2000'2b46       0x1  user_app_comm.o [1]
  .bss               zero     0x2000'2b47       0x1  user_app_comm.o [1]
  .bss               zero     0x2000'2b48       0x1  user_app_comm.o [1]
  .bss               zero     0x2000'2b49       0x1  user_app_delivery.o [1]
  .bss               zero     0x2000'2b4a       0x1  user_app_delivery.o [1]
  .bss               zero     0x2000'2b4b       0x1  user_app_delivery.o [1]
  .bss               zero     0x2000'2b4c       0x1  user_app_delivery.o [1]
  .bss               zero     0x2000'2b4d       0x1  user_app_delivery.o [1]
  .bss               zero     0x2000'2b4e       0x1  user_app_delivery.o [1]
  .bss               zero     0x2000'2b4f       0x1  user_app_delivery.o [1]
  .bss               zero     0x2000'2b50       0x1  user_app_door_sensor.o [1]
  .bss               zero     0x2000'2b51       0x1  user_app_mem.o [1]
  .bss               zero     0x2000'2b52       0x1  user_app_pc_box.o [1]
  .bss               zero     0x2000'2b53       0x1  user_app_pc_box.o [1]
  .bss               zero     0x2000'2b54       0x1  user_app_pc_box.o [1]
  .bss               zero     0x2000'2b55       0x1  user_app_relay.o [1]
  .bss               zero     0x2000'2b56       0x1  user_app_relay.o [1]
  .bss               zero     0x2000'2b57       0x1  user_app_rs485.o [1]
  .bss               zero     0x2000'2b58       0x1  user_app_rs485.o [1]
  .bss               zero     0x2000'2b59       0x1  user_app_rs485.o [1]
  .bss               zero     0x2000'2b5a       0x1  user_app_vib_sensor.o [1]
  .bss               zero     0x2000'2b5b       0x1  user_app_vib_sensor.o [1]
  .bss               zero     0x2000'2b5c       0x1  user_at_serial.o [1]
  .bss               zero     0x2000'2b5d       0x1  user_external_flash.o [1]
  .bss               zero     0x2000'2b5e       0x1  user_external_flash.o [1]
  .bss               zero     0x2000'2b5f       0x1  user_external_flash.o [1]
  .bss               zero     0x2000'2b60       0x1  user_lpm.o [1]
  .bss               zero     0x2000'2b61       0x1  user_rtc.o [1]
  .bss               zero     0x2000'2b62       0x1  user_uart.o [1]
  .bss               zero     0x2000'2b63       0x1  user_uart.o [1]
  .bss               zero     0x2000'2b64       0x1  user_uart.o [1]
  .bss               zero     0x2000'2b65       0x1  user_uart.o [1]
                            - 0x2000'2b66    0x21be

"P2", part 3 of 3:                            0x400
  CSTACK                      0x2000'2b68     0x400  <Block>
    CSTACK           uninit   0x2000'2b68     0x400  <Block tail>
                            - 0x2000'2f68     0x400

Unused ranges:

         From           To      Size
         ----           --      ----
   0x801'1eff   0x80f'ffff  0xe'e101
  0x2000'09a7  0x2000'09a7       0x1
  0x2000'2f68  0x2001'ffff  0x1'd098


*******************************************************************************
*** INIT TABLE
***

          Address      Size
          -------      ----
Zero (__iar_zero_init3)
    1 destination range, total size 0x21be:
          0x2000'09a8  0x21be

Copy/lz77 (__iar_lz77_init_single3)
    1 source range, total size 0x3ff (41% of destination):
           0x801'1b00   0x3ff
    1 destination range, total size 0x9a7:
          0x2000'0000   0x9a7



*******************************************************************************
*** MODULE SUMMARY
***

    Module                       ro code  ro data  rw data
    ------                       -------  -------  -------
command line/config:
    ------------------------------------------------------
    Total:

D:\Saoviet_Bitbucket\Saoviet_Vending_Machine\Saoviet_VendingMachine_Shrimp_ver_1_1\EWARM\Saoviet_VendingMachine_Shrimp_ver_1\Obj: [1]
    S25FL216K.o                      150
    adc.o                            424               168
    dma.o                            120
    event_driven.o                    84
    gpio.o                           688
    iwdg.o                            40                12
    main.o                           240
    onchipflash.o                    210
    queue_p.o                        356
    rtc.o                             80                32
    spi.o                            196                88
    startup_stm32f405xx.o            660
    stm32f4xx_hal.o                  236        2        9
    stm32f4xx_hal_adc.o            1'432
    stm32f4xx_hal_cortex.o           400
    stm32f4xx_hal_dma.o            1'480        8
    stm32f4xx_hal_flash.o            532                32
    stm32f4xx_hal_flash_ex.o         400
    stm32f4xx_hal_gpio.o           1'128
    stm32f4xx_hal_iwdg.o             106
    stm32f4xx_hal_msp.o               64
    stm32f4xx_hal_rcc.o            1'560
    stm32f4xx_hal_rcc_ex.o           352
    stm32f4xx_hal_rtc.o            1'860
    stm32f4xx_hal_rtc_ex.o            98
    stm32f4xx_hal_spi.o            1'100
    stm32f4xx_hal_tim.o            1'336
    stm32f4xx_hal_tim_ex.o           172
    stm32f4xx_hal_uart.o           2'690
    stm32f4xx_it.o                   292
    system_stm32f4xx.o                16       26        4
    tim.o                            272                72
    usart.o                          880               492
    user_app_comm.o                  884      217      149
    user_app_delivery.o            5'180      858      460
    user_app_door_sensor.o           552       84      102
    user_app_electric.o              960      159       84
    user_app_mem.o                 1'388      415      313
    user_app_pc_box.o              7'388      315    3'425
    user_app_relay.o               2'196      216      204
    user_app_rs485.o               1'120       42       89
    user_app_temperature.o         1'740      110      200
    user_app_vib_sensor.o            660       57       98
    user_at_serial.o               8'568    3'448      129
    user_comm_vending_machine.o      528
    user_convert_variable.o        1'122
    user_external_flash.o          3'296      840    1'733
    user_irq_input.o                 764                12
    user_log.o                       508        8
    user_lpm.o                        36                 5
    user_modbus_rtu.o                216
    user_modem.o                     468      104    1'672
    user_modem_init.o                508
    user_rtc.o                       884       68       73
    user_string.o                    486
    user_time.o                      484
    user_timer.o                     964                 4
    user_uart.o                      360       10    1'428
    user_util.o                    1'388       24       20
    ------------------------------------------------------
    Total:                        62'302    7'011   11'109

dl7M_tlf.a: [2]
    exit.o                             4
    low_level_init.o                   4
    ------------------------------------------------------
    Total:                             8

m7M_tls.a: [3]
    DblAdd.o                         378
    DblCmpLe.o                        46
    DblDiv.o                         582
    DblMul.o                         418
    DblSub.o                         226
    DblToFlt.o                       104
    DblToS32.o                        58
    FltToDbl.o                        72
    S32ToDbl.o                        34
    fpinit_M.o                        34
    frexp.o                          112
    logx64.o                         796
    math_wrappers64.o                 18
    ------------------------------------------------------
    Total:                         2'878

rt7M_tl.a: [4]
    ABImemcpy.o                      166
    ABImemset.o                      102
    I64DivMod.o                      560
    I64DivZer.o                        2
    cexit.o                           10
    cmain.o                           30
    cstartup_M.o                      12
    data_init.o                       40
    lz77_init_single.o               120
    memset.o                          20
    strlen.o                          54
    zero_init3.o                      58
    ------------------------------------------------------
    Total:                         1'174

shb_l.a: [5]
    exit.o                            20
    ------------------------------------------------------
    Total:                            20

    Gaps                              42        4
    Linker created                             32    1'024
----------------------------------------------------------
    Grand Total:                  66'424    7'047   12'133


*******************************************************************************
*** ENTRY LIST
***

Entry                       Address   Size  Type      Object
-----                       -------   ----  ----      ------
.iar.init_table$$Base    0x801'0b80          --   Gb  - Linker created -
.iar.init_table$$Limit   0x801'0ba0          --   Gb  - Linker created -
?main                    0x801'0c81         Code  Gb  cmain.o [4]
ADC_Avg                 0x2000'2a80   0x10  Data  Gb  user_app_temperature.o [1]
ADC_DMAConvCplt          0x800'c42d   0x7a  Code  Lc  stm32f4xx_hal_adc.o [1]
ADC_DMAError             0x800'c4b9   0x1a  Code  Lc  stm32f4xx_hal_adc.o [1]
ADC_DMAHalfConvCplt      0x800'c4a9    0xe  Code  Lc  stm32f4xx_hal_adc.o [1]
ADC_Init                 0x800'c2ad  0x15a  Code  Lc  stm32f4xx_hal_adc.o [1]
ADC_Init                 0x800'7c55    0xe  Code  Gb  user_app_temperature.o [1]
ADC_Temp                0x2000'2a70   0x10  Data  Gb  user_app_temperature.o [1]
AHBPrescTable            0x801'1188   0x10  Data  Gb  system_stm32f4xx.o [1]
APBPrescTable            0x801'18ac    0x8  Data  Gb  system_stm32f4xx.o [1]
AppCom_Calcu_Period_To_RoudTime
                         0x800'2e7d   0x3a  Code  Lc  user_app_comm.o [1]
AppComm_IRQ_Timer_CallBack
                         0x800'2e71    0xc  Code  Gb  user_app_comm.o [1]
AppComm_Init             0x800'2da9   0x2a  Code  Gb  user_app_comm.o [1]
AppComm_Set_Next_TxTimer
                         0x800'2ee1   0x78  Code  Gb  user_app_comm.o [1]
AppComm_Set_Next_TxTimer::CountMessInit
                        0x2000'2b48    0x1  Data  Lc  user_app_comm.o [1]
AppComm_Task             0x800'2dd3   0x9e  Code  Gb  user_app_comm.o [1]
AppDelivery_Debug        0x800'6c4d   0xc6  Code  Gb  user_app_delivery.o [1]
AppDelivery_Task         0x800'71dd   0x84  Code  Gb  user_app_delivery.o [1]
AppDoorSensor_Debug      0x800'dce1   0x36  Code  Gb  user_app_door_sensor.o [1]
AppDoorSensor_Task       0x800'dd19   0x84  Code  Gb  user_app_door_sensor.o [1]
AppElectric_Debug        0x800'8045   0xc4  Code  Gb  user_app_electric.o [1]
AppElectric_Task         0x800'8119   0x84  Code  Gb  user_app_electric.o [1]
AppMem_Get_Req_AT        0x800'3ecd   0xc2  Code  Gb  user_app_mem.o [1]
AppMem_PowerOff_ExFlash
                         0x800'3f8f    0x2  Code  Gb  user_app_mem.o [1]
AppMem_PowerOn_ExFlash   0x800'3f91    0x8  Code  Gb  user_app_mem.o [1]
AppMem_Read_Data         0x800'3ead   0x20  Code  Gb  user_app_mem.o [1]
AppMem_Task              0x800'3d45   0xa2  Code  Gb  user_app_mem.o [1]
AppMem_Write_Data        0x800'3de7   0xc6  Code  Gb  user_app_mem.o [1]
AppPcBox_Debug           0x800'5db1   0x8c  Code  Gb  user_app_pc_box.o [1]
AppPcBox_Task            0x800'5d25   0x84  Code  Gb  user_app_pc_box.o [1]
AppRelay_Task            0x800'88db   0x84  Code  Gb  user_app_relay.o [1]
AppRs485_Task            0x800'e401   0x84  Code  Gb  user_app_rs485.o [1]
AppTemperature_Debug     0x800'7cf7   0xc4  Code  Gb  user_app_temperature.o [1]
AppTemperature_Task      0x800'7c73   0x84  Code  Gb  user_app_temperature.o [1]
AppVendingMachine_Task   0x800'b1a5   0x26  Code  Gb  user_comm_vending_machine.o [1]
AppVibSensor_Debug       0x800'e011   0x2c  Code  Gb  user_app_vib_sensor.o [1]
AppVibSensor_Task        0x800'df8d   0x84  Code  Gb  user_app_vib_sensor.o [1]
BusFault_Handler         0x801'05d3    0x2  Code  Gb  stm32f4xx_it.o [1]
CSTACK$$Base            0x2000'2b68          --   Gb  - Linker created -
CSTACK$$Limit           0x2000'2f68          --   Gb  - Linker created -
CTRL_MOTOR_PIN           0x801'0fe4   0x14  Data  Lc  user_app_delivery.o [1]
CTRL_MOTOR_PORT         0x2000'01c0   0x28  Data  Lc  user_app_delivery.o [1]
Cal_Time                 0x800'24f3   0x12  Code  Gb  user_util.o [1]
Calculator_Crc_U16       0x800'b28b   0x52  Code  Gb  user_comm_vending_machine.o [1]
Calculator_Scale         0x800'72e1   0x52  Code  Gb  user_convert_variable.o [1]
Calculator_Scale_Int     0x800'b347   0x22  Code  Gb  user_comm_vending_machine.o [1]
CallBack_IRQ_HAL_GetTick_Ms
                         0x800'b369    0xa  Code  Gb  user_comm_vending_machine.o [1]
Cb_TX_Timer_Event        0x800'2eb9   0x22  Code  Lc  user_app_comm.o [1]
CheckList_AT_CONFIG      0x800'fe10  0x5c0  Data  Gb  user_at_serial.o [1]
Check_AT_User            0x800'0d4b  0x1ac  Code  Gb  user_at_serial.o [1]
Check_RealTime_OFF_PcBox
                         0x800'5471   0x8e  Code  Gb  user_app_pc_box.o [1]
Check_RealTime_ON_PcBox
                         0x800'54ff   0x80  Code  Gb  user_app_pc_box.o [1]
Check_Time_Out           0x800'24d5   0x1e  Code  Gb  user_util.o [1]
Check_Top_Bot_Elevator   0x800'6d13   0x9a  Code  Gb  user_app_delivery.o [1]
Check_update_Time        0x800'321b   0x56  Code  Gb  user_time.o [1]
ControlRelay             0x800'870f  0x11c  Code  Gb  user_app_relay.o [1]
Control_Elevator         0x800'6db5  0x13c  Code  Gb  user_app_delivery.o [1]
Control_LockMagnetis     0x800'6f8d   0x14  Code  Gb  user_app_delivery.o [1]
Convert_Hex_To_String_Hex
                         0x800'283f   0x90  Code  Gb  user_util.o [1]
Convert_Int_To_String    0x800'7339   0xc6  Code  Gb  user_convert_variable.o [1]
Convert_Int_To_String_Scale
                         0x800'73ff   0xce  Code  Gb  user_convert_variable.o [1]
Convert_Point_Int_To_String
                         0x800'74cd   0xce  Code  Gb  user_convert_variable.o [1]
Convert_Point_Int_To_String_Scale
                         0x800'759b   0xea  Code  Gb  user_convert_variable.o [1]
Convert_String_To_Dec    0x800'27e3   0x5c  Code  Gb  user_util.o [1]
Convert_String_To_Integer_Point
                         0x800'7685   0x94  Code  Gb  user_convert_variable.o [1]
Convert_Uint64_To_StringDec
                         0x800'2505  0x128  Code  Gb  user_util.o [1]
CountBufferHandleRecv   0x2000'2b3c    0x2  Data  Gb  user_app_rs485.o [1]
DCU_Respond              0x800'239d   0xd0  Code  Gb  user_modem.o [1]
DMA1_Stream1_IRQHandler
                         0x801'0623    0xa  Code  Gb  stm32f4xx_it.o [1]
DMA1_Stream5_IRQHandler
                         0x801'062d    0xa  Code  Gb  stm32f4xx_it.o [1]
DMA2_Stream0_IRQHandler
                         0x801'06b9    0xa  Code  Gb  stm32f4xx_it.o [1]
DMA2_Stream2_IRQHandler
                         0x801'06c3    0xa  Code  Gb  stm32f4xx_it.o [1]
DMA_CalcBaseAndBitshift
                         0x800'd0dd   0x30  Code  Lc  stm32f4xx_hal_dma.o [1]
DMA_CalcBaseAndBitshift::flagBitshiftOffset
                         0x801'18a4    0x8  Data  Lc  stm32f4xx_hal_dma.o [1]
DMA_CheckFifoParam       0x800'd11d   0x9c  Code  Lc  stm32f4xx_hal_dma.o [1]
DMA_SetConfig            0x800'd0af   0x2e  Code  Lc  stm32f4xx_hal_dma.o [1]
DaysInMonth              0x801'1880    0xc  Data  Lc  user_rtc.o [1]
DaysInMonthLeapYear      0x801'188c    0xc  Data  Lc  user_rtc.o [1]
DeInit_RX_Mode_Uart_485
                         0x800'9979    0x2  Code  Gb  user_uart.o [1]
DeInit_RX_Mode_Uart_Debug
                         0x800'9977    0x2  Code  Gb  user_uart.o [1]
DeInit_RX_Mode_Uart_PcBox
                         0x800'997b    0x2  Code  Gb  user_uart.o [1]
DebugMon_Handler         0x801'05d9    0x2  Code  Gb  stm32f4xx_it.o [1]
Debug_Floor_Elevator     0x800'6fa9   0x42  Code  Gb  user_app_delivery.o [1]
Delivery_Entry           0x800'6905   0x64  Code  Gb  user_app_delivery.o [1]
Delivery_Handle_State    0x800'700d   0x9e  Code  Gb  user_app_delivery.o [1]
Delivery_Handle_State::State_Before
                        0x2000'2b4f    0x1  Data  Lc  user_app_delivery.o [1]
DetectErrorDelivery     0x2000'2b49    0x1  Data  Gb  user_app_delivery.o [1]
Disable_Handle_Idle_Delivery
                         0x800'6f63    0xc  Code  Gb  user_app_delivery.o [1]
EXTI0_IRQHandler         0x801'05f1    0xa  Code  Gb  stm32f4xx_it.o [1]
EXTI15_10_IRQHandler     0x801'067b   0x34  Code  Gb  stm32f4xx_it.o [1]
EXTI1_IRQHandler         0x801'05fb    0xa  Code  Gb  stm32f4xx_it.o [1]
EXTI2_IRQHandler         0x801'0605    0xa  Code  Gb  stm32f4xx_it.o [1]
EXTI3_IRQHandler         0x801'060f    0xa  Code  Gb  stm32f4xx_it.o [1]
EXTI4_IRQHandler         0x801'0619    0xa  Code  Gb  stm32f4xx_it.o [1]
EXTI9_5_IRQHandler       0x801'0637   0x26  Code  Gb  stm32f4xx_it.o [1]
Enable_Handle_Idle_Delivery
                         0x800'6f49   0x1a  Code  Gb  user_app_delivery.o [1]
Enable_Test_Elevator     0x800'6f6f   0x1e  Code  Gb  user_app_delivery.o [1]
Error_Handler            0x800'd4d5    0x4  Code  Gb  main.o [1]
FLASH_Erase_Sector       0x800'f999   0x60  Code  Gb  stm32f4xx_hal_flash_ex.o [1]
FLASH_FlushCaches        0x800'f9f9   0x50  Code  Gb  stm32f4xx_hal_flash_ex.o [1]
FLASH_MassErase          0x800'f971   0x28  Code  Lc  stm32f4xx_hal_flash_ex.o [1]
FLASH_Program_Byte       0x800'f82d   0x1a  Code  Lc  stm32f4xx_hal_flash.o [1]
FLASH_Program_DoubleWord
                         0x800'f7c7   0x2a  Code  Lc  stm32f4xx_hal_flash.o [1]
FLASH_Program_HalfWord   0x800'f80f   0x1e  Code  Lc  stm32f4xx_hal_flash.o [1]
FLASH_Program_Word       0x800'f7f1   0x1e  Code  Lc  stm32f4xx_hal_flash.o [1]
FLASH_SetErrorCode       0x800'f847   0x68  Code  Lc  stm32f4xx_hal_flash.o [1]
FLASH_WaitForLastOperation
                         0x800'f777   0x50  Code  Gb  stm32f4xx_hal_flash.o [1]
Find_String_V2           0x800'3fe1  0x130  Code  Gb  user_string.o [1]
Find_str_fix             0x800'4133   0x94  Code  Gb  user_string.o [1]
Fix_Motor                0x800'688b   0x7a  Code  Gb  user_app_delivery.o [1]
GPIO_Init_Pos_Elevator   0x800'6ef1   0x58  Code  Gb  user_app_delivery.o [1]
Get_RTC                  0x800'314d   0x4e  Code  Gb  user_time.o [1]
HAL_ADC_ConfigChannel    0x800'c131  0x17c  Code  Gb  stm32f4xx_hal_adc.o [1]
HAL_ADC_Init             0x800'bf41   0x66  Code  Gb  stm32f4xx_hal_adc.o [1]
HAL_ADC_MspInit          0x800'e91d   0xcc  Code  Gb  adc.o [1]
HAL_ADC_Start_DMA        0x800'bfa7  0x18a  Code  Gb  stm32f4xx_hal_adc.o [1]
HAL_DBGMCU_DisableDBGSleepMode
                         0x800'db79    0xc  Code  Gb  stm32f4xx_hal.o [1]
HAL_DBGMCU_DisableDBGStandbyMode
                         0x800'db91    0xc  Code  Gb  stm32f4xx_hal.o [1]
HAL_DBGMCU_DisableDBGStopMode
                         0x800'db85    0xc  Code  Gb  stm32f4xx_hal.o [1]
HAL_DMA_Abort            0x800'cde3   0x9c  Code  Gb  stm32f4xx_hal_dma.o [1]
HAL_DMA_Abort_IT         0x800'ce7f   0x28  Code  Gb  stm32f4xx_hal_dma.o [1]
HAL_DMA_DeInit           0x800'ccd3   0x84  Code  Gb  stm32f4xx_hal_dma.o [1]
HAL_DMA_IRQHandler       0x800'cea7  0x208  Code  Gb  stm32f4xx_hal_dma.o [1]
HAL_DMA_Init             0x800'cbf1   0xe2  Code  Gb  stm32f4xx_hal_dma.o [1]
HAL_DMA_Start_IT         0x800'cd57   0x8c  Code  Gb  stm32f4xx_hal_dma.o [1]
HAL_Delay                0x800'ad6d   0x28  Code  Wk  stm32f4xx_hal.o [1]
HAL_FLASHEx_Erase        0x800'f8c9   0xa8  Code  Gb  stm32f4xx_hal_flash_ex.o [1]
HAL_FLASH_Lock           0x800'f769    0xe  Code  Gb  stm32f4xx_hal_flash.o [1]
HAL_FLASH_Program        0x800'f6b5   0x92  Code  Gb  stm32f4xx_hal_flash.o [1]
HAL_FLASH_Unlock         0x800'f747   0x22  Code  Gb  stm32f4xx_hal_flash.o [1]
HAL_GPIO_DeInit          0x800'8c87  0x19c  Code  Gb  stm32f4xx_hal_gpio.o [1]
HAL_GPIO_EXTI_Callback   0x800'c8f5  0x2fc  Code  Gb  user_irq_input.o [1]
HAL_GPIO_EXTI_IRQHandler
                         0x800'8e6d   0x20  Code  Gb  stm32f4xx_hal_gpio.o [1]
HAL_GPIO_Init            0x800'8a65  0x222  Code  Gb  stm32f4xx_hal_gpio.o [1]
HAL_GPIO_ReadPin         0x800'8e23   0x16  Code  Gb  stm32f4xx_hal_gpio.o [1]
HAL_GPIO_TogglePin       0x800'8e53   0x1a  Code  Gb  stm32f4xx_hal_gpio.o [1]
HAL_GPIO_WritePin        0x800'8e39   0x1a  Code  Gb  stm32f4xx_hal_gpio.o [1]
HAL_GetTick              0x800'b38d    0xc  Code  Wk  stm32f4xx_hal.o [1]
HAL_IWDG_Init            0x800'b99d   0x5c  Code  Gb  stm32f4xx_hal_iwdg.o [1]
HAL_IWDG_Refresh         0x800'b9f9    0xe  Code  Gb  stm32f4xx_hal_iwdg.o [1]
HAL_IncTick              0x801'06f1   0x18  Code  Wk  stm32f4xx_hal.o [1]
HAL_Init                 0x800'db51   0x28  Code  Gb  stm32f4xx_hal.o [1]
HAL_InitTick             0x800'ee15   0x4c  Code  Wk  stm32f4xx_hal.o [1]
HAL_MspInit              0x800'f59d   0x40  Code  Gb  stm32f4xx_hal_msp.o [1]
HAL_NVIC_DisableIRQ      0x800'd62b    0xe  Code  Gb  stm32f4xx_hal_cortex.o [1]
HAL_NVIC_EnableIRQ       0x800'd61d    0xe  Code  Gb  stm32f4xx_hal_cortex.o [1]
HAL_NVIC_SetPriority     0x800'd5f3   0x2a  Code  Gb  stm32f4xx_hal_cortex.o [1]
HAL_NVIC_SetPriorityGrouping
                         0x800'd5e7    0xc  Code  Gb  stm32f4xx_hal_cortex.o [1]
HAL_RCCEx_PeriphCLKConfig
                         0x800'e595  0x13a  Code  Gb  stm32f4xx_hal_rcc_ex.o [1]
HAL_RCC_ClockConfig      0x800'd1bd  0x140  Code  Gb  stm32f4xx_hal_rcc.o [1]
HAL_RCC_GetHCLKFreq      0x800'd2fd    0x6  Code  Gb  stm32f4xx_hal_rcc.o [1]
HAL_RCC_GetPCLK1Freq     0x800'd303   0x16  Code  Gb  stm32f4xx_hal_rcc.o [1]
HAL_RCC_GetPCLK2Freq     0x800'd319   0x16  Code  Gb  stm32f4xx_hal_rcc.o [1]
HAL_RCC_OscConfig        0x800'f1b1  0x3ec  Code  Wk  stm32f4xx_hal_rcc.o [1]
HAL_RTCEx_AlarmBEventCallback
                         0x800'b771    0x2  Code  Wk  stm32f4xx_hal_rtc_ex.o [1]
HAL_RTCEx_BKUPRead       0x800'e707   0x10  Code  Gb  stm32f4xx_hal_rtc_ex.o [1]
HAL_RTCEx_BKUPWrite      0x800'e6f5   0x12  Code  Gb  stm32f4xx_hal_rtc_ex.o [1]
HAL_RTCEx_EnableBypassShadow
                         0x800'e717   0x3e  Code  Gb  stm32f4xx_hal_rtc_ex.o [1]
HAL_RTC_AlarmAEventCallback
                         0x800'b525    0xc  Code  Gb  user_rtc.o [1]
HAL_RTC_AlarmIRQHandler
                         0x800'3911   0x5e  Code  Gb  stm32f4xx_hal_rtc.o [1]
HAL_RTC_DeactivateAlarm
                         0x800'3847   0xca  Code  Gb  stm32f4xx_hal_rtc.o [1]
HAL_RTC_GetDate          0x800'35f1   0x54  Code  Gb  stm32f4xx_hal_rtc.o [1]
HAL_RTC_GetTime          0x800'34c3   0x68  Code  Gb  stm32f4xx_hal_rtc.o [1]
HAL_RTC_Init             0x800'3331   0xac  Code  Gb  stm32f4xx_hal_rtc.o [1]
HAL_RTC_MspInit          0x800'b3ad   0x46  Code  Gb  rtc.o [1]
HAL_RTC_SetAlarm_IT      0x800'3645  0x202  Code  Gb  stm32f4xx_hal_rtc.o [1]
HAL_RTC_SetDate          0x800'352b   0xc6  Code  Gb  stm32f4xx_hal_rtc.o [1]
HAL_RTC_SetTime          0x800'33dd   0xe6  Code  Gb  stm32f4xx_hal_rtc.o [1]
HAL_RTC_WaitForSynchro   0x800'398d   0x36  Code  Gb  stm32f4xx_hal_rtc.o [1]
HAL_SPI_Init             0x800'd705   0xce  Code  Gb  stm32f4xx_hal_spi.o [1]
HAL_SPI_MspInit          0x800'b7bb   0x6a  Code  Gb  spi.o [1]
HAL_SPI_TransmitReceive
                         0x800'd7d3  0x23c  Code  Gb  stm32f4xx_hal_spi.o [1]
HAL_SYSTICK_Config       0x800'd639    0xc  Code  Gb  stm32f4xx_hal_cortex.o [1]
HAL_TIMEx_MasterConfigSynchronization
                         0x800'fa59   0x8e  Code  Gb  stm32f4xx_hal_tim_ex.o [1]
HAL_TIM_MspPostInit      0x800'e7ff   0x52  Code  Gb  tim.o [1]
HAL_TIM_PWM_ConfigChannel
                         0x800'bba1   0xfc  Code  Gb  stm32f4xx_hal_tim.o [1]
HAL_TIM_PWM_Init         0x800'ba09   0x6e  Code  Gb  stm32f4xx_hal_tim.o [1]
HAL_TIM_PWM_MspInit      0x800'e7d9   0x26  Code  Gb  tim.o [1]
HAL_TIM_PWM_Start        0x800'ba77  0x10e  Code  Gb  stm32f4xx_hal_tim.o [1]
HAL_UARTEx_RxEventCallback
                         0x800'9a21    0x2  Code  Gb  user_uart.o [1]
HAL_UART_DeInit          0x800'8f43   0x42  Code  Gb  stm32f4xx_hal_uart.o [1]
HAL_UART_ErrorCallback   0x800'9a23   0x3e  Code  Gb  user_uart.o [1]
HAL_UART_IRQHandler      0x800'90a5  0x2cc  Code  Gb  stm32f4xx_hal_uart.o [1]
HAL_UART_Init            0x800'8ecd   0x76  Code  Gb  stm32f4xx_hal_uart.o [1]
HAL_UART_MspDeInit       0x800'9d5f   0x80  Code  Gb  usart.o [1]
HAL_UART_MspInit         0x800'9b51  0x20e  Code  Gb  usart.o [1]
HAL_UART_Receive_IT      0x800'905d   0x48  Code  Gb  stm32f4xx_hal_uart.o [1]
HAL_UART_RxCpltCallback
                         0x800'998d   0x94  Code  Gb  user_uart.o [1]
HAL_UART_Transmit        0x800'8f85   0xd8  Code  Gb  stm32f4xx_hal_uart.o [1]
HW_RTC_GetCalendarValue_Second
                         0x800'3271   0xa0  Code  Gb  user_time.o [1]
Handle_State_Power       0x800'7edb   0x5a  Code  Gb  user_app_electric.o [1]
HardFault_Handler        0x801'05cf    0x2  Code  Gb  stm32f4xx_it.o [1]
IRQ_Pluse_OffMotorPush   0x800'696d   0x46  Code  Gb  user_app_delivery.o [1]
IndexUartError          0x2000'2b65    0x1  Data  Lc  user_uart.o [1]
Init_AppComm_Vending_Machine
                         0x800'b1cb   0xc0  Code  Gb  user_comm_vending_machine.o [1]
Init_AppDelivery         0x800'71d5    0x8  Code  Gb  user_app_delivery.o [1]
Init_AppDoorSensor       0x800'dd17    0x2  Code  Gb  user_app_door_sensor.o [1]
Init_AppElectric         0x800'810d    0xc  Code  Gb  user_app_electric.o [1]
Init_AppPcBox            0x800'5d0d   0x18  Code  Gb  user_app_pc_box.o [1]
Init_AppRelay            0x800'88cf    0xc  Code  Gb  user_app_relay.o [1]
Init_AppRs485            0x800'e3f9    0x8  Code  Gb  user_app_rs485.o [1]
Init_AppTemperature      0x800'7c63   0x10  Code  Gb  user_app_temperature.o [1]
Init_AppVendingMachine   0x800'b17d   0x28  Code  Gb  user_comm_vending_machine.o [1]
Init_AppVibSensor        0x800'df8b    0x2  Code  Gb  user_app_vib_sensor.o [1]
Init_CycleOnOffPcBox     0x800'5bd9   0x72  Code  Gb  user_app_pc_box.o [1]
Init_DCU_ID              0x800'2a4d   0xaa  Code  Gb  user_modem_init.o [1]
Init_IdSlave             0x800'e3cf   0x2a  Code  Gb  user_app_rs485.o [1]
Init_IdSlaveElectric     0x800'8019   0x2c  Code  Gb  user_app_electric.o [1]
Init_Memory_Infor        0x800'2a41    0xc  Code  Gb  user_modem_init.o [1]
Init_QueuePcBox          0x800'5cd1   0x1c  Code  Gb  user_app_pc_box.o [1]
Init_RX_Mode_Uart_485    0x800'995b    0xe  Code  Gb  user_uart.o [1]
Init_RX_Mode_Uart_Debug
                         0x800'994d    0xe  Code  Gb  user_uart.o [1]
Init_RX_Mode_Uart_PcBox
                         0x800'9969    0xe  Code  Gb  user_uart.o [1]
Init_StatePcBox          0x800'5ca1   0x30  Code  Gb  user_app_pc_box.o [1]
[...]
_fSET_USING_CRC          0x800'1b69   0x62  Code  Gb  user_at_serial.o [1]
_fTEST_ELEVATOR          0x800'1efb   0x38  Code  Gb  user_at_serial.o [1]
_fTEST_LOCK_MAGNETIS     0x800'1fa1   0xb0  Code  Gb  user_at_serial.o [1]
_fTEST_LOG               0x800'0c77   0x12  Code  Gb  user_at_serial.o [1]
_main                    0x801'0c9b         Code  Gb  cmain.o [4]
aALRM_EMERGENCY         0x2000'1e50  0x400  Data  Gb  user_modem.o [1]
aAT_CMD                 0x2000'2350  0x100  Data  Gb  user_modem.o [1]
aBufferRespondPcBox     0x2000'28cc   0x34  Data  Gb  user_app_pc_box.o [1]
aDATA_CONFIG            0x2000'2450   0x80  Data  Gb  user_at_serial.o [1]
aDATA_FLASH_READ        0x2000'1a50  0x400  Data  Lc  user_external_flash.o [1]
aDCU_ID                 0x2000'090c   0x14  Data  Gb  user_modem.o [1]
aFlashCmd               0x2000'06e0   0xb4  Data  Gb  user_external_flash.o [1]
aFlash_Erase_Chip_BlockCmd
                        0x2000'07bc   0x10  Data  Lc  user_external_flash.o [1]
aFlash_Erase_Sector_BlockCmd
                        0x2000'0794   0x10  Data  Lc  user_external_flash.o [1]
aFlash_Read_Data_BlockCmd
                        0x2000'07b8    0x4  Data  Lc  user_external_flash.o [1]
aFlash_Write_Data_BlockCmd
                        0x2000'07a4   0x14  Data  Lc  user_external_flash.o [1]
aRESPONDSE_AT           0x2000'2250  0x100  Data  Gb  user_modem.o [1]
eFlash_Check_Pos_PartA   0x800'aba1   0x8a  Code  Gb  user_external_flash.o [1]
eFlash_Check_Pos_PartA::MarkDefaultVar
                        0x2000'2b5e    0x1  Data  Lc  user_external_flash.o [1]
eFlash_Check_Pos_PartB   0x800'ac3d   0xa6  Code  Gb  user_external_flash.o [1]
eFlash_Check_Pos_PartB::MarkDefaultVar
                        0x2000'2b5f    0x1  Data  Lc  user_external_flash.o [1]
eFlash_Check_Write_To_PartAB
                         0x800'ab79    0x6  Code  Gb  user_external_flash.o [1]
eFlash_Default_Struct_Init_Pos
                         0x800'aa6b   0x16  Code  Gb  user_external_flash.o [1]
eFlash_Get_Step_From_Queue
                         0x800'a7c9   0x36  Code  Gb  user_external_flash.o [1]
eFlash_Push_Block_To_Queue
                         0x800'a799   0x30  Code  Gb  user_external_flash.o [1]
eFlash_Push_Step_Erase_Chip
                         0x800'aa81    0xe  Code  Gb  user_external_flash.o [1]
eFlash_Push_Step_To_Queue
                         0x800'a763   0x36  Code  Gb  user_external_flash.o [1]
eFlash_S25FL_BufferRead
                         0x800'a9e3   0x88  Code  Gb  user_external_flash.o [1]
eFlash_S25FL_BufferWrite
                         0x800'a9a3   0x40  Code  Gb  user_external_flash.o [1]
eFlash_S25FL_CheckWriteEnable
                         0x800'a8d5   0x58  Code  Gb  user_external_flash.o [1]
eFlash_S25FL_Enable      0x800'a805   0x16  Code  Gb  user_external_flash.o [1]
eFlash_S25FL_Erase_Sector
                         0x800'a81b   0x66  Code  Gb  user_external_flash.o [1]
eFlash_S25FL_PageWrite   0x800'a92d   0x76  Code  Gb  user_external_flash.o [1]
eFlash_S25FL_WaitForWriteEnd
                         0x800'a881   0x54  Code  Gb  user_external_flash.o [1]
eFlash_Send_Address      0x800'a757    0xc  Code  Gb  user_external_flash.o [1]
eFlash_Send_To_Queue_Read
                         0x800'ab61   0x18  Code  Gb  user_external_flash.o [1]
eFlash_Send_To_Queue_Write
                         0x800'ab7f   0x18  Code  Gb  user_external_flash.o [1]
eFlash_Setup_Init        0x800'ab4b   0x10  Code  Gb  user_external_flash.o [1]
eFlash_Status            0x800'ab43    0x8  Code  Gb  user_external_flash.o [1]
eFlash_Task              0x800'a6d1   0x86  Code  Gb  user_external_flash.o [1]
eFlash_Test_Write        0x800'aa8f   0xb4  Code  Gb  user_external_flash.o [1]
eFlash_Test_Write::Retry
                        0x2000'2b5d    0x1  Data  Lc  user_external_flash.o [1]
exit                     0x801'0ca3    0x4  Code  Gb  exit.o [2]
fevent_active            0x800'30f7   0x1e  Code  Gb  event_driven.o [1]
fevent_alter_pwm_elevator
                         0x800'6585   0x72  Code  Lc  user_app_delivery.o [1]
fevent_calculator_coordinates
                         0x800'613f   0xaa  Code  Lc  user_app_delivery.o [1]
fevent_check_power_supply
                         0x800'7ead   0x2e  Code  Lc  user_app_electric.o [1]
fevent_control_led_recv_pcbox
                         0x800'82b1   0x44  Code  Lc  user_app_relay.o [1]
fevent_control_led_slave
                         0x800'82f5   0x2c  Code  Lc  user_app_relay.o [1]
fevent_control_led_status
                         0x800'827b   0x36  Code  Lc  user_app_relay.o [1]
fevent_control_led_trans_pcbox
                         0x800'8321   0x44  Code  Lc  user_app_relay.o [1]
fevent_control_pwm_elevator
                         0x800'6523   0x62  Code  Lc  user_app_delivery.o [1]
fevent_ctrl_elevator_lower
                         0x800'6645   0x4e  Code  Lc  user_app_delivery.o [1]
fevent_ctrl_elevator_upper
                         0x800'65f7   0x4e  Code  Lc  user_app_delivery.o [1]
fevent_dcu_ping_pc_box   0x800'4ee1   0x68  Code  Lc  user_app_pc_box.o [1]
fevent_delivery_entry    0x800'6097   0xa8  Code  Lc  user_app_delivery.o [1]
fevent_disable           0x800'3139   0x12  Code  Gb  event_driven.o [1]
fevent_door_ctrl_respond
                         0x800'dbf9   0x24  Code  Lc  user_app_door_sensor.o [1]
fevent_door_ctrl_respond::status_before
                        0x2000'09a6    0x1  Data  Lc  user_app_door_sensor.o [1]
fevent_door_delivery     0x800'dc4d   0x12  Code  Lc  user_app_door_sensor.o [1]
fevent_door_entry        0x800'dba5   0x10  Code  Lc  user_app_door_sensor.o [1]
fevent_door_respond_pc_box
                         0x800'dc1d   0x30  Code  Lc  user_app_door_sensor.o [1]
fevent_door_sensor       0x800'dbb5   0x44  Code  Lc  user_app_door_sensor.o [1]
fevent_electric_change_status_power
                         0x800'7e2d   0x7a  Code  Lc  user_app_electric.o [1]
fevent_electric_check_connect
                         0x800'7ea7    0x6  Code  Lc  user_app_electric.o [1]
fevent_electric_entry    0x800'7e11   0x1c  Code  Lc  user_app_electric.o [1]
fevent_elevator_lower_begin
                         0x800'6031   0x66  Code  Lc  user_app_delivery.o [1]
fevent_elevator_lower_end
                         0x800'629f   0x70  Code  Lc  user_app_delivery.o [1]
fevent_enable            0x800'3115   0x24  Code  Gb  event_driven.o [1]
fevent_finish_delivery   0x800'6339   0x40  Code  Lc  user_app_delivery.o [1]
fevent_fix_motor         0x800'6439   0x9e  Code  Lc  user_app_delivery.o [1]
fevent_fix_motor::Handle_Once
                        0x2000'2b4b    0x1  Data  Lc  user_app_delivery.o [1]
fevent_fix_motor::gettick_ms_error
                        0x2000'2afc    0x4  Data  Lc  user_app_delivery.o [1]
fevent_free_elevator_lower
                         0x800'6379   0xc0  Code  Lc  user_app_delivery.o [1]
fevent_free_lock_magnetis
                         0x800'678f   0xfc  Code  Lc  user_app_delivery.o [1]
fevent_free_lock_magnetis::gettick_ms
                        0x2000'2b08    0x4  Data  Lc  user_app_delivery.o [1]
fevent_free_lock_magnetis::gettick_ms2
                        0x2000'2b0c    0x4  Data  Lc  user_app_delivery.o [1]
fevent_free_lock_magnetis::state_before
                        0x2000'2b4e    0x1  Data  Lc  user_app_delivery.o [1]
fevent_get_real_time_dcu
                         0x800'5181   0xba  Code  Lc  user_app_pc_box.o [1]
fevent_get_real_time_dcu::get_time_cycle
                        0x2000'2b54    0x1  Data  Lc  user_app_pc_box.o [1]
fevent_get_real_time_dcu::state_get_time
                        0x2000'2b53    0x1  Data  Lc  user_app_pc_box.o [1]
fevent_handle_error_delivery
                         0x800'5edd  0x112  Code  Lc  user_app_delivery.o [1]
fevent_handle_respond_error
                         0x800'4ed5    0xc  Code  Lc  user_app_pc_box.o [1]
fevent_lock_magnetis     0x800'dc5f   0x44  Code  Lc  user_app_door_sensor.o [1]
fevent_lock_magnetis::CountStateLock
                        0x2000'2b50    0x1  Data  Lc  user_app_door_sensor.o [1]
fevent_lock_magnetis_begin
                         0x800'5fef   0x42  Code  Lc  user_app_delivery.o [1]
fevent_lock_magnetis_end
                         0x800'630f   0x2a  Code  Lc  user_app_delivery.o [1]
fevent_motor_entry       0x800'5ea5   0x2a  Code  Lc  user_app_delivery.o [1]
fevent_on_off_cycle_pc_box
                         0x800'5061   0xd0  Code  Lc  user_app_pc_box.o [1]
fevent_on_off_sw_pcbox   0x800'5241   0x14  Code  Lc  user_app_pc_box.o [1]
fevent_pcbox_complete_receive
                         0x800'42c1  0xb50  Code  Lc  user_app_pc_box.o [1]
fevent_pcbox_entry       0x800'41c9   0x9e  Code  Lc  user_app_pc_box.o [1]
fevent_pcbox_log_tsvh    0x800'4e11   0x24  Code  Lc  user_app_pc_box.o [1]
fevent_pcbox_receive_handle
                         0x800'427f   0x40  Code  Lc  user_app_pc_box.o [1]
fevent_pcbox_receive_handle::countBuffer_uart
                        0x2000'2b3a    0x2  Data  Lc  user_app_pc_box.o [1]
fevent_protect_motor_elevator
                         0x800'64d7   0x4c  Code  Lc  user_app_delivery.o [1]
fevent_protect_motor_elevator::count_error
                        0x2000'2b00    0x4  Data  Lc  user_app_delivery.o [1]
fevent_push_motor        0x800'61ed   0xb2  Code  Lc  user_app_delivery.o [1]
fevent_queue_respond_pcbox
                         0x800'4e41   0x8e  Code  Lc  user_app_pc_box.o [1]
fevent_refresh_dcu       0x800'5135   0x46  Code  Lc  user_app_pc_box.o [1]
fevent_relay_entry       0x800'81d1   0x2c  Code  Lc  user_app_relay.o [1]
fevent_relay_warm_off    0x800'8251   0x2a  Code  Lc  user_app_relay.o [1]
fevent_relay_warm_on     0x800'8225   0x2c  Code  Lc  user_app_relay.o [1]
fevent_relay_warm_refresh
                         0x800'81fd   0x28  Code  Lc  user_app_relay.o [1]
fevent_reset_pc_box      0x800'4f51   0xe0  Code  Lc  user_app_pc_box.o [1]
fevent_reset_pc_box::state_reset
                        0x2000'2b52    0x1  Data  Lc  user_app_pc_box.o [1]
fevent_rs485_entry       0x800'e061   0x12  Code  Lc  user_app_rs485.o [1]
fevent_rs485_init_uart   0x800'e395   0x3a  Code  Lc  user_app_rs485.o [1]
fevent_rs485_receive_complete
                         0x800'e19d  0x1f8  Code  Lc  user_app_rs485.o [1]
fevent_rs485_receive_complete::CountPowerDisconnect
                        0x2000'2b59    0x1  Data  Lc  user_app_rs485.o [1]
fevent_rs485_receive_complete::CountStatePower
                        0x2000'2b58    0x1  Data  Lc  user_app_rs485.o [1]
fevent_rs485_receive_handle
                         0x800'e15d   0x40  Code  Lc  user_app_rs485.o [1]
fevent_rs485_transmit    0x800'e073   0xea  Code  Lc  user_app_rs485.o [1]
fevent_send_pcbox_temperature
                         0x800'7a09   0x70  Code  Lc  user_app_temperature.o [1]
fevent_temp_calculator   0x800'7809  0x1b0  Code  Lc  user_app_temperature.o [1]
fevent_temp_ctrl_fridge
                         0x800'79d3    0x6  Code  Lc  user_app_temperature.o [1]
fevent_temp_entry        0x800'7745   0x4c  Code  Lc  user_app_temperature.o [1]
fevent_temp_entry::once
                        0x2000'2b40    0x2  Data  Lc  user_app_temperature.o [1]
fevent_temp_get_adc      0x800'7791   0x76  Code  Lc  user_app_temperature.o [1]
fevent_temp_get_adc::count_adc
                        0x2000'2b42    0x2  Data  Lc  user_app_temperature.o [1]
fevent_temp_off_fridge_frozen
                         0x800'79eb    0x6  Code  Lc  user_app_temperature.o [1]
fevent_temp_respond_error
                         0x800'79f1   0x18  Code  Lc  user_app_temperature.o [1]
fevent_temp_set_setuptemp
                         0x800'79b9   0x1a  Code  Lc  user_app_temperature.o [1]
fevent_temp_time_get     0x800'79d9   0x12  Code  Lc  user_app_temperature.o [1]
fevent_test_elevator     0x800'6693   0xfc  Code  Lc  user_app_delivery.o [1]
fevent_test_elevator::Handle_Once
                        0x2000'2b4c    0x1  Data  Lc  user_app_delivery.o [1]
fevent_test_elevator::StateHandle
                        0x2000'2b4d    0x1  Data  Lc  user_app_delivery.o [1]
fevent_test_elevator::gettick_ms_error
                        0x2000'2b04    0x4  Data  Lc  user_app_delivery.o [1]
fevent_vib_led_warning   0x800'debf   0x8e  Code  Lc  user_app_vib_sensor.o [1]
fevent_vib_led_warning::Count_Morse
                        0x2000'2b5b    0x1  Data  Lc  user_app_vib_sensor.o [1]
fevent_vib_led_warning::Count_Toggle
                        0x2000'2b5a    0x1  Data  Lc  user_app_vib_sensor.o [1]
fevent_vib_off_alarm     0x800'dea7   0x18  Code  Lc  user_app_vib_sensor.o [1]
fevent_vib_sensor        0x800'de01   0xa6  Code  Lc  user_app_vib_sensor.o [1]
fevent_vib_sensor::GetTickLevelAlarm
                        0x2000'2b14    0x4  Data  Lc  user_app_vib_sensor.o [1]
fevent_vib_sensor_entry
                         0x800'ddcd   0x10  Code  Lc  user_app_vib_sensor.o [1]
fevent_vib_sensor_scan   0x800'dddd   0x24  Code  Lc  user_app_vib_sensor.o [1]
fevent_wait_free_motor   0x800'5ecf    0xe  Code  Lc  user_app_delivery.o [1]
fevent_wait_reset_pc_box
                         0x800'5035   0x22  Code  Lc  user_app_pc_box.o [1]
fevent_wdg_stm32f4       0x800'4267   0x18  Code  Lc  user_app_pc_box.o [1]
gettick_floor           0x2000'2b18    0x4  Data  Gb  user_irq_input.o [1]
gettick_motor           0x2000'2b20    0x4  Data  Gb  user_irq_input.o [1]
gettick_top_bot         0x2000'2b1c    0x4  Data  Gb  user_irq_input.o [1]
hadc1                   0x2000'2770   0x48  Data  Gb  adc.o [1]
hdma_adc1               0x2000'2598   0x60  Data  Gb  adc.o [1]
hdma_usart1_rx          0x2000'25f8   0x60  Data  Gb  usart.o [1]
hdma_usart2_rx          0x2000'2658   0x60  Data  Gb  usart.o [1]
hdma_usart3_rx          0x2000'26b8   0x60  Data  Gb  usart.o [1]
hiwdg                   0x2000'2a90    0xc  Data  Gb  iwdg.o [1]
hrtc                    0x2000'2928   0x20  Data  Gb  rtc.o [1]
hspi2                   0x2000'2718   0x58  Data  Gb  spi.o [1]
htim4                   0x2000'27b8   0x48  Data  Gb  tim.o [1]
huart1                  0x2000'2800   0x44  Data  Gb  usart.o [1]
huart2                  0x2000'2844   0x44  Data  Gb  usart.o [1]
huart3                  0x2000'2888   0x44  Data  Gb  usart.o [1]
log                      0x800'ee11    0x4  Code  Gb  logx64.o [3]
logl                     0x800'ee11    0x4  Code  Gb  logx64.o [3]
main                     0x800'd3e9   0x34  Code  Gb  main.o [1]
memset                   0x800'b399   0x14  Code  Gb  memset.o [4]
pFlash                  0x2000'2948   0x20  Data  Gb  stm32f4xx_hal_flash.o [1]
pFunc_Log_To_Mem        0x2000'2b34    0x4  Data  Gb  user_util.o [1]
pModemProcessIRQTimer   0x2000'2b28    0x4  Data  Gb  user_rtc.o [1]
qCopy_Data_From_Queue    0x800'b939   0x60  Code  Lc  queue_p.o [1]
qCopy_Data_To_Queue      0x800'b8c1   0x78  Code  Lc  queue_p.o [1]
qFlashRead              0x2000'29fc   0x18  Data  Gb  user_external_flash.o [1]
qFlashStep              0x2000'29e4   0x18  Data  Gb  user_external_flash.o [1]
qFlashWrite             0x2000'2a14   0x18  Data  Gb  user_external_flash.o [1]
qGet_Number_Items        0x800'b999    0x4  Code  Gb  queue_p.o [1]
qQueue_Clear             0x800'b867    0xe  Code  Gb  queue_p.o [1]
qQueue_Create            0x800'b839   0x2e  Code  Gb  queue_p.o [1]
qQueue_Receive           0x800'b89f   0x22  Code  Gb  queue_p.o [1]
qQueue_Send              0x800'b875   0x2a  Code  Gb  queue_p.o [1]
qRespondPcBox_Prio_0    0x2000'29b4   0x18  Data  Gb  user_app_pc_box.o [1]
qRespondPcBox_Prio_1    0x2000'29cc   0x18  Data  Gb  user_app_pc_box.o [1]
sAppMem                 0x2000'2a50   0x10  Data  Gb  user_app_mem.o [1]
sCycleOnOffPcBox        0x2000'2adc    0x8  Data  Gb  user_app_pc_box.o [1]
sElectric               0x2000'0288   0x14  Data  Gb  user_app_electric.o [1]
sElevator               0x2000'2a2c   0x14  Data  Gb  user_app_delivery.o [1]
sEventAppComm           0x2000'0008   0x70  Data  Gb  user_app_comm.o [1]
sEventAppDelivery       0x2000'0080  0x140  Data  Gb  user_app_delivery.o [1]
sEventAppDoorSensor     0x2000'01e8   0x60  Data  Gb  user_app_door_sensor.o [1]
sEventAppElectric       0x2000'0248   0x40  Data  Gb  user_app_electric.o [1]
sEventAppMem            0x2000'0344   0x80  Data  Gb  user_app_mem.o [1]
sEventAppPcBox          0x2000'03c4   0xe0  Data  Gb  user_app_pc_box.o [1]
sEventAppRelay          0x2000'04b4   0x80  Data  Gb  user_app_relay.o [1]
sEventAppRs485          0x2000'056c   0x50  Data  Gb  user_app_rs485.o [1]
sEventAppTemperature    0x2000'05bc   0x90  Data  Gb  user_app_temperature.o [1]
sEventAppVibSensor      0x2000'0650   0x50  Data  Gb  user_app_vib_sensor.o [1]
sEventExFlash           0x2000'06a0   0x40  Data  Gb  user_external_flash.o [1]
sExFlash                0x2000'07cc  0x140  Data  Gb  user_external_flash.o [1]
sExFlashInit            0x2000'2aa8    0xc  Data  Gb  user_external_flash.o [1]
sFirmVersion            0x2000'0078    0x8  Data  Gb  user_app_comm.o [1]
sFreqInfor              0x2000'096c    0xc  Data  Gb  user_modem.o [1]
sIdSlave485             0x2000'09a2    0x2  Data  Gb  user_app_rs485.o [1]
sKindMode485            0x2000'2b3e    0x2  Data  Gb  user_app_rs485.o [1]
sLPMFeatureHandler      0x2000'2b24    0x4  Data  Gb  user_lpm.o [1]
sModem                  0x2000'0920   0x4c  Data  Gb  user_modem.o [1]
sModemLPMHandler        0x2000'0978   0x10  Data  Gb  user_modem.o [1]
sMotorPush              0x2000'2a40   0x10  Data  Gb  user_app_delivery.o [1]
sParamDelivery          0x2000'299c   0x18  Data  Gb  user_app_delivery.o [1]
sParamPcBox             0x2000'04a4    0x8  Data  Gb  user_app_pc_box.o [1]
sQueueRespondPcBox_Prio_0
                        0x2000'09a8  0x5fc  Data  Gb  user_app_pc_box.o [1]
sQueueRespondPcBox_Prio_1
                        0x2000'0fa4  0x5fc  Data  Gb  user_app_pc_box.o [1]
sRTC                    0x2000'2ac0    0xc  Data  Gb  user_util.o [1]
sRTCSet                 0x2000'2ab4    0xc  Data  Gb  user_modem.o [1]
sRecEvent               0x2000'02d4   0x38  Data  Gb  user_app_mem.o [1]
sRecLog                 0x2000'030c   0x38  Data  Gb  user_app_mem.o [1]
sRecTSVH                0x2000'029c   0x38  Data  Gb  user_app_mem.o [1]
sRespPcBox              0x2000'04ac    0x8  Data  Gb  user_app_pc_box.o [1]
sStateSlave485          0x2000'2b57    0x1  Data  Gb  user_app_rs485.o [1]
sStatusApp              0x2000'2ad4    0x8  Data  Gb  user_app_pc_box.o [1]
sStatusDoor             0x2000'2b10    0x4  Data  Gb  user_app_door_sensor.o [1]
sStatusRelay            0x2000'2a60   0x10  Data  Gb  user_app_relay.o [1]
sStatusVib              0x2000'2a9c    0xc  Data  Gb  user_app_vib_sensor.o [1]
sTemp_Crtl_Fridge       0x2000'064c    0x4  Data  Gb  user_app_temperature.o [1]
sTemp_Thresh_Recv       0x2000'2aec    0x8  Data  Gb  user_app_temperature.o [1]
sTemperature            0x2000'2ae4    0x8  Data  Gb  user_app_temperature.o [1]
sTimeCycleWarm          0x2000'09a0    0x2  Data  Gb  user_app_relay.o [1]
sTimeLockMagnetis       0x2000'2acc    0x8  Data  Gb  user_app_delivery.o [1]
sUart485                0x2000'0998    0x8  Data  Gb  user_uart.o [1]
sUartDebug              0x2000'0988    0x8  Data  Gb  user_uart.o [1]
sUartPcBox              0x2000'0990    0x8  Data  Gb  user_uart.o [1]
strlen                   0x800'a055         Code  Gb  strlen.o [4]
uwTick                  0x2000'2af4    0x4  Data  Gb  stm32f4xx_hal.o [1]
uwTickFreq              0x2000'09a4    0x1  Data  Gb  stm32f4xx_hal.o [1]
uwTickPrio              0x2000'0000    0x4  Data  Gb  stm32f4xx_hal.o [1]


[1] = D:\Saoviet_Bitbucket\Saoviet_Vending_Machine\Saoviet_VendingMachine_Shrimp_ver_1_1\EWARM\Saoviet_VendingMachine_Shrimp_ver_1\Obj
[2] = dl7M_tlf.a
[3] = m7M_tls.a
[4] = rt7M_tl.a
[5] = shb_l.a

  66'424 bytes of readonly  code memory
   7'047 bytes of readonly  data memory
  12'133 bytes of readwrite data memory

Errors: none
Warnings: none
