###############################################################################
#
# IAR ELF Linker V8.40.2.214/W32 for ARM                  13/Sep/2023  14:50:49
# Copyright 2007-2019 IAR Systems AB.
#
#    Output file  =
#        D:\Saoviet_Git\Saoviet_Vending_Machine\Saoviet_Maybanhang\EWARM\Saoviet_Maybanhang\Exe\Saoviet_Maybanhang.out
#    Map file     =
#        D:\Saoviet_Git\Saoviet_Vending_Machine\Saoviet_Maybanhang\EWARM\Saoviet_Maybanhang\List\Saoviet_Maybanhang.map
#    Command line =
#        -f C:\Users\PC\AppData\Local\Temp\EW9484.tmp
#        (D:\Saoviet_Git\Saoviet_Vending_Machine\Saoviet_Maybanhang\EWARM\Saoviet_Maybanhang\Obj\adc.o
#        D:\Saoviet_Git\Saoviet_Vending_Machine\Saoviet_Maybanhang\EWARM\Saoviet_Maybanhang\Obj\dma.o
#        D:\Saoviet_Git\Saoviet_Vending_Machine\Saoviet_Maybanhang\EWARM\Saoviet_Maybanhang\Obj\event_driven.o
#        D:\Saoviet_Git\Saoviet_Vending_Machine\Saoviet_Maybanhang\EWARM\Saoviet_Maybanhang\Obj\gpio.o
#        D:\Saoviet_Git\Saoviet_Vending_Machine\Saoviet_Maybanhang\EWARM\Saoviet_Maybanhang\Obj\main.o
#        D:\Saoviet_Git\Saoviet_Vending_Machine\Saoviet_Maybanhang\EWARM\Saoviet_Maybanhang\Obj\onchipflash.o
#        D:\Saoviet_Git\Saoviet_Vending_Machine\Saoviet_Maybanhang\EWARM\Saoviet_Maybanhang\Obj\queue_p.o
#        D:\Saoviet_Git\Saoviet_Vending_Machine\Saoviet_Maybanhang\EWARM\Saoviet_Maybanhang\Obj\S25FL216K.o
#        D:\Saoviet_Git\Saoviet_Vending_Machine\Saoviet_Maybanhang\EWARM\Saoviet_Maybanhang\Obj\spi.o
#        D:\Saoviet_Git\Saoviet_Vending_Machine\Saoviet_Maybanhang\EWARM\Saoviet_Maybanhang\Obj\startup_stm32f405xx.o
#        D:\Saoviet_Git\Saoviet_Vending_Machine\Saoviet_Maybanhang\EWARM\Saoviet_Maybanhang\Obj\stm32f4xx_hal.o
#        D:\Saoviet_Git\Saoviet_Vending_Machine\Saoviet_Maybanhang\EWARM\Saoviet_Maybanhang\Obj\stm32f4xx_hal_adc.o
#        D:\Saoviet_Git\Saoviet_Vending_Machine\Saoviet_Maybanhang\EWARM\Saoviet_Maybanhang\Obj\stm32f4xx_hal_adc_ex.o
#        D:\Saoviet_Git\Saoviet_Vending_Machine\Saoviet_Maybanhang\EWARM\Saoviet_Maybanhang\Obj\stm32f4xx_hal_cortex.o
#        D:\Saoviet_Git\Saoviet_Vending_Machine\Saoviet_Maybanhang\EWARM\Saoviet_Maybanhang\Obj\stm32f4xx_hal_dma.o
#        D:\Saoviet_Git\Saoviet_Vending_Machine\Saoviet_Maybanhang\EWARM\Saoviet_Maybanhang\Obj\stm32f4xx_hal_dma_ex.o
#        D:\Saoviet_Git\Saoviet_Vending_Machine\Saoviet_Maybanhang\EWARM\Saoviet_Maybanhang\Obj\stm32f4xx_hal_exti.o
#        D:\Saoviet_Git\Saoviet_Vending_Machine\Saoviet_Maybanhang\EWARM\Saoviet_Maybanhang\Obj\stm32f4xx_hal_flash.o
#        D:\Saoviet_Git\Saoviet_Vending_Machine\Saoviet_Maybanhang\EWARM\Saoviet_Maybanhang\Obj\stm32f4xx_hal_flash_ex.o
#        D:\Saoviet_Git\Saoviet_Vending_Machine\Saoviet_Maybanhang\EWARM\Saoviet_Maybanhang\Obj\stm32f4xx_hal_flash_ramfunc.o
#        D:\Saoviet_Git\Saoviet_Vending_Machine\Saoviet_Maybanhang\EWARM\Saoviet_Maybanhang\Obj\stm32f4xx_hal_gpio.o
#        D:\Saoviet_Git\Saoviet_Vending_Machine\Saoviet_Maybanhang\EWARM\Saoviet_Maybanhang\Obj\stm32f4xx_hal_msp.o
#        D:\Saoviet_Git\Saoviet_Vending_Machine\Saoviet_Maybanhang\EWARM\Saoviet_Maybanhang\Obj\stm32f4xx_hal_pwr.o
#        D:\Saoviet_Git\Saoviet_Vending_Machine\Saoviet_Maybanhang\EWARM\Saoviet_Maybanhang\Obj\stm32f4xx_hal_pwr_ex.o
#        D:\Saoviet_Git\Saoviet_Vending_Machine\Saoviet_Maybanhang\EWARM\Saoviet_Maybanhang\Obj\stm32f4xx_hal_rcc.o
#        D:\Saoviet_Git\Saoviet_Vending_Machine\Saoviet_Maybanhang\EWARM\Saoviet_Maybanhang\Obj\stm32f4xx_hal_rcc_ex.o
#        D:\Saoviet_Git\Saoviet_Vending_Machine\Saoviet_Maybanhang\EWARM\Saoviet_Maybanhang\Obj\stm32f4xx_hal_spi.o
#        D:\Saoviet_Git\Saoviet_Vending_Machine\Saoviet_Maybanhang\EWARM\Saoviet_Maybanhang\Obj\stm32f4xx_hal_tim.o
#        D:\Saoviet_Git\Saoviet_Vending_Machine\Saoviet_Maybanhang\EWARM\Saoviet_Maybanhang\Obj\stm32f4xx_hal_tim_ex.o
#        D:\Saoviet_Git\Saoviet_Vending_Machine\Saoviet_Maybanhang\EWARM\Saoviet_Maybanhang\Obj\stm32f4xx_hal_uart.o
#        D:\Saoviet_Git\Saoviet_Vending_Machine\Saoviet_Maybanhang\EWARM\Saoviet_Maybanhang\Obj\stm32f4xx_it.o
#        D:\Saoviet_Git\Saoviet_Vending_Machine\Saoviet_Maybanhang\EWARM\Saoviet_Maybanhang\Obj\stm32f4xx_ll_adc.o
#        D:\Saoviet_Git\Saoviet_Vending_Machine\Saoviet_Maybanhang\EWARM\Saoviet_Maybanhang\Obj\system_stm32f4xx.o
#        D:\Saoviet_Git\Saoviet_Vending_Machine\Saoviet_Maybanhang\EWARM\Saoviet_Maybanhang\Obj\usart.o
#        D:\Saoviet_Git\Saoviet_Vending_Machine\Saoviet_Maybanhang\EWARM\Saoviet_Maybanhang\Obj\user_app_at_debug.o
#        D:\Saoviet_Git\Saoviet_Vending_Machine\Saoviet_Maybanhang\EWARM\Saoviet_Maybanhang\Obj\user_app_comm.o
#        D:\Saoviet_Git\Saoviet_Vending_Machine\Saoviet_Maybanhang\EWARM\Saoviet_Maybanhang\Obj\user_app_ctrl_motor.o
#        D:\Saoviet_Git\Saoviet_Vending_Machine\Saoviet_Maybanhang\EWARM\Saoviet_Maybanhang\Obj\user_app_door_sensor.o
#        D:\Saoviet_Git\Saoviet_Vending_Machine\Saoviet_Maybanhang\EWARM\Saoviet_Maybanhang\Obj\user_app_electric.o
#        D:\Saoviet_Git\Saoviet_Vending_Machine\Saoviet_Maybanhang\EWARM\Saoviet_Maybanhang\Obj\user_app_pc_box.o
#        D:\Saoviet_Git\Saoviet_Vending_Machine\Saoviet_Maybanhang\EWARM\Saoviet_Maybanhang\Obj\user_app_relay.o
#        D:\Saoviet_Git\Saoviet_Vending_Machine\Saoviet_Maybanhang\EWARM\Saoviet_Maybanhang\Obj\user_app_temperature.o
#        D:\Saoviet_Git\Saoviet_Vending_Machine\Saoviet_Maybanhang\EWARM\Saoviet_Maybanhang\Obj\user_app_vib_sensor.o
#        D:\Saoviet_Git\Saoviet_Vending_Machine\Saoviet_Maybanhang\EWARM\Saoviet_Maybanhang\Obj\user_at_serial.o
#        D:\Saoviet_Git\Saoviet_Vending_Machine\Saoviet_Maybanhang\EWARM\Saoviet_Maybanhang\Obj\user_comm_vending_machine.o
#        D:\Saoviet_Git\Saoviet_Vending_Machine\Saoviet_Maybanhang\EWARM\Saoviet_Maybanhang\Obj\user_external_flash.o
#        D:\Saoviet_Git\Saoviet_Vending_Machine\Saoviet_Maybanhang\EWARM\Saoviet_Maybanhang\Obj\user_internal_mem.o
#        D:\Saoviet_Git\Saoviet_Vending_Machine\Saoviet_Maybanhang\EWARM\Saoviet_Maybanhang\Obj\user_irq_input.o
#        D:\Saoviet_Git\Saoviet_Vending_Machine\Saoviet_Maybanhang\EWARM\Saoviet_Maybanhang\Obj\user_modbus_rtu.o
#        D:\Saoviet_Git\Saoviet_Vending_Machine\Saoviet_Maybanhang\EWARM\Saoviet_Maybanhang\Obj\user_string.o
#        D:\Saoviet_Git\Saoviet_Vending_Machine\Saoviet_Maybanhang\EWARM\Saoviet_Maybanhang\Obj\user_uart.o
#        D:\Saoviet_Git\Saoviet_Vending_Machine\Saoviet_Maybanhang\EWARM\Saoviet_Maybanhang\Obj\user_util.o
#        --no_out_extension -o
#        D:\Saoviet_Git\Saoviet_Vending_Machine\Saoviet_Maybanhang\EWARM\Saoviet_Maybanhang\Exe\Saoviet_Maybanhang.out
#        --redirect _Printf=_PrintfFullNoMb --redirect _Scanf=_ScanfFullNoMb
#        --map
#        D:\Saoviet_Git\Saoviet_Vending_Machine\Saoviet_Maybanhang\EWARM\Saoviet_Maybanhang\List\Saoviet_Maybanhang.map
#        --config
#        D:\Saoviet_Git\Saoviet_Vending_Machine\Saoviet_Maybanhang\EWARM/stm32f405xx_flash.icf
#        --semihosting --entry __iar_program_start --vfe --text_out locale)
#
###############################################################################

*******************************************************************************
*** RUNTIME MODEL ATTRIBUTES
***

CppFlavor       = *
__SystemLibrary = DLib
__dlib_version  = 6


*******************************************************************************
*** HEAP SELECTION
***

The basic heap was selected because no calls to memory allocation
functions were found in the application outside of system library
functions, and there are calls to deallocation functions in the
application.


*******************************************************************************
*** PLACEMENT SUMMARY
***

"A0":  place at address 0x800'0000 { ro section .intvec };
"P1":  place in [from 0x800'0000 to 0x80f'ffff] { ro };
define block CSTACK with size = 1K, alignment = 8 { };
define block HEAP with size = 512, alignment = 8 { };
"P2":  place in [from 0x2000'0000 to 0x2001'ffff] {
          rw, block CSTACK, block HEAP };
initialize by copy { rw };

  Section            Kind         Address    Size  Object
  -------            ----         -------    ----  ------
"A0":                                       0x188
  .intvec            ro code   0x800'0000   0x188  startup_stm32f405xx.o [1]
                             - 0x800'0188   0x188

"P1":                                      0x57e1
  .text              ro code   0x800'0188   0x910  user_app_pc_box.o [1]
  .text              ro code   0x800'0a98    0xe8  user_util.o [1]
  .text              ro code   0x800'0b80    0x30  event_driven.o [1]
  .text              ro code   0x800'0bb0     0x6  ABImemclr4.o [4]
  .text              ro code   0x800'0bb6    0x3a  zero_init3.o [4]
  .text              ro code   0x800'0bf0   0x17c  user_comm_vending_machine.o [1]
  .text              ro code   0x800'0d6c   0x224  stm32f4xx_hal_gpio.o [1]
  .text              ro code   0x800'0f90    0x28  stm32f4xx_hal.o [1]
  .text              ro code   0x800'0fb8    0xc8  user_uart.o [1]
  .text              ro code   0x800'1080   0x508  user_app_relay.o [1]
  .text              ro code   0x800'1588   0x228  user_external_flash.o [1]
  .text              ro code   0x800'17b0    0xc6  queue_p.o [1]
  .text              ro code   0x800'1878     0xc  stm32f4xx_hal.o [1]
  .text              ro code   0x800'1884    0x12  ABImemset_small.o [4]
  .text              ro code   0x800'1898   0x6dc  stm32f4xx_hal_uart.o [1]
  .text              ro code   0x800'1f74    0x14  strlen_small.o [4]
  .text              ro code   0x800'1f88    0x32  ABImemset48.o [4]
  .text              ro code   0x800'1fbc    0x50  user_irq_input.o [1]
  .text              ro code   0x800'200c    0x14  memset.o [4]
  .text              ro code   0x800'2020    0x40  S25FL216K.o [1]
  .text              ro code   0x800'2060   0x3f0  stm32f4xx_hal_spi.o [1]
  .text              ro code   0x800'2450    0x18  ABImemcpy_small.o [4]
  .text              ro code   0x800'2468   0x208  usart.o [1]
  .text              ro code   0x800'2670   0x3fc  stm32f4xx_hal_dma.o [1]
  .text              ro code   0x800'2a6c     0x2  stm32f4xx_hal_uart.o [1]
  .text              ro code   0x800'2a6e     0x2  stm32f4xx_hal_uart.o [1]
  .text              ro code   0x800'2a70     0x2  stm32f4xx_hal_uart.o [1]
  .text              ro code   0x800'2a74   0x1ac  stm32f4xx_hal_rcc.o [1]
  .text              ro code   0x800'2c20   0x106  I64DivMod_small.o [4]
  .text              ro code   0x800'2d28    0xb4  spi.o [1]
  .text              ro code   0x800'2ddc    0xe0  main.o [1]
  .text              ro code   0x800'2ebc    0xc4  stm32f4xx_hal_cortex.o [1]
  .text              ro code   0x800'2f80    0x40  stm32f4xx_hal.o [1]
  .text              ro code   0x800'2fc0     0x2  I64DivZer.o [4]
  .text              ro code   0x800'2fc4    0x34  stm32f4xx_hal.o [1]
  .text              ro code   0x800'2ff8   0x21c  gpio.o [1]
  .text              ro code   0x800'3214    0x34  dma.o [1]
  .text              ro code   0x800'3248   0x138  adc.o [1]
  .text              ro code   0x800'3380    0x7c  user_app_comm.o [1]
  .text              ro code   0x800'33fc   0x31c  stm32f4xx_hal_rcc.o [1]
  .text              ro code   0x800'3718    0x38  stm32f4xx_hal_msp.o [1]
  .text              ro code   0x800'3750   0x492  stm32f4xx_hal_adc.o [1]
  .text              ro code   0x800'3be4   0x4cc  user_app_electric.o [1]
  .text              ro code   0x800'40b0   0x4b8  user_app_temperature.o [1]
  .text              ro code   0x800'4568    0xb4  user_app_at_debug.o [1]
  .text              ro code   0x800'461c   0x304  user_app_ctrl_motor.o [1]
  .text              ro code   0x800'4920   0x214  user_app_door_sensor.o [1]
  .text              ro code   0x800'4b34   0x248  user_app_vib_sensor.o [1]
  .text              ro code   0x800'4d7c     0x2  stm32f4xx_hal_adc.o [1]
  .text              ro code   0x800'4d7e     0x2  stm32f4xx_hal_adc.o [1]
  .text              ro code   0x800'4d80     0x2  stm32f4xx_hal_adc.o [1]
  .text              ro code   0x800'4d82    0x6c  user_modbus_rtu.o [1]
  .text              ro code   0x800'4df0   0x3ac  user_at_serial.o [1]
  .text              ro code   0x800'519c   0x136  user_string.o [1]
  .rodata            const     0x800'52d4    0xd0  user_at_serial.o [1]
  .text              ro code   0x800'53a4    0x7c  stm32f4xx_it.o [1]
  .text              ro code   0x800'5420    0x10  stm32f4xx_hal.o [1]
  .text              ro code   0x800'5430    0x78  lz77_init_single.o [4]
  .text              ro code   0x800'54a8    0x28  data_init.o [4]
  .text              ro code   0x800'54d0    0x22  fpinit_M.o [3]
  .iar.init_table    const     0x800'54f4    0x20  - Linker created -
  .text              ro code   0x800'5514    0x20  system_stm32f4xx.o [1]
  .text              ro code   0x800'5534    0x1e  cmain.o [4]
  .text              ro code   0x800'5552     0x4  low_level_init.o [2]
  .text              ro code   0x800'5556     0x4  exit.o [2]
  .text              ro code   0x800'555c     0xa  cexit.o [4]
  .text              ro code   0x800'5568    0x14  exit.o [5]
  .rodata            const     0x800'557c    0x10  user_at_serial.o [1]
  .rodata            const     0x800'558c    0x10  user_at_serial.o [1]
  .rodata            const     0x800'559c    0x10  user_at_serial.o [1]
  .rodata            const     0x800'55ac    0x10  user_at_serial.o [1]
  .rodata            const     0x800'55bc    0x10  user_at_serial.o [1]
  .text              ro code   0x800'55cc    0x10  startup_stm32f405xx.o [1]
  .rodata            const     0x800'55dc     0xc  user_at_serial.o [1]
  .rodata            const     0x800'55e8     0xc  user_at_serial.o [1]
  .rodata            const     0x800'55f4     0xc  user_at_serial.o [1]
  .rodata            const     0x800'5600     0xc  user_at_serial.o [1]
  .rodata            const     0x800'560c     0xc  user_at_serial.o [1]
  .rodata            const     0x800'5618     0xc  user_at_serial.o [1]
  .rodata            const     0x800'5624     0xc  user_at_serial.o [1]
  .text              ro code   0x800'5630     0xc  cstartup_M.o [4]
  .rodata            const     0x800'563c     0x8  system_stm32f4xx.o [1]
  .rodata            const     0x800'5644     0x8  user_at_serial.o [1]
  .text              ro code   0x800'564c     0x4  startup_stm32f405xx.o [1]
  .text              ro code   0x800'5650     0x4  startup_stm32f405xx.o [1]
  .text              ro code   0x800'5654     0x4  startup_stm32f405xx.o [1]
  .text              ro code   0x800'5658     0x4  startup_stm32f405xx.o [1]
  .text              ro code   0x800'565c     0x4  startup_stm32f405xx.o [1]
  .text              ro code   0x800'5660     0x4  startup_stm32f405xx.o [1]
  .text              ro code   0x800'5664     0x4  startup_stm32f405xx.o [1]
  .text              ro code   0x800'5668     0x4  startup_stm32f405xx.o [1]
  .text              ro code   0x800'566c     0x4  startup_stm32f405xx.o [1]
  .text              ro code   0x800'5670     0x4  startup_stm32f405xx.o [1]
  .text              ro code   0x800'5674     0x4  startup_stm32f405xx.o [1]
  .text              ro code   0x800'5678     0x4  startup_stm32f405xx.o [1]
  .text              ro code   0x800'567c     0x4  startup_stm32f405xx.o [1]
  .text              ro code   0x800'5680     0x4  startup_stm32f405xx.o [1]
  .text              ro code   0x800'5684     0x4  startup_stm32f405xx.o [1]
  .text              ro code   0x800'5688     0x4  startup_stm32f405xx.o [1]
  .text              ro code   0x800'568c     0x4  startup_stm32f405xx.o [1]
  .text              ro code   0x800'5690     0x4  startup_stm32f405xx.o [1]
  .text              ro code   0x800'5694     0x4  startup_stm32f405xx.o [1]
  .text              ro code   0x800'5698     0x4  startup_stm32f405xx.o [1]
  .text              ro code   0x800'569c     0x4  startup_stm32f405xx.o [1]
  .text              ro code   0x800'56a0     0x4  startup_stm32f405xx.o [1]
  .text              ro code   0x800'56a4     0x4  startup_stm32f405xx.o [1]
  .text              ro code   0x800'56a8     0x4  startup_stm32f405xx.o [1]
  .text              ro code   0x800'56ac     0x4  startup_stm32f405xx.o [1]
  .text              ro code   0x800'56b0     0x4  startup_stm32f405xx.o [1]
  .text              ro code   0x800'56b4     0x4  startup_stm32f405xx.o [1]
  .text              ro code   0x800'56b8     0x4  startup_stm32f405xx.o [1]
  .text              ro code   0x800'56bc     0x4  startup_stm32f405xx.o [1]
  .text              ro code   0x800'56c0     0x4  startup_stm32f405xx.o [1]
  .text              ro code   0x800'56c4     0x4  startup_stm32f405xx.o [1]
  .text              ro code   0x800'56c8     0x4  startup_stm32f405xx.o [1]
  .text              ro code   0x800'56cc     0x4  startup_stm32f405xx.o [1]
  .text              ro code   0x800'56d0     0x4  startup_stm32f405xx.o [1]
  .text              ro code   0x800'56d4     0x4  startup_stm32f405xx.o [1]
  .text              ro code   0x800'56d8     0x4  startup_stm32f405xx.o [1]
  .text              ro code   0x800'56dc     0x4  startup_stm32f405xx.o [1]
  .text              ro code   0x800'56e0     0x4  startup_stm32f405xx.o [1]
  .text              ro code   0x800'56e4     0x4  startup_stm32f405xx.o [1]
  .text              ro code   0x800'56e8     0x4  startup_stm32f405xx.o [1]
  .text              ro code   0x800'56ec     0x4  startup_stm32f405xx.o [1]
  .text              ro code   0x800'56f0     0x4  startup_stm32f405xx.o [1]
  .text              ro code   0x800'56f4     0x4  startup_stm32f405xx.o [1]
  .text              ro code   0x800'56f8     0x4  startup_stm32f405xx.o [1]
  .text              ro code   0x800'56fc     0x4  startup_stm32f405xx.o [1]
  .text              ro code   0x800'5700     0x4  startup_stm32f405xx.o [1]
  .text              ro code   0x800'5704     0x4  startup_stm32f405xx.o [1]
  .text              ro code   0x800'5708     0x4  startup_stm32f405xx.o [1]
  .text              ro code   0x800'570c     0x4  startup_stm32f405xx.o [1]
  .text              ro code   0x800'5710     0x4  startup_stm32f405xx.o [1]
  .text              ro code   0x800'5714     0x4  startup_stm32f405xx.o [1]
  .text              ro code   0x800'5718     0x4  startup_stm32f405xx.o [1]
  .text              ro code   0x800'571c     0x4  startup_stm32f405xx.o [1]
  .text              ro code   0x800'5720     0x4  startup_stm32f405xx.o [1]
  .text              ro code   0x800'5724     0x4  startup_stm32f405xx.o [1]
  .text              ro code   0x800'5728     0x4  startup_stm32f405xx.o [1]
  .text              ro code   0x800'572c     0x4  startup_stm32f405xx.o [1]
  .text              ro code   0x800'5730     0x4  startup_stm32f405xx.o [1]
  .text              ro code   0x800'5734     0x4  startup_stm32f405xx.o [1]
  .text              ro code   0x800'5738     0x4  startup_stm32f405xx.o [1]
  .text              ro code   0x800'573c     0x4  startup_stm32f405xx.o [1]
  .text              ro code   0x800'5740     0x4  startup_stm32f405xx.o [1]
  .text              ro code   0x800'5744     0x4  startup_stm32f405xx.o [1]
  .text              ro code   0x800'5748     0x4  startup_stm32f405xx.o [1]
  .text              ro code   0x800'574c     0x4  startup_stm32f405xx.o [1]
  .text              ro code   0x800'5750     0x4  startup_stm32f405xx.o [1]
  .text              ro code   0x800'5754     0x4  startup_stm32f405xx.o [1]
  .text              ro code   0x800'5758     0x4  startup_stm32f405xx.o [1]
  .text              ro code   0x800'575c     0x4  startup_stm32f405xx.o [1]
  .rodata            const     0x800'5760     0x0  zero_init3.o [4]
  .rodata            const     0x800'5760     0x0  lz77_init_single.o [4]
  Initializer bytes  const     0x800'5760   0x209  <for P2-1>
                             - 0x800'5969  0x57e1

"P2", part 1 of 3:                          0x709
  P2-1                        0x2000'0000   0x709  <Init block>
    .data            inited   0x2000'0000     0xc  stm32f4xx_hal.o [1]
    .data            inited   0x2000'000c     0x4  system_stm32f4xx.o [1]
    .data            inited   0x2000'0010    0x32  user_app_at_debug.o [1]
    .data            inited   0x2000'0044    0x50  user_app_ctrl_motor.o [1]
    .data            inited   0x2000'0094    0x44  user_app_ctrl_motor.o [1]
    .data            inited   0x2000'00d8    0x40  user_app_door_sensor.o [1]
    .data            inited   0x2000'0118    0x70  user_app_electric.o [1]
    .data            inited   0x2000'0188     0xe  user_app_electric.o [1]
    .data            inited   0x2000'0198   0x368  user_app_pc_box.o [1]
    .data            inited   0x2000'0500    0x18  user_app_pc_box.o [1]
    .data            inited   0x2000'0518    0x14  user_app_pc_box.o [1]
    .data            inited   0x2000'052c    0x70  user_app_relay.o [1]
    .data            inited   0x2000'059c    0x2c  user_app_relay.o [1]
    .data            inited   0x2000'05c8     0xc  user_app_relay.o [1]
    .data            inited   0x2000'05d4    0x80  user_app_temperature.o [1]
    .data            inited   0x2000'0654    0x24  user_app_temperature.o [1]
    .data            inited   0x2000'0678    0x74  user_app_vib_sensor.o [1]
    .data            inited   0x2000'06ec    0x1d  user_uart.o [1]
                            - 0x2000'0709   0x709

"P2", part 2 of 3:                          0x3cc
  .bss               zero     0x2000'070c    0x80  user_at_serial.o [1]
  .bss               zero     0x2000'078c    0x64  user_uart.o [1]
  .bss               zero     0x2000'07f0    0x64  user_uart.o [1]
  .bss               zero     0x2000'0854    0x60  adc.o [1]
  .bss               zero     0x2000'08b4    0x58  spi.o [1]
  .bss               zero     0x2000'090c    0x48  adc.o [1]
  .bss               zero     0x2000'0954    0x44  usart.o [1]
  .bss               zero     0x2000'0998    0x44  usart.o [1]
  .bss               zero     0x2000'09dc    0x44  usart.o [1]
  .bss               zero     0x2000'0a20    0x44  usart.o [1]
  .bss               zero     0x2000'0a64    0x34  user_uart.o [1]
  .bss               zero     0x2000'0a98    0x14  user_app_pc_box.o [1]
  .bss               zero     0x2000'0aac     0xc  user_app_ctrl_motor.o [1]
  .bss               zero     0x2000'0ab8     0x8  user_app_relay.o [1]
  .bss               zero     0x2000'0ac0     0x7  user_app_door_sensor.o [1]
  .bss               zero     0x2000'0ac7     0x1  user_app_comm.o [1]
  .bss               zero     0x2000'0ac8     0x4  user_app_temperature.o [1]
  .bss               zero     0x2000'0acc     0x4  user_util.o [1]
  .bss               zero     0x2000'0ad0     0x2  user_app_electric.o [1]
  .bss               zero     0x2000'0ad2     0x2  user_app_pc_box.o [1]
  .bss               zero     0x2000'0ad4     0x2  user_app_vib_sensor.o [1]
  .bss               zero     0x2000'0ad6     0x1  user_app_relay.o [1]
  .bss               zero     0x2000'0ad7     0x1  user_app_relay.o [1]
                            - 0x2000'0ad8   0x3cc

"P2", part 3 of 3:                          0x400
  CSTACK                      0x2000'0ad8   0x400  <Block>
    CSTACK           uninit   0x2000'0ad8   0x400  <Block tail>
                            - 0x2000'0ed8   0x400

Unused ranges:

         From           To      Size
         ----           --      ----
   0x800'5969   0x80f'ffff  0xf'a697
  0x2000'0709  0x2000'070b       0x3
  0x2000'0ed8  0x2001'ffff  0x1'f128


*******************************************************************************
*** INIT TABLE
***

          Address      Size
          -------      ----
Zero (__iar_zero_init3)
    1 destination range, total size 0x3cc:
          0x2000'070c  0x3cc

Copy/lz77 (__iar_lz77_init_single3)
    1 source range, total size 0x209 (28% of destination):
           0x800'5760  0x209
    1 destination range, total size 0x709:
          0x2000'0000  0x709



*******************************************************************************
*** MODULE SUMMARY
***

    Module                       ro code  ro data  rw data
    ------                       -------  -------  -------
command line/config:
    ------------------------------------------------------
    Total:

D:\Saoviet_Git\Saoviet_Vending_Machine\Saoviet_Maybanhang\EWARM\Saoviet_Maybanhang\Obj: [1]
    S25FL216K.o                       64
    adc.o                            312               168
    dma.o                             52
    event_driven.o                    48
    gpio.o                           540
    main.o                           224
    queue_p.o                        198
    spi.o                            180                88
    startup_stm32f405xx.o            684
    stm32f4xx_hal.o                  184        3       12
    stm32f4xx_hal_adc.o            1'176
    stm32f4xx_hal_cortex.o           196
    stm32f4xx_hal_dma.o            1'020
    stm32f4xx_hal_gpio.o             548
    stm32f4xx_hal_msp.o               56
    stm32f4xx_hal_rcc.o            1'224
    stm32f4xx_hal_spi.o            1'008
    stm32f4xx_hal_uart.o           1'762
    stm32f4xx_it.o                   124
    system_stm32f4xx.o                32        9        4
    usart.o                          520               272
    user_app_at_debug.o              180       15       50
    user_app_comm.o                  124                 1
    user_app_ctrl_motor.o            772       43      160
    user_app_door_sensor.o           532       18       71
    user_app_electric.o            1'228       37      128
    user_app_pc_box.o              2'320      266      938
    user_app_relay.o               1'288       48      178
    user_app_temperature.o         1'208       48      168
    user_app_vib_sensor.o            584       33      118
    user_at_serial.o                 940      380      128
    user_comm_vending_machine.o      380
    user_external_flash.o            552
    user_irq_input.o                  80
    user_modbus_rtu.o                108
    user_string.o                    310
    user_uart.o                      200        9      281
    user_util.o                      232                 4
    ------------------------------------------------------
    Total:                        21'190      909    2'769

dl7M_tlf.a: [2]
    exit.o                             4
    low_level_init.o                   4
    ------------------------------------------------------
    Total:                             8

m7M_tls.a: [3]
    fpinit_M.o                        34
    ------------------------------------------------------
    Total:                            34

rt7M_tl.a: [4]
    ABImemclr4.o                       6
    ABImemcpy_small.o                 24
    ABImemset48.o                     50
    ABImemset_small.o                 18
    I64DivMod_small.o                262
    I64DivZer.o                        2
    cexit.o                           10
    cmain.o                           30
    cstartup_M.o                      12
    data_init.o                       40
    lz77_init_single.o               120
    memset.o                          20
    strlen_small.o                    20
    zero_init3.o                      58
    ------------------------------------------------------
    Total:                           672

shb_l.a: [5]
    exit.o                            20
    ------------------------------------------------------
    Total:                            20

    Gaps                              20        4        4
    Linker created                             32    1'024
----------------------------------------------------------
    Grand Total:                  21'944      945    3'797


*******************************************************************************
*** ENTRY LIST
***

Entry                       Address   Size  Type      Object
-----                       -------   ----  ----      ------
.iar.init_table$$Base    0x800'54f4          --   Gb  - Linker created -
.iar.init_table$$Limit   0x800'5514          --   Gb  - Linker created -
?main                    0x800'5535         Code  Gb  cmain.o [4]
ADC_Avg                 0x2000'066c    0xc  Data  Gb  user_app_temperature.o [1]
ADC_DMAConvCplt          0x800'3b61   0x66  Code  Lc  stm32f4xx_hal_adc.o [1]
ADC_DMAError             0x800'3bd1   0x12  Code  Lc  stm32f4xx_hal_adc.o [1]
ADC_DMAHalfConvCplt      0x800'3bc9    0x6  Code  Lc  stm32f4xx_hal_adc.o [1]
ADC_Init                 0x800'44b9    0xa  Code  Gb  user_app_temperature.o [1]
ADC_Temp                0x2000'0660    0xc  Data  Gb  user_app_temperature.o [1]
AHBPrescTable            0x800'5524   0x10  Data  Gb  system_stm32f4xx.o [1]
APBPrescTable            0x800'563c    0x8  Data  Gb  system_stm32f4xx.o [1]
AppAtDebug_Task          0x800'45d3   0x40  Code  Gb  user_app_at_debug.o [1]
AppDoorSensor_Debug      0x800'4a4d   0x4e  Code  Gb  user_app_door_sensor.o [1]
AppDoorSensor_Task       0x800'4aa1   0x40  Code  Gb  user_app_door_sensor.o [1]
AppElectric_Debug        0x800'3f79   0x58  Code  Gb  user_app_electric.o [1]
AppElectric_Task         0x800'3fd1   0x40  Code  Gb  user_app_electric.o [1]
AppMotor_Debug           0x800'47f9   0x6a  Code  Gb  user_app_ctrl_motor.o [1]
AppMotor_Task            0x800'4879   0x40  Code  Gb  user_app_ctrl_motor.o [1]
AppPcBox_Debug           0x800'0941   0x6e  Code  Gb  user_app_pc_box.o [1]
AppPcBox_Task            0x800'09af   0x40  Code  Gb  user_app_pc_box.o [1]
AppRelay_Task            0x800'1489   0x40  Code  Gb  user_app_relay.o [1]
AppTemperature_Debug     0x800'43c5   0x86  Code  Gb  user_app_temperature.o [1]
AppTemperature_Task      0x800'4471   0x40  Code  Gb  user_app_temperature.o [1]
AppVibSensor_Debug       0x800'4ce1   0x2e  Code  Gb  user_app_vib_sensor.o [1]
AppVibSensor_Task        0x800'4d0f   0x40  Code  Gb  user_app_vib_sensor.o [1]
BusFault_Handler         0x800'53ab    0x2  Code  Gb  stm32f4xx_it.o [1]
CSTACK$$Base            0x2000'0ad8          --   Gb  - Linker created -
CSTACK$$Limit           0x2000'0ed8          --   Gb  - Linker created -
Cal_Time                 0x800'0ab1   0x12  Code  Gb  user_util.o [1]
Calculator_Crc_U16       0x800'0bf1   0x32  Code  Gb  user_comm_vending_machine.o [1]
Calculator_Scale         0x800'0c65   0x18  Code  Gb  user_comm_vending_machine.o [1]
CheckList_AT_CONFIG      0x800'52d4   0xd0  Data  Gb  user_at_serial.o [1]
Check_AT_User            0x800'509d   0xa8  Code  Gb  user_at_serial.o [1]
Check_Time_Out           0x800'0a99   0x18  Code  Gb  user_util.o [1]
ConnectSlave            0x2000'0ad7    0x1  Data  Gb  user_app_relay.o [1]
ControlRelay             0x800'1195   0x84  Code  Gb  user_app_relay.o [1]
Convert_Hex_To_String_Hex
                         0x800'0af7   0x44  Code  Gb  user_util.o [1]
Convert_Int_To_String    0x800'0c7d   0x4a  Code  Gb  user_comm_vending_machine.o [1]
Convert_Int_To_String_Scale
                         0x800'0cc7   0x7a  Code  Gb  user_comm_vending_machine.o [1]
Convert_String_To_Dec    0x800'0ac3   0x34  Code  Gb  user_util.o [1]
DMA2_Stream0_IRQHandler
                         0x800'53fd    0x6  Code  Gb  stm32f4xx_it.o [1]
DMA_CalcBaseAndBitshift
                         0x800'2a3d   0x26  Code  Lc  stm32f4xx_hal_dma.o [1]
DMA_CalcBaseAndBitshift::flagBitshiftOffset
                         0x800'2a64    0x8  Data  Lc  stm32f4xx_hal_dma.o [1]
DMA_SetConfig            0x800'2a1d   0x20  Code  Lc  stm32f4xx_hal_dma.o [1]
DebugMon_Handler         0x800'53b1    0x2  Code  Gb  stm32f4xx_it.o [1]
EXTI15_10_IRQHandler     0x800'53e1   0x16  Code  Gb  stm32f4xx_it.o [1]
EXTI1_IRQHandler         0x800'53c1    0x6  Code  Gb  stm32f4xx_it.o [1]
EXTI4_IRQHandler         0x800'53c7    0x6  Code  Gb  stm32f4xx_it.o [1]
EXTI9_5_IRQHandler       0x800'53cd    0x8  Code  Gb  stm32f4xx_it.o [1]
Error_Handler            0x800'2eb9    0x4  Code  Gb  main.o [1]
Find_String_V2           0x800'519d   0xc6  Code  Gb  user_string.o [1]
Find_str_fix             0x800'5273   0x60  Code  Gb  user_string.o [1]
HAL_ADC_ConfigChannel    0x800'3a07  0x10e  Code  Gb  stm32f4xx_hal_adc.o [1]
HAL_ADC_Init             0x800'3751  0x154  Code  Gb  stm32f4xx_hal_adc.o [1]
HAL_ADC_MspInit          0x800'32d1   0x92  Code  Gb  adc.o [1]
HAL_ADC_Start_DMA        0x800'38d7  0x130  Code  Gb  stm32f4xx_hal_adc.o [1]
HAL_DMA_Abort            0x800'27c1   0x78  Code  Gb  stm32f4xx_hal_dma.o [1]
HAL_DMA_Abort_IT         0x800'2839   0x24  Code  Gb  stm32f4xx_hal_dma.o [1]
HAL_DMA_IRQHandler       0x800'285d  0x188  Code  Gb  stm32f4xx_hal_dma.o [1]
HAL_DMA_Init             0x800'2671   0xee  Code  Gb  stm32f4xx_hal_dma.o [1]
HAL_DMA_Start_IT         0x800'275f   0x62  Code  Gb  stm32f4xx_hal_dma.o [1]
HAL_Delay                0x800'0f91   0x28  Code  Wk  stm32f4xx_hal.o [1]
HAL_GPIO_EXTI_Callback   0x800'1fbd   0x50  Code  Gb  user_irq_input.o [1]
HAL_GPIO_EXTI_IRQHandler
                         0x800'0f51   0x10  Code  Gb  stm32f4xx_hal_gpio.o [1]
HAL_GPIO_Init            0x800'0d6d  0x1c0  Code  Gb  stm32f4xx_hal_gpio.o [1]
HAL_GPIO_ReadPin         0x800'0f2d    0xc  Code  Gb  stm32f4xx_hal_gpio.o [1]
HAL_GPIO_TogglePin       0x800'0f41   0x10  Code  Gb  stm32f4xx_hal_gpio.o [1]
HAL_GPIO_WritePin        0x800'0f39    0x8  Code  Gb  stm32f4xx_hal_gpio.o [1]
HAL_GetTick              0x800'1879    0xc  Code  Wk  stm32f4xx_hal.o [1]
HAL_IncTick              0x800'5421   0x10  Code  Wk  stm32f4xx_hal.o [1]
HAL_Init                 0x800'2fc5   0x30  Code  Gb  stm32f4xx_hal.o [1]
HAL_InitTick             0x800'2f81   0x40  Code  Wk  stm32f4xx_hal.o [1]
HAL_MspInit              0x800'3719   0x38  Code  Gb  stm32f4xx_hal_msp.o [1]
HAL_NVIC_EnableIRQ       0x800'2f2b   0x16  Code  Gb  stm32f4xx_hal_cortex.o [1]
HAL_NVIC_SetPriority     0x800'2ef1   0x3a  Code  Gb  stm32f4xx_hal_cortex.o [1]
HAL_NVIC_SetPriorityGrouping
                         0x800'2ed7   0x1a  Code  Gb  stm32f4xx_hal_cortex.o [1]
HAL_RCC_ClockConfig      0x800'2a75  0x100  Code  Gb  stm32f4xx_hal_rcc.o [1]
HAL_RCC_GetPCLK1Freq     0x800'2b81   0x10  Code  Gb  stm32f4xx_hal_rcc.o [1]
HAL_RCC_GetPCLK2Freq     0x800'2b91    0xe  Code  Gb  stm32f4xx_hal_rcc.o [1]
HAL_RCC_OscConfig        0x800'33fd  0x31c  Code  Wk  stm32f4xx_hal_rcc.o [1]
HAL_SPI_Init             0x800'2061   0xb4  Code  Gb  stm32f4xx_hal_spi.o [1]
HAL_SPI_MspInit          0x800'2d65   0x66  Code  Gb  spi.o [1]
HAL_SPI_TransmitReceive
                         0x800'211d  0x1a4  Code  Gb  stm32f4xx_hal_spi.o [1]
HAL_SYSTICK_Config       0x800'2f41   0x28  Code  Gb  stm32f4xx_hal_cortex.o [1]
HAL_UART_IRQHandler      0x800'1a0b  0x26a  Code  Gb  stm32f4xx_hal_uart.o [1]
HAL_UART_Init            0x800'1899   0x1e  Code  Gb  stm32f4xx_hal_uart.o [1]
HAL_UART_MspInit         0x800'24d3  0x122  Code  Gb  usart.o [1]
HAL_UART_Receive_IT      0x800'19bf   0x30  Code  Gb  stm32f4xx_hal_uart.o [1]
HAL_UART_RxCpltCallback
                         0x800'0ff1   0x78  Code  Gb  user_uart.o [1]
HAL_UART_Transmit        0x800'190f   0xb0  Code  Gb  stm32f4xx_hal_uart.o [1]
HardFault_Handler        0x800'53a7    0x2  Code  Gb  stm32f4xx_it.o [1]
Init_AppElectric         0x800'3f69    0xc  Code  Gb  user_app_electric.o [1]
Init_AppRelay            0x800'1235    0xc  Code  Gb  user_app_relay.o [1]
Init_DCU_ID              0x800'08bb   0x84  Code  Gb  user_app_pc_box.o [1]
Init_StatusRelay         0x800'12df   0x92  Code  Gb  user_app_relay.o [1]
Init_Uart_Module         0x800'0fbf   0x2c  Code  Gb  user_uart.o [1]
Init_Uart_PcBox_Rx_IT    0x800'0fb9    0x6  Code  Gb  user_uart.o [1]
LAYER_PIN                0x800'48fc   0x10  Data  Lc  user_app_ctrl_motor.o [1]
LAYER_PORT              0x2000'0094   0x1c  Data  Lc  user_app_ctrl_motor.o [1]
LED_Off                  0x800'13f1   0x10  Code  Gb  user_app_relay.o [1]
LED_On                   0x800'13e1   0x10  Code  Gb  user_app_relay.o [1]
LED_PIN                  0x800'1580    0x8  Data  Lc  user_app_relay.o [1]
LED_PORT                0x2000'05c8    0xc  Data  Lc  user_app_relay.o [1]
LED_Toggle               0x800'13d1   0x10  Code  Gb  user_app_relay.o [1]
LedRecvPcBox            0x2000'0ad6    0x1  Data  Gb  user_app_relay.o [1]
Log_Data_Door            0x800'4a15   0x38  Code  Gb  user_app_door_sensor.o [1]
Log_Data_Vib             0x800'4cab   0x34  Code  Gb  user_app_vib_sensor.o [1]
Log_TSVH                 0x800'0825   0x84  Code  Gb  user_app_pc_box.o [1]
MX_ADC1_Init             0x800'3249   0x7e  Code  Gb  adc.o [1]
MX_DMA_Init              0x800'3215   0x34  Code  Gb  dma.o [1]
MX_GPIO_Init             0x800'2ff9  0x1e2  Code  Gb  gpio.o [1]
MX_SPI2_Init             0x800'2d29   0x3c  Code  Gb  spi.o [1]
MX_UART4_Init            0x800'2469   0x16  Code  Gb  usart.o [1]
MX_USART2_UART_Init      0x800'247f   0x10  Code  Gb  usart.o [1]
MX_USART3_UART_Init      0x800'2497   0x10  Code  Gb  usart.o [1]
MX_USART6_UART_Init      0x800'24c3   0x10  Code  Gb  usart.o [1]
Main_Task                0x800'3381   0x64  Code  Gb  user_app_comm.o [1]
MemManage_Handler        0x800'53a9    0x2  Code  Gb  stm32f4xx_it.o [1]
ModRTU_CRC               0x800'4d83   0x30  Code  Gb  user_modbus_rtu.o [1]
ModRTU_Master_Read_Frame
                         0x800'4db3   0x3c  Code  Gb  user_modbus_rtu.o [1]
NMI_Handler              0x800'53a5    0x2  Code  Gb  stm32f4xx_it.o [1]
Off_Motor_Push           0x800'47bd   0x3c  Code  Gb  user_app_ctrl_motor.o [1]
OnOff_Relay              0x800'1219   0x1c  Code  Gb  user_app_relay.o [1]
OnRelay_Warm             0x800'1371   0x20  Code  Gb  user_app_relay.o [1]
On_Motor_Push            0x800'4779   0x42  Code  Gb  user_app_ctrl_motor.o [1]
Pc_Box_Init              0x800'08a9   0x12  Code  Gb  user_app_pc_box.o [1]
PendSV_Handler           0x800'53b3    0x2  Code  Gb  stm32f4xx_it.o [1]
RC                       0x800'5263   0x10  Code  Gb  user_string.o [1]
RELAY_PIN               0x2000'059c   0x10  Data  Lc  user_app_relay.o [1]
RELAY_PORT              0x2000'05ac   0x1c  Data  Lc  user_app_relay.o [1]
Read_IdSlave_Electric_ExFlash
                         0x800'3f3d   0x2c  Code  Gb  user_app_electric.o [1]
Read_Status_Electric_ExFlash
                         0x800'3ec7   0x32  Code  Gb  user_app_electric.o [1]
Read_Status_Relay_ExFlash
                         0x800'129b   0x3a  Code  Gb  user_app_relay.o [1]
Region$$Table$$Base      0x800'54f4          --   Gb  - Linker created -
Region$$Table$$Limit     0x800'5514          --   Gb  - Linker created -
Relay_Debug              0x800'1411   0x78  Code  Gb  user_app_relay.o [1]
Relay_Respond_Pc_Box     0x800'1391   0x40  Code  Gb  user_app_relay.o [1]
Reset_Chip               0x800'0d41   0x1c  Code  Gb  user_comm_vending_machine.o [1]
Respond_PcBox            0x800'0c23    0xe  Code  Gb  user_comm_vending_machine.o [1]
RtCountSystick_u32      0x2000'0acc    0x4  Data  Gb  user_util.o [1]
S25FL_ChipSelect         0x800'2021   0x14  Code  Gb  S25FL216K.o [1]
S25FL_Send_Byte          0x800'2035   0x22  Code  Gb  S25FL216K.o [1]
SLOT_PIN                 0x800'490c   0x14  Data  Lc  user_app_ctrl_motor.o [1]
SLOT_PORT               0x2000'00b0   0x28  Data  Lc  user_app_ctrl_motor.o [1]
SPI_EndRxTxTransaction   0x800'23eb   0x50  Code  Lc  stm32f4xx_hal_spi.o [1]
SPI_WaitFlagStateUntilTimeout
                         0x800'232b   0xb4  Code  Lc  stm32f4xx_hal_spi.o [1]
SVC_Handler              0x800'53af    0x2  Code  Gb  stm32f4xx_it.o [1]
Scale_To_Int             0x800'0c31   0x34  Code  Gb  user_comm_vending_machine.o [1]
Set_Threshold_Temperature
                         0x800'433f   0x3a  Code  Gb  user_app_temperature.o [1]
Status_Power_Respond_PcBox
                         0x800'3e57   0x34  Code  Gb  user_app_electric.o [1]
SysTick_Handler          0x800'53b5    0xc  Code  Gb  stm32f4xx_it.o [1]
SystemClock_Config       0x800'2e0d   0xa4  Code  Gb  main.o [1]
SystemCoreClock         0x2000'000c    0x4  Data  Gb  system_stm32f4xx.o [1]
SystemInit               0x800'5515    0xc  Code  Gb  system_stm32f4xx.o [1]
TaskStatus_u8           0x2000'0ac7    0x1  Data  Gb  user_app_comm.o [1]
Threshold_Respond_Pc_Box_Setup
                         0x800'4379   0x4a  Code  Gb  user_app_temperature.o [1]
Transmit_PCBOX           0x800'07e1   0x18  Code  Gb  user_app_pc_box.o [1]
UART4_IRQHandler         0x800'53f7    0x6  Code  Gb  stm32f4xx_it.o [1]
UART_DMAAbortOnError     0x800'1dcd    0xc  Code  Lc  stm32f4xx_hal_uart.o [1]
UART_EndRxTransfer       0x800'1d83   0x2a  Code  Lc  stm32f4xx_hal_uart.o [1]
UART_Receive_IT          0x800'1dd9   0xaa  Code  Lc  stm32f4xx_hal_uart.o [1]
UART_SetConfig           0x800'1ead   0xae  Code  Lc  stm32f4xx_hal_uart.o [1]
UART_Start_Receive_IT    0x800'1d31   0x3a  Code  Gb  stm32f4xx_hal_uart.o [1]
UART_WaitOnFlagUntilTimeout
                         0x800'1c9d   0x5e  Code  Lc  stm32f4xx_hal_uart.o [1]
USART2_IRQHandler        0x800'53d5    0x6  Code  Gb  stm32f4xx_it.o [1]
USART3_IRQHandler        0x800'53db    0x6  Code  Gb  stm32f4xx_it.o [1]
USART6_IRQHandler        0x800'5403    0x6  Code  Gb  stm32f4xx_it.o [1]
UTIL_MEM_set             0x800'0b3b    0xe  Code  Gb  user_util.o [1]
UTIL_Printf              0x800'0b49   0x10  Code  Gb  user_util.o [1]
UTIL_Printf_Str          0x800'0b59   0x12  Code  Gb  user_util.o [1]
Uart485Buff             0x2000'0a64   0x34  Data  Gb  user_uart.o [1]
Uart485RxByte           0x2000'06ed    0x1  Data  Gb  user_uart.o [1]
UartDebugBuff           0x2000'078c   0x64  Data  Gb  user_uart.o [1]
UartDebugRxByte         0x2000'06ec    0x1  Data  Gb  user_uart.o [1]
UartPcBoxBuff           0x2000'07f0   0x64  Data  Gb  user_uart.o [1]
UartPcBoxRxByte         0x2000'06ee    0x1  Data  Gb  user_uart.o [1]
UartSimRxByte           0x2000'0708    0x1  Data  Gb  user_uart.o [1]
UsageFault_Handler       0x800'53ad    0x2  Code  Gb  stm32f4xx_it.o [1]
Write_IdSlave_Electric_ExFlash
                         0x800'3ef9   0x28  Code  Gb  user_app_electric.o [1]
Write_Queue_Repond_PcBox
                         0x800'07f9   0x26  Code  Gb  user_app_pc_box.o [1]
Write_Status_Electric_ExFlash
                         0x800'3e9d   0x2a  Code  Gb  user_app_electric.o [1]
Write_Status_Relay_ExFlash
                         0x800'1241   0x5a  Code  Gb  user_app_relay.o [1]
__NVIC_SetPriority       0x800'2ebd   0x1a  Code  Lc  stm32f4xx_hal_cortex.o [1]
__aeabi_ldiv0            0x800'2fc1         Code  Gb  I64DivZer.o [4]
__aeabi_memclr4          0x800'0bb1         Code  Gb  ABImemclr4.o [4]
__cmain                  0x800'5535         Code  Gb  cmain.o [4]
__exit                   0x800'5569   0x14  Code  Gb  exit.o [5]
__iar_Memset4_word       0x800'1f89         Code  Gb  ABImemset48.o [4]
__iar_Memset8_word       0x800'1f89         Code  Gb  ABImemset48.o [4]
__iar_data_init3         0x800'54a9   0x28  Code  Gb  data_init.o [4]
__iar_init_vfp           0x800'54d1         Code  Gb  fpinit_M.o [3]
__iar_lz77_init_single3
                         0x800'5431   0x78  Code  Gb  lz77_init_single.o [4]
__iar_program_start      0x800'5631         Code  Gb  cstartup_M.o [4]
__iar_small_Memcpy       0x800'2455         Code  Gb  ABImemcpy_small.o [4]
__iar_small_Memset       0x800'1885         Code  Gb  ABImemset_small.o [4]
__iar_small_Memset_word
                         0x800'1885         Code  Gb  ABImemset_small.o [4]
__iar_small_memcpy       0x800'2451         Code  Gb  ABImemcpy_small.o [4]
__iar_small_memcpy4      0x800'2451         Code  Gb  ABImemcpy_small.o [4]
__iar_small_memcpy8      0x800'2451         Code  Gb  ABImemcpy_small.o [4]
__iar_small_memset       0x800'1885         Code  Gb  ABImemset_small.o [4]
__iar_small_strlen       0x800'1f75         Code  Gb  strlen_small.o [4]
__iar_small_uldivmod     0x800'2c21         Code  Gb  I64DivMod_small.o [4]
__iar_zero_init3         0x800'0bb7   0x3a  Code  Gb  zero_init3.o [4]
__low_level_init         0x800'5553    0x4  Code  Gb  low_level_init.o [2]
__vector_table           0x800'0000         Data  Gb  startup_stm32f405xx.o [1]
_call_main               0x800'5541         Code  Gb  cmain.o [4]
_exit                    0x800'555d         Code  Gb  cexit.o [4]
_fCTRL_RELAY_LAMP        0x800'503f   0x22  Code  Gb  user_at_serial.o [1]
_fCTRL_RELAY_SCREEN      0x800'501b   0x24  Code  Gb  user_at_serial.o [1]
_fCTRL_RELAY_WARM        0x800'5069   0x2e  Code  Gb  user_at_serial.o [1]
_fGET_ID_SLAVE           0x800'4f9d   0x18  Code  Gb  user_at_serial.o [1]
_fGET_SERI_DCU           0x800'4e0b   0x18  Code  Gb  user_at_serial.o [1]
_fGET_SETUP_TEMP         0x800'4ead   0x1c  Code  Gb  user_at_serial.o [1]
_fGET_THRESH_TEMP        0x800'4f31   0x1a  Code  Gb  user_at_serial.o [1]
_fRESET_DCU              0x800'4df1   0x1a  Code  Gb  user_at_serial.o [1]
_fSET_ID_SLAVE           0x800'4fb5   0x2a  Code  Gb  user_at_serial.o [1]
_fSET_SERI_DCU           0x800'4e23   0x7e  Code  Gb  user_at_serial.o [1]
_fSET_SETUP_TEMP         0x800'4ec9   0x46  Code  Gb  user_at_serial.o [1]
_fSET_THRESH_TEMP        0x800'4f71   0x2c  Code  Gb  user_at_serial.o [1]
_main                    0x800'554f         Code  Gb  cmain.o [4]
aBuffer_Ping            0x2000'0a98   0x14  Data  Gb  user_app_pc_box.o [1]
aDATA_CONFIG            0x2000'070c   0x80  Data  Gb  user_at_serial.o [1]
aDCU_ID                 0x2000'0518   0x14  Data  Gb  user_app_pc_box.o [1]
eFlash_S25FL_BufferRead
                         0x800'1707   0x60  Code  Gb  user_external_flash.o [1]
eFlash_S25FL_BufferWrite
                         0x800'16cb   0x34  Code  Gb  user_external_flash.o [1]
eFlash_S25FL_CheckWriteEnable
                         0x800'1625   0x28  Code  Gb  user_external_flash.o [1]
eFlash_S25FL_Enable      0x800'158f   0x16  Code  Gb  user_external_flash.o [1]
eFlash_S25FL_Erase_Sector
                         0x800'15a5   0x4a  Code  Gb  user_external_flash.o [1]
eFlash_S25FL_PageWrite   0x800'1667   0x5c  Code  Gb  user_external_flash.o [1]
eFlash_S25FL_WaitForWriteEnd
                         0x800'15f5   0x2a  Code  Gb  user_external_flash.o [1]
exit                     0x800'5557    0x4  Code  Gb  exit.o [2]
fevent_active            0x800'0b81   0x10  Code  Gb  event_driven.o [1]
fevent_at_debug_complete_receive
                         0x800'45a9   0x20  Code  Lc  user_app_at_debug.o [1]
fevent_at_debug_entry    0x800'4569   0x18  Code  Lc  user_app_at_debug.o [1]
fevent_at_debug_receive_handle
                         0x800'4581   0x28  Code  Lc  user_app_at_debug.o [1]
fevent_at_debug_receive_handle::countBuffer_uart
                        0x2000'0040    0x2  Data  Lc  user_app_at_debug.o [1]
fevent_control_led_pcbox
                         0x800'112f   0x3e  Code  Lc  user_app_relay.o [1]
fevent_control_led_slave
                         0x800'116d   0x26  Code  Lc  user_app_relay.o [1]
fevent_control_led_status
                         0x800'10fb   0x34  Code  Lc  user_app_relay.o [1]
fevent_control_motor_push
                         0x800'463d   0x32  Code  Lc  user_app_ctrl_motor.o [1]
fevent_disable           0x800'0ba5    0xc  Code  Gb  event_driven.o [1]
fevent_door_ctrl_respond
                         0x800'4971   0x6c  Code  Lc  user_app_door_sensor.o [1]
fevent_door_ctrl_respond::On_RL_Warm
                        0x2000'0ac6    0x1  Data  Lc  user_app_door_sensor.o [1]
fevent_door_ctrl_respond::status
                        0x2000'0ac5    0x1  Data  Lc  user_app_door_sensor.o [1]
fevent_door_ctrl_respond::status_before
                        0x2000'0ac4    0x1  Data  Lc  user_app_door_sensor.o [1]
fevent_door_entry        0x800'4921    0xe  Code  Lc  user_app_door_sensor.o [1]
fevent_door_respond_pc_box
                         0x800'49dd   0x38  Code  Lc  user_app_door_sensor.o [1]
fevent_door_sensor       0x800'492f   0x42  Code  Lc  user_app_door_sensor.o [1]
fevent_electric_entry    0x800'3be5   0x14  Code  Lc  user_app_electric.o [1]
fevent_electric_handle_485
                         0x800'3ca3   0xc2  Code  Lc  user_app_electric.o [1]
fevent_electric_handle_485::CountStateConnect
                        0x2000'0195    0x1  Data  Lc  user_app_electric.o [1]
fevent_electric_handle_485::CountStatePower
                        0x2000'0194    0x1  Data  Lc  user_app_electric.o [1]
fevent_electric_handle_power
                         0x800'3ddb   0x68  Code  Lc  user_app_electric.o [1]
fevent_electric_off_power
                         0x800'3d65   0x6e  Code  Lc  user_app_electric.o [1]
fevent_electric_receive_485
                         0x800'3c73   0x30  Code  Lc  user_app_electric.o [1]
fevent_electric_receive_485::countBuffer_uart
                        0x2000'0ad0    0x2  Data  Lc  user_app_electric.o [1]
fevent_electric_send_meter
                         0x800'3e43    0xc  Code  Lc  user_app_electric.o [1]
fevent_electric_transmit_485
                         0x800'3bf9   0x7a  Code  Lc  user_app_electric.o [1]
fevent_enable            0x800'0b91   0x14  Code  Gb  event_driven.o [1]
fevent_input_motor_push
                         0x800'466f   0x44  Code  Lc  user_app_ctrl_motor.o [1]
fevent_motor_entry       0x800'461d   0x20  Code  Lc  user_app_ctrl_motor.o [1]
fevent_motor_push_off_error
                         0x800'46b3   0x16  Code  Lc  user_app_ctrl_motor.o [1]
fevent_pcbox_complete_receive
                         0x800'0271  0x2e8  Code  Lc  user_app_pc_box.o [1]
fevent_pcbox_entry       0x800'0189   0x6e  Code  Lc  user_app_pc_box.o [1]
fevent_pcbox_get_dcu_ID
                         0x800'0647   0x50  Code  Lc  user_app_pc_box.o [1]
fevent_pcbox_log_tsvh    0x800'0559   0x32  Code  Lc  user_app_pc_box.o [1]
fevent_pcbox_ping        0x800'058b   0x40  Code  Lc  user_app_pc_box.o [1]
fevent_pcbox_receive_handle
                         0x800'0239   0x38  Code  Lc  user_app_pc_box.o [1]
fevent_pcbox_receive_handle::countBuffer_uart
                        0x2000'0ad2    0x2  Data  Lc  user_app_pc_box.o [1]
fevent_pcbox_set_dcu_ID
                         0x800'05cb   0x7c  Code  Lc  user_app_pc_box.o [1]
fevent_queue_respond_immediately
                         0x800'0709   0x32  Code  Lc  user_app_pc_box.o [1]
fevent_queue_respond_time
                         0x800'0743   0x3c  Code  Lc  user_app_pc_box.o [1]
fevent_refresh_dcu       0x800'077f   0x58  Code  Lc  user_app_pc_box.o [1]
fevent_relay_entry       0x800'1081   0x22  Code  Lc  user_app_relay.o [1]
fevent_relay_warm_off    0x800'10e1   0x1a  Code  Lc  user_app_relay.o [1]
fevent_relay_warm_on     0x800'10c1   0x18  Code  Lc  user_app_relay.o [1]
fevent_relay_warm_refresh
                         0x800'10a3   0x1e  Code  Lc  user_app_relay.o [1]
fevent_reset_dcu         0x800'06a5   0x64  Code  Lc  user_app_pc_box.o [1]
fevent_respond_pcbox     0x800'46c9   0xa6  Code  Lc  user_app_ctrl_motor.o [1]
fevent_temp_calculator   0x800'4149  0x106  Code  Lc  user_app_temperature.o [1]
fevent_temp_ctrl_fridge
                         0x800'4299   0x78  Code  Lc  user_app_temperature.o [1]
fevent_temp_entry        0x800'40b1   0x40  Code  Lc  user_app_temperature.o [1]
fevent_temp_entry::once
                        0x2000'065c    0x1  Data  Lc  user_app_temperature.o [1]
fevent_temp_get_adc      0x800'40f1   0x56  Code  Lc  user_app_temperature.o [1]
fevent_temp_get_adc::count
                        0x2000'065d    0x1  Data  Lc  user_app_temperature.o [1]
fevent_temp_off_fridge_frozen
                         0x800'431f   0x20  Code  Lc  user_app_temperature.o [1]
fevent_temp_read_setuptemp
                         0x800'4265   0x34  Code  Lc  user_app_temperature.o [1]
fevent_temp_set_setuptemp
                         0x800'424f   0x16  Code  Lc  user_app_temperature.o [1]
fevent_temp_time_get     0x800'4311    0xe  Code  Lc  user_app_temperature.o [1]
fevent_vib_led_warning   0x800'4c2b   0x76  Code  Lc  user_app_vib_sensor.o [1]
fevent_vib_led_warning::Count_Morse
                        0x2000'0ad5    0x1  Data  Lc  user_app_vib_sensor.o [1]
fevent_vib_led_warning::Count_Toggle
                        0x2000'0ad4    0x1  Data  Lc  user_app_vib_sensor.o [1]
fevent_vib_off_alarm     0x800'4c19   0x12  Code  Lc  user_app_vib_sensor.o [1]
fevent_vib_sensor        0x800'4b79   0xa0  Code  Lc  user_app_vib_sensor.o [1]
fevent_vib_sensor::GetTickLevelAlarm
                        0x2000'06e8    0x4  Data  Lc  user_app_vib_sensor.o [1]
fevent_vib_sensor_entry
                         0x800'4b35    0xe  Code  Lc  user_app_vib_sensor.o [1]
fevent_vib_sensor_scan   0x800'4b43   0x36  Code  Lc  user_app_vib_sensor.o [1]
fevent_wdg_stm32f4       0x800'0209   0x30  Code  Lc  user_app_pc_box.o [1]
hadc1                   0x2000'090c   0x48  Data  Gb  adc.o [1]
hdma_adc1               0x2000'0854   0x60  Data  Gb  adc.o [1]
hspi2                   0x2000'08b4   0x58  Data  Gb  spi.o [1]
huart2                  0x2000'0998   0x44  Data  Gb  usart.o [1]
huart3                  0x2000'09dc   0x44  Data  Gb  usart.o [1]
huart4                  0x2000'0954   0x44  Data  Gb  usart.o [1]
huart6                  0x2000'0a20   0x44  Data  Gb  usart.o [1]
main                     0x800'2ddd   0x30  Code  Gb  main.o [1]
memset                   0x800'200d   0x14  Code  Gb  memset.o [4]
qGet_Number_Items        0x800'1873    0x4  Code  Gb  queue_p.o [1]
qQueue_Create            0x800'17b1   0x22  Code  Gb  queue_p.o [1]
qQueue_Receive           0x800'1831   0x42  Code  Gb  queue_p.o [1]
qQueue_Send              0x800'17d3   0x5e  Code  Gb  queue_p.o [1]
qRespondPcBox           0x2000'04e8   0x18  Data  Gb  user_app_pc_box.o [1]
sBuffer_Ping            0x2000'0508    0x8  Data  Gb  user_app_pc_box.o [1]
sDCU_ID                 0x2000'0510    0x8  Data  Gb  user_app_pc_box.o [1]
sElectric               0x2000'0188    0xc  Data  Gb  user_app_electric.o [1]
sEventAppAtDebug        0x2000'0010   0x30  Data  Gb  user_app_at_debug.o [1]
sEventAppDoorSensor     0x2000'00d8   0x40  Data  Gb  user_app_door_sensor.o [1]
sEventAppElectric       0x2000'0118   0x70  Data  Gb  user_app_electric.o [1]
sEventAppMotor          0x2000'0044   0x50  Data  Gb  user_app_ctrl_motor.o [1]
sEventAppPcBox          0x2000'01b0   0xc0  Data  Gb  user_app_pc_box.o [1]
sEventAppRelay          0x2000'052c   0x70  Data  Gb  user_app_relay.o [1]
sEventAppTemperature    0x2000'05d4   0x80  Data  Gb  user_app_temperature.o [1]
sEventAppVibSensor      0x2000'0688   0x50  Data  Gb  user_app_vib_sensor.o [1]
sInforPush              0x2000'0ab4    0x4  Data  Gb  user_app_ctrl_motor.o [1]
sPushMotor              0x2000'0aac    0x8  Data  Gb  user_app_ctrl_motor.o [1]
sQueueReadData          0x2000'0198   0x18  Data  Gb  user_app_pc_box.o [1]
sQueueRespondPcBox      0x2000'0270  0x278  Data  Gb  user_app_pc_box.o [1]
sStatusApp              0x2000'0500    0x8  Data  Gb  user_app_pc_box.o [1]
sStatusDoor             0x2000'0ac0    0x4  Data  Gb  user_app_door_sensor.o [1]
sStatusRelay            0x2000'0ab8    0x8  Data  Gb  user_app_relay.o [1]
sStatusVib              0x2000'0678   0x10  Data  Gb  user_app_vib_sensor.o [1]
sStatusVib_Scan         0x2000'06d8   0x10  Data  Gb  user_app_vib_sensor.o [1]
sTemp_Crtl_Fridge       0x2000'0654    0x4  Data  Gb  user_app_temperature.o [1]
sTemp_Thresh_Recv       0x2000'0ac8    0x4  Data  Gb  user_app_temperature.o [1]
sTemperature            0x2000'0658    0x4  Data  Gb  user_app_temperature.o [1]
sUart485                0x2000'06f8    0x8  Data  Gb  user_uart.o [1]
sUartDebug              0x2000'06f0    0x8  Data  Gb  user_uart.o [1]
sUartPcBox              0x2000'0700    0x8  Data  Gb  user_uart.o [1]
uwTick                  0x2000'0004    0x4  Data  Gb  stm32f4xx_hal.o [1]
uwTickFreq              0x2000'0000    0x1  Data  Gb  stm32f4xx_hal.o [1]
uwTickPrio              0x2000'0008    0x4  Data  Gb  stm32f4xx_hal.o [1]


[1] = D:\Saoviet_Git\Saoviet_Vending_Machine\Saoviet_Maybanhang\EWARM\Saoviet_Maybanhang\Obj
[2] = dl7M_tlf.a
[3] = m7M_tls.a
[4] = rt7M_tl.a
[5] = shb_l.a

  21'944 bytes of readonly  code memory
     945 bytes of readonly  data memory
   3'797 bytes of readwrite data memory

Errors: none
Warnings: none
