###############################################################################
#
# IAR ELF Linker V8.40.2.214/W32 for ARM                  06/Sep/2023  15:18:27
# Copyright 2007-2019 IAR Systems AB.
#
#    Output file  =
#        D:\Saoviet_Git\Saoviet_Vending_Machine\Saoviet_Maybanhang\EWARM\Saoviet_Maybanhang\Exe\Saoviet_Maybanhang.out
#    Map file     =
#        D:\Saoviet_Git\Saoviet_Vending_Machine\Saoviet_Maybanhang\EWARM\Saoviet_Maybanhang\List\Saoviet_Maybanhang.map
#    Command line =
#        -f C:\Users\PC\AppData\Local\Temp\EWAFB0.tmp
#        (D:\Saoviet_Git\Saoviet_Vending_Machine\Saoviet_Maybanhang\EWARM\Saoviet_Maybanhang\Obj\adc.o
#        D:\Saoviet_Git\Saoviet_Vending_Machine\Saoviet_Maybanhang\EWARM\Saoviet_Maybanhang\Obj\dma.o
#        D:\Saoviet_Git\Saoviet_Vending_Machine\Saoviet_Maybanhang\EWARM\Saoviet_Maybanhang\Obj\event_driven.o
#        D:\Saoviet_Git\Saoviet_Vending_Machine\Saoviet_Maybanhang\EWARM\Saoviet_Maybanhang\Obj\gpio.o
#        D:\Saoviet_Git\Saoviet_Vending_Machine\Saoviet_Maybanhang\EWARM\Saoviet_Maybanhang\Obj\main.o
#        D:\Saoviet_Git\Saoviet_Vending_Machine\Saoviet_Maybanhang\EWARM\Saoviet_Maybanhang\Obj\onchipflash.o
#        D:\Saoviet_Git\Saoviet_Vending_Machine\Saoviet_Maybanhang\EWARM\Saoviet_Maybanhang\Obj\queue_p.o
#        D:\Saoviet_Git\Saoviet_Vending_Machine\Saoviet_Maybanhang\EWARM\Saoviet_Maybanhang\Obj\S25FL216K.o
#        D:\Saoviet_Git\Saoviet_Vending_Machine\Saoviet_Maybanhang\EWARM\Saoviet_Maybanhang\Obj\spi.o
#        D:\Saoviet_Git\Saoviet_Vending_Machine\Saoviet_Maybanhang\EWARM\Saoviet_Maybanhang\Obj\startup_stm32f405xx.o
#        D:\Saoviet_Git\Saoviet_Vending_Machine\Saoviet_Maybanhang\EWARM\Saoviet_Maybanhang\Obj\stm32f4xx_hal.o
#        D:\Saoviet_Git\Saoviet_Vending_Machine\Saoviet_Maybanhang\EWARM\Saoviet_Maybanhang\Obj\stm32f4xx_hal_adc.o
#        D:\Saoviet_Git\Saoviet_Vending_Machine\Saoviet_Maybanhang\EWARM\Saoviet_Maybanhang\Obj\stm32f4xx_hal_adc_ex.o
#        D:\Saoviet_Git\Saoviet_Vending_Machine\Saoviet_Maybanhang\EWARM\Saoviet_Maybanhang\Obj\stm32f4xx_hal_cortex.o
#        D:\Saoviet_Git\Saoviet_Vending_Machine\Saoviet_Maybanhang\EWARM\Saoviet_Maybanhang\Obj\stm32f4xx_hal_dma.o
#        D:\Saoviet_Git\Saoviet_Vending_Machine\Saoviet_Maybanhang\EWARM\Saoviet_Maybanhang\Obj\stm32f4xx_hal_dma_ex.o
#        D:\Saoviet_Git\Saoviet_Vending_Machine\Saoviet_Maybanhang\EWARM\Saoviet_Maybanhang\Obj\stm32f4xx_hal_exti.o
#        D:\Saoviet_Git\Saoviet_Vending_Machine\Saoviet_Maybanhang\EWARM\Saoviet_Maybanhang\Obj\stm32f4xx_hal_flash.o
#        D:\Saoviet_Git\Saoviet_Vending_Machine\Saoviet_Maybanhang\EWARM\Saoviet_Maybanhang\Obj\stm32f4xx_hal_flash_ex.o
#        D:\Saoviet_Git\Saoviet_Vending_Machine\Saoviet_Maybanhang\EWARM\Saoviet_Maybanhang\Obj\stm32f4xx_hal_flash_ramfunc.o
#        D:\Saoviet_Git\Saoviet_Vending_Machine\Saoviet_Maybanhang\EWARM\Saoviet_Maybanhang\Obj\stm32f4xx_hal_gpio.o
#        D:\Saoviet_Git\Saoviet_Vending_Machine\Saoviet_Maybanhang\EWARM\Saoviet_Maybanhang\Obj\stm32f4xx_hal_msp.o
#        D:\Saoviet_Git\Saoviet_Vending_Machine\Saoviet_Maybanhang\EWARM\Saoviet_Maybanhang\Obj\stm32f4xx_hal_pwr.o
#        D:\Saoviet_Git\Saoviet_Vending_Machine\Saoviet_Maybanhang\EWARM\Saoviet_Maybanhang\Obj\stm32f4xx_hal_pwr_ex.o
#        D:\Saoviet_Git\Saoviet_Vending_Machine\Saoviet_Maybanhang\EWARM\Saoviet_Maybanhang\Obj\stm32f4xx_hal_rcc.o
#        D:\Saoviet_Git\Saoviet_Vending_Machine\Saoviet_Maybanhang\EWARM\Saoviet_Maybanhang\Obj\stm32f4xx_hal_rcc_ex.o
#        D:\Saoviet_Git\Saoviet_Vending_Machine\Saoviet_Maybanhang\EWARM\Saoviet_Maybanhang\Obj\stm32f4xx_hal_spi.o
#        D:\Saoviet_Git\Saoviet_Vending_Machine\Saoviet_Maybanhang\EWARM\Saoviet_Maybanhang\Obj\stm32f4xx_hal_tim.o
#        D:\Saoviet_Git\Saoviet_Vending_Machine\Saoviet_Maybanhang\EWARM\Saoviet_Maybanhang\Obj\stm32f4xx_hal_tim_ex.o
#        D:\Saoviet_Git\Saoviet_Vending_Machine\Saoviet_Maybanhang\EWARM\Saoviet_Maybanhang\Obj\stm32f4xx_hal_uart.o
#        D:\Saoviet_Git\Saoviet_Vending_Machine\Saoviet_Maybanhang\EWARM\Saoviet_Maybanhang\Obj\stm32f4xx_it.o
#        D:\Saoviet_Git\Saoviet_Vending_Machine\Saoviet_Maybanhang\EWARM\Saoviet_Maybanhang\Obj\stm32f4xx_ll_adc.o
#        D:\Saoviet_Git\Saoviet_Vending_Machine\Saoviet_Maybanhang\EWARM\Saoviet_Maybanhang\Obj\system_stm32f4xx.o
#        D:\Saoviet_Git\Saoviet_Vending_Machine\Saoviet_Maybanhang\EWARM\Saoviet_Maybanhang\Obj\usart.o
#        D:\Saoviet_Git\Saoviet_Vending_Machine\Saoviet_Maybanhang\EWARM\Saoviet_Maybanhang\Obj\user_app_at_debug.o
#        D:\Saoviet_Git\Saoviet_Vending_Machine\Saoviet_Maybanhang\EWARM\Saoviet_Maybanhang\Obj\user_app_comm.o
#        D:\Saoviet_Git\Saoviet_Vending_Machine\Saoviet_Maybanhang\EWARM\Saoviet_Maybanhang\Obj\user_app_ctrl_motor.o
#        D:\Saoviet_Git\Saoviet_Vending_Machine\Saoviet_Maybanhang\EWARM\Saoviet_Maybanhang\Obj\user_app_door_sensor.o
#        D:\Saoviet_Git\Saoviet_Vending_Machine\Saoviet_Maybanhang\EWARM\Saoviet_Maybanhang\Obj\user_app_electric.o
#        D:\Saoviet_Git\Saoviet_Vending_Machine\Saoviet_Maybanhang\EWARM\Saoviet_Maybanhang\Obj\user_app_pc_box.o
#        D:\Saoviet_Git\Saoviet_Vending_Machine\Saoviet_Maybanhang\EWARM\Saoviet_Maybanhang\Obj\user_app_relay.o
#        D:\Saoviet_Git\Saoviet_Vending_Machine\Saoviet_Maybanhang\EWARM\Saoviet_Maybanhang\Obj\user_app_temperature.o
#        D:\Saoviet_Git\Saoviet_Vending_Machine\Saoviet_Maybanhang\EWARM\Saoviet_Maybanhang\Obj\user_app_vib_sensor.o
#        D:\Saoviet_Git\Saoviet_Vending_Machine\Saoviet_Maybanhang\EWARM\Saoviet_Maybanhang\Obj\user_at_serial.o
#        D:\Saoviet_Git\Saoviet_Vending_Machine\Saoviet_Maybanhang\EWARM\Saoviet_Maybanhang\Obj\user_comm_vending_machine.o
#        D:\Saoviet_Git\Saoviet_Vending_Machine\Saoviet_Maybanhang\EWARM\Saoviet_Maybanhang\Obj\user_external_flash.o
#        D:\Saoviet_Git\Saoviet_Vending_Machine\Saoviet_Maybanhang\EWARM\Saoviet_Maybanhang\Obj\user_internal_mem.o
#        D:\Saoviet_Git\Saoviet_Vending_Machine\Saoviet_Maybanhang\EWARM\Saoviet_Maybanhang\Obj\user_irq_input.o
#        D:\Saoviet_Git\Saoviet_Vending_Machine\Saoviet_Maybanhang\EWARM\Saoviet_Maybanhang\Obj\user_modbus_rtu.o
#        D:\Saoviet_Git\Saoviet_Vending_Machine\Saoviet_Maybanhang\EWARM\Saoviet_Maybanhang\Obj\user_string.o
#        D:\Saoviet_Git\Saoviet_Vending_Machine\Saoviet_Maybanhang\EWARM\Saoviet_Maybanhang\Obj\user_uart.o
#        D:\Saoviet_Git\Saoviet_Vending_Machine\Saoviet_Maybanhang\EWARM\Saoviet_Maybanhang\Obj\user_util.o
#        --no_out_extension -o
#        D:\Saoviet_Git\Saoviet_Vending_Machine\Saoviet_Maybanhang\EWARM\Saoviet_Maybanhang\Exe\Saoviet_Maybanhang.out
#        --redirect _Printf=_PrintfFullNoMb --redirect _Scanf=_ScanfFullNoMb
#        --map
#        D:\Saoviet_Git\Saoviet_Vending_Machine\Saoviet_Maybanhang\EWARM\Saoviet_Maybanhang\List\Saoviet_Maybanhang.map
#        --config
#        D:\Saoviet_Git\Saoviet_Vending_Machine\Saoviet_Maybanhang\EWARM/stm32f405xx_flash.icf
#        --semihosting --entry __iar_program_start --vfe --text_out locale)
#
###############################################################################

*******************************************************************************
*** RUNTIME MODEL ATTRIBUTES
***

CppFlavor       = *
__SystemLibrary = DLib
__dlib_version  = 6


*******************************************************************************
*** HEAP SELECTION
***

The basic heap was selected because no calls to memory allocation
functions were found in the application outside of system library
functions, and there are calls to deallocation functions in the
application.


*******************************************************************************
*** PLACEMENT SUMMARY
***

"A0":  place at address 0x800'0000 { ro section .intvec };
"P1":  place in [from 0x800'0000 to 0x80f'ffff] { ro };
define block CSTACK with size = 1K, alignment = 8 { };
define block HEAP with size = 512, alignment = 8 { };
"P2":  place in [from 0x2000'0000 to 0x2001'ffff] {
          rw, block CSTACK, block HEAP };
initialize by copy { rw };

  Section            Kind         Address    Size  Object
  -------            ----         -------    ----  ------
"A0":                                       0x188
  .intvec            ro code   0x800'0000   0x188  startup_stm32f405xx.o [1]
                             - 0x800'0188   0x188

"P1":                                      0x5411
  .text              ro code   0x800'0188   0x880  user_app_pc_box.o [1]
  .text              ro code   0x800'0a08    0xe8  user_util.o [1]
  .text              ro code   0x800'0af0    0x30  event_driven.o [1]
  .text              ro code   0x800'0b20     0x6  ABImemclr4.o [4]
  .text              ro code   0x800'0b26    0x3a  zero_init3.o [4]
  .text              ro code   0x800'0b60   0x184  user_comm_vending_machine.o [1]
  .text              ro code   0x800'0ce4   0x224  stm32f4xx_hal_gpio.o [1]
  .text              ro code   0x800'0f08    0x28  stm32f4xx_hal.o [1]
  .text              ro code   0x800'0f30    0xc8  user_uart.o [1]
  .text              ro code   0x800'0ff8   0x228  user_external_flash.o [1]
  .text              ro code   0x800'1220    0xc6  queue_p.o [1]
  .text              ro code   0x800'12e8     0xc  stm32f4xx_hal.o [1]
  .text              ro code   0x800'12f4    0x12  ABImemset_small.o [4]
  .text              ro code   0x800'1308   0x6dc  stm32f4xx_hal_uart.o [1]
  .text              ro code   0x800'19e4    0x14  strlen_small.o [4]
  .text              ro code   0x800'19f8    0x32  ABImemset48.o [4]
  .text              ro code   0x800'1a2c    0x50  user_irq_input.o [1]
  .text              ro code   0x800'1a7c    0x40  S25FL216K.o [1]
  .text              ro code   0x800'1abc   0x3f0  stm32f4xx_hal_spi.o [1]
  .text              ro code   0x800'1eac    0x18  ABImemcpy_small.o [4]
  .text              ro code   0x800'1ec4   0x204  usart.o [1]
  .text              ro code   0x800'20c8   0x3fc  stm32f4xx_hal_dma.o [1]
  .text              ro code   0x800'24c4     0x2  stm32f4xx_hal_uart.o [1]
  .text              ro code   0x800'24c6     0x2  stm32f4xx_hal_uart.o [1]
  .text              ro code   0x800'24c8     0x2  stm32f4xx_hal_uart.o [1]
  .text              ro code   0x800'24cc   0x1ac  stm32f4xx_hal_rcc.o [1]
  .text              ro code   0x800'2678   0x106  I64DivMod_small.o [4]
  .text              ro code   0x800'2780    0xb4  spi.o [1]
  .text              ro code   0x800'2834    0xe0  main.o [1]
  .text              ro code   0x800'2914    0x14  memset.o [4]
  .text              ro code   0x800'2928    0xc4  stm32f4xx_hal_cortex.o [1]
  .text              ro code   0x800'29ec    0x40  stm32f4xx_hal.o [1]
  .text              ro code   0x800'2a2c     0x2  I64DivZer.o [4]
  .text              ro code   0x800'2a30    0x34  stm32f4xx_hal.o [1]
  .text              ro code   0x800'2a64   0x21c  gpio.o [1]
  .text              ro code   0x800'2c80    0x34  dma.o [1]
  .text              ro code   0x800'2cb4   0x138  adc.o [1]
  .text              ro code   0x800'2dec    0x7c  user_app_comm.o [1]
  .text              ro code   0x800'2e68   0x31c  stm32f4xx_hal_rcc.o [1]
  .text              ro code   0x800'3184    0x38  stm32f4xx_hal_msp.o [1]
  .text              ro code   0x800'31bc   0x492  stm32f4xx_hal_adc.o [1]
  .text              ro code   0x800'3650   0x52c  user_app_relay.o [1]
  .text              ro code   0x800'3b7c   0x384  user_app_electric.o [1]
  .text              ro code   0x800'3f00   0x40c  user_app_temperature.o [1]
  .text              ro code   0x800'430c    0x9c  user_app_at_debug.o [1]
  .text              ro code   0x800'43a8   0x304  user_app_ctrl_motor.o [1]
  .text              ro code   0x800'46ac   0x1f0  user_app_door_sensor.o [1]
  .text              ro code   0x800'489c   0x214  user_app_vib_sensor.o [1]
  .text              ro code   0x800'4ab0     0x2  stm32f4xx_hal_adc.o [1]
  .text              ro code   0x800'4ab2     0x2  stm32f4xx_hal_adc.o [1]
  .text              ro code   0x800'4ab4     0x2  stm32f4xx_hal_adc.o [1]
  .text              ro code   0x800'4ab6    0x6c  user_modbus_rtu.o [1]
  .text              ro code   0x800'4b24   0x320  user_at_serial.o [1]
  .text              ro code   0x800'4e44   0x136  user_string.o [1]
  .rodata            const     0x800'4f7c    0xa0  user_at_serial.o [1]
  .text              ro code   0x800'501c    0x7c  stm32f4xx_it.o [1]
  .text              ro code   0x800'5098    0x10  stm32f4xx_hal.o [1]
  .text              ro code   0x800'50a8    0x78  lz77_init_single.o [4]
  .text              ro code   0x800'5120    0x28  data_init.o [4]
  .text              ro code   0x800'5148    0x22  fpinit_M.o [3]
  .iar.init_table    const     0x800'516c    0x20  - Linker created -
  .text              ro code   0x800'518c    0x20  system_stm32f4xx.o [1]
  .text              ro code   0x800'51ac    0x1e  cmain.o [4]
  .text              ro code   0x800'51ca     0x4  low_level_init.o [2]
  .text              ro code   0x800'51ce     0x4  exit.o [2]
  .text              ro code   0x800'51d4     0xa  cexit.o [4]
  .text              ro code   0x800'51e0    0x14  exit.o [5]
  .rodata            const     0x800'51f4    0x10  user_at_serial.o [1]
  .rodata            const     0x800'5204    0x10  user_at_serial.o [1]
  .rodata            const     0x800'5214    0x10  user_at_serial.o [1]
  .rodata            const     0x800'5224    0x10  user_at_serial.o [1]
  .text              ro code   0x800'5234    0x10  startup_stm32f405xx.o [1]
  .rodata            const     0x800'5244     0xc  user_at_serial.o [1]
  .rodata            const     0x800'5250     0xc  user_at_serial.o [1]
  .rodata            const     0x800'525c     0xc  user_at_serial.o [1]
  .rodata            const     0x800'5268     0xc  user_at_serial.o [1]
  .rodata            const     0x800'5274     0xc  user_at_serial.o [1]
  .text              ro code   0x800'5280     0xc  cstartup_M.o [4]
  .rodata            const     0x800'528c     0x8  system_stm32f4xx.o [1]
  .rodata            const     0x800'5294     0x8  user_at_serial.o [1]
  .text              ro code   0x800'529c     0x4  startup_stm32f405xx.o [1]
  .text              ro code   0x800'52a0     0x4  startup_stm32f405xx.o [1]
  .text              ro code   0x800'52a4     0x4  startup_stm32f405xx.o [1]
  .text              ro code   0x800'52a8     0x4  startup_stm32f405xx.o [1]
  .text              ro code   0x800'52ac     0x4  startup_stm32f405xx.o [1]
  .text              ro code   0x800'52b0     0x4  startup_stm32f405xx.o [1]
  .text              ro code   0x800'52b4     0x4  startup_stm32f405xx.o [1]
  .text              ro code   0x800'52b8     0x4  startup_stm32f405xx.o [1]
  .text              ro code   0x800'52bc     0x4  startup_stm32f405xx.o [1]
  .text              ro code   0x800'52c0     0x4  startup_stm32f405xx.o [1]
  .text              ro code   0x800'52c4     0x4  startup_stm32f405xx.o [1]
  .text              ro code   0x800'52c8     0x4  startup_stm32f405xx.o [1]
  .text              ro code   0x800'52cc     0x4  startup_stm32f405xx.o [1]
  .text              ro code   0x800'52d0     0x4  startup_stm32f405xx.o [1]
  .text              ro code   0x800'52d4     0x4  startup_stm32f405xx.o [1]
  .text              ro code   0x800'52d8     0x4  startup_stm32f405xx.o [1]
  .text              ro code   0x800'52dc     0x4  startup_stm32f405xx.o [1]
  .text              ro code   0x800'52e0     0x4  startup_stm32f405xx.o [1]
  .text              ro code   0x800'52e4     0x4  startup_stm32f405xx.o [1]
  .text              ro code   0x800'52e8     0x4  startup_stm32f405xx.o [1]
  .text              ro code   0x800'52ec     0x4  startup_stm32f405xx.o [1]
  .text              ro code   0x800'52f0     0x4  startup_stm32f405xx.o [1]
  .text              ro code   0x800'52f4     0x4  startup_stm32f405xx.o [1]
  .text              ro code   0x800'52f8     0x4  startup_stm32f405xx.o [1]
  .text              ro code   0x800'52fc     0x4  startup_stm32f405xx.o [1]
  .text              ro code   0x800'5300     0x4  startup_stm32f405xx.o [1]
  .text              ro code   0x800'5304     0x4  startup_stm32f405xx.o [1]
  .text              ro code   0x800'5308     0x4  startup_stm32f405xx.o [1]
  .text              ro code   0x800'530c     0x4  startup_stm32f405xx.o [1]
  .text              ro code   0x800'5310     0x4  startup_stm32f405xx.o [1]
  .text              ro code   0x800'5314     0x4  startup_stm32f405xx.o [1]
  .text              ro code   0x800'5318     0x4  startup_stm32f405xx.o [1]
  .text              ro code   0x800'531c     0x4  startup_stm32f405xx.o [1]
  .text              ro code   0x800'5320     0x4  startup_stm32f405xx.o [1]
  .text              ro code   0x800'5324     0x4  startup_stm32f405xx.o [1]
  .text              ro code   0x800'5328     0x4  startup_stm32f405xx.o [1]
  .text              ro code   0x800'532c     0x4  startup_stm32f405xx.o [1]
  .text              ro code   0x800'5330     0x4  startup_stm32f405xx.o [1]
  .text              ro code   0x800'5334     0x4  startup_stm32f405xx.o [1]
  .text              ro code   0x800'5338     0x4  startup_stm32f405xx.o [1]
  .text              ro code   0x800'533c     0x4  startup_stm32f405xx.o [1]
  .text              ro code   0x800'5340     0x4  startup_stm32f405xx.o [1]
  .text              ro code   0x800'5344     0x4  startup_stm32f405xx.o [1]
  .text              ro code   0x800'5348     0x4  startup_stm32f405xx.o [1]
  .text              ro code   0x800'534c     0x4  startup_stm32f405xx.o [1]
  .text              ro code   0x800'5350     0x4  startup_stm32f405xx.o [1]
  .text              ro code   0x800'5354     0x4  startup_stm32f405xx.o [1]
  .text              ro code   0x800'5358     0x4  startup_stm32f405xx.o [1]
  .text              ro code   0x800'535c     0x4  startup_stm32f405xx.o [1]
  .text              ro code   0x800'5360     0x4  startup_stm32f405xx.o [1]
  .text              ro code   0x800'5364     0x4  startup_stm32f405xx.o [1]
  .text              ro code   0x800'5368     0x4  startup_stm32f405xx.o [1]
  .text              ro code   0x800'536c     0x4  startup_stm32f405xx.o [1]
  .text              ro code   0x800'5370     0x4  startup_stm32f405xx.o [1]
  .text              ro code   0x800'5374     0x4  startup_stm32f405xx.o [1]
  .text              ro code   0x800'5378     0x4  startup_stm32f405xx.o [1]
  .text              ro code   0x800'537c     0x4  startup_stm32f405xx.o [1]
  .text              ro code   0x800'5380     0x4  startup_stm32f405xx.o [1]
  .text              ro code   0x800'5384     0x4  startup_stm32f405xx.o [1]
  .text              ro code   0x800'5388     0x4  startup_stm32f405xx.o [1]
  .text              ro code   0x800'538c     0x4  startup_stm32f405xx.o [1]
  .text              ro code   0x800'5390     0x4  startup_stm32f405xx.o [1]
  .text              ro code   0x800'5394     0x4  startup_stm32f405xx.o [1]
  .text              ro code   0x800'5398     0x4  startup_stm32f405xx.o [1]
  .text              ro code   0x800'539c     0x4  startup_stm32f405xx.o [1]
  .text              ro code   0x800'53a0     0x4  startup_stm32f405xx.o [1]
  .text              ro code   0x800'53a4     0x4  startup_stm32f405xx.o [1]
  .text              ro code   0x800'53a8     0x4  startup_stm32f405xx.o [1]
  .text              ro code   0x800'53ac     0x4  startup_stm32f405xx.o [1]
  .rodata            const     0x800'53b0     0x0  zero_init3.o [4]
  .rodata            const     0x800'53b0     0x0  lz77_init_single.o [4]
  Initializer bytes  const     0x800'53b0   0x1e9  <for P2-1>
                             - 0x800'5599  0x5411

"P2", part 1 of 3:                          0x641
  P2-1                        0x2000'0000   0x641  <Init block>
    .data            inited   0x2000'0000     0xc  stm32f4xx_hal.o [1]
    .data            inited   0x2000'000c     0x4  system_stm32f4xx.o [1]
    .data            inited   0x2000'0010    0x32  user_app_at_debug.o [1]
    .data            inited   0x2000'0044    0x50  user_app_ctrl_motor.o [1]
    .data            inited   0x2000'0094    0x44  user_app_ctrl_motor.o [1]
    .data            inited   0x2000'00d8    0x40  user_app_door_sensor.o [1]
    .data            inited   0x2000'0118    0x70  user_app_electric.o [1]
    .data            inited   0x2000'0188     0xe  user_app_electric.o [1]
    .data            inited   0x2000'0198   0x298  user_app_pc_box.o [1]
    .data            inited   0x2000'0430    0x10  user_app_pc_box.o [1]
    .data            inited   0x2000'0440    0x14  user_app_pc_box.o [1]
    .data            inited   0x2000'0454    0xb0  user_app_relay.o [1]
    .data            inited   0x2000'0504    0x2c  user_app_relay.o [1]
    .data            inited   0x2000'0530     0xc  user_app_relay.o [1]
    .data            inited   0x2000'053c    0x80  user_app_temperature.o [1]
    .data            inited   0x2000'05bc    0x24  user_app_temperature.o [1]
    .data            inited   0x2000'05e0    0x44  user_app_vib_sensor.o [1]
    .data            inited   0x2000'0624    0x1d  user_uart.o [1]
                            - 0x2000'0641   0x641

"P2", part 2 of 3:                          0x3cc
  .bss               zero     0x2000'0644    0x80  user_at_serial.o [1]
  .bss               zero     0x2000'06c4    0x64  user_uart.o [1]
  .bss               zero     0x2000'0728    0x64  user_uart.o [1]
  .bss               zero     0x2000'078c    0x60  adc.o [1]
  .bss               zero     0x2000'07ec    0x58  spi.o [1]
  .bss               zero     0x2000'0844    0x48  adc.o [1]
  .bss               zero     0x2000'088c    0x44  usart.o [1]
  .bss               zero     0x2000'08d0    0x44  usart.o [1]
  .bss               zero     0x2000'0914    0x44  usart.o [1]
  .bss               zero     0x2000'0958    0x44  usart.o [1]
  .bss               zero     0x2000'099c    0x34  user_uart.o [1]
  .bss               zero     0x2000'09d0    0x14  user_app_pc_box.o [1]
  .bss               zero     0x2000'09e4     0xc  user_app_ctrl_motor.o [1]
  .bss               zero     0x2000'09f0     0x8  user_app_relay.o [1]
  .bss               zero     0x2000'09f8     0x6  user_app_door_sensor.o [1]
  .bss               zero     0x2000'09fe     0x2  user_app_electric.o [1]
  .bss               zero     0x2000'0a00     0x4  user_app_temperature.o [1]
  .bss               zero     0x2000'0a04     0x4  user_util.o [1]
  .bss               zero     0x2000'0a08     0x2  user_app_pc_box.o [1]
  .bss               zero     0x2000'0a0a     0x2  user_app_vib_sensor.o [1]
  .bss               zero     0x2000'0a0c     0x1  user_app_comm.o [1]
  .bss               zero     0x2000'0a0d     0x1  user_app_relay.o [1]
  .bss               zero     0x2000'0a0e     0x1  user_app_relay.o [1]
                            - 0x2000'0a0f   0x3cb

"P2", part 3 of 3:                          0x400
  CSTACK                      0x2000'0a10   0x400  <Block>
    CSTACK           uninit   0x2000'0a10   0x400  <Block tail>
                            - 0x2000'0e10   0x400

Unused ranges:

         From           To      Size
         ----           --      ----
   0x800'5599   0x80f'ffff  0xf'aa67
  0x2000'0641  0x2000'0643       0x3
  0x2000'0e10  0x2001'ffff  0x1'f1f0


*******************************************************************************
*** INIT TABLE
***

          Address      Size
          -------      ----
Zero (__iar_zero_init3)
    1 destination range, total size 0x3cb:
          0x2000'0644  0x3cb

Copy/lz77 (__iar_lz77_init_single3)
    1 source range, total size 0x1e9 (30% of destination):
           0x800'53b0  0x1e9
    1 destination range, total size 0x641:
          0x2000'0000  0x641



*******************************************************************************
*** MODULE SUMMARY
***

    Module                       ro code  ro data  rw data
    ------                       -------  -------  -------
command line/config:
    ------------------------------------------------------
    Total:

D:\Saoviet_Git\Saoviet_Vending_Machine\Saoviet_Maybanhang\EWARM\Saoviet_Maybanhang\Obj: [1]
    S25FL216K.o                       64
    adc.o                            312               168
    dma.o                             52
    event_driven.o                    48
    gpio.o                           540
    main.o                           224
    queue_p.o                        198
    spi.o                            180                88
    startup_stm32f405xx.o            684
    stm32f4xx_hal.o                  184        3       12
    stm32f4xx_hal_adc.o            1'176
    stm32f4xx_hal_cortex.o           196
    stm32f4xx_hal_dma.o            1'020
    stm32f4xx_hal_gpio.o             548
    stm32f4xx_hal_msp.o               56
    stm32f4xx_hal_rcc.o            1'224
    stm32f4xx_hal_spi.o            1'008
    stm32f4xx_hal_uart.o           1'762
    stm32f4xx_it.o                   124
    system_stm32f4xx.o                32        9        4
    usart.o                          516               272
    user_app_at_debug.o              156       16       50
    user_app_comm.o                  124                 1
    user_app_ctrl_motor.o            772       45      160
    user_app_door_sensor.o           496       20       70
    user_app_electric.o              900       39      128
    user_app_pc_box.o              2'176      214      722
    user_app_relay.o               1'324       71      242
    user_app_temperature.o         1'036       50      168
    user_app_vib_sensor.o            532       21       70
    user_at_serial.o                 800      292      128
    user_comm_vending_machine.o      388
    user_external_flash.o            552
    user_irq_input.o                  80
    user_modbus_rtu.o                108
    user_string.o                    310
    user_uart.o                      200        9      281
    user_util.o                      232                 4
    ------------------------------------------------------
    Total:                        20'334      789    2'568

dl7M_tlf.a: [2]
    exit.o                             4
    low_level_init.o                   4
    ------------------------------------------------------
    Total:                             8

m7M_tls.a: [3]
    fpinit_M.o                        34
    ------------------------------------------------------
    Total:                            34

rt7M_tl.a: [4]
    ABImemclr4.o                       6
    ABImemcpy_small.o                 24
    ABImemset48.o                     50
    ABImemset_small.o                 18
    I64DivMod_small.o                262
    I64DivZer.o                        2
    cexit.o                           10
    cmain.o                           30
    cstartup_M.o                      12
    data_init.o                       40
    lz77_init_single.o               120
    memset.o                          20
    strlen_small.o                    20
    zero_init3.o                      58
    ------------------------------------------------------
    Total:                           672

shb_l.a: [5]
    exit.o                            20
    ------------------------------------------------------
    Total:                            20

    Gaps                              20        4        4
    Linker created                             32    1'024
----------------------------------------------------------
    Grand Total:                  21'088      825    3'596


*******************************************************************************
*** ENTRY LIST
***

Entry                       Address   Size  Type      Object
-----                       -------   ----  ----      ------
.iar.init_table$$Base    0x800'516c          --   Gb  - Linker created -
.iar.init_table$$Limit   0x800'518c          --   Gb  - Linker created -
?main                    0x800'51ad         Code  Gb  cmain.o [4]
ADC_Avg                 0x2000'05d4    0xc  Data  Gb  user_app_temperature.o [1]
ADC_DMAConvCplt          0x800'35cd   0x66  Code  Lc  stm32f4xx_hal_adc.o [1]
ADC_DMAError             0x800'363d   0x12  Code  Lc  stm32f4xx_hal_adc.o [1]
ADC_DMAHalfConvCplt      0x800'3635    0x6  Code  Lc  stm32f4xx_hal_adc.o [1]
ADC_Init                 0x800'4295    0xa  Code  Gb  user_app_temperature.o [1]
ADC_Temp                0x2000'05c8    0xc  Data  Gb  user_app_temperature.o [1]
AHBPrescTable            0x800'519c   0x10  Data  Gb  system_stm32f4xx.o [1]
APBPrescTable            0x800'528c    0x8  Data  Gb  system_stm32f4xx.o [1]
AppAtDebug_Task          0x800'435f   0x40  Code  Gb  user_app_at_debug.o [1]
AppDoorSensor_Debug      0x800'47bd   0x4e  Code  Gb  user_app_door_sensor.o [1]
AppDoorSensor_Task       0x800'4811   0x40  Code  Gb  user_app_door_sensor.o [1]
AppElectric_Debug        0x800'3dfd   0x54  Code  Gb  user_app_electric.o [1]
AppElectric_Task         0x800'3e51   0x40  Code  Gb  user_app_electric.o [1]
AppMotor_Debug           0x800'4585   0x6a  Code  Gb  user_app_ctrl_motor.o [1]
AppMotor_Task            0x800'4605   0x40  Code  Gb  user_app_ctrl_motor.o [1]
AppPcBox_Debug           0x800'08e1   0x56  Code  Gb  user_app_pc_box.o [1]
AppPcBox_Task            0x800'0937   0x40  Code  Gb  user_app_pc_box.o [1]
AppRelay_Debug           0x800'39f5   0x72  Code  Gb  user_app_relay.o [1]
AppRelay_Task            0x800'3a87   0x40  Code  Gb  user_app_relay.o [1]
AppTemperature_Debug     0x800'41ed   0x5a  Code  Gb  user_app_temperature.o [1]
AppTemperature_Task      0x800'424d   0x40  Code  Gb  user_app_temperature.o [1]
AppVibSensor_Debug       0x800'4a15   0x2e  Code  Gb  user_app_vib_sensor.o [1]
AppVibSensor_Task        0x800'4a43   0x40  Code  Gb  user_app_vib_sensor.o [1]
BusFault_Handler         0x800'5023    0x2  Code  Gb  stm32f4xx_it.o [1]
CSTACK$$Base            0x2000'0a10          --   Gb  - Linker created -
CSTACK$$Limit           0x2000'0e10          --   Gb  - Linker created -
Cal_Time                 0x800'0a21   0x12  Code  Gb  user_util.o [1]
Calculator_Crc_U16       0x800'0b61   0x32  Code  Gb  user_comm_vending_machine.o [1]
Calculator_Scale         0x800'0bd5   0x18  Code  Gb  user_comm_vending_machine.o [1]
CheckList_AT_CONFIG      0x800'4f7c   0xa0  Data  Gb  user_at_serial.o [1]
Check_AT_User            0x800'4d4d   0xa8  Code  Gb  user_at_serial.o [1]
Check_Time_Out           0x800'0a09   0x18  Code  Gb  user_util.o [1]
ConnectSlave            0x2000'0a0e    0x1  Data  Gb  user_app_relay.o [1]
Convert_Hex_To_String_Hex
                         0x800'0a67   0x44  Code  Gb  user_util.o [1]
Convert_Int_To_String    0x800'0bed   0x4a  Code  Gb  user_comm_vending_machine.o [1]
Convert_Int_To_String_Scale
                         0x800'0c37   0x80  Code  Gb  user_comm_vending_machine.o [1]
Convert_String_To_Dec    0x800'0a33   0x34  Code  Gb  user_util.o [1]
DMA2_Stream0_IRQHandler
                         0x800'5075    0x6  Code  Gb  stm32f4xx_it.o [1]
DMA_CalcBaseAndBitshift
                         0x800'2495   0x26  Code  Lc  stm32f4xx_hal_dma.o [1]
DMA_CalcBaseAndBitshift::flagBitshiftOffset
                         0x800'24bc    0x8  Data  Lc  stm32f4xx_hal_dma.o [1]
DMA_SetConfig            0x800'2475   0x20  Code  Lc  stm32f4xx_hal_dma.o [1]
DebugMon_Handler         0x800'5029    0x2  Code  Gb  stm32f4xx_it.o [1]
EXTI15_10_IRQHandler     0x800'5059   0x16  Code  Gb  stm32f4xx_it.o [1]
EXTI1_IRQHandler         0x800'5039    0x6  Code  Gb  stm32f4xx_it.o [1]
EXTI4_IRQHandler         0x800'503f    0x6  Code  Gb  stm32f4xx_it.o [1]
EXTI9_5_IRQHandler       0x800'5045    0x8  Code  Gb  stm32f4xx_it.o [1]
Error_Handler            0x800'2911    0x4  Code  Gb  main.o [1]
Find_String_V2           0x800'4e45   0xc6  Code  Gb  user_string.o [1]
Find_str_fix             0x800'4f1b   0x60  Code  Gb  user_string.o [1]
HAL_ADC_ConfigChannel    0x800'3473  0x10e  Code  Gb  stm32f4xx_hal_adc.o [1]
HAL_ADC_Init             0x800'31bd  0x154  Code  Gb  stm32f4xx_hal_adc.o [1]
HAL_ADC_MspInit          0x800'2d3d   0x92  Code  Gb  adc.o [1]
HAL_ADC_Start_DMA        0x800'3343  0x130  Code  Gb  stm32f4xx_hal_adc.o [1]
HAL_DMA_Abort            0x800'2219   0x78  Code  Gb  stm32f4xx_hal_dma.o [1]
HAL_DMA_Abort_IT         0x800'2291   0x24  Code  Gb  stm32f4xx_hal_dma.o [1]
HAL_DMA_IRQHandler       0x800'22b5  0x188  Code  Gb  stm32f4xx_hal_dma.o [1]
HAL_DMA_Init             0x800'20c9   0xee  Code  Gb  stm32f4xx_hal_dma.o [1]
HAL_DMA_Start_IT         0x800'21b7   0x62  Code  Gb  stm32f4xx_hal_dma.o [1]
HAL_Delay                0x800'0f09   0x28  Code  Wk  stm32f4xx_hal.o [1]
HAL_GPIO_EXTI_Callback   0x800'1a2d   0x50  Code  Gb  user_irq_input.o [1]
HAL_GPIO_EXTI_IRQHandler
                         0x800'0ec9   0x10  Code  Gb  stm32f4xx_hal_gpio.o [1]
HAL_GPIO_Init            0x800'0ce5  0x1c0  Code  Gb  stm32f4xx_hal_gpio.o [1]
HAL_GPIO_ReadPin         0x800'0ea5    0xc  Code  Gb  stm32f4xx_hal_gpio.o [1]
HAL_GPIO_TogglePin       0x800'0eb9   0x10  Code  Gb  stm32f4xx_hal_gpio.o [1]
HAL_GPIO_WritePin        0x800'0eb1    0x8  Code  Gb  stm32f4xx_hal_gpio.o [1]
HAL_GetTick              0x800'12e9    0xc  Code  Wk  stm32f4xx_hal.o [1]
HAL_IncTick              0x800'5099   0x10  Code  Wk  stm32f4xx_hal.o [1]
HAL_Init                 0x800'2a31   0x30  Code  Gb  stm32f4xx_hal.o [1]
HAL_InitTick             0x800'29ed   0x40  Code  Wk  stm32f4xx_hal.o [1]
HAL_MspInit              0x800'3185   0x38  Code  Gb  stm32f4xx_hal_msp.o [1]
HAL_NVIC_EnableIRQ       0x800'2997   0x16  Code  Gb  stm32f4xx_hal_cortex.o [1]
HAL_NVIC_SetPriority     0x800'295d   0x3a  Code  Gb  stm32f4xx_hal_cortex.o [1]
HAL_NVIC_SetPriorityGrouping
                         0x800'2943   0x1a  Code  Gb  stm32f4xx_hal_cortex.o [1]
HAL_RCC_ClockConfig      0x800'24cd  0x100  Code  Gb  stm32f4xx_hal_rcc.o [1]
HAL_RCC_GetPCLK1Freq     0x800'25d9   0x10  Code  Gb  stm32f4xx_hal_rcc.o [1]
HAL_RCC_GetPCLK2Freq     0x800'25e9    0xe  Code  Gb  stm32f4xx_hal_rcc.o [1]
HAL_RCC_OscConfig        0x800'2e69  0x31c  Code  Wk  stm32f4xx_hal_rcc.o [1]
HAL_SPI_Init             0x800'1abd   0xb4  Code  Gb  stm32f4xx_hal_spi.o [1]
HAL_SPI_MspInit          0x800'27bd   0x66  Code  Gb  spi.o [1]
HAL_SPI_TransmitReceive
                         0x800'1b79  0x1a4  Code  Gb  stm32f4xx_hal_spi.o [1]
HAL_SYSTICK_Config       0x800'29ad   0x28  Code  Gb  stm32f4xx_hal_cortex.o [1]
HAL_UART_IRQHandler      0x800'147b  0x26a  Code  Gb  stm32f4xx_hal_uart.o [1]
HAL_UART_Init            0x800'1309   0x1e  Code  Gb  stm32f4xx_hal_uart.o [1]
HAL_UART_MspInit         0x800'1f29  0x122  Code  Gb  usart.o [1]
HAL_UART_Receive_IT      0x800'142f   0x30  Code  Gb  stm32f4xx_hal_uart.o [1]
HAL_UART_RxCpltCallback
                         0x800'0f69   0x78  Code  Gb  user_uart.o [1]
HAL_UART_Transmit        0x800'137f   0xb0  Code  Gb  stm32f4xx_hal_uart.o [1]
HardFault_Handler        0x800'501f    0x2  Code  Gb  stm32f4xx_it.o [1]
Init_AppElectric         0x800'3def    0xc  Code  Gb  user_app_electric.o [1]
Init_AppRelay            0x800'3843    0xc  Code  Gb  user_app_relay.o [1]
Init_DCU_ID              0x800'085d   0x84  Code  Gb  user_app_pc_box.o [1]
Init_StatusRelay         0x800'38ed   0x8a  Code  Gb  user_app_relay.o [1]
Init_Uart_Module         0x800'0f37   0x2c  Code  Gb  user_uart.o [1]
Init_Uart_PcBox_Rx_IT    0x800'0f31    0x6  Code  Gb  user_uart.o [1]
LAYER_PIN                0x800'4688   0x10  Data  Lc  user_app_ctrl_motor.o [1]
LAYER_PORT              0x2000'0094   0x1c  Data  Lc  user_app_ctrl_motor.o [1]
LED_Off                  0x800'39d5   0x10  Code  Gb  user_app_relay.o [1]
LED_On                   0x800'39c5   0x10  Code  Gb  user_app_relay.o [1]
LED_PIN                  0x800'3b74    0x8  Data  Lc  user_app_relay.o [1]
LED_PORT                0x2000'0530    0xc  Data  Lc  user_app_relay.o [1]
LED_Toggle               0x800'39b5   0x10  Code  Gb  user_app_relay.o [1]
LedRecvPcBox            0x2000'0a0d    0x1  Data  Gb  user_app_relay.o [1]
Log_Data_Door            0x800'4785   0x38  Code  Gb  user_app_door_sensor.o [1]
Log_Data_Vib             0x800'49e1   0x34  Code  Gb  user_app_vib_sensor.o [1]
Log_TSVH                 0x800'07c3   0x84  Code  Gb  user_app_pc_box.o [1]
MX_ADC1_Init             0x800'2cb5   0x7e  Code  Gb  adc.o [1]
MX_DMA_Init              0x800'2c81   0x34  Code  Gb  dma.o [1]
MX_GPIO_Init             0x800'2a65  0x1e2  Code  Gb  gpio.o [1]
MX_SPI2_Init             0x800'2781   0x3c  Code  Gb  spi.o [1]
MX_UART4_Init            0x800'1ec5   0x10  Code  Gb  usart.o [1]
MX_USART2_UART_Init      0x800'1ed5   0x10  Code  Gb  usart.o [1]
MX_USART3_UART_Init      0x800'1eed   0x10  Code  Gb  usart.o [1]
MX_USART6_UART_Init      0x800'1f19   0x10  Code  Gb  usart.o [1]
Main_Task                0x800'2ded   0x64  Code  Gb  user_app_comm.o [1]
MemManage_Handler        0x800'5021    0x2  Code  Gb  stm32f4xx_it.o [1]
ModRTU_CRC               0x800'4ab7   0x30  Code  Gb  user_modbus_rtu.o [1]
ModRTU_Master_Read_Frame
                         0x800'4ae7   0x3c  Code  Gb  user_modbus_rtu.o [1]
NMI_Handler              0x800'501d    0x2  Code  Gb  stm32f4xx_it.o [1]
Off_Motor_Push           0x800'4549   0x3c  Code  Gb  user_app_ctrl_motor.o [1]
Off_Relay                0x800'3a75    0xc  Code  Gb  user_app_relay.o [1]
On_Motor_Push            0x800'4505   0x42  Code  Gb  user_app_ctrl_motor.o [1]
On_Relay                 0x800'3a67    0xe  Code  Gb  user_app_relay.o [1]
Pc_Box_Init              0x800'0847   0x12  Code  Gb  user_app_pc_box.o [1]
PendSV_Handler           0x800'502b    0x2  Code  Gb  stm32f4xx_it.o [1]
RC                       0x800'4f0b   0x10  Code  Gb  user_string.o [1]
RELAY_PIN               0x2000'0504   0x10  Data  Lc  user_app_relay.o [1]
RELAY_PORT              0x2000'0514   0x1c  Data  Lc  user_app_relay.o [1]
Read_IdSlave_Electric_ExFlash
                         0x800'3dc3   0x2c  Code  Gb  user_app_electric.o [1]
Read_Status_Electric_ExFlash
                         0x800'3d4b   0x32  Code  Gb  user_app_electric.o [1]
Read_Status_Relay_ExFlash
                         0x800'38a9   0x3a  Code  Gb  user_app_relay.o [1]
Region$$Table$$Base      0x800'516c          --   Gb  - Linker created -
Region$$Table$$Limit     0x800'518c          --   Gb  - Linker created -
Relay_Respond_Pc_Box_Control
                         0x800'397d   0x36  Code  Gb  user_app_relay.o [1]
Reset_Chip               0x800'0cb7   0x1c  Code  Gb  user_comm_vending_machine.o [1]
Respond_PcBox            0x800'0b93    0xe  Code  Gb  user_comm_vending_machine.o [1]
RtCountSystick_u32      0x2000'0a04    0x4  Data  Gb  user_util.o [1]
S25FL_ChipSelect         0x800'1a7d   0x14  Code  Gb  S25FL216K.o [1]
S25FL_Send_Byte          0x800'1a91   0x22  Code  Gb  S25FL216K.o [1]
SLOT_PIN                 0x800'4698   0x14  Data  Lc  user_app_ctrl_motor.o [1]
SLOT_PORT               0x2000'00b0   0x28  Data  Lc  user_app_ctrl_motor.o [1]
SPI_EndRxTxTransaction   0x800'1e47   0x50  Code  Lc  stm32f4xx_hal_spi.o [1]
SPI_WaitFlagStateUntilTimeout
                         0x800'1d87   0xb4  Code  Lc  stm32f4xx_hal_spi.o [1]
SVC_Handler              0x800'5027    0x2  Code  Gb  stm32f4xx_it.o [1]
Scale_To_Int             0x800'0ba1   0x34  Code  Gb  user_comm_vending_machine.o [1]
Set_Threshold_Temperature
                         0x800'4169   0x3a  Code  Gb  user_app_temperature.o [1]
Status_Power_Respond_PcBox
                         0x800'3cdb   0x34  Code  Gb  user_app_electric.o [1]
SysTick_Handler          0x800'502d    0xc  Code  Gb  stm32f4xx_it.o [1]
SystemClock_Config       0x800'2865   0xa4  Code  Gb  main.o [1]
SystemCoreClock         0x2000'000c    0x4  Data  Gb  system_stm32f4xx.o [1]
SystemInit               0x800'518d    0xc  Code  Gb  system_stm32f4xx.o [1]
TaskStatus_u8           0x2000'0a0c    0x1  Data  Gb  user_app_comm.o [1]
Threshold_Respond_Pc_Box_Setup
                         0x800'41a3   0x4a  Code  Gb  user_app_temperature.o [1]
UART4_IRQHandler         0x800'506f    0x6  Code  Gb  stm32f4xx_it.o [1]
UART_DMAAbortOnError     0x800'183d    0xc  Code  Lc  stm32f4xx_hal_uart.o [1]
UART_EndRxTransfer       0x800'17f3   0x2a  Code  Lc  stm32f4xx_hal_uart.o [1]
UART_Receive_IT          0x800'1849   0xaa  Code  Lc  stm32f4xx_hal_uart.o [1]
UART_SetConfig           0x800'191d   0xae  Code  Lc  stm32f4xx_hal_uart.o [1]
UART_Start_Receive_IT    0x800'17a1   0x3a  Code  Gb  stm32f4xx_hal_uart.o [1]
UART_WaitOnFlagUntilTimeout
                         0x800'170d   0x5e  Code  Lc  stm32f4xx_hal_uart.o [1]
USART2_IRQHandler        0x800'504d    0x6  Code  Gb  stm32f4xx_it.o [1]
USART3_IRQHandler        0x800'5053    0x6  Code  Gb  stm32f4xx_it.o [1]
USART6_IRQHandler        0x800'507b    0x6  Code  Gb  stm32f4xx_it.o [1]
UTIL_MEM_set             0x800'0aab    0xe  Code  Gb  user_util.o [1]
UTIL_Printf              0x800'0ab9   0x10  Code  Gb  user_util.o [1]
UTIL_Printf_Str          0x800'0ac9   0x12  Code  Gb  user_util.o [1]
Uart485Buff             0x2000'099c   0x34  Data  Gb  user_uart.o [1]
Uart485RxByte           0x2000'0625    0x1  Data  Gb  user_uart.o [1]
UartDebugBuff           0x2000'06c4   0x64  Data  Gb  user_uart.o [1]
UartDebugRxByte         0x2000'0624    0x1  Data  Gb  user_uart.o [1]
UartPcBoxBuff           0x2000'0728   0x64  Data  Gb  user_uart.o [1]
UartPcBoxRxByte         0x2000'0626    0x1  Data  Gb  user_uart.o [1]
UartSimRxByte           0x2000'0640    0x1  Data  Gb  user_uart.o [1]
UsageFault_Handler       0x800'5025    0x2  Code  Gb  stm32f4xx_it.o [1]
Write_IdSlave_Electric_ExFlash
                         0x800'3d87   0x28  Code  Gb  user_app_electric.o [1]
Write_Queue_Repond_PcBox
                         0x800'079d   0x26  Code  Gb  user_app_pc_box.o [1]
Write_Status_Electric_ExFlash
                         0x800'3d21   0x2a  Code  Gb  user_app_electric.o [1]
Write_Status_Relay_ExFlash
                         0x800'384f   0x5a  Code  Gb  user_app_relay.o [1]
__NVIC_SetPriority       0x800'2929   0x1a  Code  Lc  stm32f4xx_hal_cortex.o [1]
__aeabi_ldiv0            0x800'2a2d         Code  Gb  I64DivZer.o [4]
__aeabi_memclr4          0x800'0b21         Code  Gb  ABImemclr4.o [4]
__cmain                  0x800'51ad         Code  Gb  cmain.o [4]
__exit                   0x800'51e1   0x14  Code  Gb  exit.o [5]
__iar_Memset4_word       0x800'19f9         Code  Gb  ABImemset48.o [4]
__iar_Memset8_word       0x800'19f9         Code  Gb  ABImemset48.o [4]
__iar_data_init3         0x800'5121   0x28  Code  Gb  data_init.o [4]
__iar_init_vfp           0x800'5149         Code  Gb  fpinit_M.o [3]
__iar_lz77_init_single3
                         0x800'50a9   0x78  Code  Gb  lz77_init_single.o [4]
__iar_program_start      0x800'5281         Code  Gb  cstartup_M.o [4]
__iar_small_Memcpy       0x800'1eb1         Code  Gb  ABImemcpy_small.o [4]
__iar_small_Memset       0x800'12f5         Code  Gb  ABImemset_small.o [4]
__iar_small_Memset_word
                         0x800'12f5         Code  Gb  ABImemset_small.o [4]
__iar_small_memcpy       0x800'1ead         Code  Gb  ABImemcpy_small.o [4]
__iar_small_memcpy4      0x800'1ead         Code  Gb  ABImemcpy_small.o [4]
__iar_small_memcpy8      0x800'1ead         Code  Gb  ABImemcpy_small.o [4]
__iar_small_memset       0x800'12f5         Code  Gb  ABImemset_small.o [4]
__iar_small_strlen       0x800'19e5         Code  Gb  strlen_small.o [4]
__iar_small_uldivmod     0x800'2679         Code  Gb  I64DivMod_small.o [4]
__iar_zero_init3         0x800'0b27   0x3a  Code  Gb  zero_init3.o [4]
__low_level_init         0x800'51cb    0x4  Code  Gb  low_level_init.o [2]
__vector_table           0x800'0000         Data  Gb  startup_stm32f405xx.o [1]
_call_main               0x800'51b9         Code  Gb  cmain.o [4]
_exit                    0x800'51d5         Code  Gb  cexit.o [4]
_fGET_ID_SLAVE           0x800'4ccd   0x18  Code  Gb  user_at_serial.o [1]
_fGET_SERI_DCU           0x800'4b3f   0x16  Code  Gb  user_at_serial.o [1]
_fGET_SETUP_TEMP         0x800'4bdd   0x1c  Code  Gb  user_at_serial.o [1]
_fGET_THRESH_TEMP        0x800'4c61   0x1a  Code  Gb  user_at_serial.o [1]
_fRESET_DCU              0x800'4b25   0x1a  Code  Gb  user_at_serial.o [1]
_fSET_ID_SLAVE           0x800'4ce5   0x2a  Code  Gb  user_at_serial.o [1]
_fSET_SERI_DCU           0x800'4b55   0x7e  Code  Gb  user_at_serial.o [1]
_fSET_SETUP_TEMP         0x800'4bf9   0x46  Code  Gb  user_at_serial.o [1]
_fSET_THRESH_TEMP        0x800'4ca1   0x2c  Code  Gb  user_at_serial.o [1]
_main                    0x800'51c7         Code  Gb  cmain.o [4]
aBuffer_Ping            0x2000'09d0   0x14  Data  Gb  user_app_pc_box.o [1]
aDATA_CONFIG            0x2000'0644   0x80  Data  Gb  user_at_serial.o [1]
aDCU_ID                 0x2000'0440   0x14  Data  Gb  user_app_pc_box.o [1]
eFlash_S25FL_BufferRead
                         0x800'1177   0x60  Code  Gb  user_external_flash.o [1]
eFlash_S25FL_BufferWrite
                         0x800'113b   0x34  Code  Gb  user_external_flash.o [1]
eFlash_S25FL_CheckWriteEnable
                         0x800'1095   0x28  Code  Gb  user_external_flash.o [1]
eFlash_S25FL_Enable      0x800'0fff   0x16  Code  Gb  user_external_flash.o [1]
eFlash_S25FL_Erase_Sector
                         0x800'1015   0x4a  Code  Gb  user_external_flash.o [1]
eFlash_S25FL_PageWrite   0x800'10d7   0x5c  Code  Gb  user_external_flash.o [1]
eFlash_S25FL_WaitForWriteEnd
                         0x800'1065   0x2a  Code  Gb  user_external_flash.o [1]
exit                     0x800'51cf    0x4  Code  Gb  exit.o [2]
fevent_active            0x800'0af1   0x10  Code  Gb  event_driven.o [1]
fevent_at_debug_complete_receive
                         0x800'4339   0x26  Code  Lc  user_app_at_debug.o [1]
fevent_at_debug_entry    0x800'430d    0x4  Code  Lc  user_app_at_debug.o [1]
fevent_at_debug_receive_handle
                         0x800'4311   0x28  Code  Lc  user_app_at_debug.o [1]
fevent_at_debug_receive_handle::countBuffer_uart
                        0x2000'0040    0x2  Data  Lc  user_app_at_debug.o [1]
fevent_control_led_pcbox
                         0x800'37dd   0x40  Code  Lc  user_app_relay.o [1]
fevent_control_led_slave
                         0x800'381d   0x26  Code  Lc  user_app_relay.o [1]
fevent_control_led_status
                         0x800'37a5   0x38  Code  Lc  user_app_relay.o [1]
fevent_control_motor_push
                         0x800'43c9   0x32  Code  Lc  user_app_ctrl_motor.o [1]
fevent_disable           0x800'0b15    0xc  Code  Gb  event_driven.o [1]
fevent_door_ctrl_respond
                         0x800'46fd   0x50  Code  Lc  user_app_door_sensor.o [1]
fevent_door_ctrl_respond::status
                        0x2000'09fd    0x1  Data  Lc  user_app_door_sensor.o [1]
fevent_door_ctrl_respond::status_before
                        0x2000'09fc    0x1  Data  Lc  user_app_door_sensor.o [1]
fevent_door_entry        0x800'46ad    0xe  Code  Lc  user_app_door_sensor.o [1]
fevent_door_respond_pc_box
                         0x800'474d   0x38  Code  Lc  user_app_door_sensor.o [1]
fevent_door_sensor       0x800'46bb   0x42  Code  Lc  user_app_door_sensor.o [1]
fevent_electric_entry    0x800'3b7d   0x10  Code  Lc  user_app_electric.o [1]
fevent_electric_handle_485
                         0x800'3c4f   0x1e  Code  Lc  user_app_electric.o [1]
fevent_electric_off_power
                         0x800'3c6d   0x56  Code  Lc  user_app_electric.o [1]
fevent_electric_pgood    0x800'3b8d   0x46  Code  Lc  user_app_electric.o [1]
fevent_electric_pgood::count_handle
                        0x2000'0194    0x1  Data  Lc  user_app_electric.o [1]
fevent_electric_pgood::status_before
                        0x2000'0195    0x1  Data  Lc  user_app_electric.o [1]
fevent_electric_receive_485
                         0x800'3c25   0x2a  Code  Lc  user_app_electric.o [1]
fevent_electric_receive_485::countBuffer_uart
                        0x2000'09fe    0x2  Data  Lc  user_app_electric.o [1]
fevent_electric_send_meter
                         0x800'3ccb   0x10  Code  Lc  user_app_electric.o [1]
fevent_electric_transmit_485
                         0x800'3bd3   0x52  Code  Lc  user_app_electric.o [1]
fevent_enable            0x800'0b01   0x14  Code  Gb  event_driven.o [1]
fevent_input_motor_push
                         0x800'43fb   0x44  Code  Lc  user_app_ctrl_motor.o [1]
fevent_motor_entry       0x800'43a9   0x20  Code  Lc  user_app_ctrl_motor.o [1]
fevent_motor_push_off_error
                         0x800'443f   0x16  Code  Lc  user_app_ctrl_motor.o [1]
fevent_on_off_relay_alarm
                         0x800'36e7   0x2c  Code  Lc  user_app_relay.o [1]
fevent_on_off_relay_elevator
                         0x800'3673   0x1e  Code  Lc  user_app_relay.o [1]
fevent_on_off_relay_fridge_cool
                         0x800'36c7   0x20  Code  Lc  user_app_relay.o [1]
fevent_on_off_relay_fridge_heat
                         0x800'3713   0x20  Code  Lc  user_app_relay.o [1]
fevent_on_off_relay_lamp
                         0x800'3733   0x36  Code  Lc  user_app_relay.o [1]
fevent_on_off_relay_screen
                         0x800'3691   0x36  Code  Lc  user_app_relay.o [1]
fevent_on_off_relay_warm
                         0x800'3771   0x34  Code  Lc  user_app_relay.o [1]
fevent_pcbox_complete_receive
                         0x800'0271  0x2aa  Code  Lc  user_app_pc_box.o [1]
fevent_pcbox_entry       0x800'0189   0x6e  Code  Lc  user_app_pc_box.o [1]
fevent_pcbox_get_dcu_ID
                         0x800'0609   0x50  Code  Lc  user_app_pc_box.o [1]
fevent_pcbox_log_tsvh    0x800'051b   0x32  Code  Lc  user_app_pc_box.o [1]
fevent_pcbox_ping        0x800'054d   0x40  Code  Lc  user_app_pc_box.o [1]
fevent_pcbox_receive_handle
                         0x800'0239   0x38  Code  Lc  user_app_pc_box.o [1]
fevent_pcbox_receive_handle::countBuffer_uart
                        0x2000'0a08    0x2  Data  Lc  user_app_pc_box.o [1]
fevent_pcbox_set_dcu_ID
                         0x800'058d   0x7c  Code  Lc  user_app_pc_box.o [1]
fevent_queue_respond_immediately
                         0x800'06cb   0x32  Code  Lc  user_app_pc_box.o [1]
fevent_queue_respond_time
                         0x800'0705   0x3c  Code  Lc  user_app_pc_box.o [1]
fevent_refresh_dcu       0x800'0741   0x52  Code  Lc  user_app_pc_box.o [1]
fevent_relay_entry       0x800'3651   0x22  Code  Lc  user_app_relay.o [1]
fevent_reset_dcu         0x800'0669   0x62  Code  Lc  user_app_pc_box.o [1]
fevent_respond_pcbox     0x800'4455   0xa6  Code  Lc  user_app_ctrl_motor.o [1]
fevent_temp_calculator   0x800'3f91  0x100  Code  Lc  user_app_temperature.o [1]
fevent_temp_ctrl_fridge
                         0x800'40db   0x5e  Code  Lc  user_app_temperature.o [1]
fevent_temp_entry        0x800'3f01   0x3e  Code  Lc  user_app_temperature.o [1]
fevent_temp_entry::once
                        0x2000'05c4    0x1  Data  Lc  user_app_temperature.o [1]
fevent_temp_get_adc      0x800'3f3f   0x50  Code  Lc  user_app_temperature.o [1]
fevent_temp_get_adc::count
                        0x2000'05c5    0x1  Data  Lc  user_app_temperature.o [1]
fevent_temp_off_fridge_frozen
                         0x800'414f   0x1a  Code  Lc  user_app_temperature.o [1]
fevent_temp_read_setuptemp
                         0x800'40a7   0x34  Code  Lc  user_app_temperature.o [1]
fevent_temp_set_setuptemp
                         0x800'4091   0x16  Code  Lc  user_app_temperature.o [1]
fevent_temp_time_get     0x800'4141    0xe  Code  Lc  user_app_temperature.o [1]
fevent_vib_led_warning   0x800'4953   0x84  Code  Lc  user_app_vib_sensor.o [1]
fevent_vib_led_warning::Count_Morse
                        0x2000'0a0b    0x1  Data  Lc  user_app_vib_sensor.o [1]
fevent_vib_led_warning::Count_Toggle
                        0x2000'0a0a    0x1  Data  Lc  user_app_vib_sensor.o [1]
fevent_vib_off_alarm     0x800'493b   0x10  Code  Lc  user_app_vib_sensor.o [1]
fevent_vib_sensor        0x800'489d   0x94  Code  Lc  user_app_vib_sensor.o [1]
fevent_vib_sensor::GetTickLevelAlarm
                        0x2000'0620    0x4  Data  Lc  user_app_vib_sensor.o [1]
fevent_wdg_stm32f4       0x800'0209   0x30  Code  Lc  user_app_pc_box.o [1]
hadc1                   0x2000'0844   0x48  Data  Gb  adc.o [1]
hdma_adc1               0x2000'078c   0x60  Data  Gb  adc.o [1]
hspi2                   0x2000'07ec   0x58  Data  Gb  spi.o [1]
huart2                  0x2000'08d0   0x44  Data  Gb  usart.o [1]
huart3                  0x2000'0914   0x44  Data  Gb  usart.o [1]
huart4                  0x2000'088c   0x44  Data  Gb  usart.o [1]
huart6                  0x2000'0958   0x44  Data  Gb  usart.o [1]
main                     0x800'2835   0x30  Code  Gb  main.o [1]
memset                   0x800'2915   0x14  Code  Gb  memset.o [4]
qGet_Number_Items        0x800'12e3    0x4  Code  Gb  queue_p.o [1]
qQueue_Create            0x800'1221   0x22  Code  Gb  queue_p.o [1]
qQueue_Receive           0x800'12a1   0x42  Code  Gb  queue_p.o [1]
qQueue_Send              0x800'1243   0x5e  Code  Gb  queue_p.o [1]
qRespondPcBox           0x2000'0418   0x18  Data  Gb  user_app_pc_box.o [1]
sBuffer_Ping            0x2000'0430    0x8  Data  Gb  user_app_pc_box.o [1]
sDCU_ID                 0x2000'0438    0x8  Data  Gb  user_app_pc_box.o [1]
sElectric               0x2000'0188    0xc  Data  Gb  user_app_electric.o [1]
sEventAppAtDebug        0x2000'0010   0x30  Data  Gb  user_app_at_debug.o [1]
sEventAppDoorSensor     0x2000'00d8   0x40  Data  Gb  user_app_door_sensor.o [1]
sEventAppElectric       0x2000'0118   0x70  Data  Gb  user_app_electric.o [1]
sEventAppMotor          0x2000'0044   0x50  Data  Gb  user_app_ctrl_motor.o [1]
sEventAppPcBox          0x2000'01b4   0xc0  Data  Gb  user_app_pc_box.o [1]
sEventAppRelay          0x2000'0454   0xb0  Data  Gb  user_app_relay.o [1]
sEventAppTemperature    0x2000'053c   0x80  Data  Gb  user_app_temperature.o [1]
sEventAppVibSensor      0x2000'05f0   0x30  Data  Gb  user_app_vib_sensor.o [1]
sInforPush              0x2000'09ec    0x4  Data  Gb  user_app_ctrl_motor.o [1]
sPushMotor              0x2000'09e4    0x8  Data  Gb  user_app_ctrl_motor.o [1]
sQueueReadData          0x2000'0198   0x18  Data  Gb  user_app_pc_box.o [1]
sQueueRespondPcBox      0x2000'0274  0x1a4  Data  Gb  user_app_pc_box.o [1]
sStatusApp              0x2000'01b0    0x4  Data  Gb  user_app_pc_box.o [1]
sStatusDoor             0x2000'09f8    0x4  Data  Gb  user_app_door_sensor.o [1]
sStatusRelay            0x2000'09f0    0x8  Data  Gb  user_app_relay.o [1]
sStatusVib              0x2000'05e0   0x10  Data  Gb  user_app_vib_sensor.o [1]
sTemp_Crtl_Fridge       0x2000'05bc    0x4  Data  Gb  user_app_temperature.o [1]
sTemp_Thresh_Recv       0x2000'0a00    0x4  Data  Gb  user_app_temperature.o [1]
sTemperature            0x2000'05c0    0x4  Data  Gb  user_app_temperature.o [1]
sUart485                0x2000'0630    0x8  Data  Gb  user_uart.o [1]
sUartDebug              0x2000'0628    0x8  Data  Gb  user_uart.o [1]
sUartPcBox              0x2000'0638    0x8  Data  Gb  user_uart.o [1]
uwTick                  0x2000'0004    0x4  Data  Gb  stm32f4xx_hal.o [1]
uwTickFreq              0x2000'0000    0x1  Data  Gb  stm32f4xx_hal.o [1]
uwTickPrio              0x2000'0008    0x4  Data  Gb  stm32f4xx_hal.o [1]


[1] = D:\Saoviet_Git\Saoviet_Vending_Machine\Saoviet_Maybanhang\EWARM\Saoviet_Maybanhang\Obj
[2] = dl7M_tlf.a
[3] = m7M_tls.a
[4] = rt7M_tl.a
[5] = shb_l.a

  21'088 bytes of readonly  code memory
     825 bytes of readonly  data memory
   3'596 bytes of readwrite data memory

Errors: none
Warnings: none
