###############################################################################
#
# IAR ELF Linker V8.40.2.214/W32 for ARM                  08/Aug/2023  16:02:55
# Copyright 2007-2019 IAR Systems AB.
#
#    Output file  =
#        D:\Project_STM32\Saoviet_Maybanhang_Std\Saoviet_Maybanhang\EWARM\Saoviet_Maybanhang\Exe\Saoviet_Maybanhang.out
#    Map file     =
#        D:\Project_STM32\Saoviet_Maybanhang_Std\Saoviet_Maybanhang\EWARM\Saoviet_Maybanhang\List\Saoviet_Maybanhang.map
#    Command line =
#        -f C:\Users\PC\AppData\Local\Temp\EW327E.tmp
#        (D:\Project_STM32\Saoviet_Maybanhang_Std\Saoviet_Maybanhang\EWARM\Saoviet_Maybanhang\Obj\adc.o
#        D:\Project_STM32\Saoviet_Maybanhang_Std\Saoviet_Maybanhang\EWARM\Saoviet_Maybanhang\Obj\dma.o
#        D:\Project_STM32\Saoviet_Maybanhang_Std\Saoviet_Maybanhang\EWARM\Saoviet_Maybanhang\Obj\event_driven.o
#        D:\Project_STM32\Saoviet_Maybanhang_Std\Saoviet_Maybanhang\EWARM\Saoviet_Maybanhang\Obj\gpio.o
#        D:\Project_STM32\Saoviet_Maybanhang_Std\Saoviet_Maybanhang\EWARM\Saoviet_Maybanhang\Obj\main.o
#        D:\Project_STM32\Saoviet_Maybanhang_Std\Saoviet_Maybanhang\EWARM\Saoviet_Maybanhang\Obj\onchipflash.o
#        D:\Project_STM32\Saoviet_Maybanhang_Std\Saoviet_Maybanhang\EWARM\Saoviet_Maybanhang\Obj\queue_p.o
#        D:\Project_STM32\Saoviet_Maybanhang_Std\Saoviet_Maybanhang\EWARM\Saoviet_Maybanhang\Obj\S25FL216K.o
#        D:\Project_STM32\Saoviet_Maybanhang_Std\Saoviet_Maybanhang\EWARM\Saoviet_Maybanhang\Obj\spi.o
#        D:\Project_STM32\Saoviet_Maybanhang_Std\Saoviet_Maybanhang\EWARM\Saoviet_Maybanhang\Obj\startup_stm32f405xx.o
#        D:\Project_STM32\Saoviet_Maybanhang_Std\Saoviet_Maybanhang\EWARM\Saoviet_Maybanhang\Obj\stm32f4xx_hal.o
#        D:\Project_STM32\Saoviet_Maybanhang_Std\Saoviet_Maybanhang\EWARM\Saoviet_Maybanhang\Obj\stm32f4xx_hal_adc.o
#        D:\Project_STM32\Saoviet_Maybanhang_Std\Saoviet_Maybanhang\EWARM\Saoviet_Maybanhang\Obj\stm32f4xx_hal_adc_ex.o
#        D:\Project_STM32\Saoviet_Maybanhang_Std\Saoviet_Maybanhang\EWARM\Saoviet_Maybanhang\Obj\stm32f4xx_hal_cortex.o
#        D:\Project_STM32\Saoviet_Maybanhang_Std\Saoviet_Maybanhang\EWARM\Saoviet_Maybanhang\Obj\stm32f4xx_hal_dma.o
#        D:\Project_STM32\Saoviet_Maybanhang_Std\Saoviet_Maybanhang\EWARM\Saoviet_Maybanhang\Obj\stm32f4xx_hal_dma_ex.o
#        D:\Project_STM32\Saoviet_Maybanhang_Std\Saoviet_Maybanhang\EWARM\Saoviet_Maybanhang\Obj\stm32f4xx_hal_exti.o
#        D:\Project_STM32\Saoviet_Maybanhang_Std\Saoviet_Maybanhang\EWARM\Saoviet_Maybanhang\Obj\stm32f4xx_hal_flash.o
#        D:\Project_STM32\Saoviet_Maybanhang_Std\Saoviet_Maybanhang\EWARM\Saoviet_Maybanhang\Obj\stm32f4xx_hal_flash_ex.o
#        D:\Project_STM32\Saoviet_Maybanhang_Std\Saoviet_Maybanhang\EWARM\Saoviet_Maybanhang\Obj\stm32f4xx_hal_flash_ramfunc.o
#        D:\Project_STM32\Saoviet_Maybanhang_Std\Saoviet_Maybanhang\EWARM\Saoviet_Maybanhang\Obj\stm32f4xx_hal_gpio.o
#        D:\Project_STM32\Saoviet_Maybanhang_Std\Saoviet_Maybanhang\EWARM\Saoviet_Maybanhang\Obj\stm32f4xx_hal_msp.o
#        D:\Project_STM32\Saoviet_Maybanhang_Std\Saoviet_Maybanhang\EWARM\Saoviet_Maybanhang\Obj\stm32f4xx_hal_pwr.o
#        D:\Project_STM32\Saoviet_Maybanhang_Std\Saoviet_Maybanhang\EWARM\Saoviet_Maybanhang\Obj\stm32f4xx_hal_pwr_ex.o
#        D:\Project_STM32\Saoviet_Maybanhang_Std\Saoviet_Maybanhang\EWARM\Saoviet_Maybanhang\Obj\stm32f4xx_hal_rcc.o
#        D:\Project_STM32\Saoviet_Maybanhang_Std\Saoviet_Maybanhang\EWARM\Saoviet_Maybanhang\Obj\stm32f4xx_hal_rcc_ex.o
#        D:\Project_STM32\Saoviet_Maybanhang_Std\Saoviet_Maybanhang\EWARM\Saoviet_Maybanhang\Obj\stm32f4xx_hal_spi.o
#        D:\Project_STM32\Saoviet_Maybanhang_Std\Saoviet_Maybanhang\EWARM\Saoviet_Maybanhang\Obj\stm32f4xx_hal_tim.o
#        D:\Project_STM32\Saoviet_Maybanhang_Std\Saoviet_Maybanhang\EWARM\Saoviet_Maybanhang\Obj\stm32f4xx_hal_tim_ex.o
#        D:\Project_STM32\Saoviet_Maybanhang_Std\Saoviet_Maybanhang\EWARM\Saoviet_Maybanhang\Obj\stm32f4xx_hal_uart.o
#        D:\Project_STM32\Saoviet_Maybanhang_Std\Saoviet_Maybanhang\EWARM\Saoviet_Maybanhang\Obj\stm32f4xx_it.o
#        D:\Project_STM32\Saoviet_Maybanhang_Std\Saoviet_Maybanhang\EWARM\Saoviet_Maybanhang\Obj\stm32f4xx_ll_adc.o
#        D:\Project_STM32\Saoviet_Maybanhang_Std\Saoviet_Maybanhang\EWARM\Saoviet_Maybanhang\Obj\system_stm32f4xx.o
#        D:\Project_STM32\Saoviet_Maybanhang_Std\Saoviet_Maybanhang\EWARM\Saoviet_Maybanhang\Obj\usart.o
#        D:\Project_STM32\Saoviet_Maybanhang_Std\Saoviet_Maybanhang\EWARM\Saoviet_Maybanhang\Obj\user_app_comm.o
#        D:\Project_STM32\Saoviet_Maybanhang_Std\Saoviet_Maybanhang\EWARM\Saoviet_Maybanhang\Obj\user_app_ctrl_motor.o
#        D:\Project_STM32\Saoviet_Maybanhang_Std\Saoviet_Maybanhang\EWARM\Saoviet_Maybanhang\Obj\user_app_door_sensor.o
#        D:\Project_STM32\Saoviet_Maybanhang_Std\Saoviet_Maybanhang\EWARM\Saoviet_Maybanhang\Obj\user_app_electric.o
#        D:\Project_STM32\Saoviet_Maybanhang_Std\Saoviet_Maybanhang\EWARM\Saoviet_Maybanhang\Obj\user_app_pc_box.o
#        D:\Project_STM32\Saoviet_Maybanhang_Std\Saoviet_Maybanhang\EWARM\Saoviet_Maybanhang\Obj\user_app_relay.o
#        D:\Project_STM32\Saoviet_Maybanhang_Std\Saoviet_Maybanhang\EWARM\Saoviet_Maybanhang\Obj\user_app_temperature.o
#        D:\Project_STM32\Saoviet_Maybanhang_Std\Saoviet_Maybanhang\EWARM\Saoviet_Maybanhang\Obj\user_app_vib_sensor.o
#        D:\Project_STM32\Saoviet_Maybanhang_Std\Saoviet_Maybanhang\EWARM\Saoviet_Maybanhang\Obj\user_comm_vending_machine.o
#        D:\Project_STM32\Saoviet_Maybanhang_Std\Saoviet_Maybanhang\EWARM\Saoviet_Maybanhang\Obj\user_external_flash.o
#        D:\Project_STM32\Saoviet_Maybanhang_Std\Saoviet_Maybanhang\EWARM\Saoviet_Maybanhang\Obj\user_internal_mem.o
#        D:\Project_STM32\Saoviet_Maybanhang_Std\Saoviet_Maybanhang\EWARM\Saoviet_Maybanhang\Obj\user_irq_input.o
#        D:\Project_STM32\Saoviet_Maybanhang_Std\Saoviet_Maybanhang\EWARM\Saoviet_Maybanhang\Obj\user_modbus_rtu.o
#        D:\Project_STM32\Saoviet_Maybanhang_Std\Saoviet_Maybanhang\EWARM\Saoviet_Maybanhang\Obj\user_uart.o
#        D:\Project_STM32\Saoviet_Maybanhang_Std\Saoviet_Maybanhang\EWARM\Saoviet_Maybanhang\Obj\user_util.o
#        --no_out_extension -o
#        D:\Project_STM32\Saoviet_Maybanhang_Std\Saoviet_Maybanhang\EWARM\Saoviet_Maybanhang\Exe\Saoviet_Maybanhang.out
#        --redirect _Printf=_PrintfFullNoMb --redirect _Scanf=_ScanfFullNoMb
#        --map
#        D:\Project_STM32\Saoviet_Maybanhang_Std\Saoviet_Maybanhang\EWARM\Saoviet_Maybanhang\List\Saoviet_Maybanhang.map
#        --config
#        D:\Project_STM32\Saoviet_Maybanhang_Std\Saoviet_Maybanhang\EWARM/stm32f405xx_flash.icf
#        --semihosting --entry __iar_program_start --vfe --text_out locale)
#
###############################################################################

*******************************************************************************
*** RUNTIME MODEL ATTRIBUTES
***

CppFlavor       = *
__SystemLibrary = DLib
__dlib_version  = 6


*******************************************************************************
*** HEAP SELECTION
***

The basic heap was selected because no calls to memory allocation
functions were found in the application outside of system library
functions, and there are calls to deallocation functions in the
application.


*******************************************************************************
*** PLACEMENT SUMMARY
***

"A0":  place at address 0x800'0000 { ro section .intvec };
"P1":  place in [from 0x800'0000 to 0x80f'ffff] { ro };
define block CSTACK with size = 1K, alignment = 8 { };
define block HEAP with size = 512, alignment = 8 { };
"P2":  place in [from 0x2000'0000 to 0x2001'ffff] {
          rw, block CSTACK, block HEAP };
initialize by copy { rw };

  Section            Kind         Address    Size  Object
  -------            ----         -------    ----  ------
"A0":                                       0x188
  .intvec            ro code   0x800'0000   0x188  startup_stm32f405xx.o [1]
                             - 0x800'0188   0x188

"P1":                                      0x405e
  .text              ro code   0x800'0188   0x6dc  stm32f4xx_hal_uart.o [1]
  .text              ro code   0x800'0864   0x204  usart.o [1]
  .text              ro code   0x800'0a68     0xc  stm32f4xx_hal.o [1]
  .text              ro code   0x800'0a74   0x3fc  stm32f4xx_hal_dma.o [1]
  .text              ro code   0x800'0e70     0x2  stm32f4xx_hal_uart.o [1]
  .text              ro code   0x800'0e72     0x2  stm32f4xx_hal_uart.o [1]
  .text              ro code   0x800'0e74     0x2  stm32f4xx_hal_uart.o [1]
  .text              ro code   0x800'0e76    0x3a  zero_init3.o [4]
  .text              ro code   0x800'0eb0    0xd0  user_uart.o [1]
  .text              ro code   0x800'0f80   0x1ac  stm32f4xx_hal_rcc.o [1]
  .text              ro code   0x800'112c   0x106  I64DivMod_small.o [4]
  .text              ro code   0x800'1234    0xe0  main.o [1]
  .text              ro code   0x800'1314    0x14  memset.o [4]
  .text              ro code   0x800'1328    0xc4  stm32f4xx_hal_cortex.o [1]
  .text              ro code   0x800'13ec   0x214  stm32f4xx_hal_gpio.o [1]
  .text              ro code   0x800'1600    0x40  stm32f4xx_hal.o [1]
  .text              ro code   0x800'1640     0x2  I64DivZer.o [4]
  .text              ro code   0x800'1644    0x34  stm32f4xx_hal.o [1]
  .text              ro code   0x800'1678   0x21c  gpio.o [1]
  .text              ro code   0x800'1894    0x34  dma.o [1]
  .text              ro code   0x800'18c8   0x138  adc.o [1]
  .text              ro code   0x800'1a00    0xb4  spi.o [1]
  .text              ro code   0x800'1ab4    0x64  user_app_comm.o [1]
  .text              ro code   0x800'1b18   0x31c  stm32f4xx_hal_rcc.o [1]
  .text              ro code   0x800'1e34    0x12  ABImemset_small.o [4]
  .text              ro code   0x800'1e48    0x50  user_irq_input.o [1]
  .text              ro code   0x800'1e98    0x38  stm32f4xx_hal_msp.o [1]
  .text              ro code   0x800'1ed0   0x492  stm32f4xx_hal_adc.o [1]
  .text              ro code   0x800'2364   0x3f0  stm32f4xx_hal_spi.o [1]
  .text              ro code   0x800'2754   0x398  user_app_temperature.o [1]
  .text              ro code   0x800'2aec    0x28  stm32f4xx_hal.o [1]
  .text              ro code   0x800'2b14   0x408  user_app_pc_box.o [1]
  .text              ro code   0x800'2f1c   0x2a4  user_app_ctrl_motor.o [1]
  .text              ro code   0x800'31c0   0x1e0  user_app_door_sensor.o [1]
  .text              ro code   0x800'33a0    0xfc  user_app_electric.o [1]
  .text              ro code   0x800'349c   0x280  user_app_relay.o [1]
  .text              ro code   0x800'371c   0x168  user_app_vib_sensor.o [1]
  .text              ro code   0x800'3884     0x2  stm32f4xx_hal_adc.o [1]
  .text              ro code   0x800'3886     0x2  stm32f4xx_hal_adc.o [1]
  .text              ro code   0x800'3888     0x2  stm32f4xx_hal_adc.o [1]
  .text              ro code   0x800'388a    0x30  event_driven.o [1]
  .text              ro code   0x800'38bc     0x6  ABImemclr4.o [4]
  .text              ro code   0x800'38c4   0x15c  user_comm_vending_machine.o [1]
  .text              ro code   0x800'3a20   0x228  user_external_flash.o [1]
  .text              ro code   0x800'3c48    0xb4  user_util.o [1]
  .text              ro code   0x800'3cfc    0x32  ABImemset48.o [4]
  .text              ro code   0x800'3d30    0x40  S25FL216K.o [1]
  .text              ro code   0x800'3d70    0x14  strlen_small.o [4]
  .text              ro code   0x800'3d84    0x7c  stm32f4xx_it.o [1]
  .text              ro code   0x800'3e00    0x10  stm32f4xx_hal.o [1]
  .text              ro code   0x800'3e10    0x78  lz77_init_single.o [4]
  .text              ro code   0x800'3e88    0x28  data_init.o [4]
  .text              ro code   0x800'3eb0    0x22  fpinit_M.o [3]
  .iar.init_table    const     0x800'3ed4    0x20  - Linker created -
  .text              ro code   0x800'3ef4    0x20  system_stm32f4xx.o [1]
  .text              ro code   0x800'3f14    0x1e  cmain.o [4]
  .text              ro code   0x800'3f32     0x4  low_level_init.o [2]
  .text              ro code   0x800'3f36     0x4  exit.o [2]
  .text              ro code   0x800'3f3c     0xa  cexit.o [4]
  .text              ro code   0x800'3f48    0x14  exit.o [5]
  .text              ro code   0x800'3f5c    0x10  startup_stm32f405xx.o [1]
  .text              ro code   0x800'3f6c     0xc  cstartup_M.o [4]
  .rodata            const     0x800'3f78     0x8  system_stm32f4xx.o [1]
  .text              ro code   0x800'3f80     0x4  startup_stm32f405xx.o [1]
  .text              ro code   0x800'3f84     0x4  startup_stm32f405xx.o [1]
  .text              ro code   0x800'3f88     0x4  startup_stm32f405xx.o [1]
  .text              ro code   0x800'3f8c     0x4  startup_stm32f405xx.o [1]
  .text              ro code   0x800'3f90     0x4  startup_stm32f405xx.o [1]
  .text              ro code   0x800'3f94     0x4  startup_stm32f405xx.o [1]
  .text              ro code   0x800'3f98     0x4  startup_stm32f405xx.o [1]
  .text              ro code   0x800'3f9c     0x4  startup_stm32f405xx.o [1]
  .text              ro code   0x800'3fa0     0x4  startup_stm32f405xx.o [1]
  .text              ro code   0x800'3fa4     0x4  startup_stm32f405xx.o [1]
  .text              ro code   0x800'3fa8     0x4  startup_stm32f405xx.o [1]
  .text              ro code   0x800'3fac     0x4  startup_stm32f405xx.o [1]
  .text              ro code   0x800'3fb0     0x4  startup_stm32f405xx.o [1]
  .text              ro code   0x800'3fb4     0x4  startup_stm32f405xx.o [1]
  .text              ro code   0x800'3fb8     0x4  startup_stm32f405xx.o [1]
  .text              ro code   0x800'3fbc     0x4  startup_stm32f405xx.o [1]
  .text              ro code   0x800'3fc0     0x4  startup_stm32f405xx.o [1]
  .text              ro code   0x800'3fc4     0x4  startup_stm32f405xx.o [1]
  .text              ro code   0x800'3fc8     0x4  startup_stm32f405xx.o [1]
  .text              ro code   0x800'3fcc     0x4  startup_stm32f405xx.o [1]
  .text              ro code   0x800'3fd0     0x4  startup_stm32f405xx.o [1]
  .text              ro code   0x800'3fd4     0x4  startup_stm32f405xx.o [1]
  .text              ro code   0x800'3fd8     0x4  startup_stm32f405xx.o [1]
  .text              ro code   0x800'3fdc     0x4  startup_stm32f405xx.o [1]
  .text              ro code   0x800'3fe0     0x4  startup_stm32f405xx.o [1]
  .text              ro code   0x800'3fe4     0x4  startup_stm32f405xx.o [1]
  .text              ro code   0x800'3fe8     0x4  startup_stm32f405xx.o [1]
  .text              ro code   0x800'3fec     0x4  startup_stm32f405xx.o [1]
  .text              ro code   0x800'3ff0     0x4  startup_stm32f405xx.o [1]
  .text              ro code   0x800'3ff4     0x4  startup_stm32f405xx.o [1]
  .text              ro code   0x800'3ff8     0x4  startup_stm32f405xx.o [1]
  .text              ro code   0x800'3ffc     0x4  startup_stm32f405xx.o [1]
  .text              ro code   0x800'4000     0x4  startup_stm32f405xx.o [1]
  .text              ro code   0x800'4004     0x4  startup_stm32f405xx.o [1]
  .text              ro code   0x800'4008     0x4  startup_stm32f405xx.o [1]
  .text              ro code   0x800'400c     0x4  startup_stm32f405xx.o [1]
  .text              ro code   0x800'4010     0x4  startup_stm32f405xx.o [1]
  .text              ro code   0x800'4014     0x4  startup_stm32f405xx.o [1]
  .text              ro code   0x800'4018     0x4  startup_stm32f405xx.o [1]
  .text              ro code   0x800'401c     0x4  startup_stm32f405xx.o [1]
  .text              ro code   0x800'4020     0x4  startup_stm32f405xx.o [1]
  .text              ro code   0x800'4024     0x4  startup_stm32f405xx.o [1]
  .text              ro code   0x800'4028     0x4  startup_stm32f405xx.o [1]
  .text              ro code   0x800'402c     0x4  startup_stm32f405xx.o [1]
  .text              ro code   0x800'4030     0x4  startup_stm32f405xx.o [1]
  .text              ro code   0x800'4034     0x4  startup_stm32f405xx.o [1]
  .text              ro code   0x800'4038     0x4  startup_stm32f405xx.o [1]
  .text              ro code   0x800'403c     0x4  startup_stm32f405xx.o [1]
  .text              ro code   0x800'4040     0x4  startup_stm32f405xx.o [1]
  .text              ro code   0x800'4044     0x4  startup_stm32f405xx.o [1]
  .text              ro code   0x800'4048     0x4  startup_stm32f405xx.o [1]
  .text              ro code   0x800'404c     0x4  startup_stm32f405xx.o [1]
  .text              ro code   0x800'4050     0x4  startup_stm32f405xx.o [1]
  .text              ro code   0x800'4054     0x4  startup_stm32f405xx.o [1]
  .text              ro code   0x800'4058     0x4  startup_stm32f405xx.o [1]
  .text              ro code   0x800'405c     0x4  startup_stm32f405xx.o [1]
  .text              ro code   0x800'4060     0x4  startup_stm32f405xx.o [1]
  .text              ro code   0x800'4064     0x4  startup_stm32f405xx.o [1]
  .text              ro code   0x800'4068     0x4  startup_stm32f405xx.o [1]
  .text              ro code   0x800'406c     0x4  startup_stm32f405xx.o [1]
  .text              ro code   0x800'4070     0x4  startup_stm32f405xx.o [1]
  .text              ro code   0x800'4074     0x4  startup_stm32f405xx.o [1]
  .text              ro code   0x800'4078     0x4  startup_stm32f405xx.o [1]
  .text              ro code   0x800'407c     0x4  startup_stm32f405xx.o [1]
  .text              ro code   0x800'4080     0x4  startup_stm32f405xx.o [1]
  .text              ro code   0x800'4084     0x4  startup_stm32f405xx.o [1]
  .text              ro code   0x800'4088     0x4  startup_stm32f405xx.o [1]
  .text              ro code   0x800'408c     0x4  startup_stm32f405xx.o [1]
  .text              ro code   0x800'4090     0x4  startup_stm32f405xx.o [1]
  .rodata            const     0x800'4094     0x0  zero_init3.o [4]
  .rodata            const     0x800'4094     0x0  lz77_init_single.o [4]
  Initializer bytes  const     0x800'4094   0x152  <for P2-1>
                             - 0x800'41e6  0x405e

"P2", part 1 of 3:                          0x32d
  P2-1                        0x2000'0000   0x32d  <Init block>
    .data            inited   0x2000'0000     0xc  stm32f4xx_hal.o [1]
    .data            inited   0x2000'000c     0x4  system_stm32f4xx.o [1]
    .data            inited   0x2000'0010    0x40  user_app_ctrl_motor.o [1]
    .data            inited   0x2000'0050    0x44  user_app_ctrl_motor.o [1]
    .data            inited   0x2000'0094    0x40  user_app_door_sensor.o [1]
    .data            inited   0x2000'00d4    0x50  user_app_electric.o [1]
    .data            inited   0x2000'0124     0x4  user_app_electric.o [1]
    .data            inited   0x2000'0128    0x60  user_app_pc_box.o [1]
    .data            inited   0x2000'0188     0x8  user_app_pc_box.o [1]
    .data            inited   0x2000'0190    0x80  user_app_relay.o [1]
    .data            inited   0x2000'0210    0x2c  user_app_relay.o [1]
    .data            inited   0x2000'023c    0x80  user_app_temperature.o [1]
    .data            inited   0x2000'02bc    0x24  user_app_temperature.o [1]
    .data            inited   0x2000'02e0    0x30  user_app_vib_sensor.o [1]
    .data            inited   0x2000'0310    0x1d  user_uart.o [1]
                            - 0x2000'032d   0x32d

"P2", part 2 of 3:                          0x79c
  .bss               zero     0x2000'0330   0x4b0  user_uart.o [1]
  .bss               zero     0x2000'07e0    0x64  user_uart.o [1]
  .bss               zero     0x2000'0844    0x60  adc.o [1]
  .bss               zero     0x2000'08a4    0x58  spi.o [1]
  .bss               zero     0x2000'08fc    0x48  adc.o [1]
  .bss               zero     0x2000'0944    0x44  usart.o [1]
  .bss               zero     0x2000'0988    0x44  usart.o [1]
  .bss               zero     0x2000'09cc    0x44  usart.o [1]
  .bss               zero     0x2000'0a10    0x44  usart.o [1]
  .bss               zero     0x2000'0a54    0x34  user_uart.o [1]
  .bss               zero     0x2000'0a88    0x14  user_app_pc_box.o [1]
  .bss               zero     0x2000'0a9c    0x10  user_app_vib_sensor.o [1]
  .bss               zero     0x2000'0aac     0x8  user_app_relay.o [1]
  .bss               zero     0x2000'0ab4     0x5  user_app_ctrl_motor.o [1]
  .bss               zero     0x2000'0ab9     0x3  user_app_electric.o [1]
  .bss               zero     0x2000'0abc     0x5  user_app_door_sensor.o [1]
  .bss               zero     0x2000'0ac2     0x2  user_app_electric.o [1]
  .bss               zero     0x2000'0ac4     0x4  user_util.o [1]
  .bss               zero     0x2000'0ac8     0x2  user_app_pc_box.o [1]
  .bss               zero     0x2000'0aca     0x1  user_app_comm.o [1]
                            - 0x2000'0acb   0x79b

"P2", part 3 of 3:                          0x400
  CSTACK                      0x2000'0ad0   0x400  <Block>
    CSTACK           uninit   0x2000'0ad0   0x400  <Block tail>
                            - 0x2000'0ed0   0x400

Unused ranges:

         From           To      Size
         ----           --      ----
   0x800'41e6   0x80f'ffff  0xf'be1a
  0x2000'032d  0x2000'032f       0x3
  0x2000'0acc  0x2000'0acf       0x4
  0x2000'0ed0  0x2001'ffff  0x1'f130


*******************************************************************************
*** INIT TABLE
***

          Address      Size
          -------      ----
Zero (__iar_zero_init3)
    1 destination range, total size 0x79b:
          0x2000'0330  0x79b

Copy/lz77 (__iar_lz77_init_single3)
    1 source range, total size 0x152 (41% of destination):
           0x800'4094  0x152
    1 destination range, total size 0x32d:
          0x2000'0000  0x32d



*******************************************************************************
*** MODULE SUMMARY
***

    Module                       ro code  ro data  rw data
    ------                       -------  -------  -------
command line/config:
    ------------------------------------------------------
    Total:

D:\Project_STM32\Saoviet_Maybanhang_Std\Saoviet_Maybanhang\EWARM\Saoviet_Maybanhang\Obj: [1]
    S25FL216K.o                       64
    adc.o                            312               168
    dma.o                             52
    event_driven.o                    48
    gpio.o                           540
    main.o                           224
    spi.o                            180                88
    startup_stm32f405xx.o            684
    stm32f4xx_hal.o                  184        4       12
    stm32f4xx_hal_adc.o            1'176
    stm32f4xx_hal_cortex.o           196
    stm32f4xx_hal_dma.o            1'020
    stm32f4xx_hal_gpio.o             532
    stm32f4xx_hal_msp.o               56
    stm32f4xx_hal_rcc.o            1'224
    stm32f4xx_hal_spi.o            1'008
    stm32f4xx_hal_uart.o           1'762
    stm32f4xx_it.o                   124
    system_stm32f4xx.o                32       10        4
    usart.o                          516               272
    user_app_comm.o                  100                 1
    user_app_ctrl_motor.o            676       55      137
    user_app_door_sensor.o           480       27       69
    user_app_electric.o              252       35       89
    user_app_pc_box.o              1'032       43      126
    user_app_relay.o                 640       71      180
    user_app_temperature.o           920       68      164
    user_app_vib_sensor.o            360       20       64
    user_comm_vending_machine.o      348
    user_external_flash.o            552
    user_irq_input.o                  80
    user_uart.o                      208       13    1'381
    user_util.o                      180                 4
    ------------------------------------------------------
    Total:                        15'762      346    2'759

dl7M_tlf.a: [2]
    exit.o                             4
    low_level_init.o                   4
    ------------------------------------------------------
    Total:                             8

m7M_tls.a: [3]
    fpinit_M.o                        34
    ------------------------------------------------------
    Total:                            34

rt7M_tl.a: [4]
    ABImemclr4.o                       6
    ABImemset48.o                     50
    ABImemset_small.o                 18
    I64DivMod_small.o                262
    I64DivZer.o                        2
    cexit.o                           10
    cmain.o                           30
    cstartup_M.o                      12
    data_init.o                       40
    lz77_init_single.o               120
    memset.o                          20
    strlen_small.o                    20
    zero_init3.o                      58
    ------------------------------------------------------
    Total:                           648

shb_l.a: [5]
    exit.o                            20
    ------------------------------------------------------
    Total:                            20

    Gaps                              18        2        1
    Linker created                             32    1'024
----------------------------------------------------------
    Grand Total:                  16'490      380    3'784


*******************************************************************************
*** ENTRY LIST
***

Entry                       Address   Size  Type      Object
-----                       -------   ----  ----      ------
.iar.init_table$$Base    0x800'3ed4          --   Gb  - Linker created -
.iar.init_table$$Limit   0x800'3ef4          --   Gb  - Linker created -
?main                    0x800'3f15         Code  Gb  cmain.o [4]
ADC_Avg                 0x2000'02d4    0xc  Data  Gb  user_app_temperature.o [1]
ADC_DMAConvCplt          0x800'22e1   0x66  Code  Lc  stm32f4xx_hal_adc.o [1]
ADC_DMAError             0x800'2351   0x12  Code  Lc  stm32f4xx_hal_adc.o [1]
ADC_DMAHalfConvCplt      0x800'2349    0x6  Code  Lc  stm32f4xx_hal_adc.o [1]
ADC_Init                 0x800'2a73    0xa  Code  Gb  user_app_temperature.o [1]
ADC_Temp                0x2000'02c8    0xc  Data  Gb  user_app_temperature.o [1]
AHBPrescTable            0x800'3f04   0x10  Data  Gb  system_stm32f4xx.o [1]
APBPrescTable            0x800'3f78    0x8  Data  Gb  system_stm32f4xx.o [1]
AppDoorSensor_Debug      0x800'32c5   0x4e  Code  Gb  user_app_door_sensor.o [1]
AppDoorSensor_Task       0x800'3319   0x40  Code  Gb  user_app_door_sensor.o [1]
AppElectric_Task         0x800'3445   0x40  Code  Gb  user_app_electric.o [1]
AppMotor_Debug           0x800'3091   0x64  Code  Gb  user_app_ctrl_motor.o [1]
AppMotor_Task            0x800'30f5   0x40  Code  Gb  user_app_ctrl_motor.o [1]
AppPcBox_Debug           0x800'2e31   0x42  Code  Gb  user_app_pc_box.o [1]
AppPcBox_Task            0x800'2e73   0x40  Code  Gb  user_app_pc_box.o [1]
AppRelay_Debug           0x800'35bd   0x72  Code  Gb  user_app_relay.o [1]
AppRelay_Task            0x800'364f   0x40  Code  Gb  user_app_relay.o [1]
AppTemperature_Debug     0x800'29d9   0x5a  Code  Gb  user_app_temperature.o [1]
AppTemperature_Task      0x800'2a33   0x40  Code  Gb  user_app_temperature.o [1]
AppVibSensor_Debug       0x800'37e9   0x2e  Code  Gb  user_app_vib_sensor.o [1]
AppVibSensor_Task        0x800'3817   0x40  Code  Gb  user_app_vib_sensor.o [1]
BusFault_Handler         0x800'3d8b    0x2  Code  Gb  stm32f4xx_it.o [1]
CSTACK$$Base            0x2000'0ad0          --   Gb  - Linker created -
CSTACK$$Limit           0x2000'0ed0          --   Gb  - Linker created -
Cal_Time                 0x800'3c61   0x12  Code  Gb  user_util.o [1]
Calculator_Crc_U16       0x800'38c5   0x2e  Code  Gb  user_comm_vending_machine.o [1]
Calculator_Scale         0x800'3949   0x18  Code  Gb  user_comm_vending_machine.o [1]
Check_Time_Out           0x800'3c49   0x18  Code  Gb  user_util.o [1]
Convert_Hex_To_String_Hex
                         0x800'3c73   0x44  Code  Gb  user_util.o [1]
Convert_Int_To_String    0x800'3961   0x4a  Code  Gb  user_comm_vending_machine.o [1]
Convert_Int_To_String_Scale
                         0x800'39ab   0x76  Code  Gb  user_comm_vending_machine.o [1]
DMA2_Stream0_IRQHandler
                         0x800'3ddd    0x6  Code  Gb  stm32f4xx_it.o [1]
DMA_CalcBaseAndBitshift
                         0x800'0e41   0x26  Code  Lc  stm32f4xx_hal_dma.o [1]
DMA_CalcBaseAndBitshift::flagBitshiftOffset
                         0x800'0e68    0x8  Data  Lc  stm32f4xx_hal_dma.o [1]
DMA_SetConfig            0x800'0e21   0x20  Code  Lc  stm32f4xx_hal_dma.o [1]
DebugMon_Handler         0x800'3d91    0x2  Code  Gb  stm32f4xx_it.o [1]
EXTI15_10_IRQHandler     0x800'3dc1   0x16  Code  Gb  stm32f4xx_it.o [1]
EXTI1_IRQHandler         0x800'3da1    0x6  Code  Gb  stm32f4xx_it.o [1]
EXTI4_IRQHandler         0x800'3da7    0x6  Code  Gb  stm32f4xx_it.o [1]
EXTI9_5_IRQHandler       0x800'3dad    0x8  Code  Gb  stm32f4xx_it.o [1]
ErrorPush               0x2000'0ab8    0x1  Data  Gb  user_app_ctrl_motor.o [1]
Error_Handler            0x800'1311    0x4  Code  Gb  main.o [1]
HAL_ADC_ConfigChannel    0x800'2187  0x10e  Code  Gb  stm32f4xx_hal_adc.o [1]
HAL_ADC_Init             0x800'1ed1  0x154  Code  Gb  stm32f4xx_hal_adc.o [1]
HAL_ADC_MspInit          0x800'1951   0x92  Code  Gb  adc.o [1]
HAL_ADC_Start_DMA        0x800'2057  0x130  Code  Gb  stm32f4xx_hal_adc.o [1]
HAL_DMA_Abort            0x800'0bc5   0x78  Code  Gb  stm32f4xx_hal_dma.o [1]
HAL_DMA_Abort_IT         0x800'0c3d   0x24  Code  Gb  stm32f4xx_hal_dma.o [1]
HAL_DMA_IRQHandler       0x800'0c61  0x188  Code  Gb  stm32f4xx_hal_dma.o [1]
HAL_DMA_Init             0x800'0a75   0xee  Code  Gb  stm32f4xx_hal_dma.o [1]
HAL_DMA_Start_IT         0x800'0b63   0x62  Code  Gb  stm32f4xx_hal_dma.o [1]
HAL_Delay                0x800'2aed   0x28  Code  Wk  stm32f4xx_hal.o [1]
HAL_GPIO_EXTI_Callback   0x800'1e49   0x50  Code  Gb  user_irq_input.o [1]
HAL_GPIO_EXTI_IRQHandler
                         0x800'15c1   0x10  Code  Gb  stm32f4xx_hal_gpio.o [1]
HAL_GPIO_Init            0x800'13ed  0x1c0  Code  Gb  stm32f4xx_hal_gpio.o [1]
HAL_GPIO_ReadPin         0x800'15ad    0xc  Code  Gb  stm32f4xx_hal_gpio.o [1]
HAL_GPIO_WritePin        0x800'15b9    0x8  Code  Gb  stm32f4xx_hal_gpio.o [1]
HAL_GetTick              0x800'0a69    0xc  Code  Wk  stm32f4xx_hal.o [1]
HAL_IncTick              0x800'3e01   0x10  Code  Wk  stm32f4xx_hal.o [1]
HAL_Init                 0x800'1645   0x30  Code  Gb  stm32f4xx_hal.o [1]
HAL_InitTick             0x800'1601   0x40  Code  Wk  stm32f4xx_hal.o [1]
HAL_MspInit              0x800'1e99   0x38  Code  Gb  stm32f4xx_hal_msp.o [1]
HAL_NVIC_EnableIRQ       0x800'1397   0x16  Code  Gb  stm32f4xx_hal_cortex.o [1]
HAL_NVIC_SetPriority     0x800'135d   0x3a  Code  Gb  stm32f4xx_hal_cortex.o [1]
HAL_NVIC_SetPriorityGrouping
                         0x800'1343   0x1a  Code  Gb  stm32f4xx_hal_cortex.o [1]
HAL_RCC_ClockConfig      0x800'0f81  0x100  Code  Gb  stm32f4xx_hal_rcc.o [1]
HAL_RCC_GetPCLK1Freq     0x800'108d   0x10  Code  Gb  stm32f4xx_hal_rcc.o [1]
HAL_RCC_GetPCLK2Freq     0x800'109d    0xe  Code  Gb  stm32f4xx_hal_rcc.o [1]
HAL_RCC_OscConfig        0x800'1b19  0x31c  Code  Wk  stm32f4xx_hal_rcc.o [1]
HAL_SPI_Init             0x800'2365   0xb4  Code  Gb  stm32f4xx_hal_spi.o [1]
HAL_SPI_MspInit          0x800'1a3d   0x66  Code  Gb  spi.o [1]
HAL_SPI_TransmitReceive
                         0x800'2421  0x1a4  Code  Gb  stm32f4xx_hal_spi.o [1]
HAL_SYSTICK_Config       0x800'13ad   0x28  Code  Gb  stm32f4xx_hal_cortex.o [1]
HAL_UART_IRQHandler      0x800'02fb  0x26a  Code  Gb  stm32f4xx_hal_uart.o [1]
HAL_UART_Init            0x800'0189   0x1e  Code  Gb  stm32f4xx_hal_uart.o [1]
HAL_UART_MspInit         0x800'08c9  0x122  Code  Gb  usart.o [1]
HAL_UART_Receive_IT      0x800'02af   0x30  Code  Gb  stm32f4xx_hal_uart.o [1]
HAL_UART_RxCpltCallback
                         0x800'0ee3   0x86  Code  Gb  user_uart.o [1]
HAL_UART_Transmit        0x800'01ff   0xb0  Code  Gb  stm32f4xx_hal_uart.o [1]
Handle_Respond          0x2000'0abe    0x1  Data  Gb  user_app_door_sensor.o [1]
HardFault_Handler        0x800'3d87    0x2  Code  Gb  stm32f4xx_it.o [1]
Init_Uart_Module         0x800'0eb1   0x2c  Code  Gb  user_uart.o [1]
LAYER_PIN                0x800'319c   0x10  Data  Lc  user_app_ctrl_motor.o [1]
LAYER_PORT              0x2000'0050   0x1c  Data  Lc  user_app_ctrl_motor.o [1]
LevelWarningVib         0x2000'0a9c    0x1  Data  Gb  user_app_vib_sensor.o [1]
Log_Data_Door            0x800'328f   0x34  Code  Gb  user_app_door_sensor.o [1]
Log_Data_Vib             0x800'37b9   0x30  Code  Gb  user_app_vib_sensor.o [1]
Log_TSVH                 0x800'2dcd   0x64  Code  Gb  user_app_pc_box.o [1]
MX_ADC1_Init             0x800'18c9   0x7e  Code  Gb  adc.o [1]
MX_DMA_Init              0x800'1895   0x34  Code  Gb  dma.o [1]
MX_GPIO_Init             0x800'1679  0x1e2  Code  Gb  gpio.o [1]
MX_SPI2_Init             0x800'1a01   0x3c  Code  Gb  spi.o [1]
MX_UART4_Init            0x800'0865   0x10  Code  Gb  usart.o [1]
MX_USART2_UART_Init      0x800'0875   0x10  Code  Gb  usart.o [1]
MX_USART3_UART_Init      0x800'088d   0x10  Code  Gb  usart.o [1]
MX_USART6_UART_Init      0x800'08b9   0x10  Code  Gb  usart.o [1]
Main_Task                0x800'1ab5   0x54  Code  Gb  user_app_comm.o [1]
MemManage_Handler        0x800'3d89    0x2  Code  Gb  stm32f4xx_it.o [1]
NMI_Handler              0x800'3d85    0x2  Code  Gb  stm32f4xx_it.o [1]
Off_Motor_Push           0x800'3055   0x3c  Code  Gb  user_app_ctrl_motor.o [1]
Off_Relay                0x800'363d    0xc  Code  Gb  user_app_relay.o [1]
On_Motor_Push            0x800'3011   0x42  Code  Gb  user_app_ctrl_motor.o [1]
On_Relay                 0x800'362f    0xe  Code  Gb  user_app_relay.o [1]
PendSV_Handler           0x800'3d93    0x2  Code  Gb  stm32f4xx_it.o [1]
PosPushMotor            0x2000'0ab4    0x1  Data  Gb  user_app_ctrl_motor.o [1]
PulseCount              0x2000'0ab5    0x1  Data  Gb  user_app_ctrl_motor.o [1]
RELAY_PIN               0x2000'0210   0x10  Data  Lc  user_app_relay.o [1]
RELAY_PORT              0x2000'0220   0x1c  Data  Lc  user_app_relay.o [1]
Region$$Table$$Base      0x800'3ed4          --   Gb  - Linker created -
Region$$Table$$Limit     0x800'3ef4          --   Gb  - Linker created -
Respond_PcBox            0x800'38f3   0x1a  Code  Gb  user_comm_vending_machine.o [1]
Response_Ir_Sensor      0x2000'0ab7    0x1  Data  Gb  user_app_ctrl_motor.o [1]
RtCountSystick_u32      0x2000'0ac4    0x4  Data  Gb  user_util.o [1]
S25FL_ChipSelect         0x800'3d31   0x14  Code  Gb  S25FL216K.o [1]
S25FL_Send_Byte          0x800'3d45   0x22  Code  Gb  S25FL216K.o [1]
SLOT_PIN                 0x800'31ac   0x14  Data  Lc  user_app_ctrl_motor.o [1]
SLOT_PORT               0x2000'006c   0x28  Data  Lc  user_app_ctrl_motor.o [1]
SPI_EndRxTxTransaction   0x800'26ef   0x50  Code  Lc  stm32f4xx_hal_spi.o [1]
SPI_WaitFlagStateUntilTimeout
                         0x800'262f   0xb4  Code  Lc  stm32f4xx_hal_spi.o [1]
SVC_Handler              0x800'3d8f    0x2  Code  Gb  stm32f4xx_it.o [1]
Scale_To_Int             0x800'390d   0x34  Code  Gb  user_comm_vending_machine.o [1]
StatusPushMotor         0x2000'0ab6    0x1  Data  Gb  user_app_ctrl_motor.o [1]
Status_Supply_Power     0x2000'0ab9    0x1  Data  Gb  user_app_electric.o [1]
SysTick_Handler          0x800'3d95    0xc  Code  Gb  stm32f4xx_it.o [1]
SystemClock_Config       0x800'1265   0xa4  Code  Gb  main.o [1]
SystemCoreClock         0x2000'000c    0x4  Data  Gb  system_stm32f4xx.o [1]
SystemInit               0x800'3ef5    0xc  Code  Gb  system_stm32f4xx.o [1]
TaskStatus_u8           0x2000'0aca    0x1  Data  Gb  user_app_comm.o [1]
Threshold_Ctrl          0x2000'02c6    0x2  Data  Gb  user_app_temperature.o [1]
UART4_IRQHandler         0x800'3dd7    0x6  Code  Gb  stm32f4xx_it.o [1]
UART_DMAAbortOnError     0x800'06bd    0xc  Code  Lc  stm32f4xx_hal_uart.o [1]
UART_EndRxTransfer       0x800'0673   0x2a  Code  Lc  stm32f4xx_hal_uart.o [1]
UART_Receive_IT          0x800'06c9   0xaa  Code  Lc  stm32f4xx_hal_uart.o [1]
UART_SetConfig           0x800'079d   0xae  Code  Lc  stm32f4xx_hal_uart.o [1]
UART_Start_Receive_IT    0x800'0621   0x3a  Code  Gb  stm32f4xx_hal_uart.o [1]
UART_WaitOnFlagUntilTimeout
                         0x800'058d   0x5e  Code  Lc  stm32f4xx_hal_uart.o [1]
USART2_IRQHandler        0x800'3db5    0x6  Code  Gb  stm32f4xx_it.o [1]
USART3_IRQHandler        0x800'3dbb    0x6  Code  Gb  stm32f4xx_it.o [1]
USART6_IRQHandler        0x800'3de3    0x6  Code  Gb  stm32f4xx_it.o [1]
UTIL_MEM_set             0x800'3cb7    0xe  Code  Gb  user_util.o [1]
UTIL_Printf              0x800'3cc5   0x10  Code  Gb  user_util.o [1]
UTIL_Printf_Str          0x800'3cd5   0x12  Code  Gb  user_util.o [1]
Uart485Buff             0x2000'0a54   0x34  Data  Gb  user_uart.o [1]
Uart485RxByte           0x2000'0311    0x1  Data  Gb  user_uart.o [1]
UartDebugBuff           0x2000'0330  0x4b0  Data  Gb  user_uart.o [1]
UartDebugRxByte         0x2000'0310    0x1  Data  Gb  user_uart.o [1]
UartPcBoxBuff           0x2000'07e0   0x64  Data  Gb  user_uart.o [1]
UartPcBoxRxByte         0x2000'0312    0x1  Data  Gb  user_uart.o [1]
UartSimRxByte           0x2000'032c    0x1  Data  Gb  user_uart.o [1]
UsageFault_Handler       0x800'3d8d    0x2  Code  Gb  stm32f4xx_it.o [1]
__NVIC_SetPriority       0x800'1329   0x1a  Code  Lc  stm32f4xx_hal_cortex.o [1]
__aeabi_ldiv0            0x800'1641         Code  Gb  I64DivZer.o [4]
__aeabi_memclr4          0x800'38bd         Code  Gb  ABImemclr4.o [4]
__cmain                  0x800'3f15         Code  Gb  cmain.o [4]
__exit                   0x800'3f49   0x14  Code  Gb  exit.o [5]
__iar_Memset4_word       0x800'3cfd         Code  Gb  ABImemset48.o [4]
__iar_Memset8_word       0x800'3cfd         Code  Gb  ABImemset48.o [4]
__iar_data_init3         0x800'3e89   0x28  Code  Gb  data_init.o [4]
__iar_init_vfp           0x800'3eb1         Code  Gb  fpinit_M.o [3]
__iar_lz77_init_single3
                         0x800'3e11   0x78  Code  Gb  lz77_init_single.o [4]
__iar_program_start      0x800'3f6d         Code  Gb  cstartup_M.o [4]
__iar_small_Memset       0x800'1e35         Code  Gb  ABImemset_small.o [4]
__iar_small_Memset_word
                         0x800'1e35         Code  Gb  ABImemset_small.o [4]
__iar_small_memset       0x800'1e35         Code  Gb  ABImemset_small.o [4]
__iar_small_strlen       0x800'3d71         Code  Gb  strlen_small.o [4]
__iar_small_uldivmod     0x800'112d         Code  Gb  I64DivMod_small.o [4]
__iar_zero_init3         0x800'0e77   0x3a  Code  Gb  zero_init3.o [4]
__low_level_init         0x800'3f33    0x4  Code  Gb  low_level_init.o [2]
__vector_table           0x800'0000         Data  Gb  startup_stm32f405xx.o [1]
_call_main               0x800'3f21         Code  Gb  cmain.o [4]
_exit                    0x800'3f3d         Code  Gb  cexit.o [4]
_main                    0x800'3f2f         Code  Gb  cmain.o [4]
aBuffer_Ping            0x2000'0a88   0x14  Data  Gb  user_app_pc_box.o [1]
eFlash_S25FL_BufferRead
                         0x800'3b9f   0x60  Code  Gb  user_external_flash.o [1]
eFlash_S25FL_BufferWrite
                         0x800'3b63   0x34  Code  Gb  user_external_flash.o [1]
eFlash_S25FL_CheckWriteEnable
                         0x800'3abd   0x28  Code  Gb  user_external_flash.o [1]
eFlash_S25FL_Enable      0x800'3a27   0x16  Code  Gb  user_external_flash.o [1]
eFlash_S25FL_Erase_Sector
                         0x800'3a3d   0x4a  Code  Gb  user_external_flash.o [1]
eFlash_S25FL_PageWrite   0x800'3aff   0x5c  Code  Gb  user_external_flash.o [1]
eFlash_S25FL_WaitForWriteEnd
                         0x800'3a8d   0x2a  Code  Gb  user_external_flash.o [1]
exit                     0x800'3f37    0x4  Code  Gb  exit.o [2]
fevent_active            0x800'388b   0x10  Code  Gb  event_driven.o [1]
fevent_control_motor_push
                         0x800'2f1d   0x40  Code  Lc  user_app_ctrl_motor.o [1]
fevent_disable           0x800'38af    0xc  Code  Gb  event_driven.o [1]
fevent_door_ctrl_respond
                         0x800'3211   0x46  Code  Lc  user_app_door_sensor.o [1]
fevent_door_ctrl_respond::status
                        0x2000'0ac0    0x1  Data  Lc  user_app_door_sensor.o [1]
fevent_door_ctrl_respond::status_before
                        0x2000'0abf    0x1  Data  Lc  user_app_door_sensor.o [1]
fevent_door_entry        0x800'31c1    0xe  Code  Lc  user_app_door_sensor.o [1]
fevent_door_respond_pc_box
                         0x800'3257   0x38  Code  Lc  user_app_door_sensor.o [1]
fevent_door_sensor       0x800'31cf   0x42  Code  Lc  user_app_door_sensor.o [1]
fevent_electric_entry    0x800'33a1    0xe  Code  Lc  user_app_electric.o [1]
fevent_electric_handle   0x800'3427   0x1e  Code  Lc  user_app_electric.o [1]
fevent_electric_pgood    0x800'33af   0x4a  Code  Lc  user_app_electric.o [1]
fevent_electric_pgood::count_handle
                        0x2000'0aba    0x1  Data  Lc  user_app_electric.o [1]
fevent_electric_pgood::status_before
                        0x2000'0abb    0x1  Data  Lc  user_app_electric.o [1]
fevent_electric_receive_485
                         0x800'33fd   0x2a  Code  Lc  user_app_electric.o [1]
fevent_electric_receive_485::countBuffer_uart
                        0x2000'0ac2    0x2  Data  Lc  user_app_electric.o [1]
fevent_electric_transmit_485
                         0x800'33f9    0x4  Code  Lc  user_app_electric.o [1]
fevent_enable            0x800'389b   0x14  Code  Gb  event_driven.o [1]
fevent_input_motor_push
                         0x800'2f5d   0x44  Code  Lc  user_app_ctrl_motor.o [1]
fevent_motor_push_off_error
                         0x800'2fa1   0x1e  Code  Lc  user_app_ctrl_motor.o [1]
fevent_on_off_relay_alarm
                         0x800'3521   0x2a  Code  Lc  user_app_relay.o [1]
fevent_on_off_relay_fridge_cool
                         0x800'3503   0x1e  Code  Lc  user_app_relay.o [1]
fevent_on_off_relay_fridge_heat
                         0x800'354b   0x1e  Code  Lc  user_app_relay.o [1]
fevent_on_off_relay_lamp
                         0x800'3569   0x2a  Code  Lc  user_app_relay.o [1]
fevent_on_off_relay_pc   0x800'34b1   0x28  Code  Lc  user_app_relay.o [1]
fevent_on_off_relay_screen
                         0x800'34d9   0x2a  Code  Lc  user_app_relay.o [1]
fevent_on_off_relay_warm
                         0x800'3593   0x2a  Code  Lc  user_app_relay.o [1]
fevent_pcbox_complete_receive
                         0x800'2b85  0x1d2  Code  Lc  user_app_pc_box.o [1]
fevent_pcbox_entry       0x800'2b15   0x10  Code  Lc  user_app_pc_box.o [1]
fevent_pcbox_log_tsvh    0x800'2d67   0x28  Code  Lc  user_app_pc_box.o [1]
fevent_pcbox_ping        0x800'2d8f   0x3e  Code  Lc  user_app_pc_box.o [1]
fevent_pcbox_receive_handle
                         0x800'2b55   0x30  Code  Lc  user_app_pc_box.o [1]
fevent_pcbox_receive_handle::countBuffer_uart
                        0x2000'0ac8    0x2  Data  Lc  user_app_pc_box.o [1]
fevent_relay_entry       0x800'349d   0x14  Code  Lc  user_app_relay.o [1]
fevent_respond_pcbox     0x800'2fbf   0x52  Code  Lc  user_app_ctrl_motor.o [1]
fevent_temp_calculator   0x800'27d9  0x100  Code  Lc  user_app_temperature.o [1]
fevent_temp_ctrl_fridge
                         0x800'2951   0x64  Code  Lc  user_app_temperature.o [1]
fevent_temp_entry        0x800'2755   0x32  Code  Lc  user_app_temperature.o [1]
fevent_temp_entry::once
                        0x2000'02c4    0x1  Data  Lc  user_app_temperature.o [1]
fevent_temp_get_adc      0x800'2787   0x52  Code  Lc  user_app_temperature.o [1]
fevent_temp_get_adc::count
                        0x2000'02c5    0x1  Data  Lc  user_app_temperature.o [1]
fevent_temp_off_fridge_frozen
                         0x800'29c5    0xc  Code  Lc  user_app_temperature.o [1]
fevent_temp_read_threshold
                         0x800'291f   0x32  Code  Lc  user_app_temperature.o [1]
fevent_temp_set_threshold
                         0x800'28d9   0x46  Code  Lc  user_app_temperature.o [1]
fevent_temp_time_get     0x800'29bd    0x8  Code  Lc  user_app_temperature.o [1]
fevent_vib_off_alarm     0x800'37a1   0x10  Code  Lc  user_app_vib_sensor.o [1]
fevent_vib_on_alarm      0x800'3781   0x20  Code  Lc  user_app_vib_sensor.o [1]
fevent_vib_sensor        0x800'371d   0x5a  Code  Lc  user_app_vib_sensor.o [1]
fevent_wdg_stm32f4       0x800'2b25   0x30  Code  Lc  user_app_pc_box.o [1]
hadc1                   0x2000'08fc   0x48  Data  Gb  adc.o [1]
hdma_adc1               0x2000'0844   0x60  Data  Gb  adc.o [1]
hspi2                   0x2000'08a4   0x58  Data  Gb  spi.o [1]
huart2                  0x2000'0988   0x44  Data  Gb  usart.o [1]
huart3                  0x2000'09cc   0x44  Data  Gb  usart.o [1]
huart4                  0x2000'0944   0x44  Data  Gb  usart.o [1]
huart6                  0x2000'0a10   0x44  Data  Gb  usart.o [1]
main                     0x800'1235   0x30  Code  Gb  main.o [1]
memset                   0x800'1315   0x14  Code  Gb  memset.o [4]
sBuffer_Ping            0x2000'0188    0x8  Data  Gb  user_app_pc_box.o [1]
sElectric               0x2000'0124    0x4  Data  Gb  user_app_electric.o [1]
sEventAppDoorSensor     0x2000'0094   0x40  Data  Gb  user_app_door_sensor.o [1]
sEventAppElectric       0x2000'00d4   0x50  Data  Gb  user_app_electric.o [1]
sEventAppMotor          0x2000'0010   0x40  Data  Gb  user_app_ctrl_motor.o [1]
sEventAppPcBox          0x2000'0128   0x60  Data  Gb  user_app_pc_box.o [1]
sEventAppRelay          0x2000'0190   0x80  Data  Gb  user_app_relay.o [1]
sEventAppTemperature    0x2000'023c   0x80  Data  Gb  user_app_temperature.o [1]
sEventAppVibSensor      0x2000'02e0   0x30  Data  Gb  user_app_vib_sensor.o [1]
sStatusDoor             0x2000'0abc    0x2  Data  Gb  user_app_door_sensor.o [1]
sStatusRelay            0x2000'0aac    0x8  Data  Gb  user_app_relay.o [1]
sStatusVib              0x2000'0aa0    0xc  Data  Gb  user_app_vib_sensor.o [1]
sTemp_Thresh_Recv       0x2000'02c0    0x4  Data  Gb  user_app_temperature.o [1]
sTemperature            0x2000'02bc    0x4  Data  Gb  user_app_temperature.o [1]
sUart485                0x2000'031c    0x8  Data  Gb  user_uart.o [1]
sUartDebug              0x2000'0314    0x8  Data  Gb  user_uart.o [1]
sUartPcBox              0x2000'0324    0x8  Data  Gb  user_uart.o [1]
uwTick                  0x2000'0004    0x4  Data  Gb  stm32f4xx_hal.o [1]
uwTickFreq              0x2000'0000    0x1  Data  Gb  stm32f4xx_hal.o [1]
uwTickPrio              0x2000'0008    0x4  Data  Gb  stm32f4xx_hal.o [1]


[1] = D:\Project_STM32\Saoviet_Maybanhang_Std\Saoviet_Maybanhang\EWARM\Saoviet_Maybanhang\Obj
[2] = dl7M_tlf.a
[3] = m7M_tls.a
[4] = rt7M_tl.a
[5] = shb_l.a

  16'490 bytes of readonly  code memory
     380 bytes of readonly  data memory
   3'784 bytes of readwrite data memory

Errors: none
Warnings: none
