###############################################################################
#
# IAR ELF Linker V8.40.2.214/W32 for ARM                  28/Aug/2023  15:31:16
# Copyright 2007-2019 IAR Systems AB.
#
#    Output file  =
#        D:\Saoviet_Git\Saoviet_Vending_Machine\Saoviet_Maybanhang\EWARM\Saoviet_Maybanhang\Exe\Saoviet_Maybanhang.out
#    Map file     =
#        D:\Saoviet_Git\Saoviet_Vending_Machine\Saoviet_Maybanhang\EWARM\Saoviet_Maybanhang\List\Saoviet_Maybanhang.map
#    Command line =
#        -f C:\Users\PC\AppData\Local\Temp\EWF6B4.tmp
#        (D:\Saoviet_Git\Saoviet_Vending_Machine\Saoviet_Maybanhang\EWARM\Saoviet_Maybanhang\Obj\adc.o
#        D:\Saoviet_Git\Saoviet_Vending_Machine\Saoviet_Maybanhang\EWARM\Saoviet_Maybanhang\Obj\dma.o
#        D:\Saoviet_Git\Saoviet_Vending_Machine\Saoviet_Maybanhang\EWARM\Saoviet_Maybanhang\Obj\event_driven.o
#        D:\Saoviet_Git\Saoviet_Vending_Machine\Saoviet_Maybanhang\EWARM\Saoviet_Maybanhang\Obj\gpio.o
#        D:\Saoviet_Git\Saoviet_Vending_Machine\Saoviet_Maybanhang\EWARM\Saoviet_Maybanhang\Obj\main.o
#        D:\Saoviet_Git\Saoviet_Vending_Machine\Saoviet_Maybanhang\EWARM\Saoviet_Maybanhang\Obj\onchipflash.o
#        D:\Saoviet_Git\Saoviet_Vending_Machine\Saoviet_Maybanhang\EWARM\Saoviet_Maybanhang\Obj\queue_p.o
#        D:\Saoviet_Git\Saoviet_Vending_Machine\Saoviet_Maybanhang\EWARM\Saoviet_Maybanhang\Obj\S25FL216K.o
#        D:\Saoviet_Git\Saoviet_Vending_Machine\Saoviet_Maybanhang\EWARM\Saoviet_Maybanhang\Obj\spi.o
#        D:\Saoviet_Git\Saoviet_Vending_Machine\Saoviet_Maybanhang\EWARM\Saoviet_Maybanhang\Obj\startup_stm32f405xx.o
#        D:\Saoviet_Git\Saoviet_Vending_Machine\Saoviet_Maybanhang\EWARM\Saoviet_Maybanhang\Obj\stm32f4xx_hal.o
#        D:\Saoviet_Git\Saoviet_Vending_Machine\Saoviet_Maybanhang\EWARM\Saoviet_Maybanhang\Obj\stm32f4xx_hal_adc.o
#        D:\Saoviet_Git\Saoviet_Vending_Machine\Saoviet_Maybanhang\EWARM\Saoviet_Maybanhang\Obj\stm32f4xx_hal_adc_ex.o
#        D:\Saoviet_Git\Saoviet_Vending_Machine\Saoviet_Maybanhang\EWARM\Saoviet_Maybanhang\Obj\stm32f4xx_hal_cortex.o
#        D:\Saoviet_Git\Saoviet_Vending_Machine\Saoviet_Maybanhang\EWARM\Saoviet_Maybanhang\Obj\stm32f4xx_hal_dma.o
#        D:\Saoviet_Git\Saoviet_Vending_Machine\Saoviet_Maybanhang\EWARM\Saoviet_Maybanhang\Obj\stm32f4xx_hal_dma_ex.o
#        D:\Saoviet_Git\Saoviet_Vending_Machine\Saoviet_Maybanhang\EWARM\Saoviet_Maybanhang\Obj\stm32f4xx_hal_exti.o
#        D:\Saoviet_Git\Saoviet_Vending_Machine\Saoviet_Maybanhang\EWARM\Saoviet_Maybanhang\Obj\stm32f4xx_hal_flash.o
#        D:\Saoviet_Git\Saoviet_Vending_Machine\Saoviet_Maybanhang\EWARM\Saoviet_Maybanhang\Obj\stm32f4xx_hal_flash_ex.o
#        D:\Saoviet_Git\Saoviet_Vending_Machine\Saoviet_Maybanhang\EWARM\Saoviet_Maybanhang\Obj\stm32f4xx_hal_flash_ramfunc.o
#        D:\Saoviet_Git\Saoviet_Vending_Machine\Saoviet_Maybanhang\EWARM\Saoviet_Maybanhang\Obj\stm32f4xx_hal_gpio.o
#        D:\Saoviet_Git\Saoviet_Vending_Machine\Saoviet_Maybanhang\EWARM\Saoviet_Maybanhang\Obj\stm32f4xx_hal_msp.o
#        D:\Saoviet_Git\Saoviet_Vending_Machine\Saoviet_Maybanhang\EWARM\Saoviet_Maybanhang\Obj\stm32f4xx_hal_pwr.o
#        D:\Saoviet_Git\Saoviet_Vending_Machine\Saoviet_Maybanhang\EWARM\Saoviet_Maybanhang\Obj\stm32f4xx_hal_pwr_ex.o
#        D:\Saoviet_Git\Saoviet_Vending_Machine\Saoviet_Maybanhang\EWARM\Saoviet_Maybanhang\Obj\stm32f4xx_hal_rcc.o
#        D:\Saoviet_Git\Saoviet_Vending_Machine\Saoviet_Maybanhang\EWARM\Saoviet_Maybanhang\Obj\stm32f4xx_hal_rcc_ex.o
#        D:\Saoviet_Git\Saoviet_Vending_Machine\Saoviet_Maybanhang\EWARM\Saoviet_Maybanhang\Obj\stm32f4xx_hal_spi.o
#        D:\Saoviet_Git\Saoviet_Vending_Machine\Saoviet_Maybanhang\EWARM\Saoviet_Maybanhang\Obj\stm32f4xx_hal_tim.o
#        D:\Saoviet_Git\Saoviet_Vending_Machine\Saoviet_Maybanhang\EWARM\Saoviet_Maybanhang\Obj\stm32f4xx_hal_tim_ex.o
#        D:\Saoviet_Git\Saoviet_Vending_Machine\Saoviet_Maybanhang\EWARM\Saoviet_Maybanhang\Obj\stm32f4xx_hal_uart.o
#        D:\Saoviet_Git\Saoviet_Vending_Machine\Saoviet_Maybanhang\EWARM\Saoviet_Maybanhang\Obj\stm32f4xx_it.o
#        D:\Saoviet_Git\Saoviet_Vending_Machine\Saoviet_Maybanhang\EWARM\Saoviet_Maybanhang\Obj\stm32f4xx_ll_adc.o
#        D:\Saoviet_Git\Saoviet_Vending_Machine\Saoviet_Maybanhang\EWARM\Saoviet_Maybanhang\Obj\system_stm32f4xx.o
#        D:\Saoviet_Git\Saoviet_Vending_Machine\Saoviet_Maybanhang\EWARM\Saoviet_Maybanhang\Obj\usart.o
#        D:\Saoviet_Git\Saoviet_Vending_Machine\Saoviet_Maybanhang\EWARM\Saoviet_Maybanhang\Obj\user_app_at_debug.o
#        D:\Saoviet_Git\Saoviet_Vending_Machine\Saoviet_Maybanhang\EWARM\Saoviet_Maybanhang\Obj\user_app_comm.o
#        D:\Saoviet_Git\Saoviet_Vending_Machine\Saoviet_Maybanhang\EWARM\Saoviet_Maybanhang\Obj\user_app_ctrl_motor.o
#        D:\Saoviet_Git\Saoviet_Vending_Machine\Saoviet_Maybanhang\EWARM\Saoviet_Maybanhang\Obj\user_app_door_sensor.o
#        D:\Saoviet_Git\Saoviet_Vending_Machine\Saoviet_Maybanhang\EWARM\Saoviet_Maybanhang\Obj\user_app_electric.o
#        D:\Saoviet_Git\Saoviet_Vending_Machine\Saoviet_Maybanhang\EWARM\Saoviet_Maybanhang\Obj\user_app_pc_box.o
#        D:\Saoviet_Git\Saoviet_Vending_Machine\Saoviet_Maybanhang\EWARM\Saoviet_Maybanhang\Obj\user_app_relay.o
#        D:\Saoviet_Git\Saoviet_Vending_Machine\Saoviet_Maybanhang\EWARM\Saoviet_Maybanhang\Obj\user_app_temperature.o
#        D:\Saoviet_Git\Saoviet_Vending_Machine\Saoviet_Maybanhang\EWARM\Saoviet_Maybanhang\Obj\user_app_vib_sensor.o
#        D:\Saoviet_Git\Saoviet_Vending_Machine\Saoviet_Maybanhang\EWARM\Saoviet_Maybanhang\Obj\user_at_serial.o
#        D:\Saoviet_Git\Saoviet_Vending_Machine\Saoviet_Maybanhang\EWARM\Saoviet_Maybanhang\Obj\user_comm_vending_machine.o
#        D:\Saoviet_Git\Saoviet_Vending_Machine\Saoviet_Maybanhang\EWARM\Saoviet_Maybanhang\Obj\user_external_flash.o
#        D:\Saoviet_Git\Saoviet_Vending_Machine\Saoviet_Maybanhang\EWARM\Saoviet_Maybanhang\Obj\user_internal_mem.o
#        D:\Saoviet_Git\Saoviet_Vending_Machine\Saoviet_Maybanhang\EWARM\Saoviet_Maybanhang\Obj\user_irq_input.o
#        D:\Saoviet_Git\Saoviet_Vending_Machine\Saoviet_Maybanhang\EWARM\Saoviet_Maybanhang\Obj\user_modbus_rtu.o
#        D:\Saoviet_Git\Saoviet_Vending_Machine\Saoviet_Maybanhang\EWARM\Saoviet_Maybanhang\Obj\user_string.o
#        D:\Saoviet_Git\Saoviet_Vending_Machine\Saoviet_Maybanhang\EWARM\Saoviet_Maybanhang\Obj\user_uart.o
#        D:\Saoviet_Git\Saoviet_Vending_Machine\Saoviet_Maybanhang\EWARM\Saoviet_Maybanhang\Obj\user_util.o
#        --no_out_extension -o
#        D:\Saoviet_Git\Saoviet_Vending_Machine\Saoviet_Maybanhang\EWARM\Saoviet_Maybanhang\Exe\Saoviet_Maybanhang.out
#        --redirect _Printf=_PrintfFullNoMb --redirect _Scanf=_ScanfFullNoMb
#        --map
#        D:\Saoviet_Git\Saoviet_Vending_Machine\Saoviet_Maybanhang\EWARM\Saoviet_Maybanhang\List\Saoviet_Maybanhang.map
#        --config
#        D:\Saoviet_Git\Saoviet_Vending_Machine\Saoviet_Maybanhang\EWARM/stm32f405xx_flash.icf
#        --semihosting --entry __iar_program_start --vfe --text_out locale)
#
###############################################################################

*******************************************************************************
*** RUNTIME MODEL ATTRIBUTES
***

CppFlavor       = *
__SystemLibrary = DLib
__dlib_version  = 6


*******************************************************************************
*** HEAP SELECTION
***

The basic heap was selected because no calls to memory allocation
functions were found in the application outside of system library
functions, and there are calls to deallocation functions in the
application.


*******************************************************************************
*** PLACEMENT SUMMARY
***

"A0":  place at address 0x800'0000 { ro section .intvec };
"P1":  place in [from 0x800'0000 to 0x80f'ffff] { ro };
define block CSTACK with size = 1K, alignment = 8 { };
define block HEAP with size = 512, alignment = 8 { };
"P2":  place in [from 0x2000'0000 to 0x2001'ffff] {
          rw, block CSTACK, block HEAP };
initialize by copy { rw };

  Section            Kind         Address    Size  Object
  -------            ----         -------    ----  ------
"A0":                                       0x188
  .intvec            ro code   0x800'0000   0x188  startup_stm32f405xx.o [1]
                             - 0x800'0188   0x188

"P1":                                      0x4ecf
  .text              ro code   0x800'0188   0x730  user_app_pc_box.o [1]
  .text              ro code   0x800'08b8    0x30  event_driven.o [1]
  .text              ro code   0x800'08e8   0x214  stm32f4xx_hal_gpio.o [1]
  .text              ro code   0x800'0afc    0x28  stm32f4xx_hal.o [1]
  .text              ro code   0x800'0b24   0x178  user_comm_vending_machine.o [1]
  .text              ro code   0x800'0c9c    0xc0  user_uart.o [1]
  .text              ro code   0x800'0d5c    0xe8  user_util.o [1]
  .text              ro code   0x800'0e44     0x6  ABImemclr4.o [4]
  .text              ro code   0x800'0e4a    0x3a  zero_init3.o [4]
  .text              ro code   0x800'0e84   0x228  user_external_flash.o [1]
  .text              ro code   0x800'10ac    0xc6  queue_p.o [1]
  .text              ro code   0x800'1174   0x4f8  user_app_relay.o [1]
  .text              ro code   0x800'166c     0xc  stm32f4xx_hal.o [1]
  .text              ro code   0x800'1678    0x50  user_irq_input.o [1]
  .text              ro code   0x800'16c8   0x6dc  stm32f4xx_hal_uart.o [1]
  .text              ro code   0x800'1da4    0x12  ABImemset_small.o [4]
  .text              ro code   0x800'1db8    0x14  strlen_small.o [4]
  .text              ro code   0x800'1dcc    0x32  ABImemset48.o [4]
  .text              ro code   0x800'1e00    0x40  S25FL216K.o [1]
  .text              ro code   0x800'1e40   0x3f0  stm32f4xx_hal_spi.o [1]
  .text              ro code   0x800'2230    0x18  ABImemcpy_small.o [4]
  .text              ro code   0x800'2248    0x14  memset.o [4]
  .text              ro code   0x800'225c   0x204  usart.o [1]
  .text              ro code   0x800'2460   0x3fc  stm32f4xx_hal_dma.o [1]
  .text              ro code   0x800'285c     0x2  stm32f4xx_hal_uart.o [1]
  .text              ro code   0x800'285e     0x2  stm32f4xx_hal_uart.o [1]
  .text              ro code   0x800'2860     0x2  stm32f4xx_hal_uart.o [1]
  .text              ro code   0x800'2864   0x1ac  stm32f4xx_hal_rcc.o [1]
  .text              ro code   0x800'2a10   0x106  I64DivMod_small.o [4]
  .text              ro code   0x800'2b18    0xb4  spi.o [1]
  .text              ro code   0x800'2bcc    0xe0  main.o [1]
  .text              ro code   0x800'2cac    0xc4  stm32f4xx_hal_cortex.o [1]
  .text              ro code   0x800'2d70    0x40  stm32f4xx_hal.o [1]
  .text              ro code   0x800'2db0     0x2  I64DivZer.o [4]
  .text              ro code   0x800'2db4    0x34  stm32f4xx_hal.o [1]
  .text              ro code   0x800'2de8   0x21c  gpio.o [1]
  .text              ro code   0x800'3004    0x34  dma.o [1]
  .text              ro code   0x800'3038   0x138  adc.o [1]
  .text              ro code   0x800'3170    0x7c  user_app_comm.o [1]
  .text              ro code   0x800'31ec   0x31c  stm32f4xx_hal_rcc.o [1]
  .text              ro code   0x800'3508    0x38  stm32f4xx_hal_msp.o [1]
  .text              ro code   0x800'3540   0x492  stm32f4xx_hal_adc.o [1]
  .text              ro code   0x800'39d4   0x1dc  user_app_electric.o [1]
  .text              ro code   0x800'3bb0   0x404  user_app_temperature.o [1]
  .text              ro code   0x800'3fb4    0x9c  user_app_at_debug.o [1]
  .text              ro code   0x800'4050   0x304  user_app_ctrl_motor.o [1]
  .text              ro code   0x800'4354   0x1f0  user_app_door_sensor.o [1]
  .text              ro code   0x800'4544   0x164  user_app_vib_sensor.o [1]
  .text              ro code   0x800'46a8     0x2  stm32f4xx_hal_adc.o [1]
  .text              ro code   0x800'46aa     0x2  stm32f4xx_hal_adc.o [1]
  .text              ro code   0x800'46ac     0x2  stm32f4xx_hal_adc.o [1]
  .text              ro code   0x800'46b0   0x2a8  user_at_serial.o [1]
  .text              ro code   0x800'4958   0x136  user_string.o [1]
  .rodata            const     0x800'4a90    0x80  user_at_serial.o [1]
  .text              ro code   0x800'4b10    0x7c  stm32f4xx_it.o [1]
  .text              ro code   0x800'4b8c    0x10  stm32f4xx_hal.o [1]
  .text              ro code   0x800'4b9c    0x78  lz77_init_single.o [4]
  .text              ro code   0x800'4c14    0x28  data_init.o [4]
  .text              ro code   0x800'4c3c    0x22  fpinit_M.o [3]
  .iar.init_table    const     0x800'4c60    0x20  - Linker created -
  .text              ro code   0x800'4c80    0x20  system_stm32f4xx.o [1]
  .text              ro code   0x800'4ca0    0x1e  cmain.o [4]
  .text              ro code   0x800'4cbe     0x4  low_level_init.o [2]
  .text              ro code   0x800'4cc2     0x4  exit.o [2]
  .text              ro code   0x800'4cc8     0xa  cexit.o [4]
  .text              ro code   0x800'4cd4    0x14  exit.o [5]
  .rodata            const     0x800'4ce8    0x10  user_at_serial.o [1]
  .rodata            const     0x800'4cf8    0x10  user_at_serial.o [1]
  .rodata            const     0x800'4d08    0x10  user_at_serial.o [1]
  .rodata            const     0x800'4d18    0x10  user_at_serial.o [1]
  .text              ro code   0x800'4d28    0x10  startup_stm32f405xx.o [1]
  .rodata            const     0x800'4d38     0xc  user_at_serial.o [1]
  .rodata            const     0x800'4d44     0xc  user_at_serial.o [1]
  .rodata            const     0x800'4d50     0xc  user_at_serial.o [1]
  .text              ro code   0x800'4d5c     0xc  cstartup_M.o [4]
  .rodata            const     0x800'4d68     0x8  system_stm32f4xx.o [1]
  .rodata            const     0x800'4d70     0x8  user_at_serial.o [1]
  .text              ro code   0x800'4d78     0x4  startup_stm32f405xx.o [1]
  .text              ro code   0x800'4d7c     0x4  startup_stm32f405xx.o [1]
  .text              ro code   0x800'4d80     0x4  startup_stm32f405xx.o [1]
  .text              ro code   0x800'4d84     0x4  startup_stm32f405xx.o [1]
  .text              ro code   0x800'4d88     0x4  startup_stm32f405xx.o [1]
  .text              ro code   0x800'4d8c     0x4  startup_stm32f405xx.o [1]
  .text              ro code   0x800'4d90     0x4  startup_stm32f405xx.o [1]
  .text              ro code   0x800'4d94     0x4  startup_stm32f405xx.o [1]
  .text              ro code   0x800'4d98     0x4  startup_stm32f405xx.o [1]
  .text              ro code   0x800'4d9c     0x4  startup_stm32f405xx.o [1]
  .text              ro code   0x800'4da0     0x4  startup_stm32f405xx.o [1]
  .text              ro code   0x800'4da4     0x4  startup_stm32f405xx.o [1]
  .text              ro code   0x800'4da8     0x4  startup_stm32f405xx.o [1]
  .text              ro code   0x800'4dac     0x4  startup_stm32f405xx.o [1]
  .text              ro code   0x800'4db0     0x4  startup_stm32f405xx.o [1]
  .text              ro code   0x800'4db4     0x4  startup_stm32f405xx.o [1]
  .text              ro code   0x800'4db8     0x4  startup_stm32f405xx.o [1]
  .text              ro code   0x800'4dbc     0x4  startup_stm32f405xx.o [1]
  .text              ro code   0x800'4dc0     0x4  startup_stm32f405xx.o [1]
  .text              ro code   0x800'4dc4     0x4  startup_stm32f405xx.o [1]
  .text              ro code   0x800'4dc8     0x4  startup_stm32f405xx.o [1]
  .text              ro code   0x800'4dcc     0x4  startup_stm32f405xx.o [1]
  .text              ro code   0x800'4dd0     0x4  startup_stm32f405xx.o [1]
  .text              ro code   0x800'4dd4     0x4  startup_stm32f405xx.o [1]
  .text              ro code   0x800'4dd8     0x4  startup_stm32f405xx.o [1]
  .text              ro code   0x800'4ddc     0x4  startup_stm32f405xx.o [1]
  .text              ro code   0x800'4de0     0x4  startup_stm32f405xx.o [1]
  .text              ro code   0x800'4de4     0x4  startup_stm32f405xx.o [1]
  .text              ro code   0x800'4de8     0x4  startup_stm32f405xx.o [1]
  .text              ro code   0x800'4dec     0x4  startup_stm32f405xx.o [1]
  .text              ro code   0x800'4df0     0x4  startup_stm32f405xx.o [1]
  .text              ro code   0x800'4df4     0x4  startup_stm32f405xx.o [1]
  .text              ro code   0x800'4df8     0x4  startup_stm32f405xx.o [1]
  .text              ro code   0x800'4dfc     0x4  startup_stm32f405xx.o [1]
  .text              ro code   0x800'4e00     0x4  startup_stm32f405xx.o [1]
  .text              ro code   0x800'4e04     0x4  startup_stm32f405xx.o [1]
  .text              ro code   0x800'4e08     0x4  startup_stm32f405xx.o [1]
  .text              ro code   0x800'4e0c     0x4  startup_stm32f405xx.o [1]
  .text              ro code   0x800'4e10     0x4  startup_stm32f405xx.o [1]
  .text              ro code   0x800'4e14     0x4  startup_stm32f405xx.o [1]
  .text              ro code   0x800'4e18     0x4  startup_stm32f405xx.o [1]
  .text              ro code   0x800'4e1c     0x4  startup_stm32f405xx.o [1]
  .text              ro code   0x800'4e20     0x4  startup_stm32f405xx.o [1]
  .text              ro code   0x800'4e24     0x4  startup_stm32f405xx.o [1]
  .text              ro code   0x800'4e28     0x4  startup_stm32f405xx.o [1]
  .text              ro code   0x800'4e2c     0x4  startup_stm32f405xx.o [1]
  .text              ro code   0x800'4e30     0x4  startup_stm32f405xx.o [1]
  .text              ro code   0x800'4e34     0x4  startup_stm32f405xx.o [1]
  .text              ro code   0x800'4e38     0x4  startup_stm32f405xx.o [1]
  .text              ro code   0x800'4e3c     0x4  startup_stm32f405xx.o [1]
  .text              ro code   0x800'4e40     0x4  startup_stm32f405xx.o [1]
  .text              ro code   0x800'4e44     0x4  startup_stm32f405xx.o [1]
  .text              ro code   0x800'4e48     0x4  startup_stm32f405xx.o [1]
  .text              ro code   0x800'4e4c     0x4  startup_stm32f405xx.o [1]
  .text              ro code   0x800'4e50     0x4  startup_stm32f405xx.o [1]
  .text              ro code   0x800'4e54     0x4  startup_stm32f405xx.o [1]
  .text              ro code   0x800'4e58     0x4  startup_stm32f405xx.o [1]
  .text              ro code   0x800'4e5c     0x4  startup_stm32f405xx.o [1]
  .text              ro code   0x800'4e60     0x4  startup_stm32f405xx.o [1]
  .text              ro code   0x800'4e64     0x4  startup_stm32f405xx.o [1]
  .text              ro code   0x800'4e68     0x4  startup_stm32f405xx.o [1]
  .text              ro code   0x800'4e6c     0x4  startup_stm32f405xx.o [1]
  .text              ro code   0x800'4e70     0x4  startup_stm32f405xx.o [1]
  .text              ro code   0x800'4e74     0x4  startup_stm32f405xx.o [1]
  .text              ro code   0x800'4e78     0x4  startup_stm32f405xx.o [1]
  .text              ro code   0x800'4e7c     0x4  startup_stm32f405xx.o [1]
  .text              ro code   0x800'4e80     0x4  startup_stm32f405xx.o [1]
  .text              ro code   0x800'4e84     0x4  startup_stm32f405xx.o [1]
  .text              ro code   0x800'4e88     0x4  startup_stm32f405xx.o [1]
  .rodata            const     0x800'4e8c     0x0  zero_init3.o [4]
  .rodata            const     0x800'4e8c     0x0  lz77_init_single.o [4]
  Initializer bytes  const     0x800'4e8c   0x1cb  <for P2-1>
                             - 0x800'5057  0x4ecf

"P2", part 1 of 3:                          0x5f9
  P2-1                        0x2000'0000   0x5f9  <Init block>
    .data            inited   0x2000'0000     0xc  stm32f4xx_hal.o [1]
    .data            inited   0x2000'000c     0x4  system_stm32f4xx.o [1]
    .data            inited   0x2000'0010    0x32  user_app_at_debug.o [1]
    .data            inited   0x2000'0044    0x50  user_app_ctrl_motor.o [1]
    .data            inited   0x2000'0094    0x44  user_app_ctrl_motor.o [1]
    .data            inited   0x2000'00d8    0x40  user_app_door_sensor.o [1]
    .data            inited   0x2000'0118    0x60  user_app_electric.o [1]
    .data            inited   0x2000'0178     0xa  user_app_electric.o [1]
    .data            inited   0x2000'0184   0x298  user_app_pc_box.o [1]
    .data            inited   0x2000'041c    0x10  user_app_pc_box.o [1]
    .data            inited   0x2000'042c    0x14  user_app_pc_box.o [1]
    .data            inited   0x2000'0440    0x90  user_app_relay.o [1]
    .data            inited   0x2000'04d0    0x2c  user_app_relay.o [1]
    .data            inited   0x2000'04fc     0xc  user_app_relay.o [1]
    .data            inited   0x2000'0508    0x80  user_app_temperature.o [1]
    .data            inited   0x2000'0588    0x24  user_app_temperature.o [1]
    .data            inited   0x2000'05ac    0x30  user_app_vib_sensor.o [1]
    .data            inited   0x2000'05dc    0x1d  user_uart.o [1]
                            - 0x2000'05f9   0x5f9

"P2", part 2 of 3:                          0x3d8
  .bss               zero     0x2000'05fc    0x80  user_at_serial.o [1]
  .bss               zero     0x2000'067c    0x64  user_uart.o [1]
  .bss               zero     0x2000'06e0    0x64  user_uart.o [1]
  .bss               zero     0x2000'0744    0x60  adc.o [1]
  .bss               zero     0x2000'07a4    0x58  spi.o [1]
  .bss               zero     0x2000'07fc    0x48  adc.o [1]
  .bss               zero     0x2000'0844    0x44  usart.o [1]
  .bss               zero     0x2000'0888    0x44  usart.o [1]
  .bss               zero     0x2000'08cc    0x44  usart.o [1]
  .bss               zero     0x2000'0910    0x44  usart.o [1]
  .bss               zero     0x2000'0954    0x34  user_uart.o [1]
  .bss               zero     0x2000'0988    0x14  user_app_pc_box.o [1]
  .bss               zero     0x2000'099c    0x10  user_app_vib_sensor.o [1]
  .bss               zero     0x2000'09ac     0xc  user_app_ctrl_motor.o [1]
  .bss               zero     0x2000'09b8     0x8  user_app_relay.o [1]
  .bss               zero     0x2000'09c0     0x6  user_app_door_sensor.o [1]
  .bss               zero     0x2000'09c6     0x2  user_app_electric.o [1]
  .bss               zero     0x2000'09c8     0x4  user_app_temperature.o [1]
  .bss               zero     0x2000'09cc     0x4  user_util.o [1]
  .bss               zero     0x2000'09d0     0x2  user_app_pc_box.o [1]
  .bss               zero     0x2000'09d2     0x1  user_app_comm.o [1]
                            - 0x2000'09d3   0x3d7

"P2", part 3 of 3:                          0x400
  CSTACK                      0x2000'09d8   0x400  <Block>
    CSTACK           uninit   0x2000'09d8   0x400  <Block tail>
                            - 0x2000'0dd8   0x400

Unused ranges:

         From           To      Size
         ----           --      ----
   0x800'5057   0x80f'ffff  0xf'afa9
  0x2000'05f9  0x2000'05fb       0x3
  0x2000'09d4  0x2000'09d7       0x4
  0x2000'0dd8  0x2001'ffff  0x1'f228


*******************************************************************************
*** INIT TABLE
***

          Address      Size
          -------      ----
Zero (__iar_zero_init3)
    1 destination range, total size 0x3d7:
          0x2000'05fc  0x3d7

Copy/lz77 (__iar_lz77_init_single3)
    1 source range, total size 0x1cb (30% of destination):
           0x800'4e8c  0x1cb
    1 destination range, total size 0x5f9:
          0x2000'0000  0x5f9



*******************************************************************************
*** MODULE SUMMARY
***

    Module                       ro code  ro data  rw data
    ------                       -------  -------  -------
command line/config:
    ------------------------------------------------------
    Total:

D:\Saoviet_Git\Saoviet_Vending_Machine\Saoviet_Maybanhang\EWARM\Saoviet_Maybanhang\Obj: [1]
    S25FL216K.o                       64
    adc.o                            312               168
    dma.o                             52
    event_driven.o                    48
    gpio.o                           540
    main.o                           224
    queue_p.o                        198
    spi.o                            180                88
    startup_stm32f405xx.o            684
    stm32f4xx_hal.o                  184        3       12
    stm32f4xx_hal_adc.o            1'176
    stm32f4xx_hal_cortex.o           196
    stm32f4xx_hal_dma.o            1'020
    stm32f4xx_hal_gpio.o             532
    stm32f4xx_hal_msp.o               56
    stm32f4xx_hal_rcc.o            1'224
    stm32f4xx_hal_spi.o            1'008
    stm32f4xx_hal_uart.o           1'762
    stm32f4xx_it.o                   124
    system_stm32f4xx.o                32        9        4
    usart.o                          516               272
    user_app_at_debug.o              156       15       50
    user_app_comm.o                  124                 1
    user_app_ctrl_motor.o            772       45      160
    user_app_door_sensor.o           496       20       70
    user_app_electric.o              476       31      108
    user_app_pc_box.o              1'840      211      722
    user_app_relay.o               1'272       60      208
    user_app_temperature.o         1'028       49      168
    user_app_vib_sensor.o            356       15       64
    user_at_serial.o                 680      236      128
    user_comm_vending_machine.o      376
    user_external_flash.o            552
    user_irq_input.o                  80
    user_string.o                    310
    user_uart.o                      192        9      281
    user_util.o                      232                 4
    ------------------------------------------------------
    Total:                        19'074      703    2'508

dl7M_tlf.a: [2]
    exit.o                             4
    low_level_init.o                   4
    ------------------------------------------------------
    Total:                             8

m7M_tls.a: [3]
    fpinit_M.o                        34
    ------------------------------------------------------
    Total:                            34

rt7M_tl.a: [4]
    ABImemclr4.o                       6
    ABImemcpy_small.o                 24
    ABImemset48.o                     50
    ABImemset_small.o                 18
    I64DivMod_small.o                262
    I64DivZer.o                        2
    cexit.o                           10
    cmain.o                           30
    cstartup_M.o                      12
    data_init.o                       40
    lz77_init_single.o               120
    memset.o                          20
    strlen_small.o                    20
    zero_init3.o                      58
    ------------------------------------------------------
    Total:                           672

shb_l.a: [5]
    exit.o                            20
    ------------------------------------------------------
    Total:                            20

    Gaps                              20        4        4
    Linker created                             32    1'024
----------------------------------------------------------
    Grand Total:                  19'828      739    3'536


*******************************************************************************
*** ENTRY LIST
***

Entry                       Address   Size  Type      Object
-----                       -------   ----  ----      ------
.iar.init_table$$Base    0x800'4c60          --   Gb  - Linker created -
.iar.init_table$$Limit   0x800'4c80          --   Gb  - Linker created -
?main                    0x800'4ca1         Code  Gb  cmain.o [4]
ADC_Avg                 0x2000'05a0    0xc  Data  Gb  user_app_temperature.o [1]
ADC_DMAConvCplt          0x800'3951   0x66  Code  Lc  stm32f4xx_hal_adc.o [1]
ADC_DMAError             0x800'39c1   0x12  Code  Lc  stm32f4xx_hal_adc.o [1]
ADC_DMAHalfConvCplt      0x800'39b9    0x6  Code  Lc  stm32f4xx_hal_adc.o [1]
ADC_Init                 0x800'3f39    0xa  Code  Gb  user_app_temperature.o [1]
ADC_Temp                0x2000'0594    0xc  Data  Gb  user_app_temperature.o [1]
AHBPrescTable            0x800'4c90   0x10  Data  Gb  system_stm32f4xx.o [1]
APBPrescTable            0x800'4d68    0x8  Data  Gb  system_stm32f4xx.o [1]
AppAtDebug_Task          0x800'4007   0x40  Code  Gb  user_app_at_debug.o [1]
AppDoorSensor_Debug      0x800'4465   0x4e  Code  Gb  user_app_door_sensor.o [1]
AppDoorSensor_Task       0x800'44b9   0x40  Code  Gb  user_app_door_sensor.o [1]
AppElectric_Task         0x800'3b59   0x40  Code  Gb  user_app_electric.o [1]
AppMotor_Debug           0x800'422d   0x6a  Code  Gb  user_app_ctrl_motor.o [1]
AppMotor_Task            0x800'42ad   0x40  Code  Gb  user_app_ctrl_motor.o [1]
AppPcBox_Debug           0x800'07a9   0x5c  Code  Gb  user_app_pc_box.o [1]
AppPcBox_Task            0x800'0805   0x40  Code  Gb  user_app_pc_box.o [1]
AppRelay_Debug           0x800'14e1   0x72  Code  Gb  user_app_relay.o [1]
AppRelay_Task            0x800'1573   0x40  Code  Gb  user_app_relay.o [1]
AppTemperature_Debug     0x800'3e95   0x5a  Code  Gb  user_app_temperature.o [1]
AppTemperature_Task      0x800'3ef5   0x40  Code  Gb  user_app_temperature.o [1]
AppVibSensor_Debug       0x800'460d   0x2e  Code  Gb  user_app_vib_sensor.o [1]
AppVibSensor_Task        0x800'463b   0x40  Code  Gb  user_app_vib_sensor.o [1]
BusFault_Handler         0x800'4b17    0x2  Code  Gb  stm32f4xx_it.o [1]
CSTACK$$Base            0x2000'09d8          --   Gb  - Linker created -
CSTACK$$Limit           0x2000'0dd8          --   Gb  - Linker created -
Cal_Time                 0x800'0d75   0x12  Code  Gb  user_util.o [1]
Calculator_Crc_U16       0x800'0b25   0x32  Code  Gb  user_comm_vending_machine.o [1]
Calculator_Scale         0x800'0b99   0x18  Code  Gb  user_comm_vending_machine.o [1]
CheckList_AT_CONFIG      0x800'4a90   0x80  Data  Gb  user_at_serial.o [1]
Check_AT_User            0x800'4871   0xa8  Code  Gb  user_at_serial.o [1]
Check_Time_Out           0x800'0d5d   0x18  Code  Gb  user_util.o [1]
Convert_Hex_To_String_Hex
                         0x800'0dbb   0x44  Code  Gb  user_util.o [1]
Convert_Int_To_String    0x800'0bb1   0x4a  Code  Gb  user_comm_vending_machine.o [1]
Convert_Int_To_String_Scale
                         0x800'0bfb   0x76  Code  Gb  user_comm_vending_machine.o [1]
Convert_String_To_Dec    0x800'0d87   0x34  Code  Gb  user_util.o [1]
DMA2_Stream0_IRQHandler
                         0x800'4b69    0x6  Code  Gb  stm32f4xx_it.o [1]
DMA_CalcBaseAndBitshift
                         0x800'282d   0x26  Code  Lc  stm32f4xx_hal_dma.o [1]
DMA_CalcBaseAndBitshift::flagBitshiftOffset
                         0x800'2854    0x8  Data  Lc  stm32f4xx_hal_dma.o [1]
DMA_SetConfig            0x800'280d   0x20  Code  Lc  stm32f4xx_hal_dma.o [1]
DebugMon_Handler         0x800'4b1d    0x2  Code  Gb  stm32f4xx_it.o [1]
EXTI15_10_IRQHandler     0x800'4b4d   0x16  Code  Gb  stm32f4xx_it.o [1]
EXTI1_IRQHandler         0x800'4b2d    0x6  Code  Gb  stm32f4xx_it.o [1]
EXTI4_IRQHandler         0x800'4b33    0x6  Code  Gb  stm32f4xx_it.o [1]
EXTI9_5_IRQHandler       0x800'4b39    0x8  Code  Gb  stm32f4xx_it.o [1]
Error_Handler            0x800'2ca9    0x4  Code  Gb  main.o [1]
Find_String_V2           0x800'4959   0xc6  Code  Gb  user_string.o [1]
Find_str_fix             0x800'4a2f   0x60  Code  Gb  user_string.o [1]
HAL_ADC_ConfigChannel    0x800'37f7  0x10e  Code  Gb  stm32f4xx_hal_adc.o [1]
HAL_ADC_Init             0x800'3541  0x154  Code  Gb  stm32f4xx_hal_adc.o [1]
HAL_ADC_MspInit          0x800'30c1   0x92  Code  Gb  adc.o [1]
HAL_ADC_Start_DMA        0x800'36c7  0x130  Code  Gb  stm32f4xx_hal_adc.o [1]
HAL_DMA_Abort            0x800'25b1   0x78  Code  Gb  stm32f4xx_hal_dma.o [1]
HAL_DMA_Abort_IT         0x800'2629   0x24  Code  Gb  stm32f4xx_hal_dma.o [1]
HAL_DMA_IRQHandler       0x800'264d  0x188  Code  Gb  stm32f4xx_hal_dma.o [1]
HAL_DMA_Init             0x800'2461   0xee  Code  Gb  stm32f4xx_hal_dma.o [1]
HAL_DMA_Start_IT         0x800'254f   0x62  Code  Gb  stm32f4xx_hal_dma.o [1]
HAL_Delay                0x800'0afd   0x28  Code  Wk  stm32f4xx_hal.o [1]
HAL_GPIO_EXTI_Callback   0x800'1679   0x50  Code  Gb  user_irq_input.o [1]
HAL_GPIO_EXTI_IRQHandler
                         0x800'0abd   0x10  Code  Gb  stm32f4xx_hal_gpio.o [1]
HAL_GPIO_Init            0x800'08e9  0x1c0  Code  Gb  stm32f4xx_hal_gpio.o [1]
HAL_GPIO_ReadPin         0x800'0aa9    0xc  Code  Gb  stm32f4xx_hal_gpio.o [1]
HAL_GPIO_WritePin        0x800'0ab5    0x8  Code  Gb  stm32f4xx_hal_gpio.o [1]
HAL_GetTick              0x800'166d    0xc  Code  Wk  stm32f4xx_hal.o [1]
HAL_IncTick              0x800'4b8d   0x10  Code  Wk  stm32f4xx_hal.o [1]
HAL_Init                 0x800'2db5   0x30  Code  Gb  stm32f4xx_hal.o [1]
HAL_InitTick             0x800'2d71   0x40  Code  Wk  stm32f4xx_hal.o [1]
HAL_MspInit              0x800'3509   0x38  Code  Gb  stm32f4xx_hal_msp.o [1]
HAL_NVIC_EnableIRQ       0x800'2d1b   0x16  Code  Gb  stm32f4xx_hal_cortex.o [1]
HAL_NVIC_SetPriority     0x800'2ce1   0x3a  Code  Gb  stm32f4xx_hal_cortex.o [1]
HAL_NVIC_SetPriorityGrouping
                         0x800'2cc7   0x1a  Code  Gb  stm32f4xx_hal_cortex.o [1]
HAL_RCC_ClockConfig      0x800'2865  0x100  Code  Gb  stm32f4xx_hal_rcc.o [1]
HAL_RCC_GetPCLK1Freq     0x800'2971   0x10  Code  Gb  stm32f4xx_hal_rcc.o [1]
HAL_RCC_GetPCLK2Freq     0x800'2981    0xe  Code  Gb  stm32f4xx_hal_rcc.o [1]
HAL_RCC_OscConfig        0x800'31ed  0x31c  Code  Wk  stm32f4xx_hal_rcc.o [1]
HAL_SPI_Init             0x800'1e41   0xb4  Code  Gb  stm32f4xx_hal_spi.o [1]
HAL_SPI_MspInit          0x800'2b55   0x66  Code  Gb  spi.o [1]
HAL_SPI_TransmitReceive
                         0x800'1efd  0x1a4  Code  Gb  stm32f4xx_hal_spi.o [1]
HAL_SYSTICK_Config       0x800'2d31   0x28  Code  Gb  stm32f4xx_hal_cortex.o [1]
HAL_UART_IRQHandler      0x800'183b  0x26a  Code  Gb  stm32f4xx_hal_uart.o [1]
HAL_UART_Init            0x800'16c9   0x1e  Code  Gb  stm32f4xx_hal_uart.o [1]
HAL_UART_MspInit         0x800'22c1  0x122  Code  Gb  usart.o [1]
HAL_UART_Receive_IT      0x800'17ef   0x30  Code  Gb  stm32f4xx_hal_uart.o [1]
HAL_UART_RxCpltCallback
                         0x800'0ccf   0x78  Code  Gb  user_uart.o [1]
HAL_UART_Transmit        0x800'173f   0xb0  Code  Gb  stm32f4xx_hal_uart.o [1]
HardFault_Handler        0x800'4b13    0x2  Code  Gb  stm32f4xx_it.o [1]
Init_AppElectric         0x800'3b57    0x2  Code  Gb  user_app_electric.o [1]
Init_AppRelay            0x800'130b    0xc  Code  Gb  user_app_relay.o [1]
Init_DCU_ID              0x800'0725   0x6e  Code  Gb  user_app_pc_box.o [1]
Init_StatusRelay         0x800'13e7   0x8a  Code  Gb  user_app_relay.o [1]
Init_Uart_Module         0x800'0c9d   0x2c  Code  Gb  user_uart.o [1]
LAYER_PIN                0x800'4330   0x10  Data  Lc  user_app_ctrl_motor.o [1]
LAYER_PORT              0x2000'0094   0x1c  Data  Lc  user_app_ctrl_motor.o [1]
LED_Off                  0x800'14c1   0x10  Code  Gb  user_app_relay.o [1]
LED_On                   0x800'14b1   0x10  Code  Gb  user_app_relay.o [1]
LED_PIN                  0x800'1664    0x8  Data  Lc  user_app_relay.o [1]
LED_PORT                0x2000'04fc    0xc  Data  Lc  user_app_relay.o [1]
Log_Data_Door            0x800'442d   0x38  Code  Gb  user_app_door_sensor.o [1]
Log_Data_Vib             0x800'45d7   0x34  Code  Gb  user_app_vib_sensor.o [1]
Log_TSVH                 0x800'068f   0x84  Code  Gb  user_app_pc_box.o [1]
MX_ADC1_Init             0x800'3039   0x7e  Code  Gb  adc.o [1]
MX_DMA_Init              0x800'3005   0x34  Code  Gb  dma.o [1]
MX_GPIO_Init             0x800'2de9  0x1e2  Code  Gb  gpio.o [1]
MX_SPI2_Init             0x800'2b19   0x3c  Code  Gb  spi.o [1]
MX_UART4_Init            0x800'225d   0x10  Code  Gb  usart.o [1]
MX_USART2_UART_Init      0x800'226d   0x10  Code  Gb  usart.o [1]
MX_USART3_UART_Init      0x800'2285   0x10  Code  Gb  usart.o [1]
MX_USART6_UART_Init      0x800'22b1   0x10  Code  Gb  usart.o [1]
Main_Task                0x800'3171   0x64  Code  Gb  user_app_comm.o [1]
MemManage_Handler        0x800'4b15    0x2  Code  Gb  stm32f4xx_it.o [1]
NMI_Handler              0x800'4b11    0x2  Code  Gb  stm32f4xx_it.o [1]
Off_Motor_Push           0x800'41f1   0x3c  Code  Gb  user_app_ctrl_motor.o [1]
Off_Relay                0x800'1561    0xc  Code  Gb  user_app_relay.o [1]
On_Motor_Push            0x800'41ad   0x42  Code  Gb  user_app_ctrl_motor.o [1]
On_Relay                 0x800'1553    0xe  Code  Gb  user_app_relay.o [1]
Pc_Box_Init              0x800'0713   0x12  Code  Gb  user_app_pc_box.o [1]
PendSV_Handler           0x800'4b1f    0x2  Code  Gb  stm32f4xx_it.o [1]
RC                       0x800'4a1f   0x10  Code  Gb  user_string.o [1]
RELAY_PIN               0x2000'04d0   0x10  Data  Lc  user_app_relay.o [1]
RELAY_PORT              0x2000'04e0   0x1c  Data  Lc  user_app_relay.o [1]
Read_Status_Electric_ExFlash
                         0x800'3b25   0x32  Code  Gb  user_app_electric.o [1]
Read_Status_Relay_ExFlash
                         0x800'1371   0x6c  Code  Gb  user_app_relay.o [1]
Region$$Table$$Base      0x800'4c60          --   Gb  - Linker created -
Region$$Table$$Limit     0x800'4c80          --   Gb  - Linker created -
Relay_Respond_Pc_Box_Control
                         0x800'147b   0x36  Code  Gb  user_app_relay.o [1]
Reset_Chip               0x800'0c71   0x1c  Code  Gb  user_comm_vending_machine.o [1]
Respond_PcBox            0x800'0b57    0xe  Code  Gb  user_comm_vending_machine.o [1]
RtCountSystick_u32      0x2000'09cc    0x4  Data  Gb  user_util.o [1]
S25FL_ChipSelect         0x800'1e01   0x14  Code  Gb  S25FL216K.o [1]
S25FL_Send_Byte          0x800'1e15   0x22  Code  Gb  S25FL216K.o [1]
SLOT_PIN                 0x800'4340   0x14  Data  Lc  user_app_ctrl_motor.o [1]
SLOT_PORT               0x2000'00b0   0x28  Data  Lc  user_app_ctrl_motor.o [1]
SPI_EndRxTxTransaction   0x800'21cb   0x50  Code  Lc  stm32f4xx_hal_spi.o [1]
SPI_WaitFlagStateUntilTimeout
                         0x800'210b   0xb4  Code  Lc  stm32f4xx_hal_spi.o [1]
SVC_Handler              0x800'4b1b    0x2  Code  Gb  stm32f4xx_it.o [1]
Scale_To_Int             0x800'0b65   0x34  Code  Gb  user_comm_vending_machine.o [1]
Set_Threshold_Temperature
                         0x800'3e11   0x3a  Code  Gb  user_app_temperature.o [1]
Status_Power_Respond_PcBox
                         0x800'3aaf   0x34  Code  Gb  user_app_electric.o [1]
SysTick_Handler          0x800'4b21    0xc  Code  Gb  stm32f4xx_it.o [1]
SystemClock_Config       0x800'2bfd   0xa4  Code  Gb  main.o [1]
SystemCoreClock         0x2000'000c    0x4  Data  Gb  system_stm32f4xx.o [1]
SystemInit               0x800'4c81    0xc  Code  Gb  system_stm32f4xx.o [1]
TaskStatus_u8           0x2000'09d2    0x1  Data  Gb  user_app_comm.o [1]
Threshold_Respond_Pc_Box_Setup
                         0x800'3e4b   0x4a  Code  Gb  user_app_temperature.o [1]
UART4_IRQHandler         0x800'4b63    0x6  Code  Gb  stm32f4xx_it.o [1]
UART_DMAAbortOnError     0x800'1bfd    0xc  Code  Lc  stm32f4xx_hal_uart.o [1]
UART_EndRxTransfer       0x800'1bb3   0x2a  Code  Lc  stm32f4xx_hal_uart.o [1]
UART_Receive_IT          0x800'1c09   0xaa  Code  Lc  stm32f4xx_hal_uart.o [1]
UART_SetConfig           0x800'1cdd   0xae  Code  Lc  stm32f4xx_hal_uart.o [1]
UART_Start_Receive_IT    0x800'1b61   0x3a  Code  Gb  stm32f4xx_hal_uart.o [1]
UART_WaitOnFlagUntilTimeout
                         0x800'1acd   0x5e  Code  Lc  stm32f4xx_hal_uart.o [1]
USART2_IRQHandler        0x800'4b41    0x6  Code  Gb  stm32f4xx_it.o [1]
USART3_IRQHandler        0x800'4b47    0x6  Code  Gb  stm32f4xx_it.o [1]
USART6_IRQHandler        0x800'4b6f    0x6  Code  Gb  stm32f4xx_it.o [1]
UTIL_MEM_set             0x800'0dff    0xe  Code  Gb  user_util.o [1]
UTIL_Printf              0x800'0e0d   0x10  Code  Gb  user_util.o [1]
UTIL_Printf_Str          0x800'0e1d   0x12  Code  Gb  user_util.o [1]
Uart485Buff             0x2000'0954   0x34  Data  Gb  user_uart.o [1]
Uart485RxByte           0x2000'05dd    0x1  Data  Gb  user_uart.o [1]
UartDebugBuff           0x2000'067c   0x64  Data  Gb  user_uart.o [1]
UartDebugRxByte         0x2000'05dc    0x1  Data  Gb  user_uart.o [1]
UartPcBoxBuff           0x2000'06e0   0x64  Data  Gb  user_uart.o [1]
UartPcBoxRxByte         0x2000'05de    0x1  Data  Gb  user_uart.o [1]
UartSimRxByte           0x2000'05f8    0x1  Data  Gb  user_uart.o [1]
UsageFault_Handler       0x800'4b19    0x2  Code  Gb  stm32f4xx_it.o [1]
Write_Queue_Repond_PcBox
                         0x800'0669   0x26  Code  Gb  user_app_pc_box.o [1]
Write_Status_Electric_ExFlash
                         0x800'3ae5   0x36  Code  Gb  user_app_electric.o [1]
Write_Status_Relay_ExFlash
                         0x800'1317   0x5a  Code  Gb  user_app_relay.o [1]
__NVIC_SetPriority       0x800'2cad   0x1a  Code  Lc  stm32f4xx_hal_cortex.o [1]
__aeabi_ldiv0            0x800'2db1         Code  Gb  I64DivZer.o [4]
__aeabi_memclr4          0x800'0e45         Code  Gb  ABImemclr4.o [4]
__cmain                  0x800'4ca1         Code  Gb  cmain.o [4]
__exit                   0x800'4cd5   0x14  Code  Gb  exit.o [5]
__iar_Memset4_word       0x800'1dcd         Code  Gb  ABImemset48.o [4]
__iar_Memset8_word       0x800'1dcd         Code  Gb  ABImemset48.o [4]
__iar_data_init3         0x800'4c15   0x28  Code  Gb  data_init.o [4]
__iar_init_vfp           0x800'4c3d         Code  Gb  fpinit_M.o [3]
__iar_lz77_init_single3
                         0x800'4b9d   0x78  Code  Gb  lz77_init_single.o [4]
__iar_program_start      0x800'4d5d         Code  Gb  cstartup_M.o [4]
__iar_small_Memcpy       0x800'2235         Code  Gb  ABImemcpy_small.o [4]
__iar_small_Memset       0x800'1da5         Code  Gb  ABImemset_small.o [4]
__iar_small_Memset_word
                         0x800'1da5         Code  Gb  ABImemset_small.o [4]
__iar_small_memcpy       0x800'2231         Code  Gb  ABImemcpy_small.o [4]
__iar_small_memcpy4      0x800'2231         Code  Gb  ABImemcpy_small.o [4]
__iar_small_memcpy8      0x800'2231         Code  Gb  ABImemcpy_small.o [4]
__iar_small_memset       0x800'1da5         Code  Gb  ABImemset_small.o [4]
__iar_small_strlen       0x800'1db9         Code  Gb  strlen_small.o [4]
__iar_small_uldivmod     0x800'2a11         Code  Gb  I64DivMod_small.o [4]
__iar_zero_init3         0x800'0e4b   0x3a  Code  Gb  zero_init3.o [4]
__low_level_init         0x800'4cbf    0x4  Code  Gb  low_level_init.o [2]
__vector_table           0x800'0000         Data  Gb  startup_stm32f405xx.o [1]
_call_main               0x800'4cad         Code  Gb  cmain.o [4]
_exit                    0x800'4cc9         Code  Gb  cexit.o [4]
_fGET_SERI_DCU           0x800'46cb   0x16  Code  Gb  user_at_serial.o [1]
_fGET_SETUP_TEMP         0x800'4755   0x1c  Code  Gb  user_at_serial.o [1]
_fGET_THRESH_TEMP        0x800'47e9   0x1a  Code  Gb  user_at_serial.o [1]
_fRESET_DCU              0x800'46b1   0x1a  Code  Gb  user_at_serial.o [1]
_fSET_SERI_DCU           0x800'46e1   0x72  Code  Gb  user_at_serial.o [1]
_fSET_SETUP_TEMP         0x800'4779   0x46  Code  Gb  user_at_serial.o [1]
_fSET_THRESH_TEMP        0x800'4819   0x50  Code  Gb  user_at_serial.o [1]
_main                    0x800'4cbb         Code  Gb  cmain.o [4]
aBuffer_Ping            0x2000'0988   0x14  Data  Gb  user_app_pc_box.o [1]
aDATA_CONFIG            0x2000'05fc   0x80  Data  Gb  user_at_serial.o [1]
aDCU_ID                 0x2000'042c   0x14  Data  Gb  user_app_pc_box.o [1]
eFlash_S25FL_BufferRead
                         0x800'1003   0x60  Code  Gb  user_external_flash.o [1]
eFlash_S25FL_BufferWrite
                         0x800'0fc7   0x34  Code  Gb  user_external_flash.o [1]
eFlash_S25FL_CheckWriteEnable
                         0x800'0f21   0x28  Code  Gb  user_external_flash.o [1]
eFlash_S25FL_Enable      0x800'0e8b   0x16  Code  Gb  user_external_flash.o [1]
eFlash_S25FL_Erase_Sector
                         0x800'0ea1   0x4a  Code  Gb  user_external_flash.o [1]
eFlash_S25FL_PageWrite   0x800'0f63   0x5c  Code  Gb  user_external_flash.o [1]
eFlash_S25FL_WaitForWriteEnd
                         0x800'0ef1   0x2a  Code  Gb  user_external_flash.o [1]
exit                     0x800'4cc3    0x4  Code  Gb  exit.o [2]
fevent_active            0x800'08b9   0x10  Code  Gb  event_driven.o [1]
fevent_at_debug_complete_receive
                         0x800'3fe1   0x26  Code  Lc  user_app_at_debug.o [1]
fevent_at_debug_entry    0x800'3fb5    0x4  Code  Lc  user_app_at_debug.o [1]
fevent_at_debug_receive_handle
                         0x800'3fb9   0x28  Code  Lc  user_app_at_debug.o [1]
fevent_at_debug_receive_handle::countBuffer_uart
                        0x2000'0040    0x2  Data  Lc  user_app_at_debug.o [1]
fevent_control_led_status
                         0x800'12d3   0x38  Code  Lc  user_app_relay.o [1]
fevent_control_motor_push
                         0x800'406f   0x32  Code  Lc  user_app_ctrl_motor.o [1]
fevent_disable           0x800'08dd    0xc  Code  Gb  event_driven.o [1]
fevent_door_ctrl_respond
                         0x800'43a5   0x50  Code  Lc  user_app_door_sensor.o [1]
fevent_door_ctrl_respond::status
                        0x2000'09c5    0x1  Data  Lc  user_app_door_sensor.o [1]
fevent_door_ctrl_respond::status_before
                        0x2000'09c4    0x1  Data  Lc  user_app_door_sensor.o [1]
fevent_door_entry        0x800'4355    0xe  Code  Lc  user_app_door_sensor.o [1]
fevent_door_respond_pc_box
                         0x800'43f5   0x38  Code  Lc  user_app_door_sensor.o [1]
fevent_door_sensor       0x800'4363   0x42  Code  Lc  user_app_door_sensor.o [1]
fevent_electric_entry    0x800'39d5    0xe  Code  Lc  user_app_electric.o [1]
fevent_electric_handle   0x800'3a57   0x1e  Code  Lc  user_app_electric.o [1]
fevent_electric_off_power
                         0x800'3a75   0x32  Code  Lc  user_app_electric.o [1]
fevent_electric_pgood    0x800'39e3   0x46  Code  Lc  user_app_electric.o [1]
fevent_electric_pgood::count_handle
                        0x2000'0180    0x1  Data  Lc  user_app_electric.o [1]
fevent_electric_pgood::status_before
                        0x2000'0181    0x1  Data  Lc  user_app_electric.o [1]
fevent_electric_receive_485
                         0x800'3a2d   0x2a  Code  Lc  user_app_electric.o [1]
fevent_electric_receive_485::countBuffer_uart
                        0x2000'09c6    0x2  Data  Lc  user_app_electric.o [1]
fevent_electric_transmit_485
                         0x800'3a29    0x4  Code  Lc  user_app_electric.o [1]
fevent_enable            0x800'08c9   0x14  Code  Gb  event_driven.o [1]
fevent_input_motor_push
                         0x800'40a1   0x44  Code  Lc  user_app_ctrl_motor.o [1]
fevent_motor_entry       0x800'4051   0x1e  Code  Lc  user_app_ctrl_motor.o [1]
fevent_motor_push_off_error
                         0x800'40e5   0x16  Code  Lc  user_app_ctrl_motor.o [1]
fevent_on_off_relay_alarm
                         0x800'121b   0x2c  Code  Lc  user_app_relay.o [1]
fevent_on_off_relay_elevator
                         0x800'1199   0x2a  Code  Lc  user_app_relay.o [1]
fevent_on_off_relay_fridge_cool
                         0x800'11fb   0x20  Code  Lc  user_app_relay.o [1]
fevent_on_off_relay_fridge_heat
                         0x800'1247   0x20  Code  Lc  user_app_relay.o [1]
fevent_on_off_relay_lamp
                         0x800'1267   0x3a  Code  Lc  user_app_relay.o [1]
fevent_on_off_relay_screen
                         0x800'11c3   0x38  Code  Lc  user_app_relay.o [1]
fevent_on_off_relay_warm
                         0x800'12a1   0x32  Code  Lc  user_app_relay.o [1]
fevent_pcbox_complete_receive
                         0x800'020f  0x294  Code  Lc  user_app_pc_box.o [1]
fevent_pcbox_entry       0x800'0189   0x1e  Code  Lc  user_app_pc_box.o [1]
fevent_pcbox_get_dcu_ID
                         0x800'0565   0x12  Code  Lc  user_app_pc_box.o [1]
fevent_pcbox_log_tsvh    0x800'04b1   0x2a  Code  Lc  user_app_pc_box.o [1]
fevent_pcbox_ping        0x800'04db   0x40  Code  Lc  user_app_pc_box.o [1]
fevent_pcbox_receive_handle
                         0x800'01d7   0x38  Code  Lc  user_app_pc_box.o [1]
fevent_pcbox_receive_handle::countBuffer_uart
                        0x2000'09d0    0x2  Data  Lc  user_app_pc_box.o [1]
fevent_pcbox_set_dcu_ID
                         0x800'051b   0x4a  Code  Lc  user_app_pc_box.o [1]
fevent_queue_respond_immediately
                         0x800'0597   0x36  Code  Lc  user_app_pc_box.o [1]
fevent_queue_respond_time
                         0x800'05cd   0x3c  Code  Lc  user_app_pc_box.o [1]
fevent_refresh_dcu       0x800'0609   0x56  Code  Lc  user_app_pc_box.o [1]
fevent_relay_entry       0x800'1175   0x24  Code  Lc  user_app_relay.o [1]
fevent_reset_dcu         0x800'0577   0x20  Code  Lc  user_app_pc_box.o [1]
fevent_respond_pcbox     0x800'40fb   0xa8  Code  Lc  user_app_ctrl_motor.o [1]
fevent_temp_calculator   0x800'3c39  0x100  Code  Lc  user_app_temperature.o [1]
fevent_temp_ctrl_fridge
                         0x800'3d83   0x5e  Code  Lc  user_app_temperature.o [1]
fevent_temp_entry        0x800'3bb1   0x38  Code  Lc  user_app_temperature.o [1]
fevent_temp_entry::once
                        0x2000'0590    0x1  Data  Lc  user_app_temperature.o [1]
fevent_temp_get_adc      0x800'3be9   0x50  Code  Lc  user_app_temperature.o [1]
fevent_temp_get_adc::count
                        0x2000'0591    0x1  Data  Lc  user_app_temperature.o [1]
fevent_temp_off_fridge_frozen
                         0x800'3df7   0x1a  Code  Lc  user_app_temperature.o [1]
fevent_temp_read_setuptemp
                         0x800'3d4f   0x34  Code  Lc  user_app_temperature.o [1]
fevent_temp_set_setuptemp
                         0x800'3d39   0x16  Code  Lc  user_app_temperature.o [1]
fevent_temp_time_get     0x800'3de9    0xe  Code  Lc  user_app_temperature.o [1]
fevent_vib_off_alarm     0x800'45bf    0xe  Code  Lc  user_app_vib_sensor.o [1]
fevent_vib_on_alarm      0x800'45a9   0x16  Code  Lc  user_app_vib_sensor.o [1]
fevent_vib_sensor        0x800'4545   0x5a  Code  Lc  user_app_vib_sensor.o [1]
fevent_wdg_stm32f4       0x800'01a7   0x30  Code  Lc  user_app_pc_box.o [1]
hadc1                   0x2000'07fc   0x48  Data  Gb  adc.o [1]
hdma_adc1               0x2000'0744   0x60  Data  Gb  adc.o [1]
hspi2                   0x2000'07a4   0x58  Data  Gb  spi.o [1]
huart2                  0x2000'0888   0x44  Data  Gb  usart.o [1]
huart3                  0x2000'08cc   0x44  Data  Gb  usart.o [1]
huart4                  0x2000'0844   0x44  Data  Gb  usart.o [1]
huart6                  0x2000'0910   0x44  Data  Gb  usart.o [1]
main                     0x800'2bcd   0x30  Code  Gb  main.o [1]
memset                   0x800'2249   0x14  Code  Gb  memset.o [4]
qGet_Number_Items        0x800'116f    0x4  Code  Gb  queue_p.o [1]
qQueue_Create            0x800'10ad   0x22  Code  Gb  queue_p.o [1]
qQueue_Receive           0x800'112d   0x42  Code  Gb  queue_p.o [1]
qQueue_Send              0x800'10cf   0x5e  Code  Gb  queue_p.o [1]
qRespondPcBox           0x2000'0404   0x18  Data  Gb  user_app_pc_box.o [1]
sBuffer_Ping            0x2000'041c    0x8  Data  Gb  user_app_pc_box.o [1]
sDCU_ID                 0x2000'0424    0x8  Data  Gb  user_app_pc_box.o [1]
sElectric               0x2000'0178    0x8  Data  Gb  user_app_electric.o [1]
sEventAppAtDebug        0x2000'0010   0x30  Data  Gb  user_app_at_debug.o [1]
sEventAppDoorSensor     0x2000'00d8   0x40  Data  Gb  user_app_door_sensor.o [1]
sEventAppElectric       0x2000'0118   0x60  Data  Gb  user_app_electric.o [1]
sEventAppMotor          0x2000'0044   0x50  Data  Gb  user_app_ctrl_motor.o [1]
sEventAppPcBox          0x2000'01a0   0xc0  Data  Gb  user_app_pc_box.o [1]
sEventAppRelay          0x2000'0440   0x90  Data  Gb  user_app_relay.o [1]
sEventAppTemperature    0x2000'0508   0x80  Data  Gb  user_app_temperature.o [1]
sEventAppVibSensor      0x2000'05ac   0x30  Data  Gb  user_app_vib_sensor.o [1]
sInforPush              0x2000'09b4    0x4  Data  Gb  user_app_ctrl_motor.o [1]
sPushMotor              0x2000'09ac    0x8  Data  Gb  user_app_ctrl_motor.o [1]
sQueueReadData          0x2000'0184   0x18  Data  Gb  user_app_pc_box.o [1]
sQueueRespondPcBox      0x2000'0260  0x1a4  Data  Gb  user_app_pc_box.o [1]
sStatusApp              0x2000'019c    0x4  Data  Gb  user_app_pc_box.o [1]
sStatusDoor             0x2000'09c0    0x4  Data  Gb  user_app_door_sensor.o [1]
sStatusRelay            0x2000'09b8    0x8  Data  Gb  user_app_relay.o [1]
sStatusVib              0x2000'099c   0x10  Data  Gb  user_app_vib_sensor.o [1]
sTemp_Crtl_Fridge       0x2000'058c    0x4  Data  Gb  user_app_temperature.o [1]
sTemp_Thresh_Recv       0x2000'09c8    0x4  Data  Gb  user_app_temperature.o [1]
sTemperature            0x2000'0588    0x4  Data  Gb  user_app_temperature.o [1]
sUart485                0x2000'05e8    0x8  Data  Gb  user_uart.o [1]
sUartDebug              0x2000'05e0    0x8  Data  Gb  user_uart.o [1]
sUartPcBox              0x2000'05f0    0x8  Data  Gb  user_uart.o [1]
uwTick                  0x2000'0004    0x4  Data  Gb  stm32f4xx_hal.o [1]
uwTickFreq              0x2000'0000    0x1  Data  Gb  stm32f4xx_hal.o [1]
uwTickPrio              0x2000'0008    0x4  Data  Gb  stm32f4xx_hal.o [1]


[1] = D:\Saoviet_Git\Saoviet_Vending_Machine\Saoviet_Maybanhang\EWARM\Saoviet_Maybanhang\Obj
[2] = dl7M_tlf.a
[3] = m7M_tls.a
[4] = rt7M_tl.a
[5] = shb_l.a

  19'828 bytes of readonly  code memory
     739 bytes of readonly  data memory
   3'536 bytes of readwrite data memory

Errors: none
Warnings: none
