###############################################################################
#
# IAR ELF Linker V8.40.2.214/W32 for ARM                  23/Sep/2023  11:26:50
# Copyright 2007-2019 IAR Systems AB.
#
#    Output file  =
#        D:\Saoviet_Git\Saoviet_Vending_Machine\Saoviet_Maybanhang\EWARM\Saoviet_Maybanhang\Exe\Saoviet_Maybanhang.out
#    Map file     =
#        D:\Saoviet_Git\Saoviet_Vending_Machine\Saoviet_Maybanhang\EWARM\Saoviet_Maybanhang\List\Saoviet_Maybanhang.map
#    Command line =
#        -f C:\Users\PC\AppData\Local\Temp\EW426.tmp
#        (D:\Saoviet_Git\Saoviet_Vending_Machine\Saoviet_Maybanhang\EWARM\Saoviet_Maybanhang\Obj\adc.o
#        D:\Saoviet_Git\Saoviet_Vending_Machine\Saoviet_Maybanhang\EWARM\Saoviet_Maybanhang\Obj\dma.o
#        D:\Saoviet_Git\Saoviet_Vending_Machine\Saoviet_Maybanhang\EWARM\Saoviet_Maybanhang\Obj\event_driven.o
#        D:\Saoviet_Git\Saoviet_Vending_Machine\Saoviet_Maybanhang\EWARM\Saoviet_Maybanhang\Obj\gpio.o
#        D:\Saoviet_Git\Saoviet_Vending_Machine\Saoviet_Maybanhang\EWARM\Saoviet_Maybanhang\Obj\main.o
#        D:\Saoviet_Git\Saoviet_Vending_Machine\Saoviet_Maybanhang\EWARM\Saoviet_Maybanhang\Obj\onchipflash.o
#        D:\Saoviet_Git\Saoviet_Vending_Machine\Saoviet_Maybanhang\EWARM\Saoviet_Maybanhang\Obj\queue_p.o
#        D:\Saoviet_Git\Saoviet_Vending_Machine\Saoviet_Maybanhang\EWARM\Saoviet_Maybanhang\Obj\S25FL216K.o
#        D:\Saoviet_Git\Saoviet_Vending_Machine\Saoviet_Maybanhang\EWARM\Saoviet_Maybanhang\Obj\spi.o
#        D:\Saoviet_Git\Saoviet_Vending_Machine\Saoviet_Maybanhang\EWARM\Saoviet_Maybanhang\Obj\startup_stm32f405xx.o
#        D:\Saoviet_Git\Saoviet_Vending_Machine\Saoviet_Maybanhang\EWARM\Saoviet_Maybanhang\Obj\stm32f4xx_hal.o
#        D:\Saoviet_Git\Saoviet_Vending_Machine\Saoviet_Maybanhang\EWARM\Saoviet_Maybanhang\Obj\stm32f4xx_hal_adc.o
#        D:\Saoviet_Git\Saoviet_Vending_Machine\Saoviet_Maybanhang\EWARM\Saoviet_Maybanhang\Obj\stm32f4xx_hal_adc_ex.o
#        D:\Saoviet_Git\Saoviet_Vending_Machine\Saoviet_Maybanhang\EWARM\Saoviet_Maybanhang\Obj\stm32f4xx_hal_cortex.o
#        D:\Saoviet_Git\Saoviet_Vending_Machine\Saoviet_Maybanhang\EWARM\Saoviet_Maybanhang\Obj\stm32f4xx_hal_dma.o
#        D:\Saoviet_Git\Saoviet_Vending_Machine\Saoviet_Maybanhang\EWARM\Saoviet_Maybanhang\Obj\stm32f4xx_hal_dma_ex.o
#        D:\Saoviet_Git\Saoviet_Vending_Machine\Saoviet_Maybanhang\EWARM\Saoviet_Maybanhang\Obj\stm32f4xx_hal_exti.o
#        D:\Saoviet_Git\Saoviet_Vending_Machine\Saoviet_Maybanhang\EWARM\Saoviet_Maybanhang\Obj\stm32f4xx_hal_flash.o
#        D:\Saoviet_Git\Saoviet_Vending_Machine\Saoviet_Maybanhang\EWARM\Saoviet_Maybanhang\Obj\stm32f4xx_hal_flash_ex.o
#        D:\Saoviet_Git\Saoviet_Vending_Machine\Saoviet_Maybanhang\EWARM\Saoviet_Maybanhang\Obj\stm32f4xx_hal_flash_ramfunc.o
#        D:\Saoviet_Git\Saoviet_Vending_Machine\Saoviet_Maybanhang\EWARM\Saoviet_Maybanhang\Obj\stm32f4xx_hal_gpio.o
#        D:\Saoviet_Git\Saoviet_Vending_Machine\Saoviet_Maybanhang\EWARM\Saoviet_Maybanhang\Obj\stm32f4xx_hal_msp.o
#        D:\Saoviet_Git\Saoviet_Vending_Machine\Saoviet_Maybanhang\EWARM\Saoviet_Maybanhang\Obj\stm32f4xx_hal_pwr.o
#        D:\Saoviet_Git\Saoviet_Vending_Machine\Saoviet_Maybanhang\EWARM\Saoviet_Maybanhang\Obj\stm32f4xx_hal_pwr_ex.o
#        D:\Saoviet_Git\Saoviet_Vending_Machine\Saoviet_Maybanhang\EWARM\Saoviet_Maybanhang\Obj\stm32f4xx_hal_rcc.o
#        D:\Saoviet_Git\Saoviet_Vending_Machine\Saoviet_Maybanhang\EWARM\Saoviet_Maybanhang\Obj\stm32f4xx_hal_rcc_ex.o
#        D:\Saoviet_Git\Saoviet_Vending_Machine\Saoviet_Maybanhang\EWARM\Saoviet_Maybanhang\Obj\stm32f4xx_hal_spi.o
#        D:\Saoviet_Git\Saoviet_Vending_Machine\Saoviet_Maybanhang\EWARM\Saoviet_Maybanhang\Obj\stm32f4xx_hal_tim.o
#        D:\Saoviet_Git\Saoviet_Vending_Machine\Saoviet_Maybanhang\EWARM\Saoviet_Maybanhang\Obj\stm32f4xx_hal_tim_ex.o
#        D:\Saoviet_Git\Saoviet_Vending_Machine\Saoviet_Maybanhang\EWARM\Saoviet_Maybanhang\Obj\stm32f4xx_hal_uart.o
#        D:\Saoviet_Git\Saoviet_Vending_Machine\Saoviet_Maybanhang\EWARM\Saoviet_Maybanhang\Obj\stm32f4xx_it.o
#        D:\Saoviet_Git\Saoviet_Vending_Machine\Saoviet_Maybanhang\EWARM\Saoviet_Maybanhang\Obj\stm32f4xx_ll_adc.o
#        D:\Saoviet_Git\Saoviet_Vending_Machine\Saoviet_Maybanhang\EWARM\Saoviet_Maybanhang\Obj\system_stm32f4xx.o
#        D:\Saoviet_Git\Saoviet_Vending_Machine\Saoviet_Maybanhang\EWARM\Saoviet_Maybanhang\Obj\usart.o
#        D:\Saoviet_Git\Saoviet_Vending_Machine\Saoviet_Maybanhang\EWARM\Saoviet_Maybanhang\Obj\user_app_at_debug.o
#        D:\Saoviet_Git\Saoviet_Vending_Machine\Saoviet_Maybanhang\EWARM\Saoviet_Maybanhang\Obj\user_app_comm.o
#        D:\Saoviet_Git\Saoviet_Vending_Machine\Saoviet_Maybanhang\EWARM\Saoviet_Maybanhang\Obj\user_app_ctrl_motor.o
#        D:\Saoviet_Git\Saoviet_Vending_Machine\Saoviet_Maybanhang\EWARM\Saoviet_Maybanhang\Obj\user_app_door_sensor.o
#        D:\Saoviet_Git\Saoviet_Vending_Machine\Saoviet_Maybanhang\EWARM\Saoviet_Maybanhang\Obj\user_app_electric.o
#        D:\Saoviet_Git\Saoviet_Vending_Machine\Saoviet_Maybanhang\EWARM\Saoviet_Maybanhang\Obj\user_app_pc_box.o
#        D:\Saoviet_Git\Saoviet_Vending_Machine\Saoviet_Maybanhang\EWARM\Saoviet_Maybanhang\Obj\user_app_relay.o
#        D:\Saoviet_Git\Saoviet_Vending_Machine\Saoviet_Maybanhang\EWARM\Saoviet_Maybanhang\Obj\user_app_temperature.o
#        D:\Saoviet_Git\Saoviet_Vending_Machine\Saoviet_Maybanhang\EWARM\Saoviet_Maybanhang\Obj\user_app_vib_sensor.o
#        D:\Saoviet_Git\Saoviet_Vending_Machine\Saoviet_Maybanhang\EWARM\Saoviet_Maybanhang\Obj\user_at_serial.o
#        D:\Saoviet_Git\Saoviet_Vending_Machine\Saoviet_Maybanhang\EWARM\Saoviet_Maybanhang\Obj\user_comm_vending_machine.o
#        D:\Saoviet_Git\Saoviet_Vending_Machine\Saoviet_Maybanhang\EWARM\Saoviet_Maybanhang\Obj\user_external_flash.o
#        D:\Saoviet_Git\Saoviet_Vending_Machine\Saoviet_Maybanhang\EWARM\Saoviet_Maybanhang\Obj\user_internal_mem.o
#        D:\Saoviet_Git\Saoviet_Vending_Machine\Saoviet_Maybanhang\EWARM\Saoviet_Maybanhang\Obj\user_irq_input.o
#        D:\Saoviet_Git\Saoviet_Vending_Machine\Saoviet_Maybanhang\EWARM\Saoviet_Maybanhang\Obj\user_modbus_rtu.o
#        D:\Saoviet_Git\Saoviet_Vending_Machine\Saoviet_Maybanhang\EWARM\Saoviet_Maybanhang\Obj\user_string.o
#        D:\Saoviet_Git\Saoviet_Vending_Machine\Saoviet_Maybanhang\EWARM\Saoviet_Maybanhang\Obj\user_uart.o
#        D:\Saoviet_Git\Saoviet_Vending_Machine\Saoviet_Maybanhang\EWARM\Saoviet_Maybanhang\Obj\user_util.o
#        --no_out_extension -o
#        D:\Saoviet_Git\Saoviet_Vending_Machine\Saoviet_Maybanhang\EWARM\Saoviet_Maybanhang\Exe\Saoviet_Maybanhang.out
#        --redirect _Printf=_PrintfFullNoMb --redirect _Scanf=_ScanfFullNoMb
#        --map
#        D:\Saoviet_Git\Saoviet_Vending_Machine\Saoviet_Maybanhang\EWARM\Saoviet_Maybanhang\List\Saoviet_Maybanhang.map
#        --config
#        D:\Saoviet_Git\Saoviet_Vending_Machine\Saoviet_Maybanhang\EWARM/stm32f405xx_flash.icf
#        --semihosting --entry __iar_program_start --vfe --text_out locale)
#
###############################################################################

*******************************************************************************
*** RUNTIME MODEL ATTRIBUTES
***

CppFlavor       = *
__SystemLibrary = DLib
__dlib_version  = 6


*******************************************************************************
*** HEAP SELECTION
***

The basic heap was selected because no calls to memory allocation
functions were found in the application outside of system library
functions, and there are calls to deallocation functions in the
application.


*******************************************************************************
*** PLACEMENT SUMMARY
***

"A0":  place at address 0x800'0000 { ro section .intvec };
"P1":  place in [from 0x800'0000 to 0x80f'ffff] { ro };
define block CSTACK with size = 1K, alignment = 8 { };
define block HEAP with size = 512, alignment = 8 { };
"P2":  place in [from 0x2000'0000 to 0x2001'ffff] {
          rw, block CSTACK, block HEAP };
initialize by copy { rw };

  Section            Kind         Address    Size  Object
  -------            ----         -------    ----  ------
"A0":                                       0x188
  .intvec            ro code   0x800'0000   0x188  startup_stm32f405xx.o [1]
                             - 0x800'0188   0x188

"P1":                                      0x61c2
  .text              ro code   0x800'0188   0xbd4  user_app_pc_box.o [1]
  .text              ro code   0x800'0d5c    0xe8  user_util.o [1]
  .text              ro code   0x800'0e44    0x30  event_driven.o [1]
  .text              ro code   0x800'0e74   0x224  stm32f4xx_hal_gpio.o [1]
  .text              ro code   0x800'1098    0x28  stm32f4xx_hal.o [1]
  .text              ro code   0x800'10c0   0x1b4  user_comm_vending_machine.o [1]
  .text              ro code   0x800'1274   0x360  user_app_ctrl_motor.o [1]
  .text              ro code   0x800'15d4   0x5fc  user_app_relay.o [1]
  .text              ro code   0x800'1bd0    0xd8  user_uart.o [1]
  .text              ro code   0x800'1ca8     0x6  ABImemclr4.o [4]
  .text              ro code   0x800'1cae    0x3a  zero_init3.o [4]
  .text              ro code   0x800'1ce8   0x228  user_external_flash.o [1]
  .text              ro code   0x800'1f10    0xc6  queue_p.o [1]
  .text              ro code   0x800'1fd8     0xc  stm32f4xx_hal.o [1]
  .text              ro code   0x800'1fe4    0x12  ABImemset_small.o [4]
  .text              ro code   0x800'1ff8   0x6dc  stm32f4xx_hal_uart.o [1]
  .text              ro code   0x800'26d4    0x14  strlen_small.o [4]
  .text              ro code   0x800'26e8    0x50  user_irq_input.o [1]
  .text              ro code   0x800'2738   0x106  I64DivMod_small.o [4]
  .text              ro code   0x800'283e    0x14  memset.o [4]
  .text              ro code   0x800'2854    0x32  ABImemset48.o [4]
  .text              ro code   0x800'2888    0x40  S25FL216K.o [1]
  .text              ro code   0x800'28c8   0x3f0  stm32f4xx_hal_spi.o [1]
  .text              ro code   0x800'2cb8    0x18  ABImemcpy_small.o [4]
  .text              ro code   0x800'2cd0   0x208  usart.o [1]
  .text              ro code   0x800'2ed8   0x3fc  stm32f4xx_hal_dma.o [1]
  .text              ro code   0x800'32d4     0x2  stm32f4xx_hal_uart.o [1]
  .text              ro code   0x800'32d6     0x2  stm32f4xx_hal_uart.o [1]
  .text              ro code   0x800'32d8     0x2  stm32f4xx_hal_uart.o [1]
  .text              ro code   0x800'32dc   0x1ac  stm32f4xx_hal_rcc.o [1]
  .text              ro code   0x800'3488     0x2  I64DivZer.o [4]
  .text              ro code   0x800'348c    0xb4  spi.o [1]
  .text              ro code   0x800'3540    0xe0  main.o [1]
  .text              ro code   0x800'3620    0xc4  stm32f4xx_hal_cortex.o [1]
  .text              ro code   0x800'36e4    0x40  stm32f4xx_hal.o [1]
  .text              ro code   0x800'3724    0x34  stm32f4xx_hal.o [1]
  .text              ro code   0x800'3758   0x21c  gpio.o [1]
  .text              ro code   0x800'3974    0x34  dma.o [1]
  .text              ro code   0x800'39a8   0x138  adc.o [1]
  .text              ro code   0x800'3ae0    0x90  user_app_comm.o [1]
  .text              ro code   0x800'3b70   0x31c  stm32f4xx_hal_rcc.o [1]
  .text              ro code   0x800'3e8c    0x38  stm32f4xx_hal_msp.o [1]
  .text              ro code   0x800'3ec4   0x492  stm32f4xx_hal_adc.o [1]
  .text              ro code   0x800'4358   0x544  user_app_electric.o [1]
  .text              ro code   0x800'489c    0xb4  user_app_at_debug.o [1]
  .text              ro code   0x800'4950   0x218  user_app_door_sensor.o [1]
  .text              ro code   0x800'4b68   0x530  user_app_temperature.o [1]
  .text              ro code   0x800'5098   0x248  user_app_vib_sensor.o [1]
  .text              ro code   0x800'52e0     0x2  stm32f4xx_hal_adc.o [1]
  .text              ro code   0x800'52e2     0x2  stm32f4xx_hal_adc.o [1]
  .text              ro code   0x800'52e4     0x2  stm32f4xx_hal_adc.o [1]
  .text              ro code   0x800'52e6    0x6c  user_modbus_rtu.o [1]
  .text              ro code   0x800'5354   0x62c  user_at_serial.o [1]
  .text              ro code   0x800'5980   0x136  user_string.o [1]
  .rodata            const     0x800'5ab8   0x1a0  user_at_serial.o [1]
  .text              ro code   0x800'5c58    0x7c  stm32f4xx_it.o [1]
  .text              ro code   0x800'5cd4    0x10  stm32f4xx_hal.o [1]
  .text              ro code   0x800'5ce4    0x78  lz77_init_single.o [4]
  .text              ro code   0x800'5d5c    0x28  data_init.o [4]
  .text              ro code   0x800'5d84    0x22  fpinit_M.o [3]
  .iar.init_table    const     0x800'5da8    0x20  - Linker created -
  .text              ro code   0x800'5dc8    0x20  system_stm32f4xx.o [1]
  .text              ro code   0x800'5de8    0x1e  cmain.o [4]
  .text              ro code   0x800'5e06     0x4  low_level_init.o [2]
  .text              ro code   0x800'5e0a     0x4  exit.o [2]
  .text              ro code   0x800'5e10     0xa  cexit.o [4]
  .text              ro code   0x800'5e1c    0x14  exit.o [5]
  .rodata            const     0x800'5e30    0x14  user_at_serial.o [1]
  .rodata            const     0x800'5e44    0x14  user_at_serial.o [1]
  .rodata            const     0x800'5e58    0x14  user_at_serial.o [1]
  .rodata            const     0x800'5e6c    0x14  user_at_serial.o [1]
  .rodata            const     0x800'5e80    0x10  user_at_serial.o [1]
  .rodata            const     0x800'5e90    0x10  user_at_serial.o [1]
  .rodata            const     0x800'5ea0    0x10  user_at_serial.o [1]
  .rodata            const     0x800'5eb0    0x10  user_at_serial.o [1]
  .rodata            const     0x800'5ec0    0x10  user_at_serial.o [1]
  .rodata            const     0x800'5ed0    0x10  user_at_serial.o [1]
  .rodata            const     0x800'5ee0    0x10  user_at_serial.o [1]
  .rodata            const     0x800'5ef0    0x10  user_at_serial.o [1]
  .rodata            const     0x800'5f00    0x10  user_at_serial.o [1]
  .rodata            const     0x800'5f10    0x10  user_at_serial.o [1]
  .rodata            const     0x800'5f20    0x10  user_at_serial.o [1]
  .rodata            const     0x800'5f30    0x10  user_at_serial.o [1]
  .rodata            const     0x800'5f40    0x10  user_at_serial.o [1]
  .rodata            const     0x800'5f50    0x10  user_at_serial.o [1]
  .text              ro code   0x800'5f60    0x10  startup_stm32f405xx.o [1]
  .rodata            const     0x800'5f70     0xc  user_at_serial.o [1]
  .rodata            const     0x800'5f7c     0xc  user_at_serial.o [1]
  .rodata            const     0x800'5f88     0xc  user_at_serial.o [1]
  .rodata            const     0x800'5f94     0xc  user_at_serial.o [1]
  .rodata            const     0x800'5fa0     0xc  user_at_serial.o [1]
  .rodata            const     0x800'5fac     0xc  user_at_serial.o [1]
  .rodata            const     0x800'5fb8     0xc  user_at_serial.o [1]
  .text              ro code   0x800'5fc4     0xc  cstartup_M.o [4]
  .rodata            const     0x800'5fd0     0x8  system_stm32f4xx.o [1]
  .rodata            const     0x800'5fd8     0x8  user_at_serial.o [1]
  .text              ro code   0x800'5fe0     0x4  startup_stm32f405xx.o [1]
  .text              ro code   0x800'5fe4     0x4  startup_stm32f405xx.o [1]
  .text              ro code   0x800'5fe8     0x4  startup_stm32f405xx.o [1]
  .text              ro code   0x800'5fec     0x4  startup_stm32f405xx.o [1]
  .text              ro code   0x800'5ff0     0x4  startup_stm32f405xx.o [1]
  .text              ro code   0x800'5ff4     0x4  startup_stm32f405xx.o [1]
  .text              ro code   0x800'5ff8     0x4  startup_stm32f405xx.o [1]
  .text              ro code   0x800'5ffc     0x4  startup_stm32f405xx.o [1]
  .text              ro code   0x800'6000     0x4  startup_stm32f405xx.o [1]
  .text              ro code   0x800'6004     0x4  startup_stm32f405xx.o [1]
  .text              ro code   0x800'6008     0x4  startup_stm32f405xx.o [1]
  .text              ro code   0x800'600c     0x4  startup_stm32f405xx.o [1]
  .text              ro code   0x800'6010     0x4  startup_stm32f405xx.o [1]
  .text              ro code   0x800'6014     0x4  startup_stm32f405xx.o [1]
  .text              ro code   0x800'6018     0x4  startup_stm32f405xx.o [1]
  .text              ro code   0x800'601c     0x4  startup_stm32f405xx.o [1]
  .text              ro code   0x800'6020     0x4  startup_stm32f405xx.o [1]
  .text              ro code   0x800'6024     0x4  startup_stm32f405xx.o [1]
  .text              ro code   0x800'6028     0x4  startup_stm32f405xx.o [1]
  .text              ro code   0x800'602c     0x4  startup_stm32f405xx.o [1]
  .text              ro code   0x800'6030     0x4  startup_stm32f405xx.o [1]
  .text              ro code   0x800'6034     0x4  startup_stm32f405xx.o [1]
  .text              ro code   0x800'6038     0x4  startup_stm32f405xx.o [1]
  .text              ro code   0x800'603c     0x4  startup_stm32f405xx.o [1]
  .text              ro code   0x800'6040     0x4  startup_stm32f405xx.o [1]
  .text              ro code   0x800'6044     0x4  startup_stm32f405xx.o [1]
  .text              ro code   0x800'6048     0x4  startup_stm32f405xx.o [1]
  .text              ro code   0x800'604c     0x4  startup_stm32f405xx.o [1]
  .text              ro code   0x800'6050     0x4  startup_stm32f405xx.o [1]
  .text              ro code   0x800'6054     0x4  startup_stm32f405xx.o [1]
  .text              ro code   0x800'6058     0x4  startup_stm32f405xx.o [1]
  .text              ro code   0x800'605c     0x4  startup_stm32f405xx.o [1]
  .text              ro code   0x800'6060     0x4  startup_stm32f405xx.o [1]
  .text              ro code   0x800'6064     0x4  startup_stm32f405xx.o [1]
  .text              ro code   0x800'6068     0x4  startup_stm32f405xx.o [1]
  .text              ro code   0x800'606c     0x4  startup_stm32f405xx.o [1]
  .text              ro code   0x800'6070     0x4  startup_stm32f405xx.o [1]
  .text              ro code   0x800'6074     0x4  startup_stm32f405xx.o [1]
  .text              ro code   0x800'6078     0x4  startup_stm32f405xx.o [1]
  .text              ro code   0x800'607c     0x4  startup_stm32f405xx.o [1]
  .text              ro code   0x800'6080     0x4  startup_stm32f405xx.o [1]
  .text              ro code   0x800'6084     0x4  startup_stm32f405xx.o [1]
  .text              ro code   0x800'6088     0x4  startup_stm32f405xx.o [1]
  .text              ro code   0x800'608c     0x4  startup_stm32f405xx.o [1]
  .text              ro code   0x800'6090     0x4  startup_stm32f405xx.o [1]
  .text              ro code   0x800'6094     0x4  startup_stm32f405xx.o [1]
  .text              ro code   0x800'6098     0x4  startup_stm32f405xx.o [1]
  .text              ro code   0x800'609c     0x4  startup_stm32f405xx.o [1]
  .text              ro code   0x800'60a0     0x4  startup_stm32f405xx.o [1]
  .text              ro code   0x800'60a4     0x4  startup_stm32f405xx.o [1]
  .text              ro code   0x800'60a8     0x4  startup_stm32f405xx.o [1]
  .text              ro code   0x800'60ac     0x4  startup_stm32f405xx.o [1]
  .text              ro code   0x800'60b0     0x4  startup_stm32f405xx.o [1]
  .text              ro code   0x800'60b4     0x4  startup_stm32f405xx.o [1]
  .text              ro code   0x800'60b8     0x4  startup_stm32f405xx.o [1]
  .text              ro code   0x800'60bc     0x4  startup_stm32f405xx.o [1]
  .text              ro code   0x800'60c0     0x4  startup_stm32f405xx.o [1]
  .text              ro code   0x800'60c4     0x4  startup_stm32f405xx.o [1]
  .text              ro code   0x800'60c8     0x4  startup_stm32f405xx.o [1]
  .text              ro code   0x800'60cc     0x4  startup_stm32f405xx.o [1]
  .text              ro code   0x800'60d0     0x4  startup_stm32f405xx.o [1]
  .text              ro code   0x800'60d4     0x4  startup_stm32f405xx.o [1]
  .text              ro code   0x800'60d8     0x4  startup_stm32f405xx.o [1]
  .text              ro code   0x800'60dc     0x4  startup_stm32f405xx.o [1]
  .text              ro code   0x800'60e0     0x4  startup_stm32f405xx.o [1]
  .text              ro code   0x800'60e4     0x4  startup_stm32f405xx.o [1]
  .text              ro code   0x800'60e8     0x4  startup_stm32f405xx.o [1]
  .text              ro code   0x800'60ec     0x4  startup_stm32f405xx.o [1]
  .text              ro code   0x800'60f0     0x4  startup_stm32f405xx.o [1]
  .rodata            const     0x800'60f4     0x0  zero_init3.o [4]
  .rodata            const     0x800'60f4     0x0  lz77_init_single.o [4]
  Initializer bytes  const     0x800'60f4   0x256  <for P2-1>
                             - 0x800'634a  0x61c2

"P2", part 1 of 3:                         0x1314
  P2-1                        0x2000'0000  0x1314  <Init block>
    .data            inited   0x2000'0000     0xc  stm32f4xx_hal.o [1]
    .data            inited   0x2000'000c     0x4  system_stm32f4xx.o [1]
    .data            inited   0x2000'0010    0x32  user_app_at_debug.o [1]
    .data            inited   0x2000'0044    0x50  user_app_ctrl_motor.o [1]
    .data            inited   0x2000'0094    0x44  user_app_ctrl_motor.o [1]
    .data            inited   0x2000'00d8    0x40  user_app_door_sensor.o [1]
    .data            inited   0x2000'0118    0x80  user_app_electric.o [1]
    .data            inited   0x2000'0198    0x16  user_app_electric.o [1]
    .data            inited   0x2000'01b0   0xf3c  user_app_pc_box.o [1]
    .data            inited   0x2000'10ec    0x24  user_app_pc_box.o [1]
    .data            inited   0x2000'1110    0x14  user_app_pc_box.o [1]
    .data            inited   0x2000'1124    0x70  user_app_relay.o [1]
    .data            inited   0x2000'1194    0x2c  user_app_relay.o [1]
    .data            inited   0x2000'11c0     0xc  user_app_relay.o [1]
    .data            inited   0x2000'11cc    0x90  user_app_temperature.o [1]
    .data            inited   0x2000'125c    0x24  user_app_temperature.o [1]
    .data            inited   0x2000'1280    0x74  user_app_vib_sensor.o [1]
    .data            inited   0x2000'12f4    0x1d  user_uart.o [1]
    .data            inited   0x2000'1312     0x2  user_app_relay.o [1]
                            - 0x2000'1314  0x1314

"P2", part 2 of 3:                          0x3cc
  .bss               zero     0x2000'1314    0x80  user_at_serial.o [1]
  .bss               zero     0x2000'1394    0x64  user_uart.o [1]
  .bss               zero     0x2000'13f8    0x64  user_uart.o [1]
  .bss               zero     0x2000'145c    0x60  adc.o [1]
  .bss               zero     0x2000'14bc    0x58  spi.o [1]
  .bss               zero     0x2000'1514    0x48  adc.o [1]
  .bss               zero     0x2000'155c    0x44  usart.o [1]
  .bss               zero     0x2000'15a0    0x44  usart.o [1]
  .bss               zero     0x2000'15e4    0x44  usart.o [1]
  .bss               zero     0x2000'1628    0x44  usart.o [1]
  .bss               zero     0x2000'166c    0x34  user_uart.o [1]
  .bss               zero     0x2000'16a0    0x14  user_app_pc_box.o [1]
  .bss               zero     0x2000'16b4     0xc  user_app_ctrl_motor.o [1]
  .bss               zero     0x2000'16c0     0x8  user_app_relay.o [1]
  .bss               zero     0x2000'16c8     0x7  user_app_door_sensor.o [1]
  .bss               zero     0x2000'16cf     0x1  user_app_comm.o [1]
  .bss               zero     0x2000'16d0     0x4  user_app_temperature.o [1]
  .bss               zero     0x2000'16d4     0x4  user_util.o [1]
  .bss               zero     0x2000'16d8     0x2  user_app_electric.o [1]
  .bss               zero     0x2000'16da     0x2  user_app_pc_box.o [1]
  .bss               zero     0x2000'16dc     0x2  user_app_vib_sensor.o [1]
  .bss               zero     0x2000'16de     0x1  user_app_relay.o [1]
  .bss               zero     0x2000'16df     0x1  user_app_relay.o [1]
                            - 0x2000'16e0   0x3cc

"P2", part 3 of 3:                          0x400
  CSTACK                      0x2000'16e0   0x400  <Block>
    CSTACK           uninit   0x2000'16e0   0x400  <Block tail>
                            - 0x2000'1ae0   0x400

Unused ranges:

         From           To      Size
         ----           --      ----
   0x800'634a   0x80f'ffff  0xf'9cb6
  0x2000'1ae0  0x2001'ffff  0x1'e520


*******************************************************************************
*** INIT TABLE
***

          Address      Size
          -------      ----
Zero (__iar_zero_init3)
    1 destination range, total size 0x3cc:
          0x2000'1314   0x3cc

Copy/lz77 (__iar_lz77_init_single3)
    1 source range, total size 0x256 (12% of destination):
           0x800'60f4   0x256
    1 destination range, total size 0x1314:
          0x2000'0000  0x1314



*******************************************************************************
*** MODULE SUMMARY
***

    Module                       ro code  ro data  rw data
    ------                       -------  -------  -------
command line/config:
    ------------------------------------------------------
    Total:

D:\Saoviet_Git\Saoviet_Vending_Machine\Saoviet_Maybanhang\EWARM\Saoviet_Maybanhang\Obj: [1]
    S25FL216K.o                       64
    adc.o                            312               168
    dma.o                             52
    event_driven.o                    48
    gpio.o                           540
    main.o                           224
    queue_p.o                        198
    spi.o                            180                88
    startup_stm32f405xx.o            684
    stm32f4xx_hal.o                  184        1       12
    stm32f4xx_hal_adc.o            1'176
    stm32f4xx_hal_cortex.o           196
    stm32f4xx_hal_dma.o            1'020
    stm32f4xx_hal_gpio.o             548
    stm32f4xx_hal_msp.o               56
    stm32f4xx_hal_rcc.o            1'224
    stm32f4xx_hal_spi.o            1'008
    stm32f4xx_hal_uart.o           1'762
    stm32f4xx_it.o                   124
    system_stm32f4xx.o                32        8        4
    usart.o                          520               272
    user_app_at_debug.o              180        7       50
    user_app_comm.o                  144                 1
    user_app_ctrl_motor.o            864       18      160
    user_app_door_sensor.o           536        8       71
    user_app_electric.o            1'348       18      152
    user_app_pc_box.o              3'028      485    3'978
    user_app_relay.o               1'532       21      180
    user_app_temperature.o         1'328       22      184
    user_app_vib_sensor.o            584       15      118
    user_at_serial.o               1'580      812      128
    user_comm_vending_machine.o      436
    user_external_flash.o            552
    user_irq_input.o                  80
    user_modbus_rtu.o                108
    user_string.o                    310
    user_uart.o                      216        3      281
    user_util.o                      232                 4
    ------------------------------------------------------
    Total:                        23'210    1'418    5'851

dl7M_tlf.a: [2]
    exit.o                             4
    low_level_init.o                   4
    ------------------------------------------------------
    Total:                             8

m7M_tls.a: [3]
    fpinit_M.o                        34
    ------------------------------------------------------
    Total:                            34

rt7M_tl.a: [4]
    ABImemclr4.o                       6
    ABImemcpy_small.o                 24
    ABImemset48.o                     50
    ABImemset_small.o                 18
    I64DivMod_small.o                262
    I64DivZer.o                        2
    cexit.o                           10
    cmain.o                           30
    cstartup_M.o                      12
    data_init.o                       40
    lz77_init_single.o               120
    memset.o                          20
    strlen_small.o                    20
    zero_init3.o                      58
    ------------------------------------------------------
    Total:                           672

shb_l.a: [5]
    exit.o                            20
    ------------------------------------------------------
    Total:                            20

    Gaps                              20        4        5
    Linker created                             32    1'024
----------------------------------------------------------
    Grand Total:                  23'964    1'454    6'880


*******************************************************************************
*** ENTRY LIST
***

Entry                       Address   Size  Type      Object
-----                       -------   ----  ----      ------
.iar.init_table$$Base    0x800'5da8          --   Gb  - Linker created -
.iar.init_table$$Limit   0x800'5dc8          --   Gb  - Linker created -
?main                    0x800'5de9         Code  Gb  cmain.o [4]
ADC_Avg                 0x2000'1274    0xc  Data  Gb  user_app_temperature.o [1]
ADC_DMAConvCplt          0x800'42d5   0x66  Code  Lc  stm32f4xx_hal_adc.o [1]
ADC_DMAError             0x800'4345   0x12  Code  Lc  stm32f4xx_hal_adc.o [1]
ADC_DMAHalfConvCplt      0x800'433d    0x6  Code  Lc  stm32f4xx_hal_adc.o [1]
ADC_Init                 0x800'4ff9    0xa  Code  Gb  user_app_temperature.o [1]
ADC_Temp                0x2000'1268    0xc  Data  Gb  user_app_temperature.o [1]
AHBPrescTable            0x800'5dd8   0x10  Data  Gb  system_stm32f4xx.o [1]
APBPrescTable            0x800'5fd0    0x8  Data  Gb  system_stm32f4xx.o [1]
AppAtDebug_Task          0x800'4907   0x40  Code  Gb  user_app_at_debug.o [1]
AppDoorSensor_Debug      0x800'4a81   0x4e  Code  Gb  user_app_door_sensor.o [1]
AppDoorSensor_Task       0x800'4ad5   0x40  Code  Gb  user_app_door_sensor.o [1]
AppElectric_Debug        0x800'4721   0x7a  Code  Gb  user_app_electric.o [1]
AppElectric_Task         0x800'47ab   0x40  Code  Gb  user_app_electric.o [1]
AppMotor_Debug           0x800'14ad   0x6a  Code  Gb  user_app_ctrl_motor.o [1]
AppMotor_Task            0x800'152d   0x40  Code  Gb  user_app_ctrl_motor.o [1]
AppPcBox_Debug           0x800'0c01   0x62  Code  Gb  user_app_pc_box.o [1]
AppPcBox_Task            0x800'0c63   0x40  Code  Gb  user_app_pc_box.o [1]
AppRelay_Task            0x800'1ad1   0x40  Code  Gb  user_app_relay.o [1]
AppTemperature_Debug     0x800'4f0d   0x86  Code  Gb  user_app_temperature.o [1]
AppTemperature_Task      0x800'4fb5   0x40  Code  Gb  user_app_temperature.o [1]
AppVibSensor_Debug       0x800'5245   0x2e  Code  Gb  user_app_vib_sensor.o [1]
AppVibSensor_Task        0x800'5273   0x40  Code  Gb  user_app_vib_sensor.o [1]
BusFault_Handler         0x800'5c5f    0x2  Code  Gb  stm32f4xx_it.o [1]
CSTACK$$Base            0x2000'16e0          --   Gb  - Linker created -
CSTACK$$Limit           0x2000'1ae0          --   Gb  - Linker created -
Cal_Time                 0x800'0d75   0x12  Code  Gb  user_util.o [1]
Calculator_Crc_U16       0x800'10c1   0x32  Code  Gb  user_comm_vending_machine.o [1]
Calculator_Scale         0x800'1135   0x18  Code  Gb  user_comm_vending_machine.o [1]
CheckList_AT_CONFIG      0x800'5ab8  0x1a0  Data  Gb  user_at_serial.o [1]
Check_AT_User            0x800'5821   0xa8  Code  Gb  user_at_serial.o [1]
Check_Time_Out           0x800'0d5d   0x18  Code  Gb  user_util.o [1]
ConnectSlave            0x2000'16df    0x1  Data  Gb  user_app_relay.o [1]
ControlRelay             0x800'17dd   0x88  Code  Gb  user_app_relay.o [1]
Convert_Hex_To_String_Hex
                         0x800'0dbb   0x44  Code  Gb  user_util.o [1]
Convert_Int_To_String    0x800'114d   0x82  Code  Gb  user_comm_vending_machine.o [1]
Convert_Int_To_String_Scale
                         0x800'11cf   0x7a  Code  Gb  user_comm_vending_machine.o [1]
Convert_String_To_Dec    0x800'0d87   0x34  Code  Gb  user_util.o [1]
DMA2_Stream0_IRQHandler
                         0x800'5cb1    0x6  Code  Gb  stm32f4xx_it.o [1]
DMA_CalcBaseAndBitshift
                         0x800'32a5   0x26  Code  Lc  stm32f4xx_hal_dma.o [1]
DMA_CalcBaseAndBitshift::flagBitshiftOffset
                         0x800'32cc    0x8  Data  Lc  stm32f4xx_hal_dma.o [1]
DMA_SetConfig            0x800'3285   0x20  Code  Lc  stm32f4xx_hal_dma.o [1]
DebugMon_Handler         0x800'5c65    0x2  Code  Gb  stm32f4xx_it.o [1]
EXTI15_10_IRQHandler     0x800'5c95   0x16  Code  Gb  stm32f4xx_it.o [1]
EXTI1_IRQHandler         0x800'5c75    0x6  Code  Gb  stm32f4xx_it.o [1]
EXTI4_IRQHandler         0x800'5c7b    0x6  Code  Gb  stm32f4xx_it.o [1]
EXTI9_5_IRQHandler       0x800'5c81    0x8  Code  Gb  stm32f4xx_it.o [1]
Error_Handler            0x800'361d    0x4  Code  Gb  main.o [1]
Find_String_V2           0x800'5981   0xc6  Code  Gb  user_string.o [1]
Find_str_fix             0x800'5a57   0x60  Code  Gb  user_string.o [1]
Fix_Motor                0x800'13c7   0x28  Code  Gb  user_app_ctrl_motor.o [1]
HAL_ADC_ConfigChannel    0x800'417b  0x10e  Code  Gb  stm32f4xx_hal_adc.o [1]
HAL_ADC_Init             0x800'3ec5  0x154  Code  Gb  stm32f4xx_hal_adc.o [1]
HAL_ADC_MspInit          0x800'3a31   0x92  Code  Gb  adc.o [1]
HAL_ADC_Start_DMA        0x800'404b  0x130  Code  Gb  stm32f4xx_hal_adc.o [1]
HAL_DMA_Abort            0x800'3029   0x78  Code  Gb  stm32f4xx_hal_dma.o [1]
HAL_DMA_Abort_IT         0x800'30a1   0x24  Code  Gb  stm32f4xx_hal_dma.o [1]
HAL_DMA_IRQHandler       0x800'30c5  0x188  Code  Gb  stm32f4xx_hal_dma.o [1]
HAL_DMA_Init             0x800'2ed9   0xee  Code  Gb  stm32f4xx_hal_dma.o [1]
HAL_DMA_Start_IT         0x800'2fc7   0x62  Code  Gb  stm32f4xx_hal_dma.o [1]
HAL_Delay                0x800'1099   0x28  Code  Wk  stm32f4xx_hal.o [1]
HAL_GPIO_EXTI_Callback   0x800'26e9   0x50  Code  Gb  user_irq_input.o [1]
HAL_GPIO_EXTI_IRQHandler
                         0x800'1059   0x10  Code  Gb  stm32f4xx_hal_gpio.o [1]
HAL_GPIO_Init            0x800'0e75  0x1c0  Code  Gb  stm32f4xx_hal_gpio.o [1]
HAL_GPIO_ReadPin         0x800'1035    0xc  Code  Gb  stm32f4xx_hal_gpio.o [1]
HAL_GPIO_TogglePin       0x800'1049   0x10  Code  Gb  stm32f4xx_hal_gpio.o [1]
HAL_GPIO_WritePin        0x800'1041    0x8  Code  Gb  stm32f4xx_hal_gpio.o [1]
HAL_GetTick              0x800'1fd9    0xc  Code  Wk  stm32f4xx_hal.o [1]
HAL_IncTick              0x800'5cd5   0x10  Code  Wk  stm32f4xx_hal.o [1]
HAL_Init                 0x800'3725   0x30  Code  Gb  stm32f4xx_hal.o [1]
HAL_InitTick             0x800'36e5   0x40  Code  Wk  stm32f4xx_hal.o [1]
HAL_MspInit              0x800'3e8d   0x38  Code  Gb  stm32f4xx_hal_msp.o [1]
HAL_NVIC_EnableIRQ       0x800'368f   0x16  Code  Gb  stm32f4xx_hal_cortex.o [1]
HAL_NVIC_SetPriority     0x800'3655   0x3a  Code  Gb  stm32f4xx_hal_cortex.o [1]
HAL_NVIC_SetPriorityGrouping
                         0x800'363b   0x1a  Code  Gb  stm32f4xx_hal_cortex.o [1]
HAL_RCC_ClockConfig      0x800'32dd  0x100  Code  Gb  stm32f4xx_hal_rcc.o [1]
HAL_RCC_GetPCLK1Freq     0x800'33e9   0x10  Code  Gb  stm32f4xx_hal_rcc.o [1]
HAL_RCC_GetPCLK2Freq     0x800'33f9    0xe  Code  Gb  stm32f4xx_hal_rcc.o [1]
HAL_RCC_OscConfig        0x800'3b71  0x31c  Code  Wk  stm32f4xx_hal_rcc.o [1]
HAL_SPI_Init             0x800'28c9   0xb4  Code  Gb  stm32f4xx_hal_spi.o [1]
HAL_SPI_MspInit          0x800'34c9   0x66  Code  Gb  spi.o [1]
HAL_SPI_TransmitReceive
                         0x800'2985  0x1a4  Code  Gb  stm32f4xx_hal_spi.o [1]
HAL_SYSTICK_Config       0x800'36a5   0x28  Code  Gb  stm32f4xx_hal_cortex.o [1]
HAL_UART_IRQHandler      0x800'216b  0x26a  Code  Gb  stm32f4xx_hal_uart.o [1]
HAL_UART_Init            0x800'1ff9   0x1e  Code  Gb  stm32f4xx_hal_uart.o [1]
HAL_UART_MspInit         0x800'2d3b  0x122  Code  Gb  usart.o [1]
HAL_UART_Receive_IT      0x800'211f   0x30  Code  Gb  stm32f4xx_hal_uart.o [1]
HAL_UART_RxCpltCallback
                         0x800'1c13   0x78  Code  Gb  user_uart.o [1]
HAL_UART_Transmit        0x800'206f   0xb0  Code  Gb  stm32f4xx_hal_uart.o [1]
HardFault_Handler        0x800'5c5b    0x2  Code  Gb  stm32f4xx_it.o [1]
Init_AppElectric         0x800'4711    0xc  Code  Gb  user_app_electric.o [1]
Init_AppRelay            0x800'1881   0x10  Code  Gb  user_app_relay.o [1]
Init_DCU_ID              0x800'0a27   0x82  Code  Gb  user_app_pc_box.o [1]
Init_PcBox               0x800'0bb5   0x40  Code  Gb  user_app_pc_box.o [1]
Init_StatusRelay         0x800'192f   0x92  Code  Gb  user_app_relay.o [1]
Init_Time_Relay_Warm     0x800'17a3   0x3a  Code  Gb  user_app_relay.o [1]
Init_Uart_485_Rx_IT      0x800'1bd1    0xa  Code  Gb  user_uart.o [1]
Init_Uart_Module         0x800'1be1   0x2c  Code  Gb  user_uart.o [1]
Init_Uart_PcBox_Rx_IT    0x800'1bdb    0x6  Code  Gb  user_uart.o [1]
Init_Using_Crc           0x800'0b1f   0x2a  Code  Gb  user_app_pc_box.o [1]
LAYER_PIN                0x800'15b0   0x10  Data  Lc  user_app_ctrl_motor.o [1]
LAYER_PORT              0x2000'0094   0x1c  Data  Lc  user_app_ctrl_motor.o [1]
LED_Off                  0x800'1a39   0x10  Code  Gb  user_app_relay.o [1]
LED_On                   0x800'1a29   0x10  Code  Gb  user_app_relay.o [1]
LED_PIN                  0x800'1bc8    0x8  Data  Lc  user_app_relay.o [1]
LED_PORT                0x2000'11c0    0xc  Data  Lc  user_app_relay.o [1]
LED_Toggle               0x800'1a19   0x10  Code  Gb  user_app_relay.o [1]
LedRecvPcBox            0x2000'16de    0x1  Data  Gb  user_app_relay.o [1]
Log_Data_Door            0x800'4a47   0x38  Code  Gb  user_app_door_sensor.o [1]
Log_Data_Vib             0x800'520f   0x34  Code  Gb  user_app_vib_sensor.o [1]
Log_TSVH                 0x800'0963   0xb2  Code  Gb  user_app_pc_box.o [1]
MX_ADC1_Init             0x800'39a9   0x7e  Code  Gb  adc.o [1]
MX_DMA_Init              0x800'3975   0x34  Code  Gb  dma.o [1]
MX_GPIO_Init             0x800'3759  0x1e2  Code  Gb  gpio.o [1]
MX_SPI2_Init             0x800'348d   0x3c  Code  Gb  spi.o [1]
MX_UART4_Init            0x800'2cd1   0x16  Code  Gb  usart.o [1]
MX_USART2_UART_Init      0x800'2ce7   0x10  Code  Gb  usart.o [1]
MX_USART3_UART_Init      0x800'2cff   0x10  Code  Gb  usart.o [1]
MX_USART6_UART_Init      0x800'2d2b   0x10  Code  Gb  usart.o [1]
Main_Task                0x800'3af1   0x5c  Code  Gb  user_app_comm.o [1]
MemManage_Handler        0x800'5c5d    0x2  Code  Gb  stm32f4xx_it.o [1]
ModRTU_CRC               0x800'52e7   0x30  Code  Gb  user_modbus_rtu.o [1]
ModRTU_Master_Read_Frame
                         0x800'5317   0x3c  Code  Gb  user_modbus_rtu.o [1]
NMI_Handler              0x800'5c59    0x2  Code  Gb  stm32f4xx_it.o [1]
Off_Motor_Push           0x800'1471   0x3c  Code  Gb  user_app_ctrl_motor.o [1]
OnOff_Relay              0x800'1865   0x1c  Code  Gb  user_app_relay.o [1]
OnRelay_Warm             0x800'19c1   0x18  Code  Gb  user_app_relay.o [1]
On_Motor_Push            0x800'142d   0x42  Code  Gb  user_app_ctrl_motor.o [1]
PcBox_Setup_Time_Warm_Run
                         0x800'16f5   0x3a  Code  Gb  user_app_relay.o [1]
PcBox_Setup_Time_Warm_Wait
                         0x800'172f   0x36  Code  Gb  user_app_relay.o [1]
Pc_Box_Init              0x800'0a15   0x12  Code  Gb  user_app_pc_box.o [1]
PendSV_Handler           0x800'5c67    0x2  Code  Gb  stm32f4xx_it.o [1]
Push_Motor               0x800'13ef   0x30  Code  Gb  user_app_ctrl_motor.o [1]
RC                       0x800'5a47   0x10  Code  Gb  user_string.o [1]
RELAY_PIN               0x2000'1194   0x10  Data  Lc  user_app_relay.o [1]
RELAY_PORT              0x2000'11a4   0x1c  Data  Lc  user_app_relay.o [1]
Read_IdSlave_Electric_ExFlash
                         0x800'46ed   0x24  Code  Gb  user_app_electric.o [1]
Read_Status_Electric_ExFlash
                         0x800'4691   0x2a  Code  Gb  user_app_electric.o [1]
Read_Status_Relay_ExFlash
                         0x800'18f5   0x3a  Code  Gb  user_app_relay.o [1]
Region$$Table$$Base      0x800'5da8          --   Gb  - Linker created -
Region$$Table$$Limit     0x800'5dc8          --   Gb  - Linker created -
Relay_Debug              0x800'1a59   0x78  Code  Gb  user_app_relay.o [1]
Relay_Respond_Pc_Box     0x800'19d9   0x40  Code  Gb  user_app_relay.o [1]
Reset_Chip               0x800'1249   0x1c  Code  Gb  user_comm_vending_machine.o [1]
Respond_Error_Temp       0x800'4e3b   0x30  Code  Gb  user_app_temperature.o [1]
Respond_PcBox            0x800'10f3    0xe  Code  Gb  user_comm_vending_machine.o [1]
RtCountSystick_u32      0x2000'16d4    0x4  Data  Gb  user_util.o [1]
S25FL_ChipSelect         0x800'2889   0x14  Code  Gb  S25FL216K.o [1]
S25FL_Send_Byte          0x800'289d   0x22  Code  Gb  S25FL216K.o [1]
SLOT_PIN                 0x800'15c0   0x14  Data  Lc  user_app_ctrl_motor.o [1]
SLOT_PORT               0x2000'00b0   0x28  Data  Lc  user_app_ctrl_motor.o [1]
SPI_EndRxTxTransaction   0x800'2c53   0x50  Code  Lc  stm32f4xx_hal_spi.o [1]
SPI_WaitFlagStateUntilTimeout
                         0x800'2b93   0xb4  Code  Lc  stm32f4xx_hal_spi.o [1]
SVC_Handler              0x800'5c63    0x2  Code  Gb  stm32f4xx_it.o [1]
Scale_To_Int             0x800'1101   0x34  Code  Gb  user_comm_vending_machine.o [1]
Set_Threshold_Temperature
                         0x800'4e6b   0x3a  Code  Gb  user_app_temperature.o [1]
Set_TimeResetPcBox       0x800'0b79   0x38  Code  Gb  user_app_pc_box.o [1]
Set_TimeTSVH             0x800'0aa9   0x76  Code  Gb  user_app_pc_box.o [1]
SetupTemp_Respond_Pc_Box_Setup
                         0x800'4ea5   0x4e  Code  Gb  user_app_temperature.o [1]
Setup_TimeCycle_Relay_Warm
                         0x800'178d   0x16  Code  Gb  user_app_relay.o [1]
Status_Power_Respond_PcBox
                         0x800'461f   0x34  Code  Gb  user_app_electric.o [1]
SysApp_Setting           0x800'3ae1   0x10  Code  Gb  user_app_comm.o [1]
SysTick_Handler          0x800'5c69    0xc  Code  Gb  stm32f4xx_it.o [1]
SystemClock_Config       0x800'3571   0xa4  Code  Gb  main.o [1]
SystemCoreClock         0x2000'000c    0x4  Data  Gb  system_stm32f4xx.o [1]
SystemInit               0x800'5dc9    0xc  Code  Gb  system_stm32f4xx.o [1]
TaskStatus_u8           0x2000'16cf    0x1  Data  Gb  user_app_comm.o [1]
Transmit_PCBOX           0x800'0927   0x16  Code  Gb  user_app_pc_box.o [1]
UART4_IRQHandler         0x800'5cab    0x6  Code  Gb  stm32f4xx_it.o [1]
UART_DMAAbortOnError     0x800'252d    0xc  Code  Lc  stm32f4xx_hal_uart.o [1]
UART_EndRxTransfer       0x800'24e3   0x2a  Code  Lc  stm32f4xx_hal_uart.o [1]
UART_Receive_IT          0x800'2539   0xaa  Code  Lc  stm32f4xx_hal_uart.o [1]
UART_SetConfig           0x800'260d   0xae  Code  Lc  stm32f4xx_hal_uart.o [1]
UART_Start_Receive_IT    0x800'2491   0x3a  Code  Gb  stm32f4xx_hal_uart.o [1]
UART_WaitOnFlagUntilTimeout
                         0x800'23fd   0x5e  Code  Lc  stm32f4xx_hal_uart.o [1]
USART2_IRQHandler        0x800'5c89    0x6  Code  Gb  stm32f4xx_it.o [1]
USART3_IRQHandler        0x800'5c8f    0x6  Code  Gb  stm32f4xx_it.o [1]
USART6_IRQHandler        0x800'5cb7    0x6  Code  Gb  stm32f4xx_it.o [1]
UTIL_MEM_set             0x800'0dff    0xe  Code  Gb  user_util.o [1]
UTIL_Printf              0x800'0e0d   0x10  Code  Gb  user_util.o [1]
UTIL_Printf_Str          0x800'0e1d   0x12  Code  Gb  user_util.o [1]
Uart485Buff             0x2000'166c   0x34  Data  Gb  user_uart.o [1]
Uart485RxByte           0x2000'12f5    0x1  Data  Gb  user_uart.o [1]
UartDebugBuff           0x2000'1394   0x64  Data  Gb  user_uart.o [1]
UartDebugRxByte         0x2000'12f4    0x1  Data  Gb  user_uart.o [1]
UartPcBoxBuff           0x2000'13f8   0x64  Data  Gb  user_uart.o [1]
UartPcBoxRxByte         0x2000'12f6    0x1  Data  Gb  user_uart.o [1]
UartSimRxByte           0x2000'1310    0x1  Data  Gb  user_uart.o [1]
UsageFault_Handler       0x800'5c61    0x2  Code  Gb  stm32f4xx_it.o [1]
Write_Flash_Using_Crc    0x800'0b49   0x2a  Code  Gb  user_app_pc_box.o [1]
Write_IdSlave_Electric_ExFlash
                         0x800'46bb   0x2a  Code  Gb  user_app_electric.o [1]
Write_Queue_Repond_PcBox
                         0x800'093d   0x26  Code  Gb  user_app_pc_box.o [1]
Write_Status_Electric_ExFlash
                         0x800'4665   0x2c  Code  Gb  user_app_electric.o [1]
Write_Status_Relay_ExFlash
                         0x800'1891   0x5a  Code  Gb  user_app_relay.o [1]
__NVIC_SetPriority       0x800'3621   0x1a  Code  Lc  stm32f4xx_hal_cortex.o [1]
__aeabi_ldiv0            0x800'3489         Code  Gb  I64DivZer.o [4]
__aeabi_memclr4          0x800'1ca9         Code  Gb  ABImemclr4.o [4]
__cmain                  0x800'5de9         Code  Gb  cmain.o [4]
__exit                   0x800'5e1d   0x14  Code  Gb  exit.o [5]
__iar_Memset4_word       0x800'2855         Code  Gb  ABImemset48.o [4]
__iar_Memset8_word       0x800'2855         Code  Gb  ABImemset48.o [4]
__iar_data_init3         0x800'5d5d   0x28  Code  Gb  data_init.o [4]
__iar_init_vfp           0x800'5d85         Code  Gb  fpinit_M.o [3]
__iar_lz77_init_single3
                         0x800'5ce5   0x78  Code  Gb  lz77_init_single.o [4]
__iar_program_start      0x800'5fc5         Code  Gb  cstartup_M.o [4]
__iar_small_Memcpy       0x800'2cbd         Code  Gb  ABImemcpy_small.o [4]
__iar_small_Memset       0x800'1fe5         Code  Gb  ABImemset_small.o [4]
__iar_small_Memset_word
                         0x800'1fe5         Code  Gb  ABImemset_small.o [4]
__iar_small_memcpy       0x800'2cb9         Code  Gb  ABImemcpy_small.o [4]
__iar_small_memcpy4      0x800'2cb9         Code  Gb  ABImemcpy_small.o [4]
__iar_small_memcpy8      0x800'2cb9         Code  Gb  ABImemcpy_small.o [4]
__iar_small_memset       0x800'1fe5         Code  Gb  ABImemset_small.o [4]
__iar_small_strlen       0x800'26d5         Code  Gb  strlen_small.o [4]
__iar_small_uldivmod     0x800'2739         Code  Gb  I64DivMod_small.o [4]
__iar_zero_init3         0x800'1caf   0x3a  Code  Gb  zero_init3.o [4]
__low_level_init         0x800'5e07    0x4  Code  Gb  low_level_init.o [2]
__vector_table           0x800'0000         Data  Gb  startup_stm32f405xx.o [1]
_call_main               0x800'5df5         Code  Gb  cmain.o [4]
_exit                    0x800'5e11         Code  Gb  cexit.o [4]
_fAPP_FIX_MOTOR          0x800'538d   0x1e  Code  Gb  user_at_serial.o [1]
_fAPP_PUSH_MOTOR         0x800'53ab   0x56  Code  Gb  user_at_serial.o [1]
_fCTRL_RELAY_LAMP        0x800'56f7   0x22  Code  Gb  user_at_serial.o [1]
_fCTRL_RELAY_SCREEN      0x800'56d5   0x22  Code  Gb  user_at_serial.o [1]
_fCTRL_RELAY_WARM        0x800'5719   0x30  Code  Gb  user_at_serial.o [1]
_fGET_ID_SLAVE           0x800'5661   0x22  Code  Gb  user_at_serial.o [1]
_fGET_SERI_DCU           0x800'54a5   0x18  Code  Gb  user_at_serial.o [1]
_fGET_SETUP_TEMP         0x800'553d   0x26  Code  Gb  user_at_serial.o [1]
_fGET_THRESH_TEMP        0x800'55d3   0x22  Code  Gb  user_at_serial.o [1]
_fGET_TIME_PCBOX_RESET   0x800'543f    0xc  Code  Gb  user_at_serial.o [1]
_fGET_TIME_TSVH          0x800'5401    0xe  Code  Gb  user_at_serial.o [1]
_fGET_TIME_WARM_RUN      0x800'5749   0x18  Code  Gb  user_at_serial.o [1]
_fGET_TIME_WARM_WAIT     0x800'5785   0x18  Code  Gb  user_at_serial.o [1]
_fGET_USING_CRC          0x800'57bf   0x26  Code  Gb  user_at_serial.o [1]
_fRESET_DCU              0x800'5355   0x2e  Code  Gb  user_at_serial.o [1]
_fRESET_PCBOX            0x800'5383    0xa  Code  Gb  user_at_serial.o [1]
_fSET_ID_SLAVE           0x800'5689   0x28  Code  Gb  user_at_serial.o [1]
_fSET_SERI_DCU           0x800'54bd   0x80  Code  Gb  user_at_serial.o [1]
_fSET_SETUP_TEMP         0x800'5563   0x46  Code  Gb  user_at_serial.o [1]
_fSET_THRESH_TEMP        0x800'560b   0x42  Code  Gb  user_at_serial.o [1]
_fSET_TIME_PCBOX_RESET   0x800'5487   0x1e  Code  Gb  user_at_serial.o [1]
_fSET_TIME_TSVH          0x800'540f   0x1c  Code  Gb  user_at_serial.o [1]
_fSET_TIME_WARM_RUN      0x800'5761   0x22  Code  Gb  user_at_serial.o [1]
_fSET_TIME_WARM_WAIT     0x800'579d   0x22  Code  Gb  user_at_serial.o [1]
_fSET_USING_CRC          0x800'57e5   0x3c  Code  Gb  user_at_serial.o [1]
_main                    0x800'5e03         Code  Gb  cmain.o [4]
aBuffer_Ping            0x2000'16a0   0x14  Data  Gb  user_app_pc_box.o [1]
aDATA_CONFIG            0x2000'1314   0x80  Data  Gb  user_at_serial.o [1]
aDCU_ID                 0x2000'1110   0x14  Data  Gb  user_app_pc_box.o [1]
eFlash_S25FL_BufferRead
                         0x800'1e67   0x60  Code  Gb  user_external_flash.o [1]
eFlash_S25FL_BufferWrite
                         0x800'1e2b   0x34  Code  Gb  user_external_flash.o [1]
eFlash_S25FL_CheckWriteEnable
                         0x800'1d85   0x28  Code  Gb  user_external_flash.o [1]
eFlash_S25FL_Enable      0x800'1cef   0x16  Code  Gb  user_external_flash.o [1]
eFlash_S25FL_Erase_Sector
                         0x800'1d05   0x4a  Code  Gb  user_external_flash.o [1]
eFlash_S25FL_PageWrite   0x800'1dc7   0x5c  Code  Gb  user_external_flash.o [1]
eFlash_S25FL_WaitForWriteEnd
                         0x800'1d55   0x2a  Code  Gb  user_external_flash.o [1]
exit                     0x800'5e0b    0x4  Code  Gb  exit.o [2]
fevent_active            0x800'0e45   0x10  Code  Gb  event_driven.o [1]
fevent_at_debug_complete_receive
                         0x800'48dd   0x20  Code  Lc  user_app_at_debug.o [1]
fevent_at_debug_entry    0x800'489d   0x18  Code  Lc  user_app_at_debug.o [1]
fevent_at_debug_receive_handle
                         0x800'48b5   0x28  Code  Lc  user_app_at_debug.o [1]
fevent_at_debug_receive_handle::countBuffer_uart
                        0x2000'0040    0x2  Data  Lc  user_app_at_debug.o [1]
fevent_control_led_pcbox
                         0x800'168d   0x3e  Code  Lc  user_app_relay.o [1]
fevent_control_led_slave
                         0x800'16cb   0x1c  Code  Lc  user_app_relay.o [1]
fevent_control_led_status
                         0x800'1659   0x34  Code  Lc  user_app_relay.o [1]
fevent_control_motor_push
                         0x800'128d   0x32  Code  Lc  user_app_ctrl_motor.o [1]
fevent_dcu_ping_pc_box   0x800'07d7   0x52  Code  Lc  user_app_pc_box.o [1]
fevent_disable           0x800'0e69    0xc  Code  Gb  event_driven.o [1]
fevent_door_ctrl_respond
                         0x800'49a1   0x6e  Code  Lc  user_app_door_sensor.o [1]
fevent_door_ctrl_respond::On_RL_Warm
                        0x2000'16ce    0x1  Data  Lc  user_app_door_sensor.o [1]
fevent_door_ctrl_respond::status
                        0x2000'16cd    0x1  Data  Lc  user_app_door_sensor.o [1]
fevent_door_ctrl_respond::status_before
                        0x2000'16cc    0x1  Data  Lc  user_app_door_sensor.o [1]
fevent_door_entry        0x800'4951    0xe  Code  Lc  user_app_door_sensor.o [1]
fevent_door_respond_pc_box
                         0x800'4a0f   0x38  Code  Lc  user_app_door_sensor.o [1]
fevent_door_sensor       0x800'495f   0x42  Code  Lc  user_app_door_sensor.o [1]
fevent_electric_change_status_power
                         0x800'4533   0x6e  Code  Lc  user_app_electric.o [1]
fevent_electric_entry    0x800'4359   0x14  Code  Lc  user_app_electric.o [1]
fevent_electric_handle_485
                         0x800'4417  0x108  Code  Lc  user_app_electric.o [1]
fevent_electric_handle_485::CountStateConnect
                        0x2000'01ad    0x1  Data  Lc  user_app_electric.o [1]
fevent_electric_handle_485::CountStatePower
                        0x2000'01ac    0x1  Data  Lc  user_app_electric.o [1]
fevent_electric_handle_power
                         0x800'45a9   0x68  Code  Lc  user_app_electric.o [1]
fevent_electric_init_uart
                         0x800'4611    0xe  Code  Lc  user_app_electric.o [1]
fevent_electric_receive_485
                         0x800'43e7   0x30  Code  Lc  user_app_electric.o [1]
fevent_electric_receive_485::countBuffer_uart
                        0x2000'16d8    0x2  Data  Lc  user_app_electric.o [1]
fevent_electric_send_meter
                         0x800'451f    0xc  Code  Lc  user_app_electric.o [1]
fevent_electric_transmit_485
                         0x800'436d   0x7a  Code  Lc  user_app_electric.o [1]
fevent_enable            0x800'0e55   0x14  Code  Gb  event_driven.o [1]
fevent_input_motor_push
                         0x800'12bf   0x44  Code  Lc  user_app_ctrl_motor.o [1]
fevent_motor_entry       0x800'1275   0x18  Code  Lc  user_app_ctrl_motor.o [1]
fevent_motor_push_off_error
                         0x800'1303   0x16  Code  Lc  user_app_ctrl_motor.o [1]
fevent_pcbox_complete_receive
                         0x800'024f  0x2f8  Code  Lc  user_app_pc_box.o [1]
fevent_pcbox_entry       0x800'0189   0x66  Code  Lc  user_app_pc_box.o [1]
fevent_pcbox_get_dcu_ID
                         0x800'0671   0x52  Code  Lc  user_app_pc_box.o [1]
fevent_pcbox_log_tsvh    0x800'0579   0x3c  Code  Lc  user_app_pc_box.o [1]
fevent_pcbox_ping_dcu    0x800'05b5   0x40  Code  Lc  user_app_pc_box.o [1]
fevent_pcbox_receive_handle
                         0x800'021f   0x30  Code  Lc  user_app_pc_box.o [1]
fevent_pcbox_receive_handle::countBuffer_uart
                        0x2000'16da    0x2  Data  Lc  user_app_pc_box.o [1]
fevent_pcbox_set_dcu_ID
                         0x800'05f5   0x7c  Code  Lc  user_app_pc_box.o [1]
fevent_queue_respond_immediately
                         0x800'0749   0x46  Code  Lc  user_app_pc_box.o [1]
fevent_queue_respond_time
                         0x800'078f   0x48  Code  Lc  user_app_pc_box.o [1]
fevent_refresh_dcu       0x800'08c9   0x5e  Code  Lc  user_app_pc_box.o [1]
fevent_relay_entry       0x800'15d5   0x22  Code  Lc  user_app_relay.o [1]
fevent_relay_warm_off    0x800'1635   0x24  Code  Lc  user_app_relay.o [1]
fevent_relay_warm_on     0x800'160f   0x26  Code  Lc  user_app_relay.o [1]
fevent_relay_warm_refresh
                         0x800'15f7   0x18  Code  Lc  user_app_relay.o [1]
fevent_reset_dcu         0x800'06d1   0x62  Code  Lc  user_app_pc_box.o [1]
fevent_reset_pc_box      0x800'083d   0x66  Code  Lc  user_app_pc_box.o [1]
fevent_reset_pc_box::state_reset
                        0x2000'10fc    0x1  Data  Lc  user_app_pc_box.o [1]
fevent_respond_pcbox     0x800'1319   0xa6  Code  Lc  user_app_ctrl_motor.o [1]
fevent_temp_calculator   0x800'4c01  0x126  Code  Lc  user_app_temperature.o [1]
fevent_temp_ctrl_fridge
                         0x800'4d71   0x7e  Code  Lc  user_app_temperature.o [1]
fevent_temp_entry        0x800'4b69   0x40  Code  Lc  user_app_temperature.o [1]
fevent_temp_entry::once
                        0x2000'1264    0x1  Data  Lc  user_app_temperature.o [1]
fevent_temp_get_adc      0x800'4ba9   0x56  Code  Lc  user_app_temperature.o [1]
fevent_temp_get_adc::count
                        0x2000'1265    0x1  Data  Lc  user_app_temperature.o [1]
fevent_temp_off_fridge_frozen
                         0x800'4dfd   0x20  Code  Lc  user_app_temperature.o [1]
fevent_temp_read_setuptemp
                         0x800'4d3d   0x34  Code  Lc  user_app_temperature.o [1]
fevent_temp_respond_error
                         0x800'4e1d   0x1e  Code  Lc  user_app_temperature.o [1]
fevent_temp_set_setuptemp
                         0x800'4d27   0x16  Code  Lc  user_app_temperature.o [1]
fevent_temp_time_get     0x800'4def    0xe  Code  Lc  user_app_temperature.o [1]
fevent_vib_led_warning   0x800'518f   0x76  Code  Lc  user_app_vib_sensor.o [1]
fevent_vib_led_warning::Count_Morse
                        0x2000'16dd    0x1  Data  Lc  user_app_vib_sensor.o [1]
fevent_vib_led_warning::Count_Toggle
                        0x2000'16dc    0x1  Data  Lc  user_app_vib_sensor.o [1]
fevent_vib_off_alarm     0x800'517d   0x12  Code  Lc  user_app_vib_sensor.o [1]
fevent_vib_sensor        0x800'50dd   0x94  Code  Lc  user_app_vib_sensor.o [1]
fevent_vib_sensor::GetTickLevelAlarm
                        0x2000'12f0    0x4  Data  Lc  user_app_vib_sensor.o [1]
fevent_vib_sensor_entry
                         0x800'5099    0xe  Code  Lc  user_app_vib_sensor.o [1]
fevent_vib_sensor_scan   0x800'50a7   0x36  Code  Lc  user_app_vib_sensor.o [1]
fevent_wait_reset_pc_box
                         0x800'08ad   0x1c  Code  Lc  user_app_pc_box.o [1]
fevent_wdg_stm32f4       0x800'01ef   0x30  Code  Lc  user_app_pc_box.o [1]
hadc1                   0x2000'1514   0x48  Data  Gb  adc.o [1]
hdma_adc1               0x2000'145c   0x60  Data  Gb  adc.o [1]
hspi2                   0x2000'14bc   0x58  Data  Gb  spi.o [1]
huart2                  0x2000'15a0   0x44  Data  Gb  usart.o [1]
huart3                  0x2000'15e4   0x44  Data  Gb  usart.o [1]
huart4                  0x2000'155c   0x44  Data  Gb  usart.o [1]
huart6                  0x2000'1628   0x44  Data  Gb  usart.o [1]
main                     0x800'3541   0x30  Code  Gb  main.o [1]
memset                   0x800'283f   0x14  Code  Gb  memset.o [4]
qGet_Number_Items        0x800'1fd3    0x4  Code  Gb  queue_p.o [1]
qQueue_Create            0x800'1f11   0x22  Code  Gb  queue_p.o [1]
qQueue_Receive           0x800'1f91   0x42  Code  Gb  queue_p.o [1]
qQueue_Send              0x800'1f33   0x5e  Code  Gb  queue_p.o [1]
qRespondPcBox           0x2000'10d4   0x18  Data  Gb  user_app_pc_box.o [1]
sBuffer_Ping            0x2000'1100    0x8  Data  Gb  user_app_pc_box.o [1]
sDCU_ID                 0x2000'1108    0x8  Data  Gb  user_app_pc_box.o [1]
sElectric               0x2000'0198   0x14  Data  Gb  user_app_electric.o [1]
sEventAppAtDebug        0x2000'0010   0x30  Data  Gb  user_app_at_debug.o [1]
sEventAppDoorSensor     0x2000'00d8   0x40  Data  Gb  user_app_door_sensor.o [1]
sEventAppElectric       0x2000'0118   0x80  Data  Gb  user_app_electric.o [1]
sEventAppMotor          0x2000'0044   0x50  Data  Gb  user_app_ctrl_motor.o [1]
sEventAppPcBox          0x2000'01b0   0xf0  Data  Gb  user_app_pc_box.o [1]
sEventAppRelay          0x2000'1124   0x70  Data  Gb  user_app_relay.o [1]
sEventAppTemperature    0x2000'11cc   0x90  Data  Gb  user_app_temperature.o [1]
sEventAppVibSensor      0x2000'1290   0x50  Data  Gb  user_app_vib_sensor.o [1]
sInforPush              0x2000'16bc    0x4  Data  Gb  user_app_ctrl_motor.o [1]
sParamPcBox             0x2000'10f4    0x8  Data  Gb  user_app_pc_box.o [1]
sPushMotor              0x2000'16b4    0x8  Data  Gb  user_app_ctrl_motor.o [1]
sQueueReadData          0x2000'02a0   0x24  Data  Gb  user_app_pc_box.o [1]
sQueueRespondPcBox      0x2000'02c4  0xe10  Data  Gb  user_app_pc_box.o [1]
sStatusApp              0x2000'10ec    0x8  Data  Gb  user_app_pc_box.o [1]
sStatusDoor             0x2000'16c8    0x4  Data  Gb  user_app_door_sensor.o [1]
sStatusRelay            0x2000'16c0    0x8  Data  Gb  user_app_relay.o [1]
sStatusVib              0x2000'1280   0x10  Data  Gb  user_app_vib_sensor.o [1]
sStatusVib_Scan         0x2000'12e0   0x10  Data  Gb  user_app_vib_sensor.o [1]
sTemp_Crtl_Fridge       0x2000'125c    0x4  Data  Gb  user_app_temperature.o [1]
sTemp_Thresh_Recv       0x2000'16d0    0x4  Data  Gb  user_app_temperature.o [1]
sTemperature            0x2000'1260    0x4  Data  Gb  user_app_temperature.o [1]
sTimeCycleWarm          0x2000'1312    0x2  Data  Gb  user_app_relay.o [1]
sUart485                0x2000'1300    0x8  Data  Gb  user_uart.o [1]
sUartDebug              0x2000'12f8    0x8  Data  Gb  user_uart.o [1]
sUartPcBox              0x2000'1308    0x8  Data  Gb  user_uart.o [1]
uwTick                  0x2000'0004    0x4  Data  Gb  stm32f4xx_hal.o [1]
uwTickFreq              0x2000'0000    0x1  Data  Gb  stm32f4xx_hal.o [1]
uwTickPrio              0x2000'0008    0x4  Data  Gb  stm32f4xx_hal.o [1]


[1] = D:\Saoviet_Git\Saoviet_Vending_Machine\Saoviet_Maybanhang\EWARM\Saoviet_Maybanhang\Obj
[2] = dl7M_tlf.a
[3] = m7M_tls.a
[4] = rt7M_tl.a
[5] = shb_l.a

  23'964 bytes of readonly  code memory
   1'454 bytes of readonly  data memory
   6'880 bytes of readwrite data memory

Errors: none
Warnings: none
