###############################################################################
#
# IAR ELF Linker V8.40.2.214/W32 for ARM                  25/Aug/2023  17:47:24
# Copyright 2007-2019 IAR Systems AB.
#
#    Output file  =
#        D:\Saoviet_Git\Saoviet_Vending_Machine\Saoviet_Maybanhang\EWARM\Saoviet_Maybanhang\Exe\Saoviet_Maybanhang.out
#    Map file     =
#        D:\Saoviet_Git\Saoviet_Vending_Machine\Saoviet_Maybanhang\EWARM\Saoviet_Maybanhang\List\Saoviet_Maybanhang.map
#    Command line =
#        -f C:\Users\PC\AppData\Local\Temp\EW851E.tmp
#        (D:\Saoviet_Git\Saoviet_Vending_Machine\Saoviet_Maybanhang\EWARM\Saoviet_Maybanhang\Obj\adc.o
#        D:\Saoviet_Git\Saoviet_Vending_Machine\Saoviet_Maybanhang\EWARM\Saoviet_Maybanhang\Obj\dma.o
#        D:\Saoviet_Git\Saoviet_Vending_Machine\Saoviet_Maybanhang\EWARM\Saoviet_Maybanhang\Obj\event_driven.o
#        D:\Saoviet_Git\Saoviet_Vending_Machine\Saoviet_Maybanhang\EWARM\Saoviet_Maybanhang\Obj\gpio.o
#        D:\Saoviet_Git\Saoviet_Vending_Machine\Saoviet_Maybanhang\EWARM\Saoviet_Maybanhang\Obj\main.o
#        D:\Saoviet_Git\Saoviet_Vending_Machine\Saoviet_Maybanhang\EWARM\Saoviet_Maybanhang\Obj\onchipflash.o
#        D:\Saoviet_Git\Saoviet_Vending_Machine\Saoviet_Maybanhang\EWARM\Saoviet_Maybanhang\Obj\queue_p.o
#        D:\Saoviet_Git\Saoviet_Vending_Machine\Saoviet_Maybanhang\EWARM\Saoviet_Maybanhang\Obj\S25FL216K.o
#        D:\Saoviet_Git\Saoviet_Vending_Machine\Saoviet_Maybanhang\EWARM\Saoviet_Maybanhang\Obj\spi.o
#        D:\Saoviet_Git\Saoviet_Vending_Machine\Saoviet_Maybanhang\EWARM\Saoviet_Maybanhang\Obj\startup_stm32f405xx.o
#        D:\Saoviet_Git\Saoviet_Vending_Machine\Saoviet_Maybanhang\EWARM\Saoviet_Maybanhang\Obj\stm32f4xx_hal.o
#        D:\Saoviet_Git\Saoviet_Vending_Machine\Saoviet_Maybanhang\EWARM\Saoviet_Maybanhang\Obj\stm32f4xx_hal_adc.o
#        D:\Saoviet_Git\Saoviet_Vending_Machine\Saoviet_Maybanhang\EWARM\Saoviet_Maybanhang\Obj\stm32f4xx_hal_adc_ex.o
#        D:\Saoviet_Git\Saoviet_Vending_Machine\Saoviet_Maybanhang\EWARM\Saoviet_Maybanhang\Obj\stm32f4xx_hal_cortex.o
#        D:\Saoviet_Git\Saoviet_Vending_Machine\Saoviet_Maybanhang\EWARM\Saoviet_Maybanhang\Obj\stm32f4xx_hal_dma.o
#        D:\Saoviet_Git\Saoviet_Vending_Machine\Saoviet_Maybanhang\EWARM\Saoviet_Maybanhang\Obj\stm32f4xx_hal_dma_ex.o
#        D:\Saoviet_Git\Saoviet_Vending_Machine\Saoviet_Maybanhang\EWARM\Saoviet_Maybanhang\Obj\stm32f4xx_hal_exti.o
#        D:\Saoviet_Git\Saoviet_Vending_Machine\Saoviet_Maybanhang\EWARM\Saoviet_Maybanhang\Obj\stm32f4xx_hal_flash.o
#        D:\Saoviet_Git\Saoviet_Vending_Machine\Saoviet_Maybanhang\EWARM\Saoviet_Maybanhang\Obj\stm32f4xx_hal_flash_ex.o
#        D:\Saoviet_Git\Saoviet_Vending_Machine\Saoviet_Maybanhang\EWARM\Saoviet_Maybanhang\Obj\stm32f4xx_hal_flash_ramfunc.o
#        D:\Saoviet_Git\Saoviet_Vending_Machine\Saoviet_Maybanhang\EWARM\Saoviet_Maybanhang\Obj\stm32f4xx_hal_gpio.o
#        D:\Saoviet_Git\Saoviet_Vending_Machine\Saoviet_Maybanhang\EWARM\Saoviet_Maybanhang\Obj\stm32f4xx_hal_msp.o
#        D:\Saoviet_Git\Saoviet_Vending_Machine\Saoviet_Maybanhang\EWARM\Saoviet_Maybanhang\Obj\stm32f4xx_hal_pwr.o
#        D:\Saoviet_Git\Saoviet_Vending_Machine\Saoviet_Maybanhang\EWARM\Saoviet_Maybanhang\Obj\stm32f4xx_hal_pwr_ex.o
#        D:\Saoviet_Git\Saoviet_Vending_Machine\Saoviet_Maybanhang\EWARM\Saoviet_Maybanhang\Obj\stm32f4xx_hal_rcc.o
#        D:\Saoviet_Git\Saoviet_Vending_Machine\Saoviet_Maybanhang\EWARM\Saoviet_Maybanhang\Obj\stm32f4xx_hal_rcc_ex.o
#        D:\Saoviet_Git\Saoviet_Vending_Machine\Saoviet_Maybanhang\EWARM\Saoviet_Maybanhang\Obj\stm32f4xx_hal_spi.o
#        D:\Saoviet_Git\Saoviet_Vending_Machine\Saoviet_Maybanhang\EWARM\Saoviet_Maybanhang\Obj\stm32f4xx_hal_tim.o
#        D:\Saoviet_Git\Saoviet_Vending_Machine\Saoviet_Maybanhang\EWARM\Saoviet_Maybanhang\Obj\stm32f4xx_hal_tim_ex.o
#        D:\Saoviet_Git\Saoviet_Vending_Machine\Saoviet_Maybanhang\EWARM\Saoviet_Maybanhang\Obj\stm32f4xx_hal_uart.o
#        D:\Saoviet_Git\Saoviet_Vending_Machine\Saoviet_Maybanhang\EWARM\Saoviet_Maybanhang\Obj\stm32f4xx_it.o
#        D:\Saoviet_Git\Saoviet_Vending_Machine\Saoviet_Maybanhang\EWARM\Saoviet_Maybanhang\Obj\stm32f4xx_ll_adc.o
#        D:\Saoviet_Git\Saoviet_Vending_Machine\Saoviet_Maybanhang\EWARM\Saoviet_Maybanhang\Obj\system_stm32f4xx.o
#        D:\Saoviet_Git\Saoviet_Vending_Machine\Saoviet_Maybanhang\EWARM\Saoviet_Maybanhang\Obj\usart.o
#        D:\Saoviet_Git\Saoviet_Vending_Machine\Saoviet_Maybanhang\EWARM\Saoviet_Maybanhang\Obj\user_app_at_debug.o
#        D:\Saoviet_Git\Saoviet_Vending_Machine\Saoviet_Maybanhang\EWARM\Saoviet_Maybanhang\Obj\user_app_comm.o
#        D:\Saoviet_Git\Saoviet_Vending_Machine\Saoviet_Maybanhang\EWARM\Saoviet_Maybanhang\Obj\user_app_ctrl_motor.o
#        D:\Saoviet_Git\Saoviet_Vending_Machine\Saoviet_Maybanhang\EWARM\Saoviet_Maybanhang\Obj\user_app_door_sensor.o
#        D:\Saoviet_Git\Saoviet_Vending_Machine\Saoviet_Maybanhang\EWARM\Saoviet_Maybanhang\Obj\user_app_electric.o
#        D:\Saoviet_Git\Saoviet_Vending_Machine\Saoviet_Maybanhang\EWARM\Saoviet_Maybanhang\Obj\user_app_pc_box.o
#        D:\Saoviet_Git\Saoviet_Vending_Machine\Saoviet_Maybanhang\EWARM\Saoviet_Maybanhang\Obj\user_app_relay.o
#        D:\Saoviet_Git\Saoviet_Vending_Machine\Saoviet_Maybanhang\EWARM\Saoviet_Maybanhang\Obj\user_app_temperature.o
#        D:\Saoviet_Git\Saoviet_Vending_Machine\Saoviet_Maybanhang\EWARM\Saoviet_Maybanhang\Obj\user_app_vib_sensor.o
#        D:\Saoviet_Git\Saoviet_Vending_Machine\Saoviet_Maybanhang\EWARM\Saoviet_Maybanhang\Obj\user_at_serial.o
#        D:\Saoviet_Git\Saoviet_Vending_Machine\Saoviet_Maybanhang\EWARM\Saoviet_Maybanhang\Obj\user_comm_vending_machine.o
#        D:\Saoviet_Git\Saoviet_Vending_Machine\Saoviet_Maybanhang\EWARM\Saoviet_Maybanhang\Obj\user_external_flash.o
#        D:\Saoviet_Git\Saoviet_Vending_Machine\Saoviet_Maybanhang\EWARM\Saoviet_Maybanhang\Obj\user_internal_mem.o
#        D:\Saoviet_Git\Saoviet_Vending_Machine\Saoviet_Maybanhang\EWARM\Saoviet_Maybanhang\Obj\user_irq_input.o
#        D:\Saoviet_Git\Saoviet_Vending_Machine\Saoviet_Maybanhang\EWARM\Saoviet_Maybanhang\Obj\user_modbus_rtu.o
#        D:\Saoviet_Git\Saoviet_Vending_Machine\Saoviet_Maybanhang\EWARM\Saoviet_Maybanhang\Obj\user_string.o
#        D:\Saoviet_Git\Saoviet_Vending_Machine\Saoviet_Maybanhang\EWARM\Saoviet_Maybanhang\Obj\user_uart.o
#        D:\Saoviet_Git\Saoviet_Vending_Machine\Saoviet_Maybanhang\EWARM\Saoviet_Maybanhang\Obj\user_util.o
#        --no_out_extension -o
#        D:\Saoviet_Git\Saoviet_Vending_Machine\Saoviet_Maybanhang\EWARM\Saoviet_Maybanhang\Exe\Saoviet_Maybanhang.out
#        --redirect _Printf=_PrintfFullNoMb --redirect _Scanf=_ScanfFullNoMb
#        --map
#        D:\Saoviet_Git\Saoviet_Vending_Machine\Saoviet_Maybanhang\EWARM\Saoviet_Maybanhang\List\Saoviet_Maybanhang.map
#        --config
#        D:\Saoviet_Git\Saoviet_Vending_Machine\Saoviet_Maybanhang\EWARM/stm32f405xx_flash.icf
#        --semihosting --entry __iar_program_start --vfe --text_out locale)
#
###############################################################################

*******************************************************************************
*** RUNTIME MODEL ATTRIBUTES
***

CppFlavor       = *
__SystemLibrary = DLib
__dlib_version  = 6


*******************************************************************************
*** HEAP SELECTION
***

The basic heap was selected because no calls to memory allocation
functions were found in the application outside of system library
functions, and there are calls to deallocation functions in the
application.


*******************************************************************************
*** PLACEMENT SUMMARY
***

"A0":  place at address 0x800'0000 { ro section .intvec };
"P1":  place in [from 0x800'0000 to 0x80f'ffff] { ro };
define block CSTACK with size = 1K, alignment = 8 { };
define block HEAP with size = 512, alignment = 8 { };
"P2":  place in [from 0x2000'0000 to 0x2001'ffff] {
          rw, block CSTACK, block HEAP };
initialize by copy { rw };

  Section            Kind         Address    Size  Object
  -------            ----         -------    ----  ------
"A0":                                       0x188
  .intvec            ro code   0x800'0000   0x188  startup_stm32f405xx.o [1]
                             - 0x800'0188   0x188

"P1":                                      0x4c68
  .text              ro code   0x800'0188   0x6fc  user_app_pc_box.o [1]
  .text              ro code   0x800'0884   0x214  stm32f4xx_hal_gpio.o [1]
  .text              ro code   0x800'0a98    0x28  stm32f4xx_hal.o [1]
  .text              ro code   0x800'0ac0    0x30  event_driven.o [1]
  .text              ro code   0x800'0af0   0x178  user_comm_vending_machine.o [1]
  .text              ro code   0x800'0c68    0xc0  user_uart.o [1]
  .text              ro code   0x800'0d28    0xe8  user_util.o [1]
  .text              ro code   0x800'0e10     0x6  ABImemclr4.o [4]
  .text              ro code   0x800'0e16    0x3a  zero_init3.o [4]
  .text              ro code   0x800'0e50   0x228  user_external_flash.o [1]
  .text              ro code   0x800'1078    0xc6  queue_p.o [1]
  .text              ro code   0x800'1140   0x45c  user_app_relay.o [1]
  .text              ro code   0x800'159c     0xc  stm32f4xx_hal.o [1]
  .text              ro code   0x800'15a8    0x50  user_irq_input.o [1]
  .text              ro code   0x800'15f8   0x6dc  stm32f4xx_hal_uart.o [1]
  .text              ro code   0x800'1cd4    0x12  ABImemset_small.o [4]
  .text              ro code   0x800'1ce8    0x14  strlen_small.o [4]
  .text              ro code   0x800'1cfc    0x32  ABImemset48.o [4]
  .text              ro code   0x800'1d30    0x40  S25FL216K.o [1]
  .text              ro code   0x800'1d70   0x3f0  stm32f4xx_hal_spi.o [1]
  .text              ro code   0x800'2160    0x18  ABImemcpy_small.o [4]
  .text              ro code   0x800'2178    0x14  memset.o [4]
  .text              ro code   0x800'218c   0x204  usart.o [1]
  .text              ro code   0x800'2390   0x3fc  stm32f4xx_hal_dma.o [1]
  .text              ro code   0x800'278c     0x2  stm32f4xx_hal_uart.o [1]
  .text              ro code   0x800'278e     0x2  stm32f4xx_hal_uart.o [1]
  .text              ro code   0x800'2790     0x2  stm32f4xx_hal_uart.o [1]
  .text              ro code   0x800'2794   0x1ac  stm32f4xx_hal_rcc.o [1]
  .text              ro code   0x800'2940   0x106  I64DivMod_small.o [4]
  .text              ro code   0x800'2a48    0xb4  spi.o [1]
  .text              ro code   0x800'2afc    0xe0  main.o [1]
  .text              ro code   0x800'2bdc    0xc4  stm32f4xx_hal_cortex.o [1]
  .text              ro code   0x800'2ca0    0x40  stm32f4xx_hal.o [1]
  .text              ro code   0x800'2ce0     0x2  I64DivZer.o [4]
  .text              ro code   0x800'2ce4    0x34  stm32f4xx_hal.o [1]
  .text              ro code   0x800'2d18   0x21c  gpio.o [1]
  .text              ro code   0x800'2f34    0x34  dma.o [1]
  .text              ro code   0x800'2f68   0x138  adc.o [1]
  .text              ro code   0x800'30a0    0x78  user_app_comm.o [1]
  .text              ro code   0x800'3118   0x31c  stm32f4xx_hal_rcc.o [1]
  .text              ro code   0x800'3434    0x38  stm32f4xx_hal_msp.o [1]
  .text              ro code   0x800'346c   0x492  stm32f4xx_hal_adc.o [1]
  .text              ro code   0x800'3900   0x3f8  user_app_temperature.o [1]
  .text              ro code   0x800'3cf8    0x9c  user_app_at_debug.o [1]
  .text              ro code   0x800'3d94   0x2f4  user_app_ctrl_motor.o [1]
  .text              ro code   0x800'4088   0x1e4  user_app_door_sensor.o [1]
  .text              ro code   0x800'426c   0x168  user_app_electric.o [1]
  .text              ro code   0x800'43d4   0x164  user_app_vib_sensor.o [1]
  .text              ro code   0x800'4538     0x2  stm32f4xx_hal_adc.o [1]
  .text              ro code   0x800'453a     0x2  stm32f4xx_hal_adc.o [1]
  .text              ro code   0x800'453c     0x2  stm32f4xx_hal_adc.o [1]
  .text              ro code   0x800'4540   0x1f8  user_at_serial.o [1]
  .text              ro code   0x800'4738   0x136  user_string.o [1]
  .text              ro code   0x800'4870    0x7c  stm32f4xx_it.o [1]
  .text              ro code   0x800'48ec    0x10  stm32f4xx_hal.o [1]
  .text              ro code   0x800'48fc    0x78  lz77_init_single.o [4]
  .rodata            const     0x800'4974    0x60  user_at_serial.o [1]
  .text              ro code   0x800'49d4    0x28  data_init.o [4]
  .text              ro code   0x800'49fc    0x22  fpinit_M.o [3]
  .iar.init_table    const     0x800'4a20    0x20  - Linker created -
  .text              ro code   0x800'4a40    0x20  system_stm32f4xx.o [1]
  .text              ro code   0x800'4a60    0x1e  cmain.o [4]
  .text              ro code   0x800'4a7e     0x4  low_level_init.o [2]
  .text              ro code   0x800'4a82     0x4  exit.o [2]
  .text              ro code   0x800'4a88     0xa  cexit.o [4]
  .text              ro code   0x800'4a94    0x14  exit.o [5]
  .rodata            const     0x800'4aa8    0x10  user_at_serial.o [1]
  .rodata            const     0x800'4ab8    0x10  user_at_serial.o [1]
  .text              ro code   0x800'4ac8    0x10  startup_stm32f405xx.o [1]
  .rodata            const     0x800'4ad8     0xc  user_at_serial.o [1]
  .rodata            const     0x800'4ae4     0xc  user_at_serial.o [1]
  .rodata            const     0x800'4af0     0xc  user_at_serial.o [1]
  .text              ro code   0x800'4afc     0xc  cstartup_M.o [4]
  .rodata            const     0x800'4b08     0x8  system_stm32f4xx.o [1]
  .rodata            const     0x800'4b10     0x8  user_at_serial.o [1]
  .text              ro code   0x800'4b18     0x4  startup_stm32f405xx.o [1]
  .text              ro code   0x800'4b1c     0x4  startup_stm32f405xx.o [1]
  .text              ro code   0x800'4b20     0x4  startup_stm32f405xx.o [1]
  .text              ro code   0x800'4b24     0x4  startup_stm32f405xx.o [1]
  .text              ro code   0x800'4b28     0x4  startup_stm32f405xx.o [1]
  .text              ro code   0x800'4b2c     0x4  startup_stm32f405xx.o [1]
  .text              ro code   0x800'4b30     0x4  startup_stm32f405xx.o [1]
  .text              ro code   0x800'4b34     0x4  startup_stm32f405xx.o [1]
  .text              ro code   0x800'4b38     0x4  startup_stm32f405xx.o [1]
  .text              ro code   0x800'4b3c     0x4  startup_stm32f405xx.o [1]
  .text              ro code   0x800'4b40     0x4  startup_stm32f405xx.o [1]
  .text              ro code   0x800'4b44     0x4  startup_stm32f405xx.o [1]
  .text              ro code   0x800'4b48     0x4  startup_stm32f405xx.o [1]
  .text              ro code   0x800'4b4c     0x4  startup_stm32f405xx.o [1]
  .text              ro code   0x800'4b50     0x4  startup_stm32f405xx.o [1]
  .text              ro code   0x800'4b54     0x4  startup_stm32f405xx.o [1]
  .text              ro code   0x800'4b58     0x4  startup_stm32f405xx.o [1]
  .text              ro code   0x800'4b5c     0x4  startup_stm32f405xx.o [1]
  .text              ro code   0x800'4b60     0x4  startup_stm32f405xx.o [1]
  .text              ro code   0x800'4b64     0x4  startup_stm32f405xx.o [1]
  .text              ro code   0x800'4b68     0x4  startup_stm32f405xx.o [1]
  .text              ro code   0x800'4b6c     0x4  startup_stm32f405xx.o [1]
  .text              ro code   0x800'4b70     0x4  startup_stm32f405xx.o [1]
  .text              ro code   0x800'4b74     0x4  startup_stm32f405xx.o [1]
  .text              ro code   0x800'4b78     0x4  startup_stm32f405xx.o [1]
  .text              ro code   0x800'4b7c     0x4  startup_stm32f405xx.o [1]
  .text              ro code   0x800'4b80     0x4  startup_stm32f405xx.o [1]
  .text              ro code   0x800'4b84     0x4  startup_stm32f405xx.o [1]
  .text              ro code   0x800'4b88     0x4  startup_stm32f405xx.o [1]
  .text              ro code   0x800'4b8c     0x4  startup_stm32f405xx.o [1]
  .text              ro code   0x800'4b90     0x4  startup_stm32f405xx.o [1]
  .text              ro code   0x800'4b94     0x4  startup_stm32f405xx.o [1]
  .text              ro code   0x800'4b98     0x4  startup_stm32f405xx.o [1]
  .text              ro code   0x800'4b9c     0x4  startup_stm32f405xx.o [1]
  .text              ro code   0x800'4ba0     0x4  startup_stm32f405xx.o [1]
  .text              ro code   0x800'4ba4     0x4  startup_stm32f405xx.o [1]
  .text              ro code   0x800'4ba8     0x4  startup_stm32f405xx.o [1]
  .text              ro code   0x800'4bac     0x4  startup_stm32f405xx.o [1]
  .text              ro code   0x800'4bb0     0x4  startup_stm32f405xx.o [1]
  .text              ro code   0x800'4bb4     0x4  startup_stm32f405xx.o [1]
  .text              ro code   0x800'4bb8     0x4  startup_stm32f405xx.o [1]
  .text              ro code   0x800'4bbc     0x4  startup_stm32f405xx.o [1]
  .text              ro code   0x800'4bc0     0x4  startup_stm32f405xx.o [1]
  .text              ro code   0x800'4bc4     0x4  startup_stm32f405xx.o [1]
  .text              ro code   0x800'4bc8     0x4  startup_stm32f405xx.o [1]
  .text              ro code   0x800'4bcc     0x4  startup_stm32f405xx.o [1]
  .text              ro code   0x800'4bd0     0x4  startup_stm32f405xx.o [1]
  .text              ro code   0x800'4bd4     0x4  startup_stm32f405xx.o [1]
  .text              ro code   0x800'4bd8     0x4  startup_stm32f405xx.o [1]
  .text              ro code   0x800'4bdc     0x4  startup_stm32f405xx.o [1]
  .text              ro code   0x800'4be0     0x4  startup_stm32f405xx.o [1]
  .text              ro code   0x800'4be4     0x4  startup_stm32f405xx.o [1]
  .text              ro code   0x800'4be8     0x4  startup_stm32f405xx.o [1]
  .text              ro code   0x800'4bec     0x4  startup_stm32f405xx.o [1]
  .text              ro code   0x800'4bf0     0x4  startup_stm32f405xx.o [1]
  .text              ro code   0x800'4bf4     0x4  startup_stm32f405xx.o [1]
  .text              ro code   0x800'4bf8     0x4  startup_stm32f405xx.o [1]
  .text              ro code   0x800'4bfc     0x4  startup_stm32f405xx.o [1]
  .text              ro code   0x800'4c00     0x4  startup_stm32f405xx.o [1]
  .text              ro code   0x800'4c04     0x4  startup_stm32f405xx.o [1]
  .text              ro code   0x800'4c08     0x4  startup_stm32f405xx.o [1]
  .text              ro code   0x800'4c0c     0x4  startup_stm32f405xx.o [1]
  .text              ro code   0x800'4c10     0x4  startup_stm32f405xx.o [1]
  .text              ro code   0x800'4c14     0x4  startup_stm32f405xx.o [1]
  .text              ro code   0x800'4c18     0x4  startup_stm32f405xx.o [1]
  .text              ro code   0x800'4c1c     0x4  startup_stm32f405xx.o [1]
  .text              ro code   0x800'4c20     0x4  startup_stm32f405xx.o [1]
  .text              ro code   0x800'4c24     0x4  startup_stm32f405xx.o [1]
  .text              ro code   0x800'4c28     0x4  startup_stm32f405xx.o [1]
  .rodata            const     0x800'4c2c     0x0  zero_init3.o [4]
  .rodata            const     0x800'4c2c     0x0  lz77_init_single.o [4]
  Initializer bytes  const     0x800'4c2c   0x1c4  <for P2-1>
                             - 0x800'4df0  0x4c68

"P2", part 1 of 3:                          0x5d6
  P2-1                        0x2000'0000   0x5d6  <Init block>
    .data            inited   0x2000'0000     0xc  stm32f4xx_hal.o [1]
    .data            inited   0x2000'000c     0x4  system_stm32f4xx.o [1]
    .data            inited   0x2000'0010    0x32  user_app_at_debug.o [1]
    .data            inited   0x2000'0044    0x50  user_app_ctrl_motor.o [1]
    .data            inited   0x2000'0094    0x44  user_app_ctrl_motor.o [1]
    .data            inited   0x2000'00d8    0x40  user_app_door_sensor.o [1]
    .data            inited   0x2000'0118    0x60  user_app_electric.o [1]
    .data            inited   0x2000'0178     0x8  user_app_electric.o [1]
    .data            inited   0x2000'0180   0x294  user_app_pc_box.o [1]
    .data            inited   0x2000'0414    0x10  user_app_pc_box.o [1]
    .data            inited   0x2000'0424    0x14  user_app_pc_box.o [1]
    .data            inited   0x2000'0438    0x80  user_app_relay.o [1]
    .data            inited   0x2000'04b8    0x2c  user_app_relay.o [1]
    .data            inited   0x2000'04e4    0x80  user_app_temperature.o [1]
    .data            inited   0x2000'0564    0x20  user_app_temperature.o [1]
    .data            inited   0x2000'0584    0x30  user_app_vib_sensor.o [1]
    .data            inited   0x2000'05b4    0x1d  user_uart.o [1]
    .data            inited   0x2000'05d1     0x5  user_app_electric.o [1]
                            - 0x2000'05d6   0x5d6

"P2", part 2 of 3:                          0x3dc
  .bss               zero     0x2000'05d8    0x80  user_at_serial.o [1]
  .bss               zero     0x2000'0658    0x64  user_uart.o [1]
  .bss               zero     0x2000'06bc    0x64  user_uart.o [1]
  .bss               zero     0x2000'0720    0x60  adc.o [1]
  .bss               zero     0x2000'0780    0x58  spi.o [1]
  .bss               zero     0x2000'07d8    0x48  adc.o [1]
  .bss               zero     0x2000'0820    0x44  usart.o [1]
  .bss               zero     0x2000'0864    0x44  usart.o [1]
  .bss               zero     0x2000'08a8    0x44  usart.o [1]
  .bss               zero     0x2000'08ec    0x44  usart.o [1]
  .bss               zero     0x2000'0930    0x34  user_uart.o [1]
  .bss               zero     0x2000'0964    0x14  user_app_pc_box.o [1]
  .bss               zero     0x2000'0978    0x10  user_app_vib_sensor.o [1]
  .bss               zero     0x2000'0988     0xc  user_app_ctrl_motor.o [1]
  .bss               zero     0x2000'0994     0x8  user_app_relay.o [1]
  .bss               zero     0x2000'099c     0x6  user_app_door_sensor.o [1]
  .bss               zero     0x2000'09a2     0x2  user_app_electric.o [1]
  .bss               zero     0x2000'09a4     0x4  user_app_pc_box.o [1]
  .bss               zero     0x2000'09a8     0x4  user_app_temperature.o [1]
  .bss               zero     0x2000'09ac     0x4  user_util.o [1]
  .bss               zero     0x2000'09b0     0x2  user_app_pc_box.o [1]
  .bss               zero     0x2000'09b2     0x1  user_app_comm.o [1]
                            - 0x2000'09b3   0x3db

"P2", part 3 of 3:                          0x400
  CSTACK                      0x2000'09b8   0x400  <Block>
    CSTACK           uninit   0x2000'09b8   0x400  <Block tail>
                            - 0x2000'0db8   0x400

Unused ranges:

         From           To      Size
         ----           --      ----
   0x800'4df0   0x80f'ffff  0xf'b210
  0x2000'05d6  0x2000'05d7       0x2
  0x2000'09b4  0x2000'09b7       0x4
  0x2000'0db8  0x2001'ffff  0x1'f248


*******************************************************************************
*** INIT TABLE
***

          Address      Size
          -------      ----
Zero (__iar_zero_init3)
    1 destination range, total size 0x3db:
          0x2000'05d8  0x3db

Copy/lz77 (__iar_lz77_init_single3)
    1 source range, total size 0x1c4 (30% of destination):
           0x800'4c2c  0x1c4
    1 destination range, total size 0x5d6:
          0x2000'0000  0x5d6



*******************************************************************************
*** MODULE SUMMARY
***

    Module                       ro code  ro data  rw data
    ------                       -------  -------  -------
command line/config:
    ------------------------------------------------------
    Total:

D:\Saoviet_Git\Saoviet_Vending_Machine\Saoviet_Maybanhang\EWARM\Saoviet_Maybanhang\Obj: [1]
    S25FL216K.o                       64
    adc.o                            312               168
    dma.o                             52
    event_driven.o                    48
    gpio.o                           540
    main.o                           224
    queue_p.o                        198
    spi.o                            180                88
    startup_stm32f405xx.o            684
    stm32f4xx_hal.o                  184        3       12
    stm32f4xx_hal_adc.o            1'176
    stm32f4xx_hal_cortex.o           196
    stm32f4xx_hal_dma.o            1'020
    stm32f4xx_hal_gpio.o             532
    stm32f4xx_hal_msp.o               56
    stm32f4xx_hal_rcc.o            1'224
    stm32f4xx_hal_spi.o            1'008
    stm32f4xx_hal_uart.o           1'762
    stm32f4xx_it.o                   124
    system_stm32f4xx.o                32        9        4
    usart.o                          516               272
    user_app_at_debug.o              156       15       50
    user_app_comm.o                  120                 1
    user_app_ctrl_motor.o            756       46      160
    user_app_door_sensor.o           484       19       70
    user_app_electric.o              360       34      111
    user_app_pc_box.o              1'788      210      722
    user_app_relay.o               1'116       52      180
    user_app_temperature.o         1'016       49      164
    user_app_vib_sensor.o            356       14       64
    user_at_serial.o                 504      172      128
    user_comm_vending_machine.o      376
    user_external_flash.o            552
    user_irq_input.o                  80
    user_string.o                    310
    user_uart.o                      192        9      281
    user_util.o                      232                 4
    ------------------------------------------------------
    Total:                        18'530      632    2'479

dl7M_tlf.a: [2]
    exit.o                             4
    low_level_init.o                   4
    ------------------------------------------------------
    Total:                             8

m7M_tls.a: [3]
    fpinit_M.o                        34
    ------------------------------------------------------
    Total:                            34

rt7M_tl.a: [4]
    ABImemclr4.o                       6
    ABImemcpy_small.o                 24
    ABImemset48.o                     50
    ABImemset_small.o                 18
    I64DivMod_small.o                262
    I64DivZer.o                        2
    cexit.o                           10
    cmain.o                           30
    cstartup_M.o                      12
    data_init.o                       40
    lz77_init_single.o               120
    memset.o                          20
    strlen_small.o                    20
    zero_init3.o                      58
    ------------------------------------------------------
    Total:                           672

shb_l.a: [5]
    exit.o                            20
    ------------------------------------------------------
    Total:                            20

    Gaps                              22        2        2
    Linker created                             32    1'024
----------------------------------------------------------
    Grand Total:                  19'286      666    3'505


*******************************************************************************
*** ENTRY LIST
***

Entry                       Address   Size  Type      Object
-----                       -------   ----  ----      ------
.iar.init_table$$Base    0x800'4a20          --   Gb  - Linker created -
.iar.init_table$$Limit   0x800'4a40          --   Gb  - Linker created -
?main                    0x800'4a61         Code  Gb  cmain.o [4]
ADC_Avg                 0x2000'0578    0xc  Data  Gb  user_app_temperature.o [1]
ADC_DMAConvCplt          0x800'387d   0x66  Code  Lc  stm32f4xx_hal_adc.o [1]
ADC_DMAError             0x800'38ed   0x12  Code  Lc  stm32f4xx_hal_adc.o [1]
ADC_DMAHalfConvCplt      0x800'38e5    0x6  Code  Lc  stm32f4xx_hal_adc.o [1]
ADC_Init                 0x800'3c7d    0xa  Code  Gb  user_app_temperature.o [1]
ADC_Temp                0x2000'056c    0xc  Data  Gb  user_app_temperature.o [1]
AHBPrescTable            0x800'4a50   0x10  Data  Gb  system_stm32f4xx.o [1]
APBPrescTable            0x800'4b08    0x8  Data  Gb  system_stm32f4xx.o [1]
AppAtDebug_Task          0x800'3d4b   0x40  Code  Gb  user_app_at_debug.o [1]
AppDoorSensor_Debug      0x800'4191   0x4e  Code  Gb  user_app_door_sensor.o [1]
AppDoorSensor_Task       0x800'41e5   0x40  Code  Gb  user_app_door_sensor.o [1]
AppElectric_Task         0x800'437d   0x40  Code  Gb  user_app_electric.o [1]
AppMotor_Debug           0x800'3f65   0x6a  Code  Gb  user_app_ctrl_motor.o [1]
AppMotor_Task            0x800'3fe5   0x40  Code  Gb  user_app_ctrl_motor.o [1]
AppPcBox_Debug           0x800'076d   0x5c  Code  Gb  user_app_pc_box.o [1]
AppPcBox_Task            0x800'07c9   0x40  Code  Gb  user_app_pc_box.o [1]
AppRelay_Debug           0x800'1429   0x72  Code  Gb  user_app_relay.o [1]
AppRelay_Task            0x800'14bb   0x40  Code  Gb  user_app_relay.o [1]
AppTemperature_Debug     0x800'3bdd   0x5a  Code  Gb  user_app_temperature.o [1]
AppTemperature_Task      0x800'3c37   0x40  Code  Gb  user_app_temperature.o [1]
AppVibSensor_Debug       0x800'449d   0x2e  Code  Gb  user_app_vib_sensor.o [1]
AppVibSensor_Task        0x800'44cb   0x40  Code  Gb  user_app_vib_sensor.o [1]
BusFault_Handler         0x800'4877    0x2  Code  Gb  stm32f4xx_it.o [1]
CSTACK$$Base            0x2000'09b8          --   Gb  - Linker created -
CSTACK$$Limit           0x2000'0db8          --   Gb  - Linker created -
Cal_Time                 0x800'0d41   0x12  Code  Gb  user_util.o [1]
Calculator_Crc_U16       0x800'0af1   0x32  Code  Gb  user_comm_vending_machine.o [1]
Calculator_Scale         0x800'0b65   0x18  Code  Gb  user_comm_vending_machine.o [1]
CheckList_AT_CONFIG      0x800'4974   0x60  Data  Gb  user_at_serial.o [1]
Check_AT_User            0x800'4665   0xa8  Code  Gb  user_at_serial.o [1]
Check_Time_Out           0x800'0d29   0x18  Code  Gb  user_util.o [1]
Convert_Hex_To_String_Hex
                         0x800'0d87   0x44  Code  Gb  user_util.o [1]
Convert_Int_To_String    0x800'0b7d   0x4a  Code  Gb  user_comm_vending_machine.o [1]
Convert_Int_To_String_Scale
                         0x800'0bc7   0x76  Code  Gb  user_comm_vending_machine.o [1]
Convert_String_To_Dec    0x800'0d53   0x34  Code  Gb  user_util.o [1]
DMA2_Stream0_IRQHandler
                         0x800'48c9    0x6  Code  Gb  stm32f4xx_it.o [1]
DMA_CalcBaseAndBitshift
                         0x800'275d   0x26  Code  Lc  stm32f4xx_hal_dma.o [1]
DMA_CalcBaseAndBitshift::flagBitshiftOffset
                         0x800'2784    0x8  Data  Lc  stm32f4xx_hal_dma.o [1]
DMA_SetConfig            0x800'273d   0x20  Code  Lc  stm32f4xx_hal_dma.o [1]
DebugMon_Handler         0x800'487d    0x2  Code  Gb  stm32f4xx_it.o [1]
EXTI15_10_IRQHandler     0x800'48ad   0x16  Code  Gb  stm32f4xx_it.o [1]
EXTI1_IRQHandler         0x800'488d    0x6  Code  Gb  stm32f4xx_it.o [1]
EXTI4_IRQHandler         0x800'4893    0x6  Code  Gb  stm32f4xx_it.o [1]
EXTI9_5_IRQHandler       0x800'4899    0x8  Code  Gb  stm32f4xx_it.o [1]
Error_Handler            0x800'2bd9    0x4  Code  Gb  main.o [1]
Find_String_V2           0x800'4739   0xc6  Code  Gb  user_string.o [1]
Find_str_fix             0x800'480f   0x60  Code  Gb  user_string.o [1]
Flag_Refresh_Dcu        0x2000'09a4    0x4  Data  Gb  user_app_pc_box.o [1]
HAL_ADC_ConfigChannel    0x800'3723  0x10e  Code  Gb  stm32f4xx_hal_adc.o [1]
HAL_ADC_Init             0x800'346d  0x154  Code  Gb  stm32f4xx_hal_adc.o [1]
HAL_ADC_MspInit          0x800'2ff1   0x92  Code  Gb  adc.o [1]
HAL_ADC_Start_DMA        0x800'35f3  0x130  Code  Gb  stm32f4xx_hal_adc.o [1]
HAL_DMA_Abort            0x800'24e1   0x78  Code  Gb  stm32f4xx_hal_dma.o [1]
HAL_DMA_Abort_IT         0x800'2559   0x24  Code  Gb  stm32f4xx_hal_dma.o [1]
HAL_DMA_IRQHandler       0x800'257d  0x188  Code  Gb  stm32f4xx_hal_dma.o [1]
HAL_DMA_Init             0x800'2391   0xee  Code  Gb  stm32f4xx_hal_dma.o [1]
HAL_DMA_Start_IT         0x800'247f   0x62  Code  Gb  stm32f4xx_hal_dma.o [1]
HAL_Delay                0x800'0a99   0x28  Code  Wk  stm32f4xx_hal.o [1]
HAL_GPIO_EXTI_Callback   0x800'15a9   0x50  Code  Gb  user_irq_input.o [1]
HAL_GPIO_EXTI_IRQHandler
                         0x800'0a59   0x10  Code  Gb  stm32f4xx_hal_gpio.o [1]
HAL_GPIO_Init            0x800'0885  0x1c0  Code  Gb  stm32f4xx_hal_gpio.o [1]
HAL_GPIO_ReadPin         0x800'0a45    0xc  Code  Gb  stm32f4xx_hal_gpio.o [1]
HAL_GPIO_WritePin        0x800'0a51    0x8  Code  Gb  stm32f4xx_hal_gpio.o [1]
HAL_GetTick              0x800'159d    0xc  Code  Wk  stm32f4xx_hal.o [1]
HAL_IncTick              0x800'48ed   0x10  Code  Wk  stm32f4xx_hal.o [1]
HAL_Init                 0x800'2ce5   0x30  Code  Gb  stm32f4xx_hal.o [1]
HAL_InitTick             0x800'2ca1   0x40  Code  Wk  stm32f4xx_hal.o [1]
HAL_MspInit              0x800'3435   0x38  Code  Gb  stm32f4xx_hal_msp.o [1]
HAL_NVIC_EnableIRQ       0x800'2c4b   0x16  Code  Gb  stm32f4xx_hal_cortex.o [1]
HAL_NVIC_SetPriority     0x800'2c11   0x3a  Code  Gb  stm32f4xx_hal_cortex.o [1]
HAL_NVIC_SetPriorityGrouping
                         0x800'2bf7   0x1a  Code  Gb  stm32f4xx_hal_cortex.o [1]
HAL_RCC_ClockConfig      0x800'2795  0x100  Code  Gb  stm32f4xx_hal_rcc.o [1]
HAL_RCC_GetPCLK1Freq     0x800'28a1   0x10  Code  Gb  stm32f4xx_hal_rcc.o [1]
HAL_RCC_GetPCLK2Freq     0x800'28b1    0xe  Code  Gb  stm32f4xx_hal_rcc.o [1]
HAL_RCC_OscConfig        0x800'3119  0x31c  Code  Wk  stm32f4xx_hal_rcc.o [1]
HAL_SPI_Init             0x800'1d71   0xb4  Code  Gb  stm32f4xx_hal_spi.o [1]
HAL_SPI_MspInit          0x800'2a85   0x66  Code  Gb  spi.o [1]
HAL_SPI_TransmitReceive
                         0x800'1e2d  0x1a4  Code  Gb  stm32f4xx_hal_spi.o [1]
HAL_SYSTICK_Config       0x800'2c61   0x28  Code  Gb  stm32f4xx_hal_cortex.o [1]
HAL_UART_IRQHandler      0x800'176b  0x26a  Code  Gb  stm32f4xx_hal_uart.o [1]
HAL_UART_Init            0x800'15f9   0x1e  Code  Gb  stm32f4xx_hal_uart.o [1]
HAL_UART_MspInit         0x800'21f1  0x122  Code  Gb  usart.o [1]
HAL_UART_Receive_IT      0x800'171f   0x30  Code  Gb  stm32f4xx_hal_uart.o [1]
HAL_UART_RxCpltCallback
                         0x800'0c9b   0x78  Code  Gb  user_uart.o [1]
HAL_UART_Transmit        0x800'166f   0xb0  Code  Gb  stm32f4xx_hal_uart.o [1]
HardFault_Handler        0x800'4873    0x2  Code  Gb  stm32f4xx_it.o [1]
Init_AppRelay            0x800'1283    0xc  Code  Gb  user_app_relay.o [1]
Init_DCU_ID              0x800'06eb   0x6e  Code  Gb  user_app_pc_box.o [1]
Init_StatusRelay         0x800'135f   0x8a  Code  Gb  user_app_relay.o [1]
Init_Uart_Module         0x800'0c69   0x2c  Code  Gb  user_uart.o [1]
LAYER_PIN                0x800'4064   0x10  Data  Lc  user_app_ctrl_motor.o [1]
LAYER_PORT              0x2000'0094   0x1c  Data  Lc  user_app_ctrl_motor.o [1]
Log_Data_Door            0x800'4157   0x38  Code  Gb  user_app_door_sensor.o [1]
Log_Data_Vib             0x800'4467   0x34  Code  Gb  user_app_vib_sensor.o [1]
Log_TSVH                 0x800'0653   0x86  Code  Gb  user_app_pc_box.o [1]
MX_ADC1_Init             0x800'2f69   0x7e  Code  Gb  adc.o [1]
MX_DMA_Init              0x800'2f35   0x34  Code  Gb  dma.o [1]
MX_GPIO_Init             0x800'2d19  0x1e2  Code  Gb  gpio.o [1]
MX_SPI2_Init             0x800'2a49   0x3c  Code  Gb  spi.o [1]
MX_UART4_Init            0x800'218d   0x10  Code  Gb  usart.o [1]
MX_USART2_UART_Init      0x800'219d   0x10  Code  Gb  usart.o [1]
MX_USART3_UART_Init      0x800'21b5   0x10  Code  Gb  usart.o [1]
MX_USART6_UART_Init      0x800'21e1   0x10  Code  Gb  usart.o [1]
Main_Task                0x800'30a1   0x60  Code  Gb  user_app_comm.o [1]
MemManage_Handler        0x800'4875    0x2  Code  Gb  stm32f4xx_it.o [1]
NMI_Handler              0x800'4871    0x2  Code  Gb  stm32f4xx_it.o [1]
Off_Motor_Push           0x800'3f29   0x3c  Code  Gb  user_app_ctrl_motor.o [1]
Off_Relay                0x800'14a9    0xc  Code  Gb  user_app_relay.o [1]
On_Motor_Push            0x800'3ee5   0x42  Code  Gb  user_app_ctrl_motor.o [1]
On_Relay                 0x800'149b    0xe  Code  Gb  user_app_relay.o [1]
Pc_Box_Init              0x800'06d9   0x12  Code  Gb  user_app_pc_box.o [1]
PendSV_Handler           0x800'487f    0x2  Code  Gb  stm32f4xx_it.o [1]
RC                       0x800'47ff   0x10  Code  Gb  user_string.o [1]
RELAY_PIN               0x2000'04b8   0x10  Data  Lc  user_app_relay.o [1]
RELAY_PORT              0x2000'04c8   0x1c  Data  Lc  user_app_relay.o [1]
Read_Status_Relay_ExFlash
                         0x800'12e9   0x6c  Code  Gb  user_app_relay.o [1]
Region$$Table$$Base      0x800'4a20          --   Gb  - Linker created -
Region$$Table$$Limit     0x800'4a40          --   Gb  - Linker created -
Relay_Respond_Pc_Box_Control
                         0x800'13f3   0x36  Code  Gb  user_app_relay.o [1]
Reset_Chip               0x800'0c3d   0x1c  Code  Gb  user_comm_vending_machine.o [1]
Respond_PcBox            0x800'0b23    0xe  Code  Gb  user_comm_vending_machine.o [1]
RtCountSystick_u32      0x2000'09ac    0x4  Data  Gb  user_util.o [1]
S25FL_ChipSelect         0x800'1d31   0x14  Code  Gb  S25FL216K.o [1]
S25FL_Send_Byte          0x800'1d45   0x22  Code  Gb  S25FL216K.o [1]
SLOT_PIN                 0x800'4074   0x14  Data  Lc  user_app_ctrl_motor.o [1]
SLOT_PORT               0x2000'00b0   0x28  Data  Lc  user_app_ctrl_motor.o [1]
SPI_EndRxTxTransaction   0x800'20fb   0x50  Code  Lc  stm32f4xx_hal_spi.o [1]
SPI_WaitFlagStateUntilTimeout
                         0x800'203b   0xb4  Code  Lc  stm32f4xx_hal_spi.o [1]
SVC_Handler              0x800'487b    0x2  Code  Gb  stm32f4xx_it.o [1]
Scale_To_Int             0x800'0b31   0x34  Code  Gb  user_comm_vending_machine.o [1]
Set_Threshold_Temperature
                         0x800'3b51   0x40  Code  Gb  user_app_temperature.o [1]
Status_Power_Respond_PcBox
                         0x800'4349   0x34  Code  Gb  user_app_electric.o [1]
Status_Supply_Power     0x2000'05d1    0x1  Data  Gb  user_app_electric.o [1]
SysTick_Handler          0x800'4881    0xc  Code  Gb  stm32f4xx_it.o [1]
SystemClock_Config       0x800'2b2d   0xa4  Code  Gb  main.o [1]
SystemCoreClock         0x2000'000c    0x4  Data  Gb  system_stm32f4xx.o [1]
SystemInit               0x800'4a41    0xc  Code  Gb  system_stm32f4xx.o [1]
TaskStatus_u8           0x2000'09b2    0x1  Data  Gb  user_app_comm.o [1]
Threshold_Ctrl          0x2000'056a    0x2  Data  Gb  user_app_temperature.o [1]
Threshold_Respond_Pc_Box_Setup
                         0x800'3b91   0x4a  Code  Gb  user_app_temperature.o [1]
UART4_IRQHandler         0x800'48c3    0x6  Code  Gb  stm32f4xx_it.o [1]
UART_DMAAbortOnError     0x800'1b2d    0xc  Code  Lc  stm32f4xx_hal_uart.o [1]
UART_EndRxTransfer       0x800'1ae3   0x2a  Code  Lc  stm32f4xx_hal_uart.o [1]
UART_Receive_IT          0x800'1b39   0xaa  Code  Lc  stm32f4xx_hal_uart.o [1]
UART_SetConfig           0x800'1c0d   0xae  Code  Lc  stm32f4xx_hal_uart.o [1]
UART_Start_Receive_IT    0x800'1a91   0x3a  Code  Gb  stm32f4xx_hal_uart.o [1]
UART_WaitOnFlagUntilTimeout
                         0x800'19fd   0x5e  Code  Lc  stm32f4xx_hal_uart.o [1]
USART2_IRQHandler        0x800'48a1    0x6  Code  Gb  stm32f4xx_it.o [1]
USART3_IRQHandler        0x800'48a7    0x6  Code  Gb  stm32f4xx_it.o [1]
USART6_IRQHandler        0x800'48cf    0x6  Code  Gb  stm32f4xx_it.o [1]
UTIL_MEM_set             0x800'0dcb    0xe  Code  Gb  user_util.o [1]
UTIL_Printf              0x800'0dd9   0x10  Code  Gb  user_util.o [1]
UTIL_Printf_Str          0x800'0de9   0x12  Code  Gb  user_util.o [1]
Uart485Buff             0x2000'0930   0x34  Data  Gb  user_uart.o [1]
Uart485RxByte           0x2000'05b5    0x1  Data  Gb  user_uart.o [1]
UartDebugBuff           0x2000'0658   0x64  Data  Gb  user_uart.o [1]
UartDebugRxByte         0x2000'05b4    0x1  Data  Gb  user_uart.o [1]
UartPcBoxBuff           0x2000'06bc   0x64  Data  Gb  user_uart.o [1]
UartPcBoxRxByte         0x2000'05b6    0x1  Data  Gb  user_uart.o [1]
UartSimRxByte           0x2000'05d0    0x1  Data  Gb  user_uart.o [1]
UsageFault_Handler       0x800'4879    0x2  Code  Gb  stm32f4xx_it.o [1]
Write_Queue_Repond_PcBox
                         0x800'062d   0x26  Code  Gb  user_app_pc_box.o [1]
Write_Status_Relay_ExFlash
                         0x800'128f   0x5a  Code  Gb  user_app_relay.o [1]
__NVIC_SetPriority       0x800'2bdd   0x1a  Code  Lc  stm32f4xx_hal_cortex.o [1]
__aeabi_ldiv0            0x800'2ce1         Code  Gb  I64DivZer.o [4]
__aeabi_memclr4          0x800'0e11         Code  Gb  ABImemclr4.o [4]
__cmain                  0x800'4a61         Code  Gb  cmain.o [4]
__exit                   0x800'4a95   0x14  Code  Gb  exit.o [5]
__iar_Memset4_word       0x800'1cfd         Code  Gb  ABImemset48.o [4]
__iar_Memset8_word       0x800'1cfd         Code  Gb  ABImemset48.o [4]
__iar_data_init3         0x800'49d5   0x28  Code  Gb  data_init.o [4]
__iar_init_vfp           0x800'49fd         Code  Gb  fpinit_M.o [3]
__iar_lz77_init_single3
                         0x800'48fd   0x78  Code  Gb  lz77_init_single.o [4]
__iar_program_start      0x800'4afd         Code  Gb  cstartup_M.o [4]
__iar_small_Memcpy       0x800'2165         Code  Gb  ABImemcpy_small.o [4]
__iar_small_Memset       0x800'1cd5         Code  Gb  ABImemset_small.o [4]
__iar_small_Memset_word
                         0x800'1cd5         Code  Gb  ABImemset_small.o [4]
__iar_small_memcpy       0x800'2161         Code  Gb  ABImemcpy_small.o [4]
__iar_small_memcpy4      0x800'2161         Code  Gb  ABImemcpy_small.o [4]
__iar_small_memcpy8      0x800'2161         Code  Gb  ABImemcpy_small.o [4]
__iar_small_memset       0x800'1cd5         Code  Gb  ABImemset_small.o [4]
__iar_small_strlen       0x800'1ce9         Code  Gb  strlen_small.o [4]
__iar_small_uldivmod     0x800'2941         Code  Gb  I64DivMod_small.o [4]
__iar_zero_init3         0x800'0e17   0x3a  Code  Gb  zero_init3.o [4]
__low_level_init         0x800'4a7f    0x4  Code  Gb  low_level_init.o [2]
__vector_table           0x800'0000         Data  Gb  startup_stm32f405xx.o [1]
_call_main               0x800'4a6d         Code  Gb  cmain.o [4]
_exit                    0x800'4a89         Code  Gb  cexit.o [4]
_fGET_SERI_DCU           0x800'455b   0x14  Code  Gb  user_at_serial.o [1]
_fGET_THRESH_TEMP        0x800'45ed   0x36  Code  Gb  user_at_serial.o [1]
_fRESET_DCU              0x800'4541   0x1a  Code  Gb  user_at_serial.o [1]
_fSET_SERI_DCU           0x800'456f   0x74  Code  Gb  user_at_serial.o [1]
_fSET_THRESH_TEMP        0x800'4623   0x3a  Code  Gb  user_at_serial.o [1]
_main                    0x800'4a7b         Code  Gb  cmain.o [4]
aBuffer_Ping            0x2000'0964   0x14  Data  Gb  user_app_pc_box.o [1]
aDATA_CONFIG            0x2000'05d8   0x80  Data  Gb  user_at_serial.o [1]
aDCU_ID                 0x2000'0424   0x14  Data  Gb  user_app_pc_box.o [1]
eFlash_S25FL_BufferRead
                         0x800'0fcf   0x60  Code  Gb  user_external_flash.o [1]
eFlash_S25FL_BufferWrite
                         0x800'0f93   0x34  Code  Gb  user_external_flash.o [1]
eFlash_S25FL_CheckWriteEnable
                         0x800'0eed   0x28  Code  Gb  user_external_flash.o [1]
eFlash_S25FL_Enable      0x800'0e57   0x16  Code  Gb  user_external_flash.o [1]
eFlash_S25FL_Erase_Sector
                         0x800'0e6d   0x4a  Code  Gb  user_external_flash.o [1]
eFlash_S25FL_PageWrite   0x800'0f2f   0x5c  Code  Gb  user_external_flash.o [1]
eFlash_S25FL_WaitForWriteEnd
                         0x800'0ebd   0x2a  Code  Gb  user_external_flash.o [1]
exit                     0x800'4a83    0x4  Code  Gb  exit.o [2]
fevent_active            0x800'0ac1   0x10  Code  Gb  event_driven.o [1]
fevent_at_debug_complete_receive
                         0x800'3d25   0x26  Code  Lc  user_app_at_debug.o [1]
fevent_at_debug_entry    0x800'3cf9    0x4  Code  Lc  user_app_at_debug.o [1]
fevent_at_debug_receive_handle
                         0x800'3cfd   0x28  Code  Lc  user_app_at_debug.o [1]
fevent_at_debug_receive_handle::countBuffer_uart
                        0x2000'0040    0x2  Data  Lc  user_app_at_debug.o [1]
fevent_control_motor_push
                         0x800'3db3   0x32  Code  Lc  user_app_ctrl_motor.o [1]
fevent_disable           0x800'0ae5    0xc  Code  Gb  event_driven.o [1]
fevent_door_ctrl_respond
                         0x800'40d9   0x46  Code  Lc  user_app_door_sensor.o [1]
fevent_door_ctrl_respond::status
                        0x2000'09a1    0x1  Data  Lc  user_app_door_sensor.o [1]
fevent_door_ctrl_respond::status_before
                        0x2000'09a0    0x1  Data  Lc  user_app_door_sensor.o [1]
fevent_door_entry        0x800'4089    0xe  Code  Lc  user_app_door_sensor.o [1]
fevent_door_respond_pc_box
                         0x800'411f   0x38  Code  Lc  user_app_door_sensor.o [1]
fevent_door_sensor       0x800'4097   0x42  Code  Lc  user_app_door_sensor.o [1]
fevent_electric_entry    0x800'426d    0xe  Code  Lc  user_app_electric.o [1]
fevent_electric_handle   0x800'42ef   0x1e  Code  Lc  user_app_electric.o [1]
fevent_electric_off_power
                         0x800'430d   0x34  Code  Lc  user_app_electric.o [1]
fevent_electric_off_power::Statuc_Power_Before
                        0x2000'05d5    0x1  Data  Lc  user_app_electric.o [1]
fevent_electric_off_power::Status_Power_Current
                        0x2000'05d4    0x1  Data  Lc  user_app_electric.o [1]
fevent_electric_pgood    0x800'427b   0x46  Code  Lc  user_app_electric.o [1]
fevent_electric_pgood::count_handle
                        0x2000'05d2    0x1  Data  Lc  user_app_electric.o [1]
fevent_electric_pgood::status_before
                        0x2000'05d3    0x1  Data  Lc  user_app_electric.o [1]
fevent_electric_receive_485
                         0x800'42c5   0x2a  Code  Lc  user_app_electric.o [1]
fevent_electric_receive_485::countBuffer_uart
                        0x2000'09a2    0x2  Data  Lc  user_app_electric.o [1]
fevent_electric_transmit_485
                         0x800'42c1    0x4  Code  Lc  user_app_electric.o [1]
fevent_enable            0x800'0ad1   0x14  Code  Gb  event_driven.o [1]
fevent_input_motor_push
                         0x800'3de5   0x44  Code  Lc  user_app_ctrl_motor.o [1]
fevent_motor_entry       0x800'3d95   0x1e  Code  Lc  user_app_ctrl_motor.o [1]
fevent_motor_push_off_error
                         0x800'3e29   0x16  Code  Lc  user_app_ctrl_motor.o [1]
fevent_on_off_relay_alarm
                         0x800'11d1   0x2a  Code  Lc  user_app_relay.o [1]
fevent_on_off_relay_elevator
                         0x800'114f   0x2a  Code  Lc  user_app_relay.o [1]
fevent_on_off_relay_fridge_cool
                         0x800'11b1   0x20  Code  Lc  user_app_relay.o [1]
fevent_on_off_relay_fridge_heat
                         0x800'11fb   0x1e  Code  Lc  user_app_relay.o [1]
fevent_on_off_relay_lamp
                         0x800'1219   0x38  Code  Lc  user_app_relay.o [1]
fevent_on_off_relay_screen
                         0x800'1179   0x38  Code  Lc  user_app_relay.o [1]
fevent_on_off_relay_warm
                         0x800'1251   0x32  Code  Lc  user_app_relay.o [1]
fevent_pcbox_complete_receive
                         0x800'0207  0x286  Code  Lc  user_app_pc_box.o [1]
fevent_pcbox_entry       0x800'0189   0x16  Code  Lc  user_app_pc_box.o [1]
fevent_pcbox_get_dcu_ID
                         0x800'054b   0x12  Code  Lc  user_app_pc_box.o [1]
fevent_pcbox_log_tsvh    0x800'049b   0x28  Code  Lc  user_app_pc_box.o [1]
fevent_pcbox_ping        0x800'04c3   0x3e  Code  Lc  user_app_pc_box.o [1]
fevent_pcbox_receive_handle
                         0x800'01cf   0x38  Code  Lc  user_app_pc_box.o [1]
fevent_pcbox_receive_handle::countBuffer_uart
                        0x2000'09b0    0x2  Data  Lc  user_app_pc_box.o [1]
fevent_pcbox_set_dcu_ID
                         0x800'0501   0x4a  Code  Lc  user_app_pc_box.o [1]
fevent_queue_respond_immediately
                         0x800'0583   0x36  Code  Lc  user_app_pc_box.o [1]
fevent_queue_respond_time
                         0x800'05b9   0x34  Code  Lc  user_app_pc_box.o [1]
fevent_refresh_dcu       0x800'05fd   0x30  Code  Lc  user_app_pc_box.o [1]
fevent_relay_entry       0x800'1141    0xe  Code  Lc  user_app_relay.o [1]
fevent_reset_dcu         0x800'055d   0x26  Code  Lc  user_app_pc_box.o [1]
fevent_respond_pcbox     0x800'3e3f   0x9e  Code  Lc  user_app_ctrl_motor.o [1]
fevent_temp_calculator   0x800'398d  0x100  Code  Lc  user_app_temperature.o [1]
fevent_temp_ctrl_fridge
                         0x800'3ad5   0x58  Code  Lc  user_app_temperature.o [1]
fevent_temp_entry        0x800'3901   0x38  Code  Lc  user_app_temperature.o [1]
fevent_temp_entry::once
                        0x2000'0568    0x1  Data  Lc  user_app_temperature.o [1]
fevent_temp_get_adc      0x800'3939   0x52  Code  Lc  user_app_temperature.o [1]
fevent_temp_get_adc::count
                        0x2000'0569    0x1  Data  Lc  user_app_temperature.o [1]
fevent_temp_off_fridge_frozen
                         0x800'3b3d    0xc  Code  Lc  user_app_temperature.o [1]
fevent_temp_read_threshold
                         0x800'3aa3   0x32  Code  Lc  user_app_temperature.o [1]
fevent_temp_set_threshold
                         0x800'3a8d   0x16  Code  Lc  user_app_temperature.o [1]
fevent_temp_time_get     0x800'3b35    0x8  Code  Lc  user_app_temperature.o [1]
fevent_vib_off_alarm     0x800'444f    0xe  Code  Lc  user_app_vib_sensor.o [1]
fevent_vib_on_alarm      0x800'4439   0x16  Code  Lc  user_app_vib_sensor.o [1]
fevent_vib_sensor        0x800'43d5   0x5a  Code  Lc  user_app_vib_sensor.o [1]
fevent_wdg_stm32f4       0x800'019f   0x30  Code  Lc  user_app_pc_box.o [1]
hadc1                   0x2000'07d8   0x48  Data  Gb  adc.o [1]
hdma_adc1               0x2000'0720   0x60  Data  Gb  adc.o [1]
hspi2                   0x2000'0780   0x58  Data  Gb  spi.o [1]
huart2                  0x2000'0864   0x44  Data  Gb  usart.o [1]
huart3                  0x2000'08a8   0x44  Data  Gb  usart.o [1]
huart4                  0x2000'0820   0x44  Data  Gb  usart.o [1]
huart6                  0x2000'08ec   0x44  Data  Gb  usart.o [1]
main                     0x800'2afd   0x30  Code  Gb  main.o [1]
memset                   0x800'2179   0x14  Code  Gb  memset.o [4]
qGet_Number_Items        0x800'113b    0x4  Code  Gb  queue_p.o [1]
qQueue_Create            0x800'1079   0x22  Code  Gb  queue_p.o [1]
qQueue_Receive           0x800'10f9   0x42  Code  Gb  queue_p.o [1]
qQueue_Send              0x800'109b   0x5e  Code  Gb  queue_p.o [1]
qRespondPcBox           0x2000'03fc   0x18  Data  Gb  user_app_pc_box.o [1]
sBuffer_Ping            0x2000'0414    0x8  Data  Gb  user_app_pc_box.o [1]
sDCU_ID                 0x2000'041c    0x8  Data  Gb  user_app_pc_box.o [1]
sElectric               0x2000'0178    0x8  Data  Gb  user_app_electric.o [1]
sEventAppAtDebug        0x2000'0010   0x30  Data  Gb  user_app_at_debug.o [1]
sEventAppDoorSensor     0x2000'00d8   0x40  Data  Gb  user_app_door_sensor.o [1]
sEventAppElectric       0x2000'0118   0x60  Data  Gb  user_app_electric.o [1]
sEventAppMotor          0x2000'0044   0x50  Data  Gb  user_app_ctrl_motor.o [1]
sEventAppPcBox          0x2000'0198   0xc0  Data  Gb  user_app_pc_box.o [1]
sEventAppRelay          0x2000'0438   0x80  Data  Gb  user_app_relay.o [1]
sEventAppTemperature    0x2000'04e4   0x80  Data  Gb  user_app_temperature.o [1]
sEventAppVibSensor      0x2000'0584   0x30  Data  Gb  user_app_vib_sensor.o [1]
sInforPush              0x2000'0990    0x4  Data  Gb  user_app_ctrl_motor.o [1]
sPushMotor              0x2000'0988    0x8  Data  Gb  user_app_ctrl_motor.o [1]
sQueueReadData          0x2000'0180   0x18  Data  Gb  user_app_pc_box.o [1]
sQueueRespondPcBox      0x2000'0258  0x1a4  Data  Gb  user_app_pc_box.o [1]
sStatusDoor             0x2000'099c    0x4  Data  Gb  user_app_door_sensor.o [1]
sStatusRelay            0x2000'0994    0x8  Data  Gb  user_app_relay.o [1]
sStatusVib              0x2000'0978   0x10  Data  Gb  user_app_vib_sensor.o [1]
sTemp_Thresh_Recv       0x2000'09a8    0x4  Data  Gb  user_app_temperature.o [1]
sTemperature            0x2000'0564    0x4  Data  Gb  user_app_temperature.o [1]
sUart485                0x2000'05c0    0x8  Data  Gb  user_uart.o [1]
sUartDebug              0x2000'05b8    0x8  Data  Gb  user_uart.o [1]
sUartPcBox              0x2000'05c8    0x8  Data  Gb  user_uart.o [1]
uwTick                  0x2000'0004    0x4  Data  Gb  stm32f4xx_hal.o [1]
uwTickFreq              0x2000'0000    0x1  Data  Gb  stm32f4xx_hal.o [1]
uwTickPrio              0x2000'0008    0x4  Data  Gb  stm32f4xx_hal.o [1]


[1] = D:\Saoviet_Git\Saoviet_Vending_Machine\Saoviet_Maybanhang\EWARM\Saoviet_Maybanhang\Obj
[2] = dl7M_tlf.a
[3] = m7M_tls.a
[4] = rt7M_tl.a
[5] = shb_l.a

  19'286 bytes of readonly  code memory
     666 bytes of readonly  data memory
   3'505 bytes of readwrite data memory

Errors: none
Warnings: none
