###############################################################################
#
# IAR ELF Linker V8.40.2.214/W32 for ARM                  07/Oct/2023  09:45:44
# Copyright 2007-2019 IAR Systems AB.
#
#    Output file  =
#        D:\Project_STM32\Saoviet_Maybanhang_Std\Saoviet_Maybanhang\EWARM\Saoviet_Maybanhang\Exe\Saoviet_Maybanhang.out
#    Map file     =
#        D:\Project_STM32\Saoviet_Maybanhang_Std\Saoviet_Maybanhang\EWARM\Saoviet_Maybanhang\List\Saoviet_Maybanhang.map
#    Command line =
#        -f C:\Users\PC\AppData\Local\Temp\EWA9F4.tmp
#        (D:\Project_STM32\Saoviet_Maybanhang_Std\Saoviet_Maybanhang\EWARM\Saoviet_Maybanhang\Obj\adc.o
#        D:\Project_STM32\Saoviet_Maybanhang_Std\Saoviet_Maybanhang\EWARM\Saoviet_Maybanhang\Obj\dma.o
#        D:\Project_STM32\Saoviet_Maybanhang_Std\Saoviet_Maybanhang\EWARM\Saoviet_Maybanhang\Obj\event_driven.o
#        D:\Project_STM32\Saoviet_Maybanhang_Std\Saoviet_Maybanhang\EWARM\Saoviet_Maybanhang\Obj\gpio.o
#        D:\Project_STM32\Saoviet_Maybanhang_Std\Saoviet_Maybanhang\EWARM\Saoviet_Maybanhang\Obj\main.o
#        D:\Project_STM32\Saoviet_Maybanhang_Std\Saoviet_Maybanhang\EWARM\Saoviet_Maybanhang\Obj\onchipflash.o
#        D:\Project_STM32\Saoviet_Maybanhang_Std\Saoviet_Maybanhang\EWARM\Saoviet_Maybanhang\Obj\queue_p.o
#        D:\Project_STM32\Saoviet_Maybanhang_Std\Saoviet_Maybanhang\EWARM\Saoviet_Maybanhang\Obj\S25FL216K.o
#        D:\Project_STM32\Saoviet_Maybanhang_Std\Saoviet_Maybanhang\EWARM\Saoviet_Maybanhang\Obj\spi.o
#        D:\Project_STM32\Saoviet_Maybanhang_Std\Saoviet_Maybanhang\EWARM\Saoviet_Maybanhang\Obj\startup_stm32f405xx.o
#        D:\Project_STM32\Saoviet_Maybanhang_Std\Saoviet_Maybanhang\EWARM\Saoviet_Maybanhang\Obj\stm32f4xx_hal.o
#        D:\Project_STM32\Saoviet_Maybanhang_Std\Saoviet_Maybanhang\EWARM\Saoviet_Maybanhang\Obj\stm32f4xx_hal_adc.o
#        D:\Project_STM32\Saoviet_Maybanhang_Std\Saoviet_Maybanhang\EWARM\Saoviet_Maybanhang\Obj\stm32f4xx_hal_adc_ex.o
#        D:\Project_STM32\Saoviet_Maybanhang_Std\Saoviet_Maybanhang\EWARM\Saoviet_Maybanhang\Obj\stm32f4xx_hal_cortex.o
#        D:\Project_STM32\Saoviet_Maybanhang_Std\Saoviet_Maybanhang\EWARM\Saoviet_Maybanhang\Obj\stm32f4xx_hal_dma.o
#        D:\Project_STM32\Saoviet_Maybanhang_Std\Saoviet_Maybanhang\EWARM\Saoviet_Maybanhang\Obj\stm32f4xx_hal_dma_ex.o
#        D:\Project_STM32\Saoviet_Maybanhang_Std\Saoviet_Maybanhang\EWARM\Saoviet_Maybanhang\Obj\stm32f4xx_hal_exti.o
#        D:\Project_STM32\Saoviet_Maybanhang_Std\Saoviet_Maybanhang\EWARM\Saoviet_Maybanhang\Obj\stm32f4xx_hal_flash.o
#        D:\Project_STM32\Saoviet_Maybanhang_Std\Saoviet_Maybanhang\EWARM\Saoviet_Maybanhang\Obj\stm32f4xx_hal_flash_ex.o
#        D:\Project_STM32\Saoviet_Maybanhang_Std\Saoviet_Maybanhang\EWARM\Saoviet_Maybanhang\Obj\stm32f4xx_hal_flash_ramfunc.o
#        D:\Project_STM32\Saoviet_Maybanhang_Std\Saoviet_Maybanhang\EWARM\Saoviet_Maybanhang\Obj\stm32f4xx_hal_gpio.o
#        D:\Project_STM32\Saoviet_Maybanhang_Std\Saoviet_Maybanhang\EWARM\Saoviet_Maybanhang\Obj\stm32f4xx_hal_msp.o
#        D:\Project_STM32\Saoviet_Maybanhang_Std\Saoviet_Maybanhang\EWARM\Saoviet_Maybanhang\Obj\stm32f4xx_hal_pwr.o
#        D:\Project_STM32\Saoviet_Maybanhang_Std\Saoviet_Maybanhang\EWARM\Saoviet_Maybanhang\Obj\stm32f4xx_hal_pwr_ex.o
#        D:\Project_STM32\Saoviet_Maybanhang_Std\Saoviet_Maybanhang\EWARM\Saoviet_Maybanhang\Obj\stm32f4xx_hal_rcc.o
#        D:\Project_STM32\Saoviet_Maybanhang_Std\Saoviet_Maybanhang\EWARM\Saoviet_Maybanhang\Obj\stm32f4xx_hal_rcc_ex.o
#        D:\Project_STM32\Saoviet_Maybanhang_Std\Saoviet_Maybanhang\EWARM\Saoviet_Maybanhang\Obj\stm32f4xx_hal_spi.o
#        D:\Project_STM32\Saoviet_Maybanhang_Std\Saoviet_Maybanhang\EWARM\Saoviet_Maybanhang\Obj\stm32f4xx_hal_tim.o
#        D:\Project_STM32\Saoviet_Maybanhang_Std\Saoviet_Maybanhang\EWARM\Saoviet_Maybanhang\Obj\stm32f4xx_hal_tim_ex.o
#        D:\Project_STM32\Saoviet_Maybanhang_Std\Saoviet_Maybanhang\EWARM\Saoviet_Maybanhang\Obj\stm32f4xx_hal_uart.o
#        D:\Project_STM32\Saoviet_Maybanhang_Std\Saoviet_Maybanhang\EWARM\Saoviet_Maybanhang\Obj\stm32f4xx_it.o
#        D:\Project_STM32\Saoviet_Maybanhang_Std\Saoviet_Maybanhang\EWARM\Saoviet_Maybanhang\Obj\stm32f4xx_ll_adc.o
#        D:\Project_STM32\Saoviet_Maybanhang_Std\Saoviet_Maybanhang\EWARM\Saoviet_Maybanhang\Obj\system_stm32f4xx.o
#        D:\Project_STM32\Saoviet_Maybanhang_Std\Saoviet_Maybanhang\EWARM\Saoviet_Maybanhang\Obj\usart.o
#        D:\Project_STM32\Saoviet_Maybanhang_Std\Saoviet_Maybanhang\EWARM\Saoviet_Maybanhang\Obj\user_app_at_debug.o
#        D:\Project_STM32\Saoviet_Maybanhang_Std\Saoviet_Maybanhang\EWARM\Saoviet_Maybanhang\Obj\user_app_comm.o
#        D:\Project_STM32\Saoviet_Maybanhang_Std\Saoviet_Maybanhang\EWARM\Saoviet_Maybanhang\Obj\user_app_ctrl_motor.o
#        D:\Project_STM32\Saoviet_Maybanhang_Std\Saoviet_Maybanhang\EWARM\Saoviet_Maybanhang\Obj\user_app_door_sensor.o
#        D:\Project_STM32\Saoviet_Maybanhang_Std\Saoviet_Maybanhang\EWARM\Saoviet_Maybanhang\Obj\user_app_electric.o
#        D:\Project_STM32\Saoviet_Maybanhang_Std\Saoviet_Maybanhang\EWARM\Saoviet_Maybanhang\Obj\user_app_pc_box.o
#        D:\Project_STM32\Saoviet_Maybanhang_Std\Saoviet_Maybanhang\EWARM\Saoviet_Maybanhang\Obj\user_app_relay.o
#        D:\Project_STM32\Saoviet_Maybanhang_Std\Saoviet_Maybanhang\EWARM\Saoviet_Maybanhang\Obj\user_app_temperature.o
#        D:\Project_STM32\Saoviet_Maybanhang_Std\Saoviet_Maybanhang\EWARM\Saoviet_Maybanhang\Obj\user_app_vib_sensor.o
#        D:\Project_STM32\Saoviet_Maybanhang_Std\Saoviet_Maybanhang\EWARM\Saoviet_Maybanhang\Obj\user_at_serial.o
#        D:\Project_STM32\Saoviet_Maybanhang_Std\Saoviet_Maybanhang\EWARM\Saoviet_Maybanhang\Obj\user_comm_vending_machine.o
#        D:\Project_STM32\Saoviet_Maybanhang_Std\Saoviet_Maybanhang\EWARM\Saoviet_Maybanhang\Obj\user_external_flash.o
#        D:\Project_STM32\Saoviet_Maybanhang_Std\Saoviet_Maybanhang\EWARM\Saoviet_Maybanhang\Obj\user_internal_mem.o
#        D:\Project_STM32\Saoviet_Maybanhang_Std\Saoviet_Maybanhang\EWARM\Saoviet_Maybanhang\Obj\user_irq_input.o
#        D:\Project_STM32\Saoviet_Maybanhang_Std\Saoviet_Maybanhang\EWARM\Saoviet_Maybanhang\Obj\user_modbus_rtu.o
#        D:\Project_STM32\Saoviet_Maybanhang_Std\Saoviet_Maybanhang\EWARM\Saoviet_Maybanhang\Obj\user_string.o
#        D:\Project_STM32\Saoviet_Maybanhang_Std\Saoviet_Maybanhang\EWARM\Saoviet_Maybanhang\Obj\user_uart.o
#        D:\Project_STM32\Saoviet_Maybanhang_Std\Saoviet_Maybanhang\EWARM\Saoviet_Maybanhang\Obj\user_util.o
#        --no_out_extension -o
#        D:\Project_STM32\Saoviet_Maybanhang_Std\Saoviet_Maybanhang\EWARM\Saoviet_Maybanhang\Exe\Saoviet_Maybanhang.out
#        --redirect _Printf=_PrintfFullNoMb --redirect _Scanf=_ScanfFullNoMb
#        --map
#        D:\Project_STM32\Saoviet_Maybanhang_Std\Saoviet_Maybanhang\EWARM\Saoviet_Maybanhang\List\Saoviet_Maybanhang.map
#        --config
#        D:\Project_STM32\Saoviet_Maybanhang_Std\Saoviet_Maybanhang\EWARM/stm32f405xx_flash.icf
#        --semihosting --entry __iar_program_start --vfe --text_out locale)
#
###############################################################################

*******************************************************************************
*** RUNTIME MODEL ATTRIBUTES
***

CppFlavor       = *
__SystemLibrary = DLib
__dlib_version  = 6


*******************************************************************************
*** HEAP SELECTION
***

The basic heap was selected because no calls to memory allocation
functions were found in the application outside of system library
functions, and there are calls to deallocation functions in the
application.


*******************************************************************************
*** PLACEMENT SUMMARY
***

"A0":  place at address 0x800'0000 { ro section .intvec };
"P1":  place in [from 0x800'0000 to 0x80f'ffff] { ro };
define block CSTACK with size = 1K, alignment = 8 { };
define block HEAP with size = 512, alignment = 8 { };
"P2":  place in [from 0x2000'0000 to 0x2001'ffff] {
          rw, block CSTACK, block HEAP };
initialize by copy { rw };

  Section            Kind         Address    Size  Object
  -------            ----         -------    ----  ------
"A0":                                       0x188
  .intvec            ro code   0x800'0000   0x188  startup_stm32f405xx.o [1]
                             - 0x800'0188   0x188

"P1":                                      0x63a6
  .text              ro code   0x800'0188   0xc08  user_app_pc_box.o [1]
  .text              ro code   0x800'0d90    0xe8  user_util.o [1]
  .text              ro code   0x800'0e78   0x224  stm32f4xx_hal_gpio.o [1]
  .text              ro code   0x800'109c    0x28  stm32f4xx_hal.o [1]
  .text              ro code   0x800'10c4    0x30  event_driven.o [1]
  .text              ro code   0x800'10f4   0x1b4  user_comm_vending_machine.o [1]
  .text              ro code   0x800'12a8   0x3a4  user_app_ctrl_motor.o [1]
  .text              ro code   0x800'164c   0x680  user_app_relay.o [1]
  .text              ro code   0x800'1ccc    0xd8  user_uart.o [1]
  .text              ro code   0x800'1da4   0x228  user_external_flash.o [1]
  .text              ro code   0x800'1fcc    0xc6  queue_p.o [1]
  .text              ro code   0x800'2092    0x3a  zero_init3.o [4]
  .text              ro code   0x800'20cc     0x6  ABImemclr4.o [4]
  .text              ro code   0x800'20d4     0xc  stm32f4xx_hal.o [1]
  .text              ro code   0x800'20e0    0x18  ABImemcpy_small.o [4]
  .text              ro code   0x800'20f8    0x12  ABImemset_small.o [4]
  .text              ro code   0x800'210c   0x6dc  stm32f4xx_hal_uart.o [1]
  .text              ro code   0x800'27e8    0x14  strlen_small.o [4]
  .text              ro code   0x800'27fc    0x50  user_irq_input.o [1]
  .text              ro code   0x800'284c   0x106  I64DivMod_small.o [4]
  .text              ro code   0x800'2952    0x14  memset.o [4]
  .text              ro code   0x800'2968    0x40  S25FL216K.o [1]
  .text              ro code   0x800'29a8   0x3f0  stm32f4xx_hal_spi.o [1]
  .text              ro code   0x800'2d98    0x32  ABImemset48.o [4]
  .text              ro code   0x800'2dcc   0x208  usart.o [1]
  .text              ro code   0x800'2fd4   0x3fc  stm32f4xx_hal_dma.o [1]
  .text              ro code   0x800'33d0     0x2  stm32f4xx_hal_uart.o [1]
  .text              ro code   0x800'33d2     0x2  stm32f4xx_hal_uart.o [1]
  .text              ro code   0x800'33d4     0x2  stm32f4xx_hal_uart.o [1]
  .text              ro code   0x800'33d8   0x1ac  stm32f4xx_hal_rcc.o [1]
  .text              ro code   0x800'3584     0x2  I64DivZer.o [4]
  .text              ro code   0x800'3588    0xb4  spi.o [1]
  .text              ro code   0x800'363c    0xe0  main.o [1]
  .text              ro code   0x800'371c    0xc4  stm32f4xx_hal_cortex.o [1]
  .text              ro code   0x800'37e0    0x40  stm32f4xx_hal.o [1]
  .text              ro code   0x800'3820    0x34  stm32f4xx_hal.o [1]
  .text              ro code   0x800'3854   0x21c  gpio.o [1]
  .text              ro code   0x800'3a70    0x34  dma.o [1]
  .text              ro code   0x800'3aa4   0x138  adc.o [1]
  .text              ro code   0x800'3bdc    0x80  user_app_comm.o [1]
  .text              ro code   0x800'3c5c   0x31c  stm32f4xx_hal_rcc.o [1]
  .text              ro code   0x800'3f78    0x38  stm32f4xx_hal_msp.o [1]
  .text              ro code   0x800'3fb0   0x492  stm32f4xx_hal_adc.o [1]
  .text              ro code   0x800'4444   0x560  user_app_electric.o [1]
  .text              ro code   0x800'49a4   0x580  user_app_temperature.o [1]
  .text              ro code   0x800'4f24    0xb4  user_app_at_debug.o [1]
  .text              ro code   0x800'4fd8   0x224  user_app_door_sensor.o [1]
  .text              ro code   0x800'51fc   0x250  user_app_vib_sensor.o [1]
  .text              ro code   0x800'544c     0x2  stm32f4xx_hal_adc.o [1]
  .text              ro code   0x800'544e     0x2  stm32f4xx_hal_adc.o [1]
  .text              ro code   0x800'5450     0x2  stm32f4xx_hal_adc.o [1]
  .text              ro code   0x800'5452    0x6c  user_modbus_rtu.o [1]
  .text              ro code   0x800'54c0   0x6c0  user_at_serial.o [1]
  .text              ro code   0x800'5b80   0x136  user_string.o [1]
  .rodata            const     0x800'5cb8   0x1a0  user_at_serial.o [1]
  .text              ro code   0x800'5e58    0x7c  stm32f4xx_it.o [1]
  .text              ro code   0x800'5ed4    0x10  stm32f4xx_hal.o [1]
  .text              ro code   0x800'5ee4    0x78  lz77_init_single.o [4]
  .text              ro code   0x800'5f5c    0x28  data_init.o [4]
  .text              ro code   0x800'5f84    0x22  fpinit_M.o [3]
  .iar.init_table    const     0x800'5fa8    0x20  - Linker created -
  .text              ro code   0x800'5fc8    0x20  system_stm32f4xx.o [1]
  .text              ro code   0x800'5fe8    0x1e  cmain.o [4]
  .text              ro code   0x800'6006     0x4  low_level_init.o [2]
  .text              ro code   0x800'600a     0x4  exit.o [2]
  .text              ro code   0x800'6010     0xa  cexit.o [4]
  .text              ro code   0x800'601c    0x14  exit.o [5]
  .rodata            const     0x800'6030    0x14  user_at_serial.o [1]
  .rodata            const     0x800'6044    0x14  user_at_serial.o [1]
  .rodata            const     0x800'6058    0x14  user_at_serial.o [1]
  .rodata            const     0x800'606c    0x14  user_at_serial.o [1]
  .rodata            const     0x800'6080    0x10  user_at_serial.o [1]
  .rodata            const     0x800'6090    0x10  user_at_serial.o [1]
  .rodata            const     0x800'60a0    0x10  user_at_serial.o [1]
  .rodata            const     0x800'60b0    0x10  user_at_serial.o [1]
  .rodata            const     0x800'60c0    0x10  user_at_serial.o [1]
  .rodata            const     0x800'60d0    0x10  user_at_serial.o [1]
  .rodata            const     0x800'60e0    0x10  user_at_serial.o [1]
  .rodata            const     0x800'60f0    0x10  user_at_serial.o [1]
  .rodata            const     0x800'6100    0x10  user_at_serial.o [1]
  .rodata            const     0x800'6110    0x10  user_at_serial.o [1]
  .rodata            const     0x800'6120    0x10  user_at_serial.o [1]
  .rodata            const     0x800'6130    0x10  user_at_serial.o [1]
  .rodata            const     0x800'6140    0x10  user_at_serial.o [1]
  .rodata            const     0x800'6150    0x10  user_at_serial.o [1]
  .text              ro code   0x800'6160    0x10  startup_stm32f405xx.o [1]
  .rodata            const     0x800'6170     0xc  user_at_serial.o [1]
  .rodata            const     0x800'617c     0xc  user_at_serial.o [1]
  .rodata            const     0x800'6188     0xc  user_at_serial.o [1]
  .rodata            const     0x800'6194     0xc  user_at_serial.o [1]
  .rodata            const     0x800'61a0     0xc  user_at_serial.o [1]
  .rodata            const     0x800'61ac     0xc  user_at_serial.o [1]
  .rodata            const     0x800'61b8     0xc  user_at_serial.o [1]
  .text              ro code   0x800'61c4     0xc  cstartup_M.o [4]
  .rodata            const     0x800'61d0     0x8  system_stm32f4xx.o [1]
  .rodata            const     0x800'61d8     0x8  user_at_serial.o [1]
  .text              ro code   0x800'61e0     0x4  startup_stm32f405xx.o [1]
  .text              ro code   0x800'61e4     0x4  startup_stm32f405xx.o [1]
  .text              ro code   0x800'61e8     0x4  startup_stm32f405xx.o [1]
  .text              ro code   0x800'61ec     0x4  startup_stm32f405xx.o [1]
  .text              ro code   0x800'61f0     0x4  startup_stm32f405xx.o [1]
  .text              ro code   0x800'61f4     0x4  startup_stm32f405xx.o [1]
  .text              ro code   0x800'61f8     0x4  startup_stm32f405xx.o [1]
  .text              ro code   0x800'61fc     0x4  startup_stm32f405xx.o [1]
  .text              ro code   0x800'6200     0x4  startup_stm32f405xx.o [1]
  .text              ro code   0x800'6204     0x4  startup_stm32f405xx.o [1]
  .text              ro code   0x800'6208     0x4  startup_stm32f405xx.o [1]
  .text              ro code   0x800'620c     0x4  startup_stm32f405xx.o [1]
  .text              ro code   0x800'6210     0x4  startup_stm32f405xx.o [1]
  .text              ro code   0x800'6214     0x4  startup_stm32f405xx.o [1]
  .text              ro code   0x800'6218     0x4  startup_stm32f405xx.o [1]
  .text              ro code   0x800'621c     0x4  startup_stm32f405xx.o [1]
  .text              ro code   0x800'6220     0x4  startup_stm32f405xx.o [1]
  .text              ro code   0x800'6224     0x4  startup_stm32f405xx.o [1]
  .text              ro code   0x800'6228     0x4  startup_stm32f405xx.o [1]
  .text              ro code   0x800'622c     0x4  startup_stm32f405xx.o [1]
  .text              ro code   0x800'6230     0x4  startup_stm32f405xx.o [1]
  .text              ro code   0x800'6234     0x4  startup_stm32f405xx.o [1]
  .text              ro code   0x800'6238     0x4  startup_stm32f405xx.o [1]
  .text              ro code   0x800'623c     0x4  startup_stm32f405xx.o [1]
  .text              ro code   0x800'6240     0x4  startup_stm32f405xx.o [1]
  .text              ro code   0x800'6244     0x4  startup_stm32f405xx.o [1]
  .text              ro code   0x800'6248     0x4  startup_stm32f405xx.o [1]
  .text              ro code   0x800'624c     0x4  startup_stm32f405xx.o [1]
  .text              ro code   0x800'6250     0x4  startup_stm32f405xx.o [1]
  .text              ro code   0x800'6254     0x4  startup_stm32f405xx.o [1]
  .text              ro code   0x800'6258     0x4  startup_stm32f405xx.o [1]
  .text              ro code   0x800'625c     0x4  startup_stm32f405xx.o [1]
  .text              ro code   0x800'6260     0x4  startup_stm32f405xx.o [1]
  .text              ro code   0x800'6264     0x4  startup_stm32f405xx.o [1]
  .text              ro code   0x800'6268     0x4  startup_stm32f405xx.o [1]
  .text              ro code   0x800'626c     0x4  startup_stm32f405xx.o [1]
  .text              ro code   0x800'6270     0x4  startup_stm32f405xx.o [1]
  .text              ro code   0x800'6274     0x4  startup_stm32f405xx.o [1]
  .text              ro code   0x800'6278     0x4  startup_stm32f405xx.o [1]
  .text              ro code   0x800'627c     0x4  startup_stm32f405xx.o [1]
  .text              ro code   0x800'6280     0x4  startup_stm32f405xx.o [1]
  .text              ro code   0x800'6284     0x4  startup_stm32f405xx.o [1]
  .text              ro code   0x800'6288     0x4  startup_stm32f405xx.o [1]
  .text              ro code   0x800'628c     0x4  startup_stm32f405xx.o [1]
  .text              ro code   0x800'6290     0x4  startup_stm32f405xx.o [1]
  .text              ro code   0x800'6294     0x4  startup_stm32f405xx.o [1]
  .text              ro code   0x800'6298     0x4  startup_stm32f405xx.o [1]
  .text              ro code   0x800'629c     0x4  startup_stm32f405xx.o [1]
  .text              ro code   0x800'62a0     0x4  startup_stm32f405xx.o [1]
  .text              ro code   0x800'62a4     0x4  startup_stm32f405xx.o [1]
  .text              ro code   0x800'62a8     0x4  startup_stm32f405xx.o [1]
  .text              ro code   0x800'62ac     0x4  startup_stm32f405xx.o [1]
  .text              ro code   0x800'62b0     0x4  startup_stm32f405xx.o [1]
  .text              ro code   0x800'62b4     0x4  startup_stm32f405xx.o [1]
  .text              ro code   0x800'62b8     0x4  startup_stm32f405xx.o [1]
  .text              ro code   0x800'62bc     0x4  startup_stm32f405xx.o [1]
  .text              ro code   0x800'62c0     0x4  startup_stm32f405xx.o [1]
  .text              ro code   0x800'62c4     0x4  startup_stm32f405xx.o [1]
  .text              ro code   0x800'62c8     0x4  startup_stm32f405xx.o [1]
  .text              ro code   0x800'62cc     0x4  startup_stm32f405xx.o [1]
  .text              ro code   0x800'62d0     0x4  startup_stm32f405xx.o [1]
  .text              ro code   0x800'62d4     0x4  startup_stm32f405xx.o [1]
  .text              ro code   0x800'62d8     0x4  startup_stm32f405xx.o [1]
  .text              ro code   0x800'62dc     0x4  startup_stm32f405xx.o [1]
  .text              ro code   0x800'62e0     0x4  startup_stm32f405xx.o [1]
  .text              ro code   0x800'62e4     0x4  startup_stm32f405xx.o [1]
  .text              ro code   0x800'62e8     0x4  startup_stm32f405xx.o [1]
  .text              ro code   0x800'62ec     0x4  startup_stm32f405xx.o [1]
  .text              ro code   0x800'62f0     0x4  startup_stm32f405xx.o [1]
  .rodata            const     0x800'62f4     0x0  zero_init3.o [4]
  .rodata            const     0x800'62f4     0x0  lz77_init_single.o [4]
  Initializer bytes  const     0x800'62f4   0x23a  <for P2-1>
                             - 0x800'652e  0x63a6

"P2", part 1 of 3:                         0x12e4
  P2-1                        0x2000'0000  0x12e4  <Init block>
    .data            inited   0x2000'0000     0xc  stm32f4xx_hal.o [1]
    .data            inited   0x2000'000c     0x4  system_stm32f4xx.o [1]
    .data            inited   0x2000'0010    0x32  user_app_at_debug.o [1]
    .data            inited   0x2000'0044    0x50  user_app_ctrl_motor.o [1]
    .data            inited   0x2000'0094    0x44  user_app_ctrl_motor.o [1]
    .data            inited   0x2000'00d8    0x40  user_app_door_sensor.o [1]
    .data            inited   0x2000'0118    0x70  user_app_electric.o [1]
    .data            inited   0x2000'0188    0x16  user_app_electric.o [1]
    .data            inited   0x2000'01a0   0xf2c  user_app_pc_box.o [1]
    .data            inited   0x2000'10cc    0x14  user_app_pc_box.o [1]
    .data            inited   0x2000'10e0    0x24  user_app_pc_box.o [1]
    .data            inited   0x2000'1104    0x70  user_app_relay.o [1]
    .data            inited   0x2000'1174    0x2c  user_app_relay.o [1]
    .data            inited   0x2000'11a0     0xc  user_app_relay.o [1]
    .data            inited   0x2000'11ac    0x80  user_app_temperature.o [1]
    .data            inited   0x2000'122c    0x24  user_app_temperature.o [1]
    .data            inited   0x2000'1250    0x74  user_app_vib_sensor.o [1]
    .data            inited   0x2000'12c4    0x1d  user_uart.o [1]
    .data            inited   0x2000'12e2     0x2  user_app_relay.o [1]
                            - 0x2000'12e4  0x12e4

"P2", part 2 of 3:                          0x3e4
  .bss               zero     0x2000'12e4    0x80  user_at_serial.o [1]
  .bss               zero     0x2000'1364    0x64  user_uart.o [1]
  .bss               zero     0x2000'13c8    0x64  user_uart.o [1]
  .bss               zero     0x2000'142c    0x60  adc.o [1]
  .bss               zero     0x2000'148c    0x58  spi.o [1]
  .bss               zero     0x2000'14e4    0x48  adc.o [1]
  .bss               zero     0x2000'152c    0x44  usart.o [1]
  .bss               zero     0x2000'1570    0x44  usart.o [1]
  .bss               zero     0x2000'15b4    0x44  usart.o [1]
  .bss               zero     0x2000'15f8    0x44  usart.o [1]
  .bss               zero     0x2000'163c    0x34  user_uart.o [1]
  .bss               zero     0x2000'1670    0x24  user_app_pc_box.o [1]
  .bss               zero     0x2000'1694    0x10  user_app_relay.o [1]
  .bss               zero     0x2000'16a4     0xc  user_app_ctrl_motor.o [1]
  .bss               zero     0x2000'16b0     0x7  user_app_door_sensor.o [1]
  .bss               zero     0x2000'16b7     0x1  user_app_comm.o [1]
  .bss               zero     0x2000'16b8     0x4  user_app_temperature.o [1]
  .bss               zero     0x2000'16bc     0x4  user_util.o [1]
  .bss               zero     0x2000'16c0     0x2  user_app_electric.o [1]
  .bss               zero     0x2000'16c2     0x2  user_app_pc_box.o [1]
  .bss               zero     0x2000'16c4     0x2  user_app_vib_sensor.o [1]
  .bss               zero     0x2000'16c6     0x1  user_app_relay.o [1]
  .bss               zero     0x2000'16c7     0x1  user_app_relay.o [1]
                            - 0x2000'16c8   0x3e4

"P2", part 3 of 3:                          0x400
  CSTACK                      0x2000'16c8   0x400  <Block>
    CSTACK           uninit   0x2000'16c8   0x400  <Block tail>
                            - 0x2000'1ac8   0x400

Unused ranges:

         From           To      Size
         ----           --      ----
   0x800'652e   0x80f'ffff  0xf'9ad2
  0x2000'1ac8  0x2001'ffff  0x1'e538


*******************************************************************************
*** INIT TABLE
***

          Address      Size
          -------      ----
Zero (__iar_zero_init3)
    1 destination range, total size 0x3e4:
          0x2000'12e4   0x3e4

Copy/lz77 (__iar_lz77_init_single3)
    1 source range, total size 0x23a (11% of destination):
           0x800'62f4   0x23a
    1 destination range, total size 0x12e4:
          0x2000'0000  0x12e4



*******************************************************************************
*** MODULE SUMMARY
***

    Module                       ro code  ro data  rw data
    ------                       -------  -------  -------
command line/config:
    ------------------------------------------------------
    Total:

D:\Project_STM32\Saoviet_Maybanhang_Std\Saoviet_Maybanhang\EWARM\Saoviet_Maybanhang\Obj: [1]
    S25FL216K.o                       64
    adc.o                            312               168
    dma.o                             52
    event_driven.o                    48
    gpio.o                           540
    main.o                           224
    queue_p.o                        198
    spi.o                            180                88
    startup_stm32f405xx.o            684
    stm32f4xx_hal.o                  184        1       12
    stm32f4xx_hal_adc.o            1'176
    stm32f4xx_hal_cortex.o           196
    stm32f4xx_hal_dma.o            1'020
    stm32f4xx_hal_gpio.o             548
    stm32f4xx_hal_msp.o               56
    stm32f4xx_hal_rcc.o            1'224
    stm32f4xx_hal_spi.o            1'008
    stm32f4xx_hal_uart.o           1'762
    stm32f4xx_it.o                   124
    system_stm32f4xx.o                32        8        4
    usart.o                          520               272
    user_app_at_debug.o              180        6       50
    user_app_comm.o                  128                 1
    user_app_ctrl_motor.o            932       18      160
    user_app_door_sensor.o           548        8       71
    user_app_electric.o            1'376       15      136
    user_app_pc_box.o              3'080      465    3'978
    user_app_relay.o               1'664       21      188
    user_app_temperature.o         1'408       19      168
    user_app_vib_sensor.o            592       14      118
    user_at_serial.o               1'728      812      128
    user_comm_vending_machine.o      436
    user_external_flash.o            552
    user_irq_input.o                  80
    user_modbus_rtu.o                108
    user_string.o                    310
    user_uart.o                      216        3      281
    user_util.o                      232                 4
    ------------------------------------------------------
    Total:                        23'722    1'390    5'827

dl7M_tlf.a: [2]
    exit.o                             4
    low_level_init.o                   4
    ------------------------------------------------------
    Total:                             8

m7M_tls.a: [3]
    fpinit_M.o                        34
    ------------------------------------------------------
    Total:                            34

rt7M_tl.a: [4]
    ABImemclr4.o                       6
    ABImemcpy_small.o                 24
    ABImemset48.o                     50
    ABImemset_small.o                 18
    I64DivMod_small.o                262
    I64DivZer.o                        2
    cexit.o                           10
    cmain.o                           30
    cstartup_M.o                      12
    data_init.o                       40
    lz77_init_single.o               120
    memset.o                          20
    strlen_small.o                    20
    zero_init3.o                      58
    ------------------------------------------------------
    Total:                           672

shb_l.a: [5]
    exit.o                            20
    ------------------------------------------------------
    Total:                            20

    Gaps                              20        4        5
    Linker created                             32    1'024
----------------------------------------------------------
    Grand Total:                  24'476    1'426    6'856


*******************************************************************************
*** ENTRY LIST
***

Entry                       Address   Size  Type      Object
-----                       -------   ----  ----      ------
.iar.init_table$$Base    0x800'5fa8          --   Gb  - Linker created -
.iar.init_table$$Limit   0x800'5fc8          --   Gb  - Linker created -
?main                    0x800'5fe9         Code  Gb  cmain.o [4]
ADC_Avg                 0x2000'1244    0xc  Data  Gb  user_app_temperature.o [1]
ADC_DMAConvCplt          0x800'43c1   0x66  Code  Lc  stm32f4xx_hal_adc.o [1]
ADC_DMAError             0x800'4431   0x12  Code  Lc  stm32f4xx_hal_adc.o [1]
ADC_DMAHalfConvCplt      0x800'4429    0x6  Code  Lc  stm32f4xx_hal_adc.o [1]
ADC_Temp                0x2000'1238    0xc  Data  Gb  user_app_temperature.o [1]
AHBPrescTable            0x800'5fd8   0x10  Data  Gb  system_stm32f4xx.o [1]
APBPrescTable            0x800'61d0    0x8  Data  Gb  system_stm32f4xx.o [1]
AppAtDebug_Task          0x800'4f8f   0x40  Code  Gb  user_app_at_debug.o [1]
AppDoorSensor_Debug      0x800'5111   0x4e  Code  Gb  user_app_door_sensor.o [1]
AppDoorSensor_Task       0x800'5165   0x40  Code  Gb  user_app_door_sensor.o [1]
AppElectric_Debug        0x800'4825   0x7a  Code  Gb  user_app_electric.o [1]
AppElectric_Task         0x800'48b5   0x40  Code  Gb  user_app_electric.o [1]
AppMotor_Debug           0x800'1521   0x6a  Code  Gb  user_app_ctrl_motor.o [1]
AppMotor_Task            0x800'15a1   0x40  Code  Gb  user_app_ctrl_motor.o [1]
AppPcBox_Debug           0x800'0c25   0x72  Code  Gb  user_app_pc_box.o [1]
AppPcBox_Task            0x800'0c97   0x40  Code  Gb  user_app_pc_box.o [1]
AppRelay_Task            0x800'1bc9   0x40  Code  Gb  user_app_relay.o [1]
AppTemperature_Debug     0x800'4d65   0xa6  Code  Gb  user_app_temperature.o [1]
AppTemperature_Task      0x800'4e25   0x40  Code  Gb  user_app_temperature.o [1]
AppVibSensor_Debug       0x800'53ad   0x2e  Code  Gb  user_app_vib_sensor.o [1]
AppVibSensor_Task        0x800'53db   0x40  Code  Gb  user_app_vib_sensor.o [1]
BusFault_Handler         0x800'5e5f    0x2  Code  Gb  stm32f4xx_it.o [1]
CSTACK$$Base            0x2000'16c8          --   Gb  - Linker created -
CSTACK$$Limit           0x2000'1ac8          --   Gb  - Linker created -
Cal_Time                 0x800'0da9   0x12  Code  Gb  user_util.o [1]
Calculator_Crc_U16       0x800'10f5   0x32  Code  Gb  user_comm_vending_machine.o [1]
Calculator_Scale         0x800'1169   0x18  Code  Gb  user_comm_vending_machine.o [1]
CheckList_AT_CONFIG      0x800'5cb8  0x1a0  Data  Gb  user_at_serial.o [1]
Check_AT_User            0x800'5a1d   0xa8  Code  Gb  user_at_serial.o [1]
Check_Time_Out           0x800'0d91   0x18  Code  Gb  user_util.o [1]
ConnectSlave            0x2000'16c7    0x1  Data  Gb  user_app_relay.o [1]
ControlRelay             0x800'1871   0xa6  Code  Gb  user_app_relay.o [1]
Convert_Hex_To_String_Hex
                         0x800'0def   0x44  Code  Gb  user_util.o [1]
Convert_Int_To_String    0x800'1181   0x82  Code  Gb  user_comm_vending_machine.o [1]
Convert_Int_To_String_Scale
                         0x800'1203   0x7a  Code  Gb  user_comm_vending_machine.o [1]
Convert_String_To_Dec    0x800'0dbb   0x34  Code  Gb  user_util.o [1]
DMA2_Stream0_IRQHandler
                         0x800'5eb1    0x6  Code  Gb  stm32f4xx_it.o [1]
DMA_CalcBaseAndBitshift
                         0x800'33a1   0x26  Code  Lc  stm32f4xx_hal_dma.o [1]
DMA_CalcBaseAndBitshift::flagBitshiftOffset
                         0x800'33c8    0x8  Data  Lc  stm32f4xx_hal_dma.o [1]
DMA_SetConfig            0x800'3381   0x20  Code  Lc  stm32f4xx_hal_dma.o [1]
DebugMon_Handler         0x800'5e65    0x2  Code  Gb  stm32f4xx_it.o [1]
EXTI15_10_IRQHandler     0x800'5e95   0x16  Code  Gb  stm32f4xx_it.o [1]
EXTI1_IRQHandler         0x800'5e75    0x6  Code  Gb  stm32f4xx_it.o [1]
EXTI4_IRQHandler         0x800'5e7b    0x6  Code  Gb  stm32f4xx_it.o [1]
EXTI9_5_IRQHandler       0x800'5e81    0x8  Code  Gb  stm32f4xx_it.o [1]
Error_Handler            0x800'3719    0x4  Code  Gb  main.o [1]
Find_String_V2           0x800'5b81   0xc6  Code  Gb  user_string.o [1]
Find_str_fix             0x800'5c57   0x60  Code  Gb  user_string.o [1]
Fix_Motor                0x800'143b   0x28  Code  Gb  user_app_ctrl_motor.o [1]
HAL_ADC_ConfigChannel    0x800'4267  0x10e  Code  Gb  stm32f4xx_hal_adc.o [1]
HAL_ADC_Init             0x800'3fb1  0x154  Code  Gb  stm32f4xx_hal_adc.o [1]
HAL_ADC_MspInit          0x800'3b2d   0x92  Code  Gb  adc.o [1]
HAL_ADC_Start_DMA        0x800'4137  0x130  Code  Gb  stm32f4xx_hal_adc.o [1]
HAL_DMA_Abort            0x800'3125   0x78  Code  Gb  stm32f4xx_hal_dma.o [1]
HAL_DMA_Abort_IT         0x800'319d   0x24  Code  Gb  stm32f4xx_hal_dma.o [1]
HAL_DMA_IRQHandler       0x800'31c1  0x188  Code  Gb  stm32f4xx_hal_dma.o [1]
HAL_DMA_Init             0x800'2fd5   0xee  Code  Gb  stm32f4xx_hal_dma.o [1]
HAL_DMA_Start_IT         0x800'30c3   0x62  Code  Gb  stm32f4xx_hal_dma.o [1]
HAL_Delay                0x800'109d   0x28  Code  Wk  stm32f4xx_hal.o [1]
HAL_GPIO_EXTI_Callback   0x800'27fd   0x50  Code  Gb  user_irq_input.o [1]
HAL_GPIO_EXTI_IRQHandler
                         0x800'105d   0x10  Code  Gb  stm32f4xx_hal_gpio.o [1]
HAL_GPIO_Init            0x800'0e79  0x1c0  Code  Gb  stm32f4xx_hal_gpio.o [1]
HAL_GPIO_ReadPin         0x800'1039    0xc  Code  Gb  stm32f4xx_hal_gpio.o [1]
HAL_GPIO_TogglePin       0x800'104d   0x10  Code  Gb  stm32f4xx_hal_gpio.o [1]
HAL_GPIO_WritePin        0x800'1045    0x8  Code  Gb  stm32f4xx_hal_gpio.o [1]
HAL_GetTick              0x800'20d5    0xc  Code  Wk  stm32f4xx_hal.o [1]
HAL_IncTick              0x800'5ed5   0x10  Code  Wk  stm32f4xx_hal.o [1]
HAL_Init                 0x800'3821   0x30  Code  Gb  stm32f4xx_hal.o [1]
HAL_InitTick             0x800'37e1   0x40  Code  Wk  stm32f4xx_hal.o [1]
HAL_MspInit              0x800'3f79   0x38  Code  Gb  stm32f4xx_hal_msp.o [1]
HAL_NVIC_EnableIRQ       0x800'378b   0x16  Code  Gb  stm32f4xx_hal_cortex.o [1]
HAL_NVIC_SetPriority     0x800'3751   0x3a  Code  Gb  stm32f4xx_hal_cortex.o [1]
HAL_NVIC_SetPriorityGrouping
                         0x800'3737   0x1a  Code  Gb  stm32f4xx_hal_cortex.o [1]
HAL_RCC_ClockConfig      0x800'33d9  0x100  Code  Gb  stm32f4xx_hal_rcc.o [1]
HAL_RCC_GetPCLK1Freq     0x800'34e5   0x10  Code  Gb  stm32f4xx_hal_rcc.o [1]
HAL_RCC_GetPCLK2Freq     0x800'34f5    0xe  Code  Gb  stm32f4xx_hal_rcc.o [1]
HAL_RCC_OscConfig        0x800'3c5d  0x31c  Code  Wk  stm32f4xx_hal_rcc.o [1]
HAL_SPI_Init             0x800'29a9   0xb4  Code  Gb  stm32f4xx_hal_spi.o [1]
HAL_SPI_MspInit          0x800'35c5   0x66  Code  Gb  spi.o [1]
HAL_SPI_TransmitReceive
                         0x800'2a65  0x1a4  Code  Gb  stm32f4xx_hal_spi.o [1]
HAL_SYSTICK_Config       0x800'37a1   0x28  Code  Gb  stm32f4xx_hal_cortex.o [1]
HAL_UART_IRQHandler      0x800'227f  0x26a  Code  Gb  stm32f4xx_hal_uart.o [1]
HAL_UART_Init            0x800'210d   0x1e  Code  Gb  stm32f4xx_hal_uart.o [1]
HAL_UART_MspInit         0x800'2e37  0x122  Code  Gb  usart.o [1]
HAL_UART_Receive_IT      0x800'2233   0x30  Code  Gb  stm32f4xx_hal_uart.o [1]
HAL_UART_RxCpltCallback
                         0x800'1d0f   0x78  Code  Gb  user_uart.o [1]
HAL_UART_Transmit        0x800'2183   0xb0  Code  Gb  stm32f4xx_hal_uart.o [1]
Handle_State_Power       0x800'4691   0x7a  Code  Gb  user_app_electric.o [1]
HardFault_Handler        0x800'5e5b    0x2  Code  Gb  stm32f4xx_it.o [1]
Init_AppElectric         0x800'4815    0xc  Code  Gb  user_app_electric.o [1]
Init_AppRelay            0x800'1933   0x10  Code  Gb  user_app_relay.o [1]
Init_AppTemperature      0x800'4e65    0xc  Code  Gb  user_app_temperature.o [1]
Init_DCU_ID              0x800'0a43   0x82  Code  Gb  user_app_pc_box.o [1]
Init_PcBox               0x800'0bd7   0x40  Code  Gb  user_app_pc_box.o [1]
Init_StatusRelay         0x800'1a19   0x92  Code  Gb  user_app_relay.o [1]
Init_Temp_Ctrl_Fridge    0x800'4b79   0x32  Code  Gb  user_app_temperature.o [1]
Init_Time_Relay_Warm     0x800'1835   0x3c  Code  Gb  user_app_relay.o [1]
Init_Uart_485_Rx_IT      0x800'1ccd    0xa  Code  Gb  user_uart.o [1]
Init_Uart_Module         0x800'1cdd   0x2c  Code  Gb  user_uart.o [1]
Init_Uart_PcBox_Rx_IT    0x800'1cd7    0x6  Code  Gb  user_uart.o [1]
Init_Using_Crc           0x800'0b45   0x2a  Code  Gb  user_app_pc_box.o [1]
LAYER_PIN                0x800'1628   0x10  Data  Lc  user_app_ctrl_motor.o [1]
LAYER_PORT              0x2000'0094   0x1c  Data  Lc  user_app_ctrl_motor.o [1]
LED_Off                  0x800'1b31   0x10  Code  Gb  user_app_relay.o [1]
LED_On                   0x800'1b21   0x10  Code  Gb  user_app_relay.o [1]
LED_PIN                  0x800'1cc4    0x8  Data  Lc  user_app_relay.o [1]
LED_PORT                0x2000'11a0    0xc  Data  Lc  user_app_relay.o [1]
LED_Toggle               0x800'1b11   0x10  Code  Gb  user_app_relay.o [1]
LedRecvPcBox            0x2000'16c6    0x1  Data  Gb  user_app_relay.o [1]
Log_Data_Door_Respond_PcBox
                         0x800'50c5   0x40  Code  Gb  user_app_door_sensor.o [1]
Log_Data_Vib_Respond_PcBox
                         0x800'536f   0x3e  Code  Gb  user_app_vib_sensor.o [1]
Log_TSVH                 0x800'08ef   0xe8  Code  Gb  user_app_pc_box.o [1]
MX_ADC1_Init             0x800'3aa5   0x7e  Code  Gb  adc.o [1]
MX_DMA_Init              0x800'3a71   0x34  Code  Gb  dma.o [1]
MX_GPIO_Init             0x800'3855  0x1e2  Code  Gb  gpio.o [1]
MX_SPI2_Init             0x800'3589   0x3c  Code  Gb  spi.o [1]
MX_UART4_Init            0x800'2dcd   0x16  Code  Gb  usart.o [1]
MX_USART2_UART_Init      0x800'2de3   0x10  Code  Gb  usart.o [1]
MX_USART3_UART_Init      0x800'2dfb   0x10  Code  Gb  usart.o [1]
MX_USART6_UART_Init      0x800'2e27   0x10  Code  Gb  usart.o [1]
Main_Task                0x800'3bdd   0x6c  Code  Gb  user_app_comm.o [1]
MemManage_Handler        0x800'5e5d    0x2  Code  Gb  stm32f4xx_it.o [1]
ModRTU_CRC               0x800'5453   0x30  Code  Gb  user_modbus_rtu.o [1]
ModRTU_Master_Read_Frame
                         0x800'5483   0x3c  Code  Gb  user_modbus_rtu.o [1]
NMI_Handler              0x800'5e59    0x2  Code  Gb  stm32f4xx_it.o [1]
Off_Motor_Push           0x800'14e5   0x3c  Code  Gb  user_app_ctrl_motor.o [1]
OnOff_Relay              0x800'1917   0x1c  Code  Gb  user_app_relay.o [1]
OnRelay_Warm             0x800'1aab   0x18  Code  Gb  user_app_relay.o [1]
On_Motor_Push            0x800'14a1   0x42  Code  Gb  user_app_ctrl_motor.o [1]
Packing_Respond_PcBox    0x800'0875   0x3c  Code  Gb  user_app_pc_box.o [1]
PcBox_Setup_Time_Warm_Run
                         0x800'179b   0x28  Code  Gb  user_app_relay.o [1]
PcBox_Setup_Time_Warm_Wait
                         0x800'17c3   0x26  Code  Gb  user_app_relay.o [1]
Pc_Box_Init              0x800'0a31   0x12  Code  Gb  user_app_pc_box.o [1]
PendSV_Handler           0x800'5e67    0x2  Code  Gb  stm32f4xx_it.o [1]
Push_Motor               0x800'1463   0x30  Code  Gb  user_app_ctrl_motor.o [1]
RC                       0x800'5c47   0x10  Code  Gb  user_string.o [1]
RELAY_PIN               0x2000'1174   0x10  Data  Lc  user_app_relay.o [1]
RELAY_PORT              0x2000'1184   0x1c  Data  Lc  user_app_relay.o [1]
Read_IdSlave_Electric_ExFlash
                         0x800'47f1   0x24  Code  Gb  user_app_electric.o [1]
Read_Status_Electric_ExFlash
                         0x800'4795   0x2a  Code  Gb  user_app_electric.o [1]
Read_Status_Relay_ExFlash
                         0x800'19d3   0x46  Code  Gb  user_app_relay.o [1]
Region$$Table$$Base      0x800'5fa8          --   Gb  - Linker created -
Region$$Table$$Limit     0x800'5fc8          --   Gb  - Linker created -
Relay_Debug              0x800'1b51   0x78  Code  Gb  user_app_relay.o [1]
Relay_Respond_Pc_Box     0x800'1ac3   0x42  Code  Gb  user_app_relay.o [1]
Reset_Chip               0x800'127d   0x1c  Code  Gb  user_comm_vending_machine.o [1]
Respond_Error_Temp       0x800'4c7b   0x30  Code  Gb  user_app_temperature.o [1]
Respond_PcBox            0x800'1127    0xe  Code  Gb  user_comm_vending_machine.o [1]
RtCountSystick_u32      0x2000'16bc    0x4  Data  Gb  user_util.o [1]
S25FL_ChipSelect         0x800'2969   0x14  Code  Gb  S25FL216K.o [1]
S25FL_Send_Byte          0x800'297d   0x22  Code  Gb  S25FL216K.o [1]
SLOT_PIN                 0x800'1638   0x14  Data  Lc  user_app_ctrl_motor.o [1]
SLOT_PORT               0x2000'00b0   0x28  Data  Lc  user_app_ctrl_motor.o [1]
SPI_EndRxTxTransaction   0x800'2d33   0x50  Code  Lc  stm32f4xx_hal_spi.o [1]
SPI_WaitFlagStateUntilTimeout
                         0x800'2c73   0xb4  Code  Lc  stm32f4xx_hal_spi.o [1]
SVC_Handler              0x800'5e63    0x2  Code  Gb  stm32f4xx_it.o [1]
Scale_To_Int             0x800'1135   0x34  Code  Gb  user_comm_vending_machine.o [1]
Set_Threshold_Temperature
                         0x800'4cab   0x3a  Code  Gb  user_app_temperature.o [1]
Set_TimeResetPcBox       0x800'0b9f   0x38  Code  Gb  user_app_pc_box.o [1]
Set_TimeTSVH             0x800'0ac5   0x70  Code  Gb  user_app_pc_box.o [1]
SetupTemp_Respond_Pc_Box_Setup
                         0x800'4ce5   0x46  Code  Gb  user_app_temperature.o [1]
Setup_TimeCycle_Relay_Warm
                         0x800'181f   0x16  Code  Gb  user_app_relay.o [1]
Status_Power_Respond_PcBox
                         0x800'4719   0x3e  Code  Gb  user_app_electric.o [1]
SysTick_Handler          0x800'5e69    0xc  Code  Gb  stm32f4xx_it.o [1]
SystemClock_Config       0x800'366d   0xa4  Code  Gb  main.o [1]
SystemCoreClock         0x2000'000c    0x4  Data  Gb  system_stm32f4xx.o [1]
SystemInit               0x800'5fc9    0xc  Code  Gb  system_stm32f4xx.o [1]
TaskStatus_u8           0x2000'16b7    0x1  Data  Gb  user_app_comm.o [1]
Transmit_PCBOX           0x800'08b1   0x16  Code  Gb  user_app_pc_box.o [1]
UART4_IRQHandler         0x800'5eab    0x6  Code  Gb  stm32f4xx_it.o [1]
UART_DMAAbortOnError     0x800'2641    0xc  Code  Lc  stm32f4xx_hal_uart.o [1]
UART_EndRxTransfer       0x800'25f7   0x2a  Code  Lc  stm32f4xx_hal_uart.o [1]
UART_Receive_IT          0x800'264d   0xaa  Code  Lc  stm32f4xx_hal_uart.o [1]
UART_SetConfig           0x800'2721   0xae  Code  Lc  stm32f4xx_hal_uart.o [1]
UART_Start_Receive_IT    0x800'25a5   0x3a  Code  Gb  stm32f4xx_hal_uart.o [1]
UART_WaitOnFlagUntilTimeout
                         0x800'2511   0x5e  Code  Lc  stm32f4xx_hal_uart.o [1]
USART2_IRQHandler        0x800'5e89    0x6  Code  Gb  stm32f4xx_it.o [1]
USART3_IRQHandler        0x800'5e8f    0x6  Code  Gb  stm32f4xx_it.o [1]
USART6_IRQHandler        0x800'5eb7    0x6  Code  Gb  stm32f4xx_it.o [1]
UTIL_MEM_set             0x800'0e33    0xe  Code  Gb  user_util.o [1]
UTIL_Printf              0x800'0e41   0x10  Code  Gb  user_util.o [1]
UTIL_Printf_Str          0x800'0e51   0x12  Code  Gb  user_util.o [1]
Uart485Buff             0x2000'163c   0x34  Data  Gb  user_uart.o [1]
Uart485RxByte           0x2000'12c5    0x1  Data  Gb  user_uart.o [1]
UartDebugBuff           0x2000'1364   0x64  Data  Gb  user_uart.o [1]
UartDebugRxByte         0x2000'12c4    0x1  Data  Gb  user_uart.o [1]
UartPcBoxBuff           0x2000'13c8   0x64  Data  Gb  user_uart.o [1]
UartPcBoxRxByte         0x2000'12c6    0x1  Data  Gb  user_uart.o [1]
UartSimRxByte           0x2000'12e0    0x1  Data  Gb  user_uart.o [1]
UsageFault_Handler       0x800'5e61    0x2  Code  Gb  stm32f4xx_it.o [1]
Write_Flash_Using_Crc    0x800'0b6f   0x2a  Code  Gb  user_app_pc_box.o [1]
Write_IdSlave_Electric_ExFlash
                         0x800'47bf   0x2a  Code  Gb  user_app_electric.o [1]
Write_Queue_Repond_PcBox
                         0x800'08c7   0x28  Code  Gb  user_app_pc_box.o [1]
Write_Status_Electric_ExFlash
                         0x800'4769   0x2c  Code  Gb  user_app_electric.o [1]
Write_Status_Relay_ExFlash
                         0x800'1943   0x86  Code  Gb  user_app_relay.o [1]
__NVIC_SetPriority       0x800'371d   0x1a  Code  Lc  stm32f4xx_hal_cortex.o [1]
__aeabi_ldiv0            0x800'3585         Code  Gb  I64DivZer.o [4]
__aeabi_memclr4          0x800'20cd         Code  Gb  ABImemclr4.o [4]
__cmain                  0x800'5fe9         Code  Gb  cmain.o [4]
__exit                   0x800'601d   0x14  Code  Gb  exit.o [5]
__iar_Memset4_word       0x800'2d99         Code  Gb  ABImemset48.o [4]
__iar_Memset8_word       0x800'2d99         Code  Gb  ABImemset48.o [4]
__iar_data_init3         0x800'5f5d   0x28  Code  Gb  data_init.o [4]
__iar_init_vfp           0x800'5f85         Code  Gb  fpinit_M.o [3]
__iar_lz77_init_single3
                         0x800'5ee5   0x78  Code  Gb  lz77_init_single.o [4]
__iar_program_start      0x800'61c5         Code  Gb  cstartup_M.o [4]
__iar_small_Memcpy       0x800'20e5         Code  Gb  ABImemcpy_small.o [4]
__iar_small_Memset       0x800'20f9         Code  Gb  ABImemset_small.o [4]
__iar_small_Memset_word
                         0x800'20f9         Code  Gb  ABImemset_small.o [4]
__iar_small_memcpy       0x800'20e1         Code  Gb  ABImemcpy_small.o [4]
__iar_small_memcpy4      0x800'20e1         Code  Gb  ABImemcpy_small.o [4]
__iar_small_memcpy8      0x800'20e1         Code  Gb  ABImemcpy_small.o [4]
__iar_small_memset       0x800'20f9         Code  Gb  ABImemset_small.o [4]
__iar_small_strlen       0x800'27e9         Code  Gb  strlen_small.o [4]
__iar_small_uldivmod     0x800'284d         Code  Gb  I64DivMod_small.o [4]
__iar_zero_init3         0x800'2093   0x3a  Code  Gb  zero_init3.o [4]
__low_level_init         0x800'6007    0x4  Code  Gb  low_level_init.o [2]
__vector_table           0x800'0000         Data  Gb  startup_stm32f405xx.o [1]
_call_main               0x800'5ff5         Code  Gb  cmain.o [4]
_exit                    0x800'6011         Code  Gb  cexit.o [4]
_fAPP_FIX_MOTOR          0x800'54f9   0x1e  Code  Gb  user_at_serial.o [1]
_fAPP_PUSH_MOTOR         0x800'5517   0x56  Code  Gb  user_at_serial.o [1]
_fCTRL_RELAY_LAMP        0x800'588d   0x54  Code  Gb  user_at_serial.o [1]
_fCTRL_RELAY_SCREEN      0x800'584d   0x40  Code  Gb  user_at_serial.o [1]
_fCTRL_RELAY_WARM        0x800'58ed   0x46  Code  Gb  user_at_serial.o [1]
_fGET_ID_SLAVE           0x800'57d9   0x22  Code  Gb  user_at_serial.o [1]
_fGET_SERI_DCU           0x800'5611   0x18  Code  Gb  user_at_serial.o [1]
_fGET_SETUP_TEMP         0x800'56a9   0x2a  Code  Gb  user_at_serial.o [1]
_fGET_THRESH_TEMP        0x800'5739   0x28  Code  Gb  user_at_serial.o [1]
_fGET_TIME_PCBOX_RESET   0x800'55ab    0xc  Code  Gb  user_at_serial.o [1]
_fGET_TIME_TSVH          0x800'556d    0xe  Code  Gb  user_at_serial.o [1]
_fGET_TIME_WARM_RUN      0x800'5935   0x18  Code  Gb  user_at_serial.o [1]
_fGET_TIME_WARM_WAIT     0x800'5971   0x18  Code  Gb  user_at_serial.o [1]
_fGET_USING_CRC          0x800'59b1   0x2c  Code  Gb  user_at_serial.o [1]
_fRESET_DCU              0x800'54c1   0x2e  Code  Gb  user_at_serial.o [1]
_fRESET_PCBOX            0x800'54ef    0xa  Code  Gb  user_at_serial.o [1]
_fSET_ID_SLAVE           0x800'5801   0x28  Code  Gb  user_at_serial.o [1]
_fSET_SERI_DCU           0x800'5629   0x80  Code  Gb  user_at_serial.o [1]
_fSET_SETUP_TEMP         0x800'56d3   0x46  Code  Gb  user_at_serial.o [1]
_fSET_THRESH_TEMP        0x800'5781   0x44  Code  Gb  user_at_serial.o [1]
_fSET_TIME_PCBOX_RESET   0x800'55f3   0x1e  Code  Gb  user_at_serial.o [1]
_fSET_TIME_TSVH          0x800'557b   0x1c  Code  Gb  user_at_serial.o [1]
_fSET_TIME_WARM_RUN      0x800'594d   0x22  Code  Gb  user_at_serial.o [1]
_fSET_TIME_WARM_WAIT     0x800'598d   0x22  Code  Gb  user_at_serial.o [1]
_fSET_USING_CRC          0x800'59dd   0x3c  Code  Gb  user_at_serial.o [1]
_main                    0x800'6003         Code  Gb  cmain.o [4]
aBufferRespondPcBox     0x2000'1670   0x24  Data  Gb  user_app_pc_box.o [1]
aDATA_CONFIG            0x2000'12e4   0x80  Data  Gb  user_at_serial.o [1]
aDCU_ID                 0x2000'10cc   0x14  Data  Gb  user_app_pc_box.o [1]
eFlash_S25FL_BufferRead
                         0x800'1f23   0x60  Code  Gb  user_external_flash.o [1]
eFlash_S25FL_BufferWrite
                         0x800'1ee7   0x34  Code  Gb  user_external_flash.o [1]
eFlash_S25FL_CheckWriteEnable
                         0x800'1e41   0x28  Code  Gb  user_external_flash.o [1]
eFlash_S25FL_Enable      0x800'1dab   0x16  Code  Gb  user_external_flash.o [1]
eFlash_S25FL_Erase_Sector
                         0x800'1dc1   0x4a  Code  Gb  user_external_flash.o [1]
eFlash_S25FL_PageWrite   0x800'1e83   0x5c  Code  Gb  user_external_flash.o [1]
eFlash_S25FL_WaitForWriteEnd
                         0x800'1e11   0x2a  Code  Gb  user_external_flash.o [1]
exit                     0x800'600b    0x4  Code  Gb  exit.o [2]
fevent_active            0x800'10c5   0x10  Code  Gb  event_driven.o [1]
fevent_at_debug_complete_receive
                         0x800'4f65   0x20  Code  Lc  user_app_at_debug.o [1]
fevent_at_debug_entry    0x800'4f25   0x18  Code  Lc  user_app_at_debug.o [1]
fevent_at_debug_receive_handle
                         0x800'4f3d   0x28  Code  Lc  user_app_at_debug.o [1]
fevent_at_debug_receive_handle::countBuffer_uart
                        0x2000'0040    0x2  Data  Lc  user_app_at_debug.o [1]
fevent_control_led_pcbox
                         0x800'1733   0x3e  Code  Lc  user_app_relay.o [1]
fevent_control_led_slave
                         0x800'1771   0x1c  Code  Lc  user_app_relay.o [1]
fevent_control_led_status
                         0x800'16ff   0x34  Code  Lc  user_app_relay.o [1]
fevent_control_motor_push
                         0x800'12c5   0x32  Code  Lc  user_app_ctrl_motor.o [1]
fevent_dcu_ping_pc_box   0x800'071f   0x36  Code  Lc  user_app_pc_box.o [1]
fevent_disable           0x800'10e9    0xc  Code  Gb  event_driven.o [1]
fevent_door_ctrl_respond
                         0x800'5029   0x6e  Code  Lc  user_app_door_sensor.o [1]
fevent_door_ctrl_respond::On_RL_Warm
                        0x2000'16b6    0x1  Data  Lc  user_app_door_sensor.o [1]
fevent_door_ctrl_respond::status
                        0x2000'16b5    0x1  Data  Lc  user_app_door_sensor.o [1]
fevent_door_ctrl_respond::status_before
                        0x2000'16b4    0x1  Data  Lc  user_app_door_sensor.o [1]
fevent_door_entry        0x800'4fd9    0xe  Code  Lc  user_app_door_sensor.o [1]
fevent_door_respond_pc_box
                         0x800'5097   0x2e  Code  Lc  user_app_door_sensor.o [1]
fevent_door_sensor       0x800'4fe7   0x42  Code  Lc  user_app_door_sensor.o [1]
fevent_electric_change_status_power
                         0x800'4637   0x5a  Code  Lc  user_app_electric.o [1]
fevent_electric_entry    0x800'4445   0x14  Code  Lc  user_app_electric.o [1]
fevent_electric_handle_485
                         0x800'4509  0x11a  Code  Lc  user_app_electric.o [1]
fevent_electric_handle_485::CountStateConnect
                        0x2000'019d    0x1  Data  Lc  user_app_electric.o [1]
fevent_electric_handle_485::CountStatePower
                        0x2000'019c    0x1  Data  Lc  user_app_electric.o [1]
fevent_electric_init_uart
                         0x800'470b    0xe  Code  Lc  user_app_electric.o [1]
fevent_electric_receive_485
                         0x800'44d9   0x30  Code  Lc  user_app_electric.o [1]
fevent_electric_receive_485::countBuffer_uart
                        0x2000'16c0    0x2  Data  Lc  user_app_electric.o [1]
fevent_electric_send_meter
                         0x800'4623    0xc  Code  Lc  user_app_electric.o [1]
fevent_electric_transmit_485
                         0x800'4459   0x80  Code  Lc  user_app_electric.o [1]
fevent_enable            0x800'10d5   0x14  Code  Gb  event_driven.o [1]
fevent_input_motor_push
                         0x800'12f7   0x44  Code  Lc  user_app_ctrl_motor.o [1]
fevent_motor_entry       0x800'12a9   0x1c  Code  Lc  user_app_ctrl_motor.o [1]
fevent_motor_push_off_error
                         0x800'133b   0x16  Code  Lc  user_app_ctrl_motor.o [1]
fevent_pcbox_complete_receive
                         0x800'022d  0x304  Code  Lc  user_app_pc_box.o [1]
fevent_pcbox_entry       0x800'0189   0x4a  Code  Lc  user_app_pc_box.o [1]
fevent_pcbox_get_dcu_ID
                         0x800'05d5   0x46  Code  Lc  user_app_pc_box.o [1]
fevent_pcbox_log_tsvh    0x800'0547   0x1e  Code  Lc  user_app_pc_box.o [1]
fevent_pcbox_receive_handle
                         0x800'01fd   0x30  Code  Lc  user_app_pc_box.o [1]
fevent_pcbox_receive_handle::countBuffer_uart
                        0x2000'16c2    0x2  Data  Lc  user_app_pc_box.o [1]
fevent_pcbox_set_dcu_ID
                         0x800'056d   0x68  Code  Lc  user_app_pc_box.o [1]
fevent_queue_respond_immediately
                         0x800'068d   0x46  Code  Lc  user_app_pc_box.o [1]
fevent_queue_respond_time
                         0x800'06d3   0x46  Code  Lc  user_app_pc_box.o [1]
fevent_refresh_dcu       0x800'0817   0x5e  Code  Lc  user_app_pc_box.o [1]
fevent_relay_entry       0x800'164d   0x22  Code  Lc  user_app_relay.o [1]
fevent_relay_warm_off    0x800'16c3   0x3c  Code  Lc  user_app_relay.o [1]
fevent_relay_warm_on     0x800'1687   0x3c  Code  Lc  user_app_relay.o [1]
fevent_relay_warm_refresh
                         0x800'166f   0x18  Code  Lc  user_app_relay.o [1]
fevent_reset_dcu         0x800'061b   0x72  Code  Lc  user_app_pc_box.o [1]
fevent_reset_pc_box      0x800'0781   0x68  Code  Lc  user_app_pc_box.o [1]
fevent_reset_pc_box::state_reset
                        0x2000'10f0    0x1  Data  Lc  user_app_pc_box.o [1]
fevent_respond_pcbox     0x800'1351   0xb4  Code  Lc  user_app_ctrl_motor.o [1]
fevent_temp_calculator   0x800'4a3d  0x126  Code  Lc  user_app_temperature.o [1]
fevent_temp_ctrl_fridge
                         0x800'4bab   0x8a  Code  Lc  user_app_temperature.o [1]
fevent_temp_entry        0x800'49a5   0x40  Code  Lc  user_app_temperature.o [1]
fevent_temp_entry::once
                        0x2000'1234    0x1  Data  Lc  user_app_temperature.o [1]
fevent_temp_get_adc      0x800'49e5   0x56  Code  Lc  user_app_temperature.o [1]
fevent_temp_get_adc::count
                        0x2000'1235    0x1  Data  Lc  user_app_temperature.o [1]
fevent_temp_off_fridge_frozen
                         0x800'4c43   0x24  Code  Lc  user_app_temperature.o [1]
fevent_temp_respond_error
                         0x800'4c67   0x14  Code  Lc  user_app_temperature.o [1]
fevent_temp_set_setuptemp
                         0x800'4b63   0x16  Code  Lc  user_app_temperature.o [1]
fevent_temp_time_get     0x800'4c35    0xe  Code  Lc  user_app_temperature.o [1]
fevent_vib_led_warning   0x800'52ef   0x76  Code  Lc  user_app_vib_sensor.o [1]
fevent_vib_led_warning::Count_Morse
                        0x2000'16c5    0x1  Data  Lc  user_app_vib_sensor.o [1]
fevent_vib_led_warning::Count_Toggle
                        0x2000'16c4    0x1  Data  Lc  user_app_vib_sensor.o [1]
fevent_vib_off_alarm     0x800'52d9   0x16  Code  Lc  user_app_vib_sensor.o [1]
fevent_vib_sensor        0x800'5241   0x8c  Code  Lc  user_app_vib_sensor.o [1]
fevent_vib_sensor::GetTickLevelAlarm
                        0x2000'12c0    0x4  Data  Lc  user_app_vib_sensor.o [1]
fevent_vib_sensor_entry
                         0x800'51fd    0xe  Code  Lc  user_app_vib_sensor.o [1]
fevent_vib_sensor_scan   0x800'520b   0x36  Code  Lc  user_app_vib_sensor.o [1]
fevent_wait_reset_pc_box
                         0x800'07fb   0x1c  Code  Lc  user_app_pc_box.o [1]
fevent_wdg_stm32f4       0x800'01d3   0x2a  Code  Lc  user_app_pc_box.o [1]
hadc1                   0x2000'14e4   0x48  Data  Gb  adc.o [1]
hdma_adc1               0x2000'142c   0x60  Data  Gb  adc.o [1]
hspi2                   0x2000'148c   0x58  Data  Gb  spi.o [1]
huart2                  0x2000'1570   0x44  Data  Gb  usart.o [1]
huart3                  0x2000'15b4   0x44  Data  Gb  usart.o [1]
huart4                  0x2000'152c   0x44  Data  Gb  usart.o [1]
huart6                  0x2000'15f8   0x44  Data  Gb  usart.o [1]
main                     0x800'363d   0x30  Code  Gb  main.o [1]
memset                   0x800'2953   0x14  Code  Gb  memset.o [4]
qGet_Number_Items        0x800'208f    0x4  Code  Gb  queue_p.o [1]
qQueue_Create            0x800'1fcd   0x22  Code  Gb  queue_p.o [1]
qQueue_Receive           0x800'204d   0x42  Code  Gb  queue_p.o [1]
qQueue_Send              0x800'1fef   0x5e  Code  Gb  queue_p.o [1]
qRespondPcBox           0x2000'10b4   0x18  Data  Gb  user_app_pc_box.o [1]
sDCU_ID                 0x2000'10f4    0x8  Data  Gb  user_app_pc_box.o [1]
sElectric               0x2000'0188   0x14  Data  Gb  user_app_electric.o [1]
sEventAppAtDebug        0x2000'0010   0x30  Data  Gb  user_app_at_debug.o [1]
sEventAppDoorSensor     0x2000'00d8   0x40  Data  Gb  user_app_door_sensor.o [1]
sEventAppElectric       0x2000'0118   0x70  Data  Gb  user_app_electric.o [1]
sEventAppMotor          0x2000'0044   0x50  Data  Gb  user_app_ctrl_motor.o [1]
sEventAppPcBox          0x2000'01a0   0xe0  Data  Gb  user_app_pc_box.o [1]
sEventAppRelay          0x2000'1104   0x70  Data  Gb  user_app_relay.o [1]
sEventAppTemperature    0x2000'11ac   0x80  Data  Gb  user_app_temperature.o [1]
sEventAppVibSensor      0x2000'1260   0x50  Data  Gb  user_app_vib_sensor.o [1]
sInforPush              0x2000'16ac    0x4  Data  Gb  user_app_ctrl_motor.o [1]
sParamPcBox             0x2000'10e8    0x8  Data  Gb  user_app_pc_box.o [1]
sPushMotor              0x2000'16a4    0x8  Data  Gb  user_app_ctrl_motor.o [1]
sQueueReadData          0x2000'0280   0x24  Data  Gb  user_app_pc_box.o [1]
sQueueRespondPcBox      0x2000'02a4  0xe10  Data  Gb  user_app_pc_box.o [1]
sRespPcBox              0x2000'10fc    0x8  Data  Gb  user_app_pc_box.o [1]
sStatusApp              0x2000'10e0    0x8  Data  Gb  user_app_pc_box.o [1]
sStatusDoor             0x2000'16b0    0x4  Data  Gb  user_app_door_sensor.o [1]
sStatusRelay            0x2000'1694   0x10  Data  Gb  user_app_relay.o [1]
sStatusVib              0x2000'1250   0x10  Data  Gb  user_app_vib_sensor.o [1]
sStatusVib_Scan         0x2000'12b0   0x10  Data  Gb  user_app_vib_sensor.o [1]
sTemp_Crtl_Fridge       0x2000'122c    0x4  Data  Gb  user_app_temperature.o [1]
sTemp_Thresh_Recv       0x2000'16b8    0x4  Data  Gb  user_app_temperature.o [1]
sTemperature            0x2000'1230    0x4  Data  Gb  user_app_temperature.o [1]
sTimeCycleWarm          0x2000'12e2    0x2  Data  Gb  user_app_relay.o [1]
sUart485                0x2000'12d0    0x8  Data  Gb  user_uart.o [1]
sUartDebug              0x2000'12c8    0x8  Data  Gb  user_uart.o [1]
sUartPcBox              0x2000'12d8    0x8  Data  Gb  user_uart.o [1]
uwTick                  0x2000'0004    0x4  Data  Gb  stm32f4xx_hal.o [1]
uwTickFreq              0x2000'0000    0x1  Data  Gb  stm32f4xx_hal.o [1]
uwTickPrio              0x2000'0008    0x4  Data  Gb  stm32f4xx_hal.o [1]


[1] = D:\Project_STM32\Saoviet_Maybanhang_Std\Saoviet_Maybanhang\EWARM\Saoviet_Maybanhang\Obj
[2] = dl7M_tlf.a
[3] = m7M_tls.a
[4] = rt7M_tl.a
[5] = shb_l.a

  24'476 bytes of readonly  code memory
   1'426 bytes of readonly  data memory
   6'856 bytes of readwrite data memory

Errors: none
Warnings: none
