###############################################################################
#
# IAR ELF Linker V8.40.2.214/W32 for ARM                  19/Aug/2023  11:11:47
# Copyright 2007-2019 IAR Systems AB.
#
#    Output file  =
#        D:\Project_STM32\Saoviet_Maybanhang_Std\Saoviet_Maybanhang\EWARM\Saoviet_Maybanhang\Exe\Saoviet_Maybanhang.out
#    Map file     =
#        D:\Project_STM32\Saoviet_Maybanhang_Std\Saoviet_Maybanhang\EWARM\Saoviet_Maybanhang\List\Saoviet_Maybanhang.map
#    Command line =
#        -f C:\Users\PC\AppData\Local\Temp\EWFD1.tmp
#        (D:\Project_STM32\Saoviet_Maybanhang_Std\Saoviet_Maybanhang\EWARM\Saoviet_Maybanhang\Obj\adc.o
#        D:\Project_STM32\Saoviet_Maybanhang_Std\Saoviet_Maybanhang\EWARM\Saoviet_Maybanhang\Obj\dma.o
#        D:\Project_STM32\Saoviet_Maybanhang_Std\Saoviet_Maybanhang\EWARM\Saoviet_Maybanhang\Obj\event_driven.o
#        D:\Project_STM32\Saoviet_Maybanhang_Std\Saoviet_Maybanhang\EWARM\Saoviet_Maybanhang\Obj\gpio.o
#        D:\Project_STM32\Saoviet_Maybanhang_Std\Saoviet_Maybanhang\EWARM\Saoviet_Maybanhang\Obj\main.o
#        D:\Project_STM32\Saoviet_Maybanhang_Std\Saoviet_Maybanhang\EWARM\Saoviet_Maybanhang\Obj\onchipflash.o
#        D:\Project_STM32\Saoviet_Maybanhang_Std\Saoviet_Maybanhang\EWARM\Saoviet_Maybanhang\Obj\queue_p.o
#        D:\Project_STM32\Saoviet_Maybanhang_Std\Saoviet_Maybanhang\EWARM\Saoviet_Maybanhang\Obj\S25FL216K.o
#        D:\Project_STM32\Saoviet_Maybanhang_Std\Saoviet_Maybanhang\EWARM\Saoviet_Maybanhang\Obj\spi.o
#        D:\Project_STM32\Saoviet_Maybanhang_Std\Saoviet_Maybanhang\EWARM\Saoviet_Maybanhang\Obj\startup_stm32f405xx.o
#        D:\Project_STM32\Saoviet_Maybanhang_Std\Saoviet_Maybanhang\EWARM\Saoviet_Maybanhang\Obj\stm32f4xx_hal.o
#        D:\Project_STM32\Saoviet_Maybanhang_Std\Saoviet_Maybanhang\EWARM\Saoviet_Maybanhang\Obj\stm32f4xx_hal_adc.o
#        D:\Project_STM32\Saoviet_Maybanhang_Std\Saoviet_Maybanhang\EWARM\Saoviet_Maybanhang\Obj\stm32f4xx_hal_adc_ex.o
#        D:\Project_STM32\Saoviet_Maybanhang_Std\Saoviet_Maybanhang\EWARM\Saoviet_Maybanhang\Obj\stm32f4xx_hal_cortex.o
#        D:\Project_STM32\Saoviet_Maybanhang_Std\Saoviet_Maybanhang\EWARM\Saoviet_Maybanhang\Obj\stm32f4xx_hal_dma.o
#        D:\Project_STM32\Saoviet_Maybanhang_Std\Saoviet_Maybanhang\EWARM\Saoviet_Maybanhang\Obj\stm32f4xx_hal_dma_ex.o
#        D:\Project_STM32\Saoviet_Maybanhang_Std\Saoviet_Maybanhang\EWARM\Saoviet_Maybanhang\Obj\stm32f4xx_hal_exti.o
#        D:\Project_STM32\Saoviet_Maybanhang_Std\Saoviet_Maybanhang\EWARM\Saoviet_Maybanhang\Obj\stm32f4xx_hal_flash.o
#        D:\Project_STM32\Saoviet_Maybanhang_Std\Saoviet_Maybanhang\EWARM\Saoviet_Maybanhang\Obj\stm32f4xx_hal_flash_ex.o
#        D:\Project_STM32\Saoviet_Maybanhang_Std\Saoviet_Maybanhang\EWARM\Saoviet_Maybanhang\Obj\stm32f4xx_hal_flash_ramfunc.o
#        D:\Project_STM32\Saoviet_Maybanhang_Std\Saoviet_Maybanhang\EWARM\Saoviet_Maybanhang\Obj\stm32f4xx_hal_gpio.o
#        D:\Project_STM32\Saoviet_Maybanhang_Std\Saoviet_Maybanhang\EWARM\Saoviet_Maybanhang\Obj\stm32f4xx_hal_msp.o
#        D:\Project_STM32\Saoviet_Maybanhang_Std\Saoviet_Maybanhang\EWARM\Saoviet_Maybanhang\Obj\stm32f4xx_hal_pwr.o
#        D:\Project_STM32\Saoviet_Maybanhang_Std\Saoviet_Maybanhang\EWARM\Saoviet_Maybanhang\Obj\stm32f4xx_hal_pwr_ex.o
#        D:\Project_STM32\Saoviet_Maybanhang_Std\Saoviet_Maybanhang\EWARM\Saoviet_Maybanhang\Obj\stm32f4xx_hal_rcc.o
#        D:\Project_STM32\Saoviet_Maybanhang_Std\Saoviet_Maybanhang\EWARM\Saoviet_Maybanhang\Obj\stm32f4xx_hal_rcc_ex.o
#        D:\Project_STM32\Saoviet_Maybanhang_Std\Saoviet_Maybanhang\EWARM\Saoviet_Maybanhang\Obj\stm32f4xx_hal_spi.o
#        D:\Project_STM32\Saoviet_Maybanhang_Std\Saoviet_Maybanhang\EWARM\Saoviet_Maybanhang\Obj\stm32f4xx_hal_tim.o
#        D:\Project_STM32\Saoviet_Maybanhang_Std\Saoviet_Maybanhang\EWARM\Saoviet_Maybanhang\Obj\stm32f4xx_hal_tim_ex.o
#        D:\Project_STM32\Saoviet_Maybanhang_Std\Saoviet_Maybanhang\EWARM\Saoviet_Maybanhang\Obj\stm32f4xx_hal_uart.o
#        D:\Project_STM32\Saoviet_Maybanhang_Std\Saoviet_Maybanhang\EWARM\Saoviet_Maybanhang\Obj\stm32f4xx_it.o
#        D:\Project_STM32\Saoviet_Maybanhang_Std\Saoviet_Maybanhang\EWARM\Saoviet_Maybanhang\Obj\stm32f4xx_ll_adc.o
#        D:\Project_STM32\Saoviet_Maybanhang_Std\Saoviet_Maybanhang\EWARM\Saoviet_Maybanhang\Obj\system_stm32f4xx.o
#        D:\Project_STM32\Saoviet_Maybanhang_Std\Saoviet_Maybanhang\EWARM\Saoviet_Maybanhang\Obj\usart.o
#        D:\Project_STM32\Saoviet_Maybanhang_Std\Saoviet_Maybanhang\EWARM\Saoviet_Maybanhang\Obj\user_app_comm.o
#        D:\Project_STM32\Saoviet_Maybanhang_Std\Saoviet_Maybanhang\EWARM\Saoviet_Maybanhang\Obj\user_app_ctrl_motor.o
#        D:\Project_STM32\Saoviet_Maybanhang_Std\Saoviet_Maybanhang\EWARM\Saoviet_Maybanhang\Obj\user_app_door_sensor.o
#        D:\Project_STM32\Saoviet_Maybanhang_Std\Saoviet_Maybanhang\EWARM\Saoviet_Maybanhang\Obj\user_app_electric.o
#        D:\Project_STM32\Saoviet_Maybanhang_Std\Saoviet_Maybanhang\EWARM\Saoviet_Maybanhang\Obj\user_app_pc_box.o
#        D:\Project_STM32\Saoviet_Maybanhang_Std\Saoviet_Maybanhang\EWARM\Saoviet_Maybanhang\Obj\user_app_relay.o
#        D:\Project_STM32\Saoviet_Maybanhang_Std\Saoviet_Maybanhang\EWARM\Saoviet_Maybanhang\Obj\user_app_temperature.o
#        D:\Project_STM32\Saoviet_Maybanhang_Std\Saoviet_Maybanhang\EWARM\Saoviet_Maybanhang\Obj\user_app_vib_sensor.o
#        D:\Project_STM32\Saoviet_Maybanhang_Std\Saoviet_Maybanhang\EWARM\Saoviet_Maybanhang\Obj\user_comm_vending_machine.o
#        D:\Project_STM32\Saoviet_Maybanhang_Std\Saoviet_Maybanhang\EWARM\Saoviet_Maybanhang\Obj\user_external_flash.o
#        D:\Project_STM32\Saoviet_Maybanhang_Std\Saoviet_Maybanhang\EWARM\Saoviet_Maybanhang\Obj\user_internal_mem.o
#        D:\Project_STM32\Saoviet_Maybanhang_Std\Saoviet_Maybanhang\EWARM\Saoviet_Maybanhang\Obj\user_irq_input.o
#        D:\Project_STM32\Saoviet_Maybanhang_Std\Saoviet_Maybanhang\EWARM\Saoviet_Maybanhang\Obj\user_modbus_rtu.o
#        D:\Project_STM32\Saoviet_Maybanhang_Std\Saoviet_Maybanhang\EWARM\Saoviet_Maybanhang\Obj\user_uart.o
#        D:\Project_STM32\Saoviet_Maybanhang_Std\Saoviet_Maybanhang\EWARM\Saoviet_Maybanhang\Obj\user_util.o
#        --no_out_extension -o
#        D:\Project_STM32\Saoviet_Maybanhang_Std\Saoviet_Maybanhang\EWARM\Saoviet_Maybanhang\Exe\Saoviet_Maybanhang.out
#        --redirect _Printf=_PrintfFullNoMb --redirect _Scanf=_ScanfFullNoMb
#        --map
#        D:\Project_STM32\Saoviet_Maybanhang_Std\Saoviet_Maybanhang\EWARM\Saoviet_Maybanhang\List\Saoviet_Maybanhang.map
#        --config
#        D:\Project_STM32\Saoviet_Maybanhang_Std\Saoviet_Maybanhang\EWARM/stm32f405xx_flash.icf
#        --semihosting --entry __iar_program_start --vfe --text_out locale)
#
###############################################################################

*******************************************************************************
*** RUNTIME MODEL ATTRIBUTES
***

CppFlavor       = *
__SystemLibrary = DLib
__dlib_version  = 6


*******************************************************************************
*** HEAP SELECTION
***

The basic heap was selected because no calls to memory allocation
functions were found in the application outside of system library
functions, and there are calls to deallocation functions in the
application.


*******************************************************************************
*** PLACEMENT SUMMARY
***

"A0":  place at address 0x800'0000 { ro section .intvec };
"P1":  place in [from 0x800'0000 to 0x80f'ffff] { ro };
define block CSTACK with size = 1K, alignment = 8 { };
define block HEAP with size = 512, alignment = 8 { };
"P2":  place in [from 0x2000'0000 to 0x2001'ffff] {
          rw, block CSTACK, block HEAP };
initialize by copy { rw };

  Section            Kind         Address    Size  Object
  -------            ----         -------    ----  ------
"A0":                                       0x188
  .intvec            ro code   0x800'0000   0x188  startup_stm32f405xx.o [1]
                             - 0x800'0188   0x188

"P1":                                      0x46d7
  .text              ro code   0x800'0188   0x6dc  stm32f4xx_hal_uart.o [1]
  .text              ro code   0x800'0864   0x204  usart.o [1]
  .text              ro code   0x800'0a68     0xc  stm32f4xx_hal.o [1]
  .text              ro code   0x800'0a74   0x3fc  stm32f4xx_hal_dma.o [1]
  .text              ro code   0x800'0e70     0x2  stm32f4xx_hal_uart.o [1]
  .text              ro code   0x800'0e72     0x2  stm32f4xx_hal_uart.o [1]
  .text              ro code   0x800'0e74     0x2  stm32f4xx_hal_uart.o [1]
  .text              ro code   0x800'0e76    0x3a  zero_init3.o [4]
  .text              ro code   0x800'0eb0    0xcc  user_uart.o [1]
  .text              ro code   0x800'0f7c   0x1ac  stm32f4xx_hal_rcc.o [1]
  .text              ro code   0x800'1128   0x106  I64DivMod_small.o [4]
  .text              ro code   0x800'1230    0xe0  main.o [1]
  .text              ro code   0x800'1310    0x14  memset.o [4]
  .text              ro code   0x800'1324    0xc4  stm32f4xx_hal_cortex.o [1]
  .text              ro code   0x800'13e8   0x214  stm32f4xx_hal_gpio.o [1]
  .text              ro code   0x800'15fc    0x40  stm32f4xx_hal.o [1]
  .text              ro code   0x800'163c     0x2  I64DivZer.o [4]
  .text              ro code   0x800'1640    0x34  stm32f4xx_hal.o [1]
  .text              ro code   0x800'1674   0x21c  gpio.o [1]
  .text              ro code   0x800'1890    0x34  dma.o [1]
  .text              ro code   0x800'18c4   0x138  adc.o [1]
  .text              ro code   0x800'19fc    0xb4  spi.o [1]
  .text              ro code   0x800'1ab0    0x6c  user_app_comm.o [1]
  .text              ro code   0x800'1b1c   0x31c  stm32f4xx_hal_rcc.o [1]
  .text              ro code   0x800'1e38    0x12  ABImemset_small.o [4]
  .text              ro code   0x800'1e4c    0x50  user_irq_input.o [1]
  .text              ro code   0x800'1e9c    0x38  stm32f4xx_hal_msp.o [1]
  .text              ro code   0x800'1ed4   0x492  stm32f4xx_hal_adc.o [1]
  .text              ro code   0x800'2368   0x3f0  stm32f4xx_hal_spi.o [1]
  .text              ro code   0x800'2758   0x444  user_app_relay.o [1]
  .text              ro code   0x800'2b9c   0x6d8  user_app_pc_box.o [1]
  .text              ro code   0x800'3274   0x3e4  user_app_temperature.o [1]
  .text              ro code   0x800'3658    0x28  stm32f4xx_hal.o [1]
  .text              ro code   0x800'3680   0x2dc  user_app_ctrl_motor.o [1]
  .text              ro code   0x800'395c   0x1e4  user_app_door_sensor.o [1]
  .text              ro code   0x800'3b40    0xfc  user_app_electric.o [1]
  .text              ro code   0x800'3c3c   0x164  user_app_vib_sensor.o [1]
  .text              ro code   0x800'3da0     0x2  stm32f4xx_hal_adc.o [1]
  .text              ro code   0x800'3da2     0x2  stm32f4xx_hal_adc.o [1]
  .text              ro code   0x800'3da4     0x2  stm32f4xx_hal_adc.o [1]
  .text              ro code   0x800'3da8   0x184  user_comm_vending_machine.o [1]
  .text              ro code   0x800'3f2c   0x228  user_external_flash.o [1]
  .text              ro code   0x800'4154    0xb4  user_util.o [1]
  .text              ro code   0x800'4208    0x30  event_driven.o [1]
  .text              ro code   0x800'4238     0x6  ABImemclr4.o [4]
  .text              ro code   0x800'423e    0xc6  queue_p.o [1]
  .text              ro code   0x800'4304    0x40  S25FL216K.o [1]
  .text              ro code   0x800'4344    0x14  strlen_small.o [4]
  .text              ro code   0x800'4358    0x32  ABImemset48.o [4]
  .text              ro code   0x800'438c    0x18  ABImemcpy_small.o [4]
  .text              ro code   0x800'43a4    0x7c  stm32f4xx_it.o [1]
  .text              ro code   0x800'4420    0x10  stm32f4xx_hal.o [1]
  .text              ro code   0x800'4430    0x78  lz77_init_single.o [4]
  .text              ro code   0x800'44a8    0x28  data_init.o [4]
  .text              ro code   0x800'44d0    0x22  fpinit_M.o [3]
  .iar.init_table    const     0x800'44f4    0x20  - Linker created -
  .text              ro code   0x800'4514    0x20  system_stm32f4xx.o [1]
  .text              ro code   0x800'4534    0x1e  cmain.o [4]
  .text              ro code   0x800'4552     0x4  low_level_init.o [2]
  .text              ro code   0x800'4556     0x4  exit.o [2]
  .text              ro code   0x800'455c     0xa  cexit.o [4]
  .text              ro code   0x800'4568    0x14  exit.o [5]
  .text              ro code   0x800'457c    0x10  startup_stm32f405xx.o [1]
  .text              ro code   0x800'458c     0xc  cstartup_M.o [4]
  .rodata            const     0x800'4598     0x8  system_stm32f4xx.o [1]
  .text              ro code   0x800'45a0     0x4  startup_stm32f405xx.o [1]
  .text              ro code   0x800'45a4     0x4  startup_stm32f405xx.o [1]
  .text              ro code   0x800'45a8     0x4  startup_stm32f405xx.o [1]
  .text              ro code   0x800'45ac     0x4  startup_stm32f405xx.o [1]
  .text              ro code   0x800'45b0     0x4  startup_stm32f405xx.o [1]
  .text              ro code   0x800'45b4     0x4  startup_stm32f405xx.o [1]
  .text              ro code   0x800'45b8     0x4  startup_stm32f405xx.o [1]
  .text              ro code   0x800'45bc     0x4  startup_stm32f405xx.o [1]
  .text              ro code   0x800'45c0     0x4  startup_stm32f405xx.o [1]
  .text              ro code   0x800'45c4     0x4  startup_stm32f405xx.o [1]
  .text              ro code   0x800'45c8     0x4  startup_stm32f405xx.o [1]
  .text              ro code   0x800'45cc     0x4  startup_stm32f405xx.o [1]
  .text              ro code   0x800'45d0     0x4  startup_stm32f405xx.o [1]
  .text              ro code   0x800'45d4     0x4  startup_stm32f405xx.o [1]
  .text              ro code   0x800'45d8     0x4  startup_stm32f405xx.o [1]
  .text              ro code   0x800'45dc     0x4  startup_stm32f405xx.o [1]
  .text              ro code   0x800'45e0     0x4  startup_stm32f405xx.o [1]
  .text              ro code   0x800'45e4     0x4  startup_stm32f405xx.o [1]
  .text              ro code   0x800'45e8     0x4  startup_stm32f405xx.o [1]
  .text              ro code   0x800'45ec     0x4  startup_stm32f405xx.o [1]
  .text              ro code   0x800'45f0     0x4  startup_stm32f405xx.o [1]
  .text              ro code   0x800'45f4     0x4  startup_stm32f405xx.o [1]
  .text              ro code   0x800'45f8     0x4  startup_stm32f405xx.o [1]
  .text              ro code   0x800'45fc     0x4  startup_stm32f405xx.o [1]
  .text              ro code   0x800'4600     0x4  startup_stm32f405xx.o [1]
  .text              ro code   0x800'4604     0x4  startup_stm32f405xx.o [1]
  .text              ro code   0x800'4608     0x4  startup_stm32f405xx.o [1]
  .text              ro code   0x800'460c     0x4  startup_stm32f405xx.o [1]
  .text              ro code   0x800'4610     0x4  startup_stm32f405xx.o [1]
  .text              ro code   0x800'4614     0x4  startup_stm32f405xx.o [1]
  .text              ro code   0x800'4618     0x4  startup_stm32f405xx.o [1]
  .text              ro code   0x800'461c     0x4  startup_stm32f405xx.o [1]
  .text              ro code   0x800'4620     0x4  startup_stm32f405xx.o [1]
  .text              ro code   0x800'4624     0x4  startup_stm32f405xx.o [1]
  .text              ro code   0x800'4628     0x4  startup_stm32f405xx.o [1]
  .text              ro code   0x800'462c     0x4  startup_stm32f405xx.o [1]
  .text              ro code   0x800'4630     0x4  startup_stm32f405xx.o [1]
  .text              ro code   0x800'4634     0x4  startup_stm32f405xx.o [1]
  .text              ro code   0x800'4638     0x4  startup_stm32f405xx.o [1]
  .text              ro code   0x800'463c     0x4  startup_stm32f405xx.o [1]
  .text              ro code   0x800'4640     0x4  startup_stm32f405xx.o [1]
  .text              ro code   0x800'4644     0x4  startup_stm32f405xx.o [1]
  .text              ro code   0x800'4648     0x4  startup_stm32f405xx.o [1]
  .text              ro code   0x800'464c     0x4  startup_stm32f405xx.o [1]
  .text              ro code   0x800'4650     0x4  startup_stm32f405xx.o [1]
  .text              ro code   0x800'4654     0x4  startup_stm32f405xx.o [1]
  .text              ro code   0x800'4658     0x4  startup_stm32f405xx.o [1]
  .text              ro code   0x800'465c     0x4  startup_stm32f405xx.o [1]
  .text              ro code   0x800'4660     0x4  startup_stm32f405xx.o [1]
  .text              ro code   0x800'4664     0x4  startup_stm32f405xx.o [1]
  .text              ro code   0x800'4668     0x4  startup_stm32f405xx.o [1]
  .text              ro code   0x800'466c     0x4  startup_stm32f405xx.o [1]
  .text              ro code   0x800'4670     0x4  startup_stm32f405xx.o [1]
  .text              ro code   0x800'4674     0x4  startup_stm32f405xx.o [1]
  .text              ro code   0x800'4678     0x4  startup_stm32f405xx.o [1]
  .text              ro code   0x800'467c     0x4  startup_stm32f405xx.o [1]
  .text              ro code   0x800'4680     0x4  startup_stm32f405xx.o [1]
  .text              ro code   0x800'4684     0x4  startup_stm32f405xx.o [1]
  .text              ro code   0x800'4688     0x4  startup_stm32f405xx.o [1]
  .text              ro code   0x800'468c     0x4  startup_stm32f405xx.o [1]
  .text              ro code   0x800'4690     0x4  startup_stm32f405xx.o [1]
  .text              ro code   0x800'4694     0x4  startup_stm32f405xx.o [1]
  .text              ro code   0x800'4698     0x4  startup_stm32f405xx.o [1]
  .text              ro code   0x800'469c     0x4  startup_stm32f405xx.o [1]
  .text              ro code   0x800'46a0     0x4  startup_stm32f405xx.o [1]
  .text              ro code   0x800'46a4     0x4  startup_stm32f405xx.o [1]
  .text              ro code   0x800'46a8     0x4  startup_stm32f405xx.o [1]
  .text              ro code   0x800'46ac     0x4  startup_stm32f405xx.o [1]
  .text              ro code   0x800'46b0     0x4  startup_stm32f405xx.o [1]
  .rodata            const     0x800'46b4     0x0  zero_init3.o [4]
  .rodata            const     0x800'46b4     0x0  lz77_init_single.o [4]
  Initializer bytes  const     0x800'46b4   0x1ab  <for P2-1>
                             - 0x800'485f  0x46d7

"P2", part 1 of 3:                          0x561
  P2-1                        0x2000'0000   0x561  <Init block>
    .data            inited   0x2000'0000     0xc  stm32f4xx_hal.o [1]
    .data            inited   0x2000'000c     0x4  system_stm32f4xx.o [1]
    .data            inited   0x2000'0010    0x50  user_app_ctrl_motor.o [1]
    .data            inited   0x2000'0060    0x44  user_app_ctrl_motor.o [1]
    .data            inited   0x2000'00a4    0x40  user_app_door_sensor.o [1]
    .data            inited   0x2000'00e4    0x50  user_app_electric.o [1]
    .data            inited   0x2000'0134     0x4  user_app_electric.o [1]
    .data            inited   0x2000'0138   0x268  user_app_pc_box.o [1]
    .data            inited   0x2000'03a0    0x10  user_app_pc_box.o [1]
    .data            inited   0x2000'03b0    0x14  user_app_pc_box.o [1]
    .data            inited   0x2000'03c4    0x80  user_app_relay.o [1]
    .data            inited   0x2000'0444    0x2c  user_app_relay.o [1]
    .data            inited   0x2000'0470    0x80  user_app_temperature.o [1]
    .data            inited   0x2000'04f0    0x24  user_app_temperature.o [1]
    .data            inited   0x2000'0514    0x30  user_app_vib_sensor.o [1]
    .data            inited   0x2000'0544    0x1d  user_uart.o [1]
                            - 0x2000'0561   0x561

"P2", part 2 of 3:                          0x35c
  .bss               zero     0x2000'0564    0x64  user_uart.o [1]
  .bss               zero     0x2000'05c8    0x64  user_uart.o [1]
  .bss               zero     0x2000'062c    0x60  adc.o [1]
  .bss               zero     0x2000'068c    0x58  spi.o [1]
  .bss               zero     0x2000'06e4    0x48  adc.o [1]
  .bss               zero     0x2000'072c    0x44  usart.o [1]
  .bss               zero     0x2000'0770    0x44  usart.o [1]
  .bss               zero     0x2000'07b4    0x44  usart.o [1]
  .bss               zero     0x2000'07f8    0x44  usart.o [1]
  .bss               zero     0x2000'083c    0x34  user_uart.o [1]
  .bss               zero     0x2000'0870    0x14  user_app_pc_box.o [1]
  .bss               zero     0x2000'0884    0x10  user_app_vib_sensor.o [1]
  .bss               zero     0x2000'0894     0xc  user_app_ctrl_motor.o [1]
  .bss               zero     0x2000'08a0     0x8  user_app_relay.o [1]
  .bss               zero     0x2000'08a8     0x6  user_app_door_sensor.o [1]
  .bss               zero     0x2000'08ae     0x2  user_app_electric.o [1]
  .bss               zero     0x2000'08b0     0x4  user_app_pc_box.o [1]
  .bss               zero     0x2000'08b4     0x4  user_util.o [1]
  .bss               zero     0x2000'08b8     0x3  user_app_electric.o [1]
  .bss               zero     0x2000'08bb     0x1  user_app_comm.o [1]
  .bss               zero     0x2000'08bc     0x2  user_app_pc_box.o [1]
                            - 0x2000'08be   0x35a

"P2", part 3 of 3:                          0x400
  CSTACK                      0x2000'08c0   0x400  <Block>
    CSTACK           uninit   0x2000'08c0   0x400  <Block tail>
                            - 0x2000'0cc0   0x400

Unused ranges:

         From           To      Size
         ----           --      ----
   0x800'485f   0x80f'ffff  0xf'b7a1
  0x2000'0561  0x2000'0563       0x3
  0x2000'0cc0  0x2001'ffff  0x1'f340


*******************************************************************************
*** INIT TABLE
***

          Address      Size
          -------      ----
Zero (__iar_zero_init3)
    1 destination range, total size 0x35a:
          0x2000'0564  0x35a

Copy/lz77 (__iar_lz77_init_single3)
    1 source range, total size 0x1ab (31% of destination):
           0x800'46b4  0x1ab
    1 destination range, total size 0x561:
          0x2000'0000  0x561



*******************************************************************************
*** MODULE SUMMARY
***

    Module                       ro code  ro data  rw data
    ------                       -------  -------  -------
command line/config:
    ------------------------------------------------------
    Total:

D:\Project_STM32\Saoviet_Maybanhang_Std\Saoviet_Maybanhang\EWARM\Saoviet_Maybanhang\Obj: [1]
    S25FL216K.o                       64
    adc.o                            312               168
    dma.o                             52
    event_driven.o                    48
    gpio.o                           540
    main.o                           224
    queue_p.o                        198
    spi.o                            180                88
    startup_stm32f405xx.o            684
    stm32f4xx_hal.o                  184        3       12
    stm32f4xx_hal_adc.o            1'176
    stm32f4xx_hal_cortex.o           196
    stm32f4xx_hal_dma.o            1'020
    stm32f4xx_hal_gpio.o             532
    stm32f4xx_hal_msp.o               56
    stm32f4xx_hal_rcc.o            1'224
    stm32f4xx_hal_spi.o            1'008
    stm32f4xx_hal_uart.o           1'762
    stm32f4xx_it.o                   124
    system_stm32f4xx.o                32        9        4
    usart.o                          516               272
    user_app_comm.o                  108                 1
    user_app_ctrl_motor.o            732       46      160
    user_app_door_sensor.o           484       20       70
    user_app_electric.o              252       26       89
    user_app_pc_box.o              1'752      202      678
    user_app_relay.o               1'092       54      180
    user_app_temperature.o           996       51      164
    user_app_vib_sensor.o            356       15       64
    user_comm_vending_machine.o      388
    user_external_flash.o            552
    user_irq_input.o                  80
    user_uart.o                      204        9      281
    user_util.o                      180                 4
    ------------------------------------------------------
    Total:                        17'308      435    2'235

dl7M_tlf.a: [2]
    exit.o                             4
    low_level_init.o                   4
    ------------------------------------------------------
    Total:                             8

m7M_tls.a: [3]
    fpinit_M.o                        34
    ------------------------------------------------------
    Total:                            34

rt7M_tl.a: [4]
    ABImemclr4.o                       6
    ABImemcpy_small.o                 24
    ABImemset48.o                     50
    ABImemset_small.o                 18
    I64DivMod_small.o                262
    I64DivZer.o                        2
    cexit.o                           10
    cmain.o                           30
    cstartup_M.o                      12
    data_init.o                       40
    lz77_init_single.o               120
    memset.o                          20
    strlen_small.o                    20
    zero_init3.o                      58
    ------------------------------------------------------
    Total:                           672

shb_l.a: [5]
    exit.o                            20
    ------------------------------------------------------
    Total:                            20

    Gaps                              16        2
    Linker created                             32    1'024
----------------------------------------------------------
    Grand Total:                  18'058      469    3'259


*******************************************************************************
*** ENTRY LIST
***

Entry                       Address   Size  Type      Object
-----                       -------   ----  ----      ------
.iar.init_table$$Base    0x800'44f4          --   Gb  - Linker created -
.iar.init_table$$Limit   0x800'4514          --   Gb  - Linker created -
?main                    0x800'4535         Code  Gb  cmain.o [4]
ADC_Avg                 0x2000'0508    0xc  Data  Gb  user_app_temperature.o [1]
ADC_DMAConvCplt          0x800'22e5   0x66  Code  Lc  stm32f4xx_hal_adc.o [1]
ADC_DMAError             0x800'2355   0x12  Code  Lc  stm32f4xx_hal_adc.o [1]
ADC_DMAHalfConvCplt      0x800'234d    0x6  Code  Lc  stm32f4xx_hal_adc.o [1]
ADC_Init                 0x800'35df    0xa  Code  Gb  user_app_temperature.o [1]
ADC_Temp                0x2000'04fc    0xc  Data  Gb  user_app_temperature.o [1]
AHBPrescTable            0x800'4524   0x10  Data  Gb  system_stm32f4xx.o [1]
APBPrescTable            0x800'4598    0x8  Data  Gb  system_stm32f4xx.o [1]
AppDoorSensor_Debug      0x800'3a65   0x4e  Code  Gb  user_app_door_sensor.o [1]
AppDoorSensor_Task       0x800'3ab9   0x40  Code  Gb  user_app_door_sensor.o [1]
AppElectric_Task         0x800'3be5   0x40  Code  Gb  user_app_electric.o [1]
AppMotor_Debug           0x800'3839   0x6a  Code  Gb  user_app_ctrl_motor.o [1]
AppMotor_Task            0x800'38b9   0x40  Code  Gb  user_app_ctrl_motor.o [1]
AppPcBox_Debug           0x800'3171   0x54  Code  Gb  user_app_pc_box.o [1]
AppPcBox_Task            0x800'31c5   0x40  Code  Gb  user_app_pc_box.o [1]
AppRelay_Debug           0x800'2a29   0x72  Code  Gb  user_app_relay.o [1]
AppRelay_Task            0x800'2abb   0x40  Code  Gb  user_app_relay.o [1]
AppTemperature_Debug     0x800'3545   0x5a  Code  Gb  user_app_temperature.o [1]
AppTemperature_Task      0x800'359f   0x40  Code  Gb  user_app_temperature.o [1]
AppVibSensor_Debug       0x800'3d05   0x2e  Code  Gb  user_app_vib_sensor.o [1]
AppVibSensor_Task        0x800'3d33   0x40  Code  Gb  user_app_vib_sensor.o [1]
BusFault_Handler         0x800'43ab    0x2  Code  Gb  stm32f4xx_it.o [1]
CSTACK$$Base            0x2000'08c0          --   Gb  - Linker created -
CSTACK$$Limit           0x2000'0cc0          --   Gb  - Linker created -
Cal_Time                 0x800'416d   0x12  Code  Gb  user_util.o [1]
Calculator_Crc_U16       0x800'3da9   0x32  Code  Gb  user_comm_vending_machine.o [1]
Calculator_Scale         0x800'3e29   0x18  Code  Gb  user_comm_vending_machine.o [1]
Check_Time_Out           0x800'4155   0x18  Code  Gb  user_util.o [1]
Convert_Hex_To_String_Hex
                         0x800'417f   0x44  Code  Gb  user_util.o [1]
Convert_Int_To_String    0x800'3e41   0x4a  Code  Gb  user_comm_vending_machine.o [1]
Convert_Int_To_String_Scale
                         0x800'3e8b   0x76  Code  Gb  user_comm_vending_machine.o [1]
DMA2_Stream0_IRQHandler
                         0x800'43fd    0x6  Code  Gb  stm32f4xx_it.o [1]
DMA_CalcBaseAndBitshift
                         0x800'0e41   0x26  Code  Lc  stm32f4xx_hal_dma.o [1]
DMA_CalcBaseAndBitshift::flagBitshiftOffset
                         0x800'0e68    0x8  Data  Lc  stm32f4xx_hal_dma.o [1]
DMA_SetConfig            0x800'0e21   0x20  Code  Lc  stm32f4xx_hal_dma.o [1]
DebugMon_Handler         0x800'43b1    0x2  Code  Gb  stm32f4xx_it.o [1]
EXTI15_10_IRQHandler     0x800'43e1   0x16  Code  Gb  stm32f4xx_it.o [1]
EXTI1_IRQHandler         0x800'43c1    0x6  Code  Gb  stm32f4xx_it.o [1]
EXTI4_IRQHandler         0x800'43c7    0x6  Code  Gb  stm32f4xx_it.o [1]
EXTI9_5_IRQHandler       0x800'43cd    0x8  Code  Gb  stm32f4xx_it.o [1]
Error_Handler            0x800'130d    0x4  Code  Gb  main.o [1]
Flag_Refresh_Dcu        0x2000'08b0    0x4  Data  Gb  user_app_pc_box.o [1]
HAL_ADC_ConfigChannel    0x800'218b  0x10e  Code  Gb  stm32f4xx_hal_adc.o [1]
HAL_ADC_Init             0x800'1ed5  0x154  Code  Gb  stm32f4xx_hal_adc.o [1]
HAL_ADC_MspInit          0x800'194d   0x92  Code  Gb  adc.o [1]
HAL_ADC_Start_DMA        0x800'205b  0x130  Code  Gb  stm32f4xx_hal_adc.o [1]
HAL_DMA_Abort            0x800'0bc5   0x78  Code  Gb  stm32f4xx_hal_dma.o [1]
HAL_DMA_Abort_IT         0x800'0c3d   0x24  Code  Gb  stm32f4xx_hal_dma.o [1]
HAL_DMA_IRQHandler       0x800'0c61  0x188  Code  Gb  stm32f4xx_hal_dma.o [1]
HAL_DMA_Init             0x800'0a75   0xee  Code  Gb  stm32f4xx_hal_dma.o [1]
HAL_DMA_Start_IT         0x800'0b63   0x62  Code  Gb  stm32f4xx_hal_dma.o [1]
HAL_Delay                0x800'3659   0x28  Code  Wk  stm32f4xx_hal.o [1]
HAL_GPIO_EXTI_Callback   0x800'1e4d   0x50  Code  Gb  user_irq_input.o [1]
HAL_GPIO_EXTI_IRQHandler
                         0x800'15bd   0x10  Code  Gb  stm32f4xx_hal_gpio.o [1]
HAL_GPIO_Init            0x800'13e9  0x1c0  Code  Gb  stm32f4xx_hal_gpio.o [1]
HAL_GPIO_ReadPin         0x800'15a9    0xc  Code  Gb  stm32f4xx_hal_gpio.o [1]
HAL_GPIO_WritePin        0x800'15b5    0x8  Code  Gb  stm32f4xx_hal_gpio.o [1]
HAL_GetTick              0x800'0a69    0xc  Code  Wk  stm32f4xx_hal.o [1]
HAL_IncTick              0x800'4421   0x10  Code  Wk  stm32f4xx_hal.o [1]
HAL_Init                 0x800'1641   0x30  Code  Gb  stm32f4xx_hal.o [1]
HAL_InitTick             0x800'15fd   0x40  Code  Wk  stm32f4xx_hal.o [1]
HAL_MspInit              0x800'1e9d   0x38  Code  Gb  stm32f4xx_hal_msp.o [1]
HAL_NVIC_EnableIRQ       0x800'1393   0x16  Code  Gb  stm32f4xx_hal_cortex.o [1]
HAL_NVIC_SetPriority     0x800'1359   0x3a  Code  Gb  stm32f4xx_hal_cortex.o [1]
HAL_NVIC_SetPriorityGrouping
                         0x800'133f   0x1a  Code  Gb  stm32f4xx_hal_cortex.o [1]
HAL_RCC_ClockConfig      0x800'0f7d  0x100  Code  Gb  stm32f4xx_hal_rcc.o [1]
HAL_RCC_GetPCLK1Freq     0x800'1089   0x10  Code  Gb  stm32f4xx_hal_rcc.o [1]
HAL_RCC_GetPCLK2Freq     0x800'1099    0xe  Code  Gb  stm32f4xx_hal_rcc.o [1]
HAL_RCC_OscConfig        0x800'1b1d  0x31c  Code  Wk  stm32f4xx_hal_rcc.o [1]
HAL_SPI_Init             0x800'2369   0xb4  Code  Gb  stm32f4xx_hal_spi.o [1]
HAL_SPI_MspInit          0x800'1a39   0x66  Code  Gb  spi.o [1]
HAL_SPI_TransmitReceive
                         0x800'2425  0x1a4  Code  Gb  stm32f4xx_hal_spi.o [1]
HAL_SYSTICK_Config       0x800'13a9   0x28  Code  Gb  stm32f4xx_hal_cortex.o [1]
HAL_UART_IRQHandler      0x800'02fb  0x26a  Code  Gb  stm32f4xx_hal_uart.o [1]
HAL_UART_Init            0x800'0189   0x1e  Code  Gb  stm32f4xx_hal_uart.o [1]
HAL_UART_MspInit         0x800'08c9  0x122  Code  Gb  usart.o [1]
HAL_UART_Receive_IT      0x800'02af   0x30  Code  Gb  stm32f4xx_hal_uart.o [1]
HAL_UART_RxCpltCallback
                         0x800'0ee3   0x84  Code  Gb  user_uart.o [1]
HAL_UART_Transmit        0x800'01ff   0xb0  Code  Gb  stm32f4xx_hal_uart.o [1]
HardFault_Handler        0x800'43a7    0x2  Code  Gb  stm32f4xx_it.o [1]
Init_AppRelay            0x800'2883    0xc  Code  Gb  user_app_relay.o [1]
Init_DCU_ID              0x800'30ed   0x6e  Code  Gb  user_app_pc_box.o [1]
Init_StatusRelay         0x800'295f   0x8a  Code  Gb  user_app_relay.o [1]
Init_Uart_Module         0x800'0eb1   0x2c  Code  Gb  user_uart.o [1]
LAYER_PIN                0x800'3938   0x10  Data  Lc  user_app_ctrl_motor.o [1]
LAYER_PORT              0x2000'0060   0x1c  Data  Lc  user_app_ctrl_motor.o [1]
Log_Data_Door            0x800'3a2b   0x38  Code  Gb  user_app_door_sensor.o [1]
Log_Data_Vib             0x800'3ccf   0x34  Code  Gb  user_app_vib_sensor.o [1]
Log_TSVH                 0x800'305f   0x7c  Code  Gb  user_app_pc_box.o [1]
MX_ADC1_Init             0x800'18c5   0x7e  Code  Gb  adc.o [1]
MX_DMA_Init              0x800'1891   0x34  Code  Gb  dma.o [1]
MX_GPIO_Init             0x800'1675  0x1e2  Code  Gb  gpio.o [1]
MX_SPI2_Init             0x800'19fd   0x3c  Code  Gb  spi.o [1]
MX_UART4_Init            0x800'0865   0x10  Code  Gb  usart.o [1]
MX_USART2_UART_Init      0x800'0875   0x10  Code  Gb  usart.o [1]
MX_USART3_UART_Init      0x800'088d   0x10  Code  Gb  usart.o [1]
MX_USART6_UART_Init      0x800'08b9   0x10  Code  Gb  usart.o [1]
Main_Task                0x800'1ab1   0x5e  Code  Gb  user_app_comm.o [1]
MemManage_Handler        0x800'43a9    0x2  Code  Gb  stm32f4xx_it.o [1]
NMI_Handler              0x800'43a5    0x2  Code  Gb  stm32f4xx_it.o [1]
Off_Motor_Push           0x800'37fd   0x3c  Code  Gb  user_app_ctrl_motor.o [1]
Off_Relay                0x800'2aa9    0xc  Code  Gb  user_app_relay.o [1]
On_Motor_Push            0x800'37b9   0x42  Code  Gb  user_app_ctrl_motor.o [1]
On_Relay                 0x800'2a9b    0xe  Code  Gb  user_app_relay.o [1]
Pc_Box_Init              0x800'30db   0x12  Code  Gb  user_app_pc_box.o [1]
PendSV_Handler           0x800'43b3    0x2  Code  Gb  stm32f4xx_it.o [1]
RELAY_PIN               0x2000'0444   0x10  Data  Lc  user_app_relay.o [1]
RELAY_PORT              0x2000'0454   0x1c  Data  Lc  user_app_relay.o [1]
Read_Status_Relay_ExFlash
                         0x800'28e9   0x6c  Code  Gb  user_app_relay.o [1]
Region$$Table$$Base      0x800'44f4          --   Gb  - Linker created -
Region$$Table$$Limit     0x800'4514          --   Gb  - Linker created -
Relay_Respond_Pc_Box_Control
                         0x800'29f3   0x36  Code  Gb  user_app_relay.o [1]
Reset_Chip               0x800'3f01   0x1c  Code  Gb  user_comm_vending_machine.o [1]
Respond_PcBox            0x800'3ddb   0x1a  Code  Gb  user_comm_vending_machine.o [1]
RtCountSystick_u32      0x2000'08b4    0x4  Data  Gb  user_util.o [1]
S25FL_ChipSelect         0x800'4305   0x14  Code  Gb  S25FL216K.o [1]
S25FL_Send_Byte          0x800'4319   0x22  Code  Gb  S25FL216K.o [1]
SLOT_PIN                 0x800'3948   0x14  Data  Lc  user_app_ctrl_motor.o [1]
SLOT_PORT               0x2000'007c   0x28  Data  Lc  user_app_ctrl_motor.o [1]
SPI_EndRxTxTransaction   0x800'26f3   0x50  Code  Lc  stm32f4xx_hal_spi.o [1]
SPI_WaitFlagStateUntilTimeout
                         0x800'2633   0xb4  Code  Lc  stm32f4xx_hal_spi.o [1]
SVC_Handler              0x800'43af    0x2  Code  Gb  stm32f4xx_it.o [1]
Scale_To_Int             0x800'3df5   0x34  Code  Gb  user_comm_vending_machine.o [1]
Status_Supply_Power     0x2000'08b8    0x1  Data  Gb  user_app_electric.o [1]
SysTick_Handler          0x800'43b5    0xc  Code  Gb  stm32f4xx_it.o [1]
SystemClock_Config       0x800'1261   0xa4  Code  Gb  main.o [1]
SystemCoreClock         0x2000'000c    0x4  Data  Gb  system_stm32f4xx.o [1]
SystemInit               0x800'4515    0xc  Code  Gb  system_stm32f4xx.o [1]
TaskStatus_u8           0x2000'08bb    0x1  Data  Gb  user_app_comm.o [1]
Threshold_Ctrl          0x2000'04fa    0x2  Data  Gb  user_app_temperature.o [1]
Threshold_Respond_Pc_Box_Setup
                         0x800'34f9   0x4a  Code  Gb  user_app_temperature.o [1]
UART4_IRQHandler         0x800'43f7    0x6  Code  Gb  stm32f4xx_it.o [1]
UART_DMAAbortOnError     0x800'06bd    0xc  Code  Lc  stm32f4xx_hal_uart.o [1]
UART_EndRxTransfer       0x800'0673   0x2a  Code  Lc  stm32f4xx_hal_uart.o [1]
UART_Receive_IT          0x800'06c9   0xaa  Code  Lc  stm32f4xx_hal_uart.o [1]
UART_SetConfig           0x800'079d   0xae  Code  Lc  stm32f4xx_hal_uart.o [1]
UART_Start_Receive_IT    0x800'0621   0x3a  Code  Gb  stm32f4xx_hal_uart.o [1]
UART_WaitOnFlagUntilTimeout
                         0x800'058d   0x5e  Code  Lc  stm32f4xx_hal_uart.o [1]
USART2_IRQHandler        0x800'43d5    0x6  Code  Gb  stm32f4xx_it.o [1]
USART3_IRQHandler        0x800'43db    0x6  Code  Gb  stm32f4xx_it.o [1]
USART6_IRQHandler        0x800'4403    0x6  Code  Gb  stm32f4xx_it.o [1]
UTIL_MEM_set             0x800'41c3    0xe  Code  Gb  user_util.o [1]
UTIL_Printf              0x800'41d1   0x10  Code  Gb  user_util.o [1]
UTIL_Printf_Str          0x800'41e1   0x12  Code  Gb  user_util.o [1]
Uart485Buff             0x2000'083c   0x34  Data  Gb  user_uart.o [1]
Uart485RxByte           0x2000'0545    0x1  Data  Gb  user_uart.o [1]
UartDebugBuff           0x2000'0564   0x64  Data  Gb  user_uart.o [1]
UartDebugRxByte         0x2000'0544    0x1  Data  Gb  user_uart.o [1]
UartPcBoxBuff           0x2000'05c8   0x64  Data  Gb  user_uart.o [1]
UartPcBoxRxByte         0x2000'0546    0x1  Data  Gb  user_uart.o [1]
UartSimRxByte           0x2000'0560    0x1  Data  Gb  user_uart.o [1]
UsageFault_Handler       0x800'43ad    0x2  Code  Gb  stm32f4xx_it.o [1]
Write_Queue_Repond_PcBox
                         0x800'3039   0x26  Code  Gb  user_app_pc_box.o [1]
Write_Status_Relay_ExFlash
                         0x800'288f   0x5a  Code  Gb  user_app_relay.o [1]
__NVIC_SetPriority       0x800'1325   0x1a  Code  Lc  stm32f4xx_hal_cortex.o [1]
__aeabi_ldiv0            0x800'163d         Code  Gb  I64DivZer.o [4]
__aeabi_memclr4          0x800'4239         Code  Gb  ABImemclr4.o [4]
__cmain                  0x800'4535         Code  Gb  cmain.o [4]
__exit                   0x800'4569   0x14  Code  Gb  exit.o [5]
__iar_Memset4_word       0x800'4359         Code  Gb  ABImemset48.o [4]
__iar_Memset8_word       0x800'4359         Code  Gb  ABImemset48.o [4]
__iar_data_init3         0x800'44a9   0x28  Code  Gb  data_init.o [4]
__iar_init_vfp           0x800'44d1         Code  Gb  fpinit_M.o [3]
__iar_lz77_init_single3
                         0x800'4431   0x78  Code  Gb  lz77_init_single.o [4]
__iar_program_start      0x800'458d         Code  Gb  cstartup_M.o [4]
__iar_small_Memcpy       0x800'4391         Code  Gb  ABImemcpy_small.o [4]
__iar_small_Memset       0x800'1e39         Code  Gb  ABImemset_small.o [4]
__iar_small_Memset_word
                         0x800'1e39         Code  Gb  ABImemset_small.o [4]
__iar_small_memcpy       0x800'438d         Code  Gb  ABImemcpy_small.o [4]
__iar_small_memcpy4      0x800'438d         Code  Gb  ABImemcpy_small.o [4]
__iar_small_memcpy8      0x800'438d         Code  Gb  ABImemcpy_small.o [4]
__iar_small_memset       0x800'1e39         Code  Gb  ABImemset_small.o [4]
__iar_small_strlen       0x800'4345         Code  Gb  strlen_small.o [4]
__iar_small_uldivmod     0x800'1129         Code  Gb  I64DivMod_small.o [4]
__iar_zero_init3         0x800'0e77   0x3a  Code  Gb  zero_init3.o [4]
__low_level_init         0x800'4553    0x4  Code  Gb  low_level_init.o [2]
__vector_table           0x800'0000         Data  Gb  startup_stm32f405xx.o [1]
_call_main               0x800'4541         Code  Gb  cmain.o [4]
_exit                    0x800'455d         Code  Gb  cexit.o [4]
_main                    0x800'454f         Code  Gb  cmain.o [4]
aBuffer_Ping            0x2000'0870   0x14  Data  Gb  user_app_pc_box.o [1]
aDCU_ID                 0x2000'03b0   0x14  Data  Gb  user_app_pc_box.o [1]
eFlash_S25FL_BufferRead
                         0x800'40ab   0x60  Code  Gb  user_external_flash.o [1]
eFlash_S25FL_BufferWrite
                         0x800'406f   0x34  Code  Gb  user_external_flash.o [1]
eFlash_S25FL_CheckWriteEnable
                         0x800'3fc9   0x28  Code  Gb  user_external_flash.o [1]
eFlash_S25FL_Enable      0x800'3f33   0x16  Code  Gb  user_external_flash.o [1]
eFlash_S25FL_Erase_Sector
                         0x800'3f49   0x4a  Code  Gb  user_external_flash.o [1]
eFlash_S25FL_PageWrite   0x800'400b   0x5c  Code  Gb  user_external_flash.o [1]
eFlash_S25FL_WaitForWriteEnd
                         0x800'3f99   0x2a  Code  Gb  user_external_flash.o [1]
exit                     0x800'4557    0x4  Code  Gb  exit.o [2]
fevent_active            0x800'4209   0x10  Code  Gb  event_driven.o [1]
fevent_control_motor_push
                         0x800'3699   0x38  Code  Lc  user_app_ctrl_motor.o [1]
fevent_disable           0x800'422d    0xc  Code  Gb  event_driven.o [1]
fevent_door_ctrl_respond
                         0x800'39ad   0x46  Code  Lc  user_app_door_sensor.o [1]
fevent_door_ctrl_respond::status
                        0x2000'08ad    0x1  Data  Lc  user_app_door_sensor.o [1]
fevent_door_ctrl_respond::status_before
                        0x2000'08ac    0x1  Data  Lc  user_app_door_sensor.o [1]
fevent_door_entry        0x800'395d    0xe  Code  Lc  user_app_door_sensor.o [1]
fevent_door_respond_pc_box
                         0x800'39f3   0x38  Code  Lc  user_app_door_sensor.o [1]
fevent_door_sensor       0x800'396b   0x42  Code  Lc  user_app_door_sensor.o [1]
fevent_electric_entry    0x800'3b41    0xe  Code  Lc  user_app_electric.o [1]
fevent_electric_handle   0x800'3bc7   0x1e  Code  Lc  user_app_electric.o [1]
fevent_electric_pgood    0x800'3b4f   0x4a  Code  Lc  user_app_electric.o [1]
fevent_electric_pgood::count_handle
                        0x2000'08b9    0x1  Data  Lc  user_app_electric.o [1]
fevent_electric_pgood::status_before
                        0x2000'08ba    0x1  Data  Lc  user_app_electric.o [1]
fevent_electric_receive_485
                         0x800'3b9d   0x2a  Code  Lc  user_app_electric.o [1]
fevent_electric_receive_485::countBuffer_uart
                        0x2000'08ae    0x2  Data  Lc  user_app_electric.o [1]
fevent_electric_transmit_485
                         0x800'3b99    0x4  Code  Lc  user_app_electric.o [1]
fevent_enable            0x800'4219   0x14  Code  Gb  event_driven.o [1]
fevent_input_motor_push
                         0x800'36d1   0x44  Code  Lc  user_app_ctrl_motor.o [1]
fevent_motor_entry       0x800'3681   0x18  Code  Lc  user_app_ctrl_motor.o [1]
fevent_motor_push_off_error
                         0x800'3715   0x16  Code  Lc  user_app_ctrl_motor.o [1]
fevent_on_off_relay_alarm
                         0x800'27e7   0x2a  Code  Lc  user_app_relay.o [1]
fevent_on_off_relay_elevator
                         0x800'2767   0x2a  Code  Lc  user_app_relay.o [1]
fevent_on_off_relay_fridge_cool
                         0x800'27c9   0x1e  Code  Lc  user_app_relay.o [1]
fevent_on_off_relay_fridge_heat
                         0x800'2811   0x1e  Code  Lc  user_app_relay.o [1]
fevent_on_off_relay_lamp
                         0x800'282f   0x2a  Code  Lc  user_app_relay.o [1]
fevent_on_off_relay_screen
                         0x800'2791   0x38  Code  Lc  user_app_relay.o [1]
fevent_on_off_relay_warm
                         0x800'2859   0x2a  Code  Lc  user_app_relay.o [1]
fevent_pcbox_complete_receive
                         0x800'2c1b  0x27e  Code  Lc  user_app_pc_box.o [1]
fevent_pcbox_entry       0x800'2b9d   0x16  Code  Lc  user_app_pc_box.o [1]
fevent_pcbox_get_dcu_ID
                         0x800'2f57   0x12  Code  Lc  user_app_pc_box.o [1]
fevent_pcbox_log_tsvh    0x800'2ea7   0x28  Code  Lc  user_app_pc_box.o [1]
fevent_pcbox_ping        0x800'2ecf   0x3e  Code  Lc  user_app_pc_box.o [1]
fevent_pcbox_receive_handle
                         0x800'2be3   0x38  Code  Lc  user_app_pc_box.o [1]
fevent_pcbox_receive_handle::countBuffer_uart
                        0x2000'08bc    0x2  Data  Lc  user_app_pc_box.o [1]
fevent_pcbox_set_dcu_ID
                         0x800'2f0d   0x4a  Code  Lc  user_app_pc_box.o [1]
fevent_queue_respond_immediately
                         0x800'2f8f   0x36  Code  Lc  user_app_pc_box.o [1]
fevent_queue_respond_time
                         0x800'2fc5   0x34  Code  Lc  user_app_pc_box.o [1]
fevent_refresh_dcu       0x800'3009   0x30  Code  Lc  user_app_pc_box.o [1]
fevent_relay_entry       0x800'2759    0xe  Code  Lc  user_app_relay.o [1]
fevent_reset_dcu         0x800'2f69   0x26  Code  Lc  user_app_pc_box.o [1]
fevent_respond_pcbox     0x800'372b   0x84  Code  Lc  user_app_ctrl_motor.o [1]
fevent_temp_calculator   0x800'3301  0x100  Code  Lc  user_app_temperature.o [1]
fevent_temp_ctrl_fridge
                         0x800'347d   0x58  Code  Lc  user_app_temperature.o [1]
fevent_temp_entry        0x800'3275   0x38  Code  Lc  user_app_temperature.o [1]
fevent_temp_entry::once
                        0x2000'04f8    0x1  Data  Lc  user_app_temperature.o [1]
fevent_temp_get_adc      0x800'32ad   0x52  Code  Lc  user_app_temperature.o [1]
fevent_temp_get_adc::count
                        0x2000'04f9    0x1  Data  Lc  user_app_temperature.o [1]
fevent_temp_off_fridge_frozen
                         0x800'34e5    0xc  Code  Lc  user_app_temperature.o [1]
fevent_temp_read_threshold
                         0x800'344b   0x32  Code  Lc  user_app_temperature.o [1]
fevent_temp_set_threshold
                         0x800'3401   0x4a  Code  Lc  user_app_temperature.o [1]
fevent_temp_time_get     0x800'34dd    0x8  Code  Lc  user_app_temperature.o [1]
fevent_vib_off_alarm     0x800'3cb7    0xe  Code  Lc  user_app_vib_sensor.o [1]
fevent_vib_on_alarm      0x800'3ca1   0x16  Code  Lc  user_app_vib_sensor.o [1]
fevent_vib_sensor        0x800'3c3d   0x5a  Code  Lc  user_app_vib_sensor.o [1]
fevent_wdg_stm32f4       0x800'2bb3   0x30  Code  Lc  user_app_pc_box.o [1]
hadc1                   0x2000'06e4   0x48  Data  Gb  adc.o [1]
hdma_adc1               0x2000'062c   0x60  Data  Gb  adc.o [1]
hspi2                   0x2000'068c   0x58  Data  Gb  spi.o [1]
huart2                  0x2000'0770   0x44  Data  Gb  usart.o [1]
huart3                  0x2000'07b4   0x44  Data  Gb  usart.o [1]
huart4                  0x2000'072c   0x44  Data  Gb  usart.o [1]
huart6                  0x2000'07f8   0x44  Data  Gb  usart.o [1]
main                     0x800'1231   0x30  Code  Gb  main.o [1]
memset                   0x800'1311   0x14  Code  Gb  memset.o [4]
qGet_Number_Items        0x800'4301    0x4  Code  Gb  queue_p.o [1]
qQueue_Create            0x800'423f   0x22  Code  Gb  queue_p.o [1]
qQueue_Receive           0x800'42bf   0x42  Code  Gb  queue_p.o [1]
qQueue_Send              0x800'4261   0x5e  Code  Gb  queue_p.o [1]
qRespondPcBox           0x2000'0388   0x18  Data  Gb  user_app_pc_box.o [1]
sBuffer_Ping            0x2000'03a0    0x8  Data  Gb  user_app_pc_box.o [1]
sDCU_ID                 0x2000'03a8    0x8  Data  Gb  user_app_pc_box.o [1]
sElectric               0x2000'0134    0x4  Data  Gb  user_app_electric.o [1]
sEventAppDoorSensor     0x2000'00a4   0x40  Data  Gb  user_app_door_sensor.o [1]
sEventAppElectric       0x2000'00e4   0x50  Data  Gb  user_app_electric.o [1]
sEventAppMotor          0x2000'0010   0x50  Data  Gb  user_app_ctrl_motor.o [1]
sEventAppPcBox          0x2000'014c   0xc0  Data  Gb  user_app_pc_box.o [1]
sEventAppRelay          0x2000'03c4   0x80  Data  Gb  user_app_relay.o [1]
sEventAppTemperature    0x2000'0470   0x80  Data  Gb  user_app_temperature.o [1]
sEventAppVibSensor      0x2000'0514   0x30  Data  Gb  user_app_vib_sensor.o [1]
sInforPush              0x2000'089c    0x4  Data  Gb  user_app_ctrl_motor.o [1]
sPushMotor              0x2000'0894    0x8  Data  Gb  user_app_ctrl_motor.o [1]
sQueueReadData          0x2000'0138   0x14  Data  Gb  user_app_pc_box.o [1]
sQueueRespondPcBox      0x2000'020c  0x17c  Data  Gb  user_app_pc_box.o [1]
sStatusDoor             0x2000'08a8    0x4  Data  Gb  user_app_door_sensor.o [1]
sStatusRelay            0x2000'08a0    0x8  Data  Gb  user_app_relay.o [1]
sStatusVib              0x2000'0884   0x10  Data  Gb  user_app_vib_sensor.o [1]
sTemp_Thresh_Recv       0x2000'04f4    0x4  Data  Gb  user_app_temperature.o [1]
sTemperature            0x2000'04f0    0x4  Data  Gb  user_app_temperature.o [1]
sUart485                0x2000'0550    0x8  Data  Gb  user_uart.o [1]
sUartDebug              0x2000'0548    0x8  Data  Gb  user_uart.o [1]
sUartPcBox              0x2000'0558    0x8  Data  Gb  user_uart.o [1]
uwTick                  0x2000'0004    0x4  Data  Gb  stm32f4xx_hal.o [1]
uwTickFreq              0x2000'0000    0x1  Data  Gb  stm32f4xx_hal.o [1]
uwTickPrio              0x2000'0008    0x4  Data  Gb  stm32f4xx_hal.o [1]


[1] = D:\Project_STM32\Saoviet_Maybanhang_Std\Saoviet_Maybanhang\EWARM\Saoviet_Maybanhang\Obj
[2] = dl7M_tlf.a
[3] = m7M_tls.a
[4] = rt7M_tl.a
[5] = shb_l.a

  18'058 bytes of readonly  code memory
     469 bytes of readonly  data memory
   3'259 bytes of readwrite data memory

Errors: none
Warnings: none
