###############################################################################
#
# IAR ELF Linker V8.40.2.214/W32 for ARM                  07/Sep/2023  10:39:50
# Copyright 2007-2019 IAR Systems AB.
#
#    Output file  =
#        D:\Saoviet_Git\Saoviet_Vending_Machine\Saoviet_Maybanhang\EWARM\Saoviet_Maybanhang\Exe\Saoviet_Maybanhang.out
#    Map file     =
#        D:\Saoviet_Git\Saoviet_Vending_Machine\Saoviet_Maybanhang\EWARM\Saoviet_Maybanhang\List\Saoviet_Maybanhang.map
#    Command line =
#        -f C:\Users\PC\AppData\Local\Temp\EWE146.tmp
#        (D:\Saoviet_Git\Saoviet_Vending_Machine\Saoviet_Maybanhang\EWARM\Saoviet_Maybanhang\Obj\adc.o
#        D:\Saoviet_Git\Saoviet_Vending_Machine\Saoviet_Maybanhang\EWARM\Saoviet_Maybanhang\Obj\dma.o
#        D:\Saoviet_Git\Saoviet_Vending_Machine\Saoviet_Maybanhang\EWARM\Saoviet_Maybanhang\Obj\event_driven.o
#        D:\Saoviet_Git\Saoviet_Vending_Machine\Saoviet_Maybanhang\EWARM\Saoviet_Maybanhang\Obj\gpio.o
#        D:\Saoviet_Git\Saoviet_Vending_Machine\Saoviet_Maybanhang\EWARM\Saoviet_Maybanhang\Obj\main.o
#        D:\Saoviet_Git\Saoviet_Vending_Machine\Saoviet_Maybanhang\EWARM\Saoviet_Maybanhang\Obj\onchipflash.o
#        D:\Saoviet_Git\Saoviet_Vending_Machine\Saoviet_Maybanhang\EWARM\Saoviet_Maybanhang\Obj\queue_p.o
#        D:\Saoviet_Git\Saoviet_Vending_Machine\Saoviet_Maybanhang\EWARM\Saoviet_Maybanhang\Obj\S25FL216K.o
#        D:\Saoviet_Git\Saoviet_Vending_Machine\Saoviet_Maybanhang\EWARM\Saoviet_Maybanhang\Obj\spi.o
#        D:\Saoviet_Git\Saoviet_Vending_Machine\Saoviet_Maybanhang\EWARM\Saoviet_Maybanhang\Obj\startup_stm32f405xx.o
#        D:\Saoviet_Git\Saoviet_Vending_Machine\Saoviet_Maybanhang\EWARM\Saoviet_Maybanhang\Obj\stm32f4xx_hal.o
#        D:\Saoviet_Git\Saoviet_Vending_Machine\Saoviet_Maybanhang\EWARM\Saoviet_Maybanhang\Obj\stm32f4xx_hal_adc.o
#        D:\Saoviet_Git\Saoviet_Vending_Machine\Saoviet_Maybanhang\EWARM\Saoviet_Maybanhang\Obj\stm32f4xx_hal_adc_ex.o
#        D:\Saoviet_Git\Saoviet_Vending_Machine\Saoviet_Maybanhang\EWARM\Saoviet_Maybanhang\Obj\stm32f4xx_hal_cortex.o
#        D:\Saoviet_Git\Saoviet_Vending_Machine\Saoviet_Maybanhang\EWARM\Saoviet_Maybanhang\Obj\stm32f4xx_hal_dma.o
#        D:\Saoviet_Git\Saoviet_Vending_Machine\Saoviet_Maybanhang\EWARM\Saoviet_Maybanhang\Obj\stm32f4xx_hal_dma_ex.o
#        D:\Saoviet_Git\Saoviet_Vending_Machine\Saoviet_Maybanhang\EWARM\Saoviet_Maybanhang\Obj\stm32f4xx_hal_exti.o
#        D:\Saoviet_Git\Saoviet_Vending_Machine\Saoviet_Maybanhang\EWARM\Saoviet_Maybanhang\Obj\stm32f4xx_hal_flash.o
#        D:\Saoviet_Git\Saoviet_Vending_Machine\Saoviet_Maybanhang\EWARM\Saoviet_Maybanhang\Obj\stm32f4xx_hal_flash_ex.o
#        D:\Saoviet_Git\Saoviet_Vending_Machine\Saoviet_Maybanhang\EWARM\Saoviet_Maybanhang\Obj\stm32f4xx_hal_flash_ramfunc.o
#        D:\Saoviet_Git\Saoviet_Vending_Machine\Saoviet_Maybanhang\EWARM\Saoviet_Maybanhang\Obj\stm32f4xx_hal_gpio.o
#        D:\Saoviet_Git\Saoviet_Vending_Machine\Saoviet_Maybanhang\EWARM\Saoviet_Maybanhang\Obj\stm32f4xx_hal_msp.o
#        D:\Saoviet_Git\Saoviet_Vending_Machine\Saoviet_Maybanhang\EWARM\Saoviet_Maybanhang\Obj\stm32f4xx_hal_pwr.o
#        D:\Saoviet_Git\Saoviet_Vending_Machine\Saoviet_Maybanhang\EWARM\Saoviet_Maybanhang\Obj\stm32f4xx_hal_pwr_ex.o
#        D:\Saoviet_Git\Saoviet_Vending_Machine\Saoviet_Maybanhang\EWARM\Saoviet_Maybanhang\Obj\stm32f4xx_hal_rcc.o
#        D:\Saoviet_Git\Saoviet_Vending_Machine\Saoviet_Maybanhang\EWARM\Saoviet_Maybanhang\Obj\stm32f4xx_hal_rcc_ex.o
#        D:\Saoviet_Git\Saoviet_Vending_Machine\Saoviet_Maybanhang\EWARM\Saoviet_Maybanhang\Obj\stm32f4xx_hal_spi.o
#        D:\Saoviet_Git\Saoviet_Vending_Machine\Saoviet_Maybanhang\EWARM\Saoviet_Maybanhang\Obj\stm32f4xx_hal_tim.o
#        D:\Saoviet_Git\Saoviet_Vending_Machine\Saoviet_Maybanhang\EWARM\Saoviet_Maybanhang\Obj\stm32f4xx_hal_tim_ex.o
#        D:\Saoviet_Git\Saoviet_Vending_Machine\Saoviet_Maybanhang\EWARM\Saoviet_Maybanhang\Obj\stm32f4xx_hal_uart.o
#        D:\Saoviet_Git\Saoviet_Vending_Machine\Saoviet_Maybanhang\EWARM\Saoviet_Maybanhang\Obj\stm32f4xx_it.o
#        D:\Saoviet_Git\Saoviet_Vending_Machine\Saoviet_Maybanhang\EWARM\Saoviet_Maybanhang\Obj\stm32f4xx_ll_adc.o
#        D:\Saoviet_Git\Saoviet_Vending_Machine\Saoviet_Maybanhang\EWARM\Saoviet_Maybanhang\Obj\system_stm32f4xx.o
#        D:\Saoviet_Git\Saoviet_Vending_Machine\Saoviet_Maybanhang\EWARM\Saoviet_Maybanhang\Obj\usart.o
#        D:\Saoviet_Git\Saoviet_Vending_Machine\Saoviet_Maybanhang\EWARM\Saoviet_Maybanhang\Obj\user_app_at_debug.o
#        D:\Saoviet_Git\Saoviet_Vending_Machine\Saoviet_Maybanhang\EWARM\Saoviet_Maybanhang\Obj\user_app_comm.o
#        D:\Saoviet_Git\Saoviet_Vending_Machine\Saoviet_Maybanhang\EWARM\Saoviet_Maybanhang\Obj\user_app_ctrl_motor.o
#        D:\Saoviet_Git\Saoviet_Vending_Machine\Saoviet_Maybanhang\EWARM\Saoviet_Maybanhang\Obj\user_app_door_sensor.o
#        D:\Saoviet_Git\Saoviet_Vending_Machine\Saoviet_Maybanhang\EWARM\Saoviet_Maybanhang\Obj\user_app_electric.o
#        D:\Saoviet_Git\Saoviet_Vending_Machine\Saoviet_Maybanhang\EWARM\Saoviet_Maybanhang\Obj\user_app_pc_box.o
#        D:\Saoviet_Git\Saoviet_Vending_Machine\Saoviet_Maybanhang\EWARM\Saoviet_Maybanhang\Obj\user_app_relay.o
#        D:\Saoviet_Git\Saoviet_Vending_Machine\Saoviet_Maybanhang\EWARM\Saoviet_Maybanhang\Obj\user_app_temperature.o
#        D:\Saoviet_Git\Saoviet_Vending_Machine\Saoviet_Maybanhang\EWARM\Saoviet_Maybanhang\Obj\user_app_vib_sensor.o
#        D:\Saoviet_Git\Saoviet_Vending_Machine\Saoviet_Maybanhang\EWARM\Saoviet_Maybanhang\Obj\user_at_serial.o
#        D:\Saoviet_Git\Saoviet_Vending_Machine\Saoviet_Maybanhang\EWARM\Saoviet_Maybanhang\Obj\user_comm_vending_machine.o
#        D:\Saoviet_Git\Saoviet_Vending_Machine\Saoviet_Maybanhang\EWARM\Saoviet_Maybanhang\Obj\user_external_flash.o
#        D:\Saoviet_Git\Saoviet_Vending_Machine\Saoviet_Maybanhang\EWARM\Saoviet_Maybanhang\Obj\user_internal_mem.o
#        D:\Saoviet_Git\Saoviet_Vending_Machine\Saoviet_Maybanhang\EWARM\Saoviet_Maybanhang\Obj\user_irq_input.o
#        D:\Saoviet_Git\Saoviet_Vending_Machine\Saoviet_Maybanhang\EWARM\Saoviet_Maybanhang\Obj\user_modbus_rtu.o
#        D:\Saoviet_Git\Saoviet_Vending_Machine\Saoviet_Maybanhang\EWARM\Saoviet_Maybanhang\Obj\user_string.o
#        D:\Saoviet_Git\Saoviet_Vending_Machine\Saoviet_Maybanhang\EWARM\Saoviet_Maybanhang\Obj\user_uart.o
#        D:\Saoviet_Git\Saoviet_Vending_Machine\Saoviet_Maybanhang\EWARM\Saoviet_Maybanhang\Obj\user_util.o
#        --no_out_extension -o
#        D:\Saoviet_Git\Saoviet_Vending_Machine\Saoviet_Maybanhang\EWARM\Saoviet_Maybanhang\Exe\Saoviet_Maybanhang.out
#        --redirect _Printf=_PrintfFullNoMb --redirect _Scanf=_ScanfFullNoMb
#        --map
#        D:\Saoviet_Git\Saoviet_Vending_Machine\Saoviet_Maybanhang\EWARM\Saoviet_Maybanhang\List\Saoviet_Maybanhang.map
#        --config
#        D:\Saoviet_Git\Saoviet_Vending_Machine\Saoviet_Maybanhang\EWARM/stm32f405xx_flash.icf
#        --semihosting --entry __iar_program_start --vfe --text_out locale)
#
###############################################################################

*******************************************************************************
*** RUNTIME MODEL ATTRIBUTES
***

CppFlavor       = *
__SystemLibrary = DLib
__dlib_version  = 6


*******************************************************************************
*** HEAP SELECTION
***

The basic heap was selected because no calls to memory allocation
functions were found in the application outside of system library
functions, and there are calls to deallocation functions in the
application.


*******************************************************************************
*** PLACEMENT SUMMARY
***

"A0":  place at address 0x800'0000 { ro section .intvec };
"P1":  place in [from 0x800'0000 to 0x80f'ffff] { ro };
define block CSTACK with size = 1K, alignment = 8 { };
define block HEAP with size = 512, alignment = 8 { };
"P2":  place in [from 0x2000'0000 to 0x2001'ffff] {
          rw, block CSTACK, block HEAP };
initialize by copy { rw };

  Section            Kind         Address    Size  Object
  -------            ----         -------    ----  ------
"A0":                                       0x188
  .intvec            ro code   0x800'0000   0x188  startup_stm32f405xx.o [1]
                             - 0x800'0188   0x188

"P1":                                      0x53d3
  .text              ro code   0x800'0188   0x88c  user_app_pc_box.o [1]
  .text              ro code   0x800'0a14    0xe8  user_util.o [1]
  .text              ro code   0x800'0afc    0x30  event_driven.o [1]
  .text              ro code   0x800'0b2c     0x6  ABImemclr4.o [4]
  .text              ro code   0x800'0b32    0x3a  zero_init3.o [4]
  .text              ro code   0x800'0b6c   0x184  user_comm_vending_machine.o [1]
  .text              ro code   0x800'0cf0   0x224  stm32f4xx_hal_gpio.o [1]
  .text              ro code   0x800'0f14    0x28  stm32f4xx_hal.o [1]
  .text              ro code   0x800'0f3c    0xc8  user_uart.o [1]
  .text              ro code   0x800'1004   0x488  user_app_relay.o [1]
  .text              ro code   0x800'148c   0x228  user_external_flash.o [1]
  .text              ro code   0x800'16b4    0xc6  queue_p.o [1]
  .text              ro code   0x800'177c     0xc  stm32f4xx_hal.o [1]
  .text              ro code   0x800'1788    0x12  ABImemset_small.o [4]
  .text              ro code   0x800'179c   0x6dc  stm32f4xx_hal_uart.o [1]
  .text              ro code   0x800'1e78    0x14  strlen_small.o [4]
  .text              ro code   0x800'1e8c    0x32  ABImemset48.o [4]
  .text              ro code   0x800'1ec0    0x50  user_irq_input.o [1]
  .text              ro code   0x800'1f10    0x14  memset.o [4]
  .text              ro code   0x800'1f24    0x40  S25FL216K.o [1]
  .text              ro code   0x800'1f64   0x3f0  stm32f4xx_hal_spi.o [1]
  .text              ro code   0x800'2354    0x18  ABImemcpy_small.o [4]
  .text              ro code   0x800'236c   0x208  usart.o [1]
  .text              ro code   0x800'2574   0x3fc  stm32f4xx_hal_dma.o [1]
  .text              ro code   0x800'2970     0x2  stm32f4xx_hal_uart.o [1]
  .text              ro code   0x800'2972     0x2  stm32f4xx_hal_uart.o [1]
  .text              ro code   0x800'2974     0x2  stm32f4xx_hal_uart.o [1]
  .text              ro code   0x800'2978   0x1ac  stm32f4xx_hal_rcc.o [1]
  .text              ro code   0x800'2b24   0x106  I64DivMod_small.o [4]
  .text              ro code   0x800'2c2c    0xb4  spi.o [1]
  .text              ro code   0x800'2ce0    0xe0  main.o [1]
  .text              ro code   0x800'2dc0    0xc4  stm32f4xx_hal_cortex.o [1]
  .text              ro code   0x800'2e84    0x40  stm32f4xx_hal.o [1]
  .text              ro code   0x800'2ec4     0x2  I64DivZer.o [4]
  .text              ro code   0x800'2ec8    0x34  stm32f4xx_hal.o [1]
  .text              ro code   0x800'2efc   0x21c  gpio.o [1]
  .text              ro code   0x800'3118    0x34  dma.o [1]
  .text              ro code   0x800'314c   0x138  adc.o [1]
  .text              ro code   0x800'3284    0x7c  user_app_comm.o [1]
  .text              ro code   0x800'3300   0x31c  stm32f4xx_hal_rcc.o [1]
  .text              ro code   0x800'361c    0x38  stm32f4xx_hal_msp.o [1]
  .text              ro code   0x800'3654   0x492  stm32f4xx_hal_adc.o [1]
  .text              ro code   0x800'3ae8   0x384  user_app_electric.o [1]
  .text              ro code   0x800'3e6c   0x48c  user_app_temperature.o [1]
  .text              ro code   0x800'42f8    0x9c  user_app_at_debug.o [1]
  .text              ro code   0x800'4394   0x304  user_app_ctrl_motor.o [1]
  .text              ro code   0x800'4698   0x1f0  user_app_door_sensor.o [1]
  .text              ro code   0x800'4888   0x200  user_app_vib_sensor.o [1]
  .text              ro code   0x800'4a88     0x2  stm32f4xx_hal_adc.o [1]
  .text              ro code   0x800'4a8a     0x2  stm32f4xx_hal_adc.o [1]
  .text              ro code   0x800'4a8c     0x2  stm32f4xx_hal_adc.o [1]
  .text              ro code   0x800'4a8e    0x6c  user_modbus_rtu.o [1]
  .text              ro code   0x800'4afc   0x320  user_at_serial.o [1]
  .text              ro code   0x800'4e1c   0x136  user_string.o [1]
  .rodata            const     0x800'4f54    0xa0  user_at_serial.o [1]
  .text              ro code   0x800'4ff4    0x7c  stm32f4xx_it.o [1]
  .text              ro code   0x800'5070    0x10  stm32f4xx_hal.o [1]
  .text              ro code   0x800'5080    0x78  lz77_init_single.o [4]
  .text              ro code   0x800'50f8    0x28  data_init.o [4]
  .text              ro code   0x800'5120    0x22  fpinit_M.o [3]
  .iar.init_table    const     0x800'5144    0x20  - Linker created -
  .text              ro code   0x800'5164    0x20  system_stm32f4xx.o [1]
  .text              ro code   0x800'5184    0x1e  cmain.o [4]
  .text              ro code   0x800'51a2     0x4  low_level_init.o [2]
  .text              ro code   0x800'51a6     0x4  exit.o [2]
  .text              ro code   0x800'51ac     0xa  cexit.o [4]
  .text              ro code   0x800'51b8    0x14  exit.o [5]
  .rodata            const     0x800'51cc    0x10  user_at_serial.o [1]
  .rodata            const     0x800'51dc    0x10  user_at_serial.o [1]
  .rodata            const     0x800'51ec    0x10  user_at_serial.o [1]
  .rodata            const     0x800'51fc    0x10  user_at_serial.o [1]
  .text              ro code   0x800'520c    0x10  startup_stm32f405xx.o [1]
  .rodata            const     0x800'521c     0xc  user_at_serial.o [1]
  .rodata            const     0x800'5228     0xc  user_at_serial.o [1]
  .rodata            const     0x800'5234     0xc  user_at_serial.o [1]
  .rodata            const     0x800'5240     0xc  user_at_serial.o [1]
  .rodata            const     0x800'524c     0xc  user_at_serial.o [1]
  .text              ro code   0x800'5258     0xc  cstartup_M.o [4]
  .rodata            const     0x800'5264     0x8  system_stm32f4xx.o [1]
  .rodata            const     0x800'526c     0x8  user_at_serial.o [1]
  .text              ro code   0x800'5274     0x4  startup_stm32f405xx.o [1]
  .text              ro code   0x800'5278     0x4  startup_stm32f405xx.o [1]
  .text              ro code   0x800'527c     0x4  startup_stm32f405xx.o [1]
  .text              ro code   0x800'5280     0x4  startup_stm32f405xx.o [1]
  .text              ro code   0x800'5284     0x4  startup_stm32f405xx.o [1]
  .text              ro code   0x800'5288     0x4  startup_stm32f405xx.o [1]
  .text              ro code   0x800'528c     0x4  startup_stm32f405xx.o [1]
  .text              ro code   0x800'5290     0x4  startup_stm32f405xx.o [1]
  .text              ro code   0x800'5294     0x4  startup_stm32f405xx.o [1]
  .text              ro code   0x800'5298     0x4  startup_stm32f405xx.o [1]
  .text              ro code   0x800'529c     0x4  startup_stm32f405xx.o [1]
  .text              ro code   0x800'52a0     0x4  startup_stm32f405xx.o [1]
  .text              ro code   0x800'52a4     0x4  startup_stm32f405xx.o [1]
  .text              ro code   0x800'52a8     0x4  startup_stm32f405xx.o [1]
  .text              ro code   0x800'52ac     0x4  startup_stm32f405xx.o [1]
  .text              ro code   0x800'52b0     0x4  startup_stm32f405xx.o [1]
  .text              ro code   0x800'52b4     0x4  startup_stm32f405xx.o [1]
  .text              ro code   0x800'52b8     0x4  startup_stm32f405xx.o [1]
  .text              ro code   0x800'52bc     0x4  startup_stm32f405xx.o [1]
  .text              ro code   0x800'52c0     0x4  startup_stm32f405xx.o [1]
  .text              ro code   0x800'52c4     0x4  startup_stm32f405xx.o [1]
  .text              ro code   0x800'52c8     0x4  startup_stm32f405xx.o [1]
  .text              ro code   0x800'52cc     0x4  startup_stm32f405xx.o [1]
  .text              ro code   0x800'52d0     0x4  startup_stm32f405xx.o [1]
  .text              ro code   0x800'52d4     0x4  startup_stm32f405xx.o [1]
  .text              ro code   0x800'52d8     0x4  startup_stm32f405xx.o [1]
  .text              ro code   0x800'52dc     0x4  startup_stm32f405xx.o [1]
  .text              ro code   0x800'52e0     0x4  startup_stm32f405xx.o [1]
  .text              ro code   0x800'52e4     0x4  startup_stm32f405xx.o [1]
  .text              ro code   0x800'52e8     0x4  startup_stm32f405xx.o [1]
  .text              ro code   0x800'52ec     0x4  startup_stm32f405xx.o [1]
  .text              ro code   0x800'52f0     0x4  startup_stm32f405xx.o [1]
  .text              ro code   0x800'52f4     0x4  startup_stm32f405xx.o [1]
  .text              ro code   0x800'52f8     0x4  startup_stm32f405xx.o [1]
  .text              ro code   0x800'52fc     0x4  startup_stm32f405xx.o [1]
  .text              ro code   0x800'5300     0x4  startup_stm32f405xx.o [1]
  .text              ro code   0x800'5304     0x4  startup_stm32f405xx.o [1]
  .text              ro code   0x800'5308     0x4  startup_stm32f405xx.o [1]
  .text              ro code   0x800'530c     0x4  startup_stm32f405xx.o [1]
  .text              ro code   0x800'5310     0x4  startup_stm32f405xx.o [1]
  .text              ro code   0x800'5314     0x4  startup_stm32f405xx.o [1]
  .text              ro code   0x800'5318     0x4  startup_stm32f405xx.o [1]
  .text              ro code   0x800'531c     0x4  startup_stm32f405xx.o [1]
  .text              ro code   0x800'5320     0x4  startup_stm32f405xx.o [1]
  .text              ro code   0x800'5324     0x4  startup_stm32f405xx.o [1]
  .text              ro code   0x800'5328     0x4  startup_stm32f405xx.o [1]
  .text              ro code   0x800'532c     0x4  startup_stm32f405xx.o [1]
  .text              ro code   0x800'5330     0x4  startup_stm32f405xx.o [1]
  .text              ro code   0x800'5334     0x4  startup_stm32f405xx.o [1]
  .text              ro code   0x800'5338     0x4  startup_stm32f405xx.o [1]
  .text              ro code   0x800'533c     0x4  startup_stm32f405xx.o [1]
  .text              ro code   0x800'5340     0x4  startup_stm32f405xx.o [1]
  .text              ro code   0x800'5344     0x4  startup_stm32f405xx.o [1]
  .text              ro code   0x800'5348     0x4  startup_stm32f405xx.o [1]
  .text              ro code   0x800'534c     0x4  startup_stm32f405xx.o [1]
  .text              ro code   0x800'5350     0x4  startup_stm32f405xx.o [1]
  .text              ro code   0x800'5354     0x4  startup_stm32f405xx.o [1]
  .text              ro code   0x800'5358     0x4  startup_stm32f405xx.o [1]
  .text              ro code   0x800'535c     0x4  startup_stm32f405xx.o [1]
  .text              ro code   0x800'5360     0x4  startup_stm32f405xx.o [1]
  .text              ro code   0x800'5364     0x4  startup_stm32f405xx.o [1]
  .text              ro code   0x800'5368     0x4  startup_stm32f405xx.o [1]
  .text              ro code   0x800'536c     0x4  startup_stm32f405xx.o [1]
  .text              ro code   0x800'5370     0x4  startup_stm32f405xx.o [1]
  .text              ro code   0x800'5374     0x4  startup_stm32f405xx.o [1]
  .text              ro code   0x800'5378     0x4  startup_stm32f405xx.o [1]
  .text              ro code   0x800'537c     0x4  startup_stm32f405xx.o [1]
  .text              ro code   0x800'5380     0x4  startup_stm32f405xx.o [1]
  .text              ro code   0x800'5384     0x4  startup_stm32f405xx.o [1]
  .rodata            const     0x800'5388     0x0  zero_init3.o [4]
  .rodata            const     0x800'5388     0x0  lz77_init_single.o [4]
  Initializer bytes  const     0x800'5388   0x1d3  <for P2-1>
                             - 0x800'555b  0x53d3

"P2", part 1 of 3:                          0x5d1
  P2-1                        0x2000'0000   0x5d1  <Init block>
    .data            inited   0x2000'0000     0xc  stm32f4xx_hal.o [1]
    .data            inited   0x2000'000c     0x4  system_stm32f4xx.o [1]
    .data            inited   0x2000'0010    0x32  user_app_at_debug.o [1]
    .data            inited   0x2000'0044    0x50  user_app_ctrl_motor.o [1]
    .data            inited   0x2000'0094    0x44  user_app_ctrl_motor.o [1]
    .data            inited   0x2000'00d8    0x40  user_app_door_sensor.o [1]
    .data            inited   0x2000'0118    0x70  user_app_electric.o [1]
    .data            inited   0x2000'0188     0xe  user_app_electric.o [1]
    .data            inited   0x2000'0198   0x298  user_app_pc_box.o [1]
    .data            inited   0x2000'0430    0x10  user_app_pc_box.o [1]
    .data            inited   0x2000'0440    0x14  user_app_pc_box.o [1]
    .data            inited   0x2000'0454    0x40  user_app_relay.o [1]
    .data            inited   0x2000'0494    0x2c  user_app_relay.o [1]
    .data            inited   0x2000'04c0     0xc  user_app_relay.o [1]
    .data            inited   0x2000'04cc    0x80  user_app_temperature.o [1]
    .data            inited   0x2000'054c    0x24  user_app_temperature.o [1]
    .data            inited   0x2000'0570    0x44  user_app_vib_sensor.o [1]
    .data            inited   0x2000'05b4    0x1d  user_uart.o [1]
                            - 0x2000'05d1   0x5d1

"P2", part 2 of 3:                          0x3cc
  .bss               zero     0x2000'05d4    0x80  user_at_serial.o [1]
  .bss               zero     0x2000'0654    0x64  user_uart.o [1]
  .bss               zero     0x2000'06b8    0x64  user_uart.o [1]
  .bss               zero     0x2000'071c    0x60  adc.o [1]
  .bss               zero     0x2000'077c    0x58  spi.o [1]
  .bss               zero     0x2000'07d4    0x48  adc.o [1]
  .bss               zero     0x2000'081c    0x44  usart.o [1]
  .bss               zero     0x2000'0860    0x44  usart.o [1]
  .bss               zero     0x2000'08a4    0x44  usart.o [1]
  .bss               zero     0x2000'08e8    0x44  usart.o [1]
  .bss               zero     0x2000'092c    0x34  user_uart.o [1]
  .bss               zero     0x2000'0960    0x14  user_app_pc_box.o [1]
  .bss               zero     0x2000'0974     0xc  user_app_ctrl_motor.o [1]
  .bss               zero     0x2000'0980     0x8  user_app_relay.o [1]
  .bss               zero     0x2000'0988     0x6  user_app_door_sensor.o [1]
  .bss               zero     0x2000'098e     0x2  user_app_electric.o [1]
  .bss               zero     0x2000'0990     0x4  user_app_temperature.o [1]
  .bss               zero     0x2000'0994     0x4  user_util.o [1]
  .bss               zero     0x2000'0998     0x2  user_app_pc_box.o [1]
  .bss               zero     0x2000'099a     0x2  user_app_vib_sensor.o [1]
  .bss               zero     0x2000'099c     0x1  user_app_comm.o [1]
  .bss               zero     0x2000'099d     0x1  user_app_relay.o [1]
  .bss               zero     0x2000'099e     0x1  user_app_relay.o [1]
                            - 0x2000'099f   0x3cb

"P2", part 3 of 3:                          0x400
  CSTACK                      0x2000'09a0   0x400  <Block>
    CSTACK           uninit   0x2000'09a0   0x400  <Block tail>
                            - 0x2000'0da0   0x400

Unused ranges:

         From           To      Size
         ----           --      ----
   0x800'555b   0x80f'ffff  0xf'aaa5
  0x2000'05d1  0x2000'05d3       0x3
  0x2000'0da0  0x2001'ffff  0x1'f260


*******************************************************************************
*** INIT TABLE
***

          Address      Size
          -------      ----
Zero (__iar_zero_init3)
    1 destination range, total size 0x3cb:
          0x2000'05d4  0x3cb

Copy/lz77 (__iar_lz77_init_single3)
    1 source range, total size 0x1d3 (31% of destination):
           0x800'5388  0x1d3
    1 destination range, total size 0x5d1:
          0x2000'0000  0x5d1



*******************************************************************************
*** MODULE SUMMARY
***

    Module                       ro code  ro data  rw data
    ------                       -------  -------  -------
command line/config:
    ------------------------------------------------------
    Total:

D:\Saoviet_Git\Saoviet_Vending_Machine\Saoviet_Maybanhang\EWARM\Saoviet_Maybanhang\Obj: [1]
    S25FL216K.o                       64
    adc.o                            312               168
    dma.o                             52
    event_driven.o                    48
    gpio.o                           540
    main.o                           224
    queue_p.o                        198
    spi.o                            180                88
    startup_stm32f405xx.o            684
    stm32f4xx_hal.o                  184        3       12
    stm32f4xx_hal_adc.o            1'176
    stm32f4xx_hal_cortex.o           196
    stm32f4xx_hal_dma.o            1'020
    stm32f4xx_hal_gpio.o             548
    stm32f4xx_hal_msp.o               56
    stm32f4xx_hal_rcc.o            1'224
    stm32f4xx_hal_spi.o            1'008
    stm32f4xx_hal_uart.o           1'762
    stm32f4xx_it.o                   124
    system_stm32f4xx.o                32       10        4
    usart.o                          520               272
    user_app_at_debug.o              156       15       50
    user_app_comm.o                  124                 1
    user_app_ctrl_motor.o            772       47      160
    user_app_door_sensor.o           496       20       70
    user_app_electric.o              900       40      128
    user_app_pc_box.o              2'188      220      722
    user_app_relay.o               1'160       38      130
    user_app_temperature.o         1'164       51      168
    user_app_vib_sensor.o            512       21       70
    user_at_serial.o                 800      292      128
    user_comm_vending_machine.o      388
    user_external_flash.o            552
    user_irq_input.o                  80
    user_modbus_rtu.o                108
    user_string.o                    310
    user_uart.o                      200       10      281
    user_util.o                      232                 4
    ------------------------------------------------------
    Total:                        20'294      767    2'456

dl7M_tlf.a: [2]
    exit.o                             4
    low_level_init.o                   4
    ------------------------------------------------------
    Total:                             8

m7M_tls.a: [3]
    fpinit_M.o                        34
    ------------------------------------------------------
    Total:                            34

rt7M_tl.a: [4]
    ABImemclr4.o                       6
    ABImemcpy_small.o                 24
    ABImemset48.o                     50
    ABImemset_small.o                 18
    I64DivMod_small.o                262
    I64DivZer.o                        2
    cexit.o                           10
    cmain.o                           30
    cstartup_M.o                      12
    data_init.o                       40
    lz77_init_single.o               120
    memset.o                          20
    strlen_small.o                    20
    zero_init3.o                      58
    ------------------------------------------------------
    Total:                           672

shb_l.a: [5]
    exit.o                            20
    ------------------------------------------------------
    Total:                            20

    Gaps                              20        4        4
    Linker created                             32    1'024
----------------------------------------------------------
    Grand Total:                  21'048      803    3'484


*******************************************************************************
*** ENTRY LIST
***

Entry                       Address   Size  Type      Object
-----                       -------   ----  ----      ------
.iar.init_table$$Base    0x800'5144          --   Gb  - Linker created -
.iar.init_table$$Limit   0x800'5164          --   Gb  - Linker created -
?main                    0x800'5185         Code  Gb  cmain.o [4]
ADC_Avg                 0x2000'0564    0xc  Data  Gb  user_app_temperature.o [1]
ADC_DMAConvCplt          0x800'3a65   0x66  Code  Lc  stm32f4xx_hal_adc.o [1]
ADC_DMAError             0x800'3ad5   0x12  Code  Lc  stm32f4xx_hal_adc.o [1]
ADC_DMAHalfConvCplt      0x800'3acd    0x6  Code  Lc  stm32f4xx_hal_adc.o [1]
ADC_Init                 0x800'4241    0xa  Code  Gb  user_app_temperature.o [1]
ADC_Temp                0x2000'0558    0xc  Data  Gb  user_app_temperature.o [1]
AHBPrescTable            0x800'5174   0x10  Data  Gb  system_stm32f4xx.o [1]
APBPrescTable            0x800'5264    0x8  Data  Gb  system_stm32f4xx.o [1]
AppAtDebug_Task          0x800'434b   0x40  Code  Gb  user_app_at_debug.o [1]
AppDoorSensor_Debug      0x800'47a9   0x4e  Code  Gb  user_app_door_sensor.o [1]
AppDoorSensor_Task       0x800'47fd   0x40  Code  Gb  user_app_door_sensor.o [1]
AppElectric_Debug        0x800'3d69   0x54  Code  Gb  user_app_electric.o [1]
AppElectric_Task         0x800'3dbd   0x40  Code  Gb  user_app_electric.o [1]
AppMotor_Debug           0x800'4571   0x6a  Code  Gb  user_app_ctrl_motor.o [1]
AppMotor_Task            0x800'45f1   0x40  Code  Gb  user_app_ctrl_motor.o [1]
AppPcBox_Debug           0x800'08f1   0x56  Code  Gb  user_app_pc_box.o [1]
AppPcBox_Task            0x800'0947   0x40  Code  Gb  user_app_pc_box.o [1]
AppRelay_Task            0x800'1399   0x40  Code  Gb  user_app_relay.o [1]
AppTemperature_Debug     0x800'4159   0x86  Code  Gb  user_app_temperature.o [1]
AppTemperature_Task      0x800'41f5   0x40  Code  Gb  user_app_temperature.o [1]
AppVibSensor_Debug       0x800'49f1   0x2e  Code  Gb  user_app_vib_sensor.o [1]
AppVibSensor_Task        0x800'4a1f   0x40  Code  Gb  user_app_vib_sensor.o [1]
BusFault_Handler         0x800'4ffb    0x2  Code  Gb  stm32f4xx_it.o [1]
CSTACK$$Base            0x2000'09a0          --   Gb  - Linker created -
CSTACK$$Limit           0x2000'0da0          --   Gb  - Linker created -
Cal_Time                 0x800'0a2d   0x12  Code  Gb  user_util.o [1]
Calculator_Crc_U16       0x800'0b6d   0x32  Code  Gb  user_comm_vending_machine.o [1]
Calculator_Scale         0x800'0be1   0x18  Code  Gb  user_comm_vending_machine.o [1]
CheckList_AT_CONFIG      0x800'4f54   0xa0  Data  Gb  user_at_serial.o [1]
Check_AT_User            0x800'4d25   0xa8  Code  Gb  user_at_serial.o [1]
Check_Time_Out           0x800'0a15   0x18  Code  Gb  user_util.o [1]
ConnectSlave            0x2000'099e    0x1  Data  Gb  user_app_relay.o [1]
ControlRelay             0x800'10c1   0x8c  Code  Gb  user_app_relay.o [1]
Convert_Hex_To_String_Hex
                         0x800'0a73   0x44  Code  Gb  user_util.o [1]
Convert_Int_To_String    0x800'0bf9   0x4a  Code  Gb  user_comm_vending_machine.o [1]
Convert_Int_To_String_Scale
                         0x800'0c43   0x80  Code  Gb  user_comm_vending_machine.o [1]
Convert_String_To_Dec    0x800'0a3f   0x34  Code  Gb  user_util.o [1]
DMA2_Stream0_IRQHandler
                         0x800'504d    0x6  Code  Gb  stm32f4xx_it.o [1]
DMA_CalcBaseAndBitshift
                         0x800'2941   0x26  Code  Lc  stm32f4xx_hal_dma.o [1]
DMA_CalcBaseAndBitshift::flagBitshiftOffset
                         0x800'2968    0x8  Data  Lc  stm32f4xx_hal_dma.o [1]
DMA_SetConfig            0x800'2921   0x20  Code  Lc  stm32f4xx_hal_dma.o [1]
DebugMon_Handler         0x800'5001    0x2  Code  Gb  stm32f4xx_it.o [1]
EXTI15_10_IRQHandler     0x800'5031   0x16  Code  Gb  stm32f4xx_it.o [1]
EXTI1_IRQHandler         0x800'5011    0x6  Code  Gb  stm32f4xx_it.o [1]
EXTI4_IRQHandler         0x800'5017    0x6  Code  Gb  stm32f4xx_it.o [1]
EXTI9_5_IRQHandler       0x800'501d    0x8  Code  Gb  stm32f4xx_it.o [1]
Error_Handler            0x800'2dbd    0x4  Code  Gb  main.o [1]
Find_String_V2           0x800'4e1d   0xc6  Code  Gb  user_string.o [1]
Find_str_fix             0x800'4ef3   0x60  Code  Gb  user_string.o [1]
HAL_ADC_ConfigChannel    0x800'390b  0x10e  Code  Gb  stm32f4xx_hal_adc.o [1]
HAL_ADC_Init             0x800'3655  0x154  Code  Gb  stm32f4xx_hal_adc.o [1]
HAL_ADC_MspInit          0x800'31d5   0x92  Code  Gb  adc.o [1]
HAL_ADC_Start_DMA        0x800'37db  0x130  Code  Gb  stm32f4xx_hal_adc.o [1]
HAL_DMA_Abort            0x800'26c5   0x78  Code  Gb  stm32f4xx_hal_dma.o [1]
HAL_DMA_Abort_IT         0x800'273d   0x24  Code  Gb  stm32f4xx_hal_dma.o [1]
HAL_DMA_IRQHandler       0x800'2761  0x188  Code  Gb  stm32f4xx_hal_dma.o [1]
HAL_DMA_Init             0x800'2575   0xee  Code  Gb  stm32f4xx_hal_dma.o [1]
HAL_DMA_Start_IT         0x800'2663   0x62  Code  Gb  stm32f4xx_hal_dma.o [1]
HAL_Delay                0x800'0f15   0x28  Code  Wk  stm32f4xx_hal.o [1]
HAL_GPIO_EXTI_Callback   0x800'1ec1   0x50  Code  Gb  user_irq_input.o [1]
HAL_GPIO_EXTI_IRQHandler
                         0x800'0ed5   0x10  Code  Gb  stm32f4xx_hal_gpio.o [1]
HAL_GPIO_Init            0x800'0cf1  0x1c0  Code  Gb  stm32f4xx_hal_gpio.o [1]
HAL_GPIO_ReadPin         0x800'0eb1    0xc  Code  Gb  stm32f4xx_hal_gpio.o [1]
HAL_GPIO_TogglePin       0x800'0ec5   0x10  Code  Gb  stm32f4xx_hal_gpio.o [1]
HAL_GPIO_WritePin        0x800'0ebd    0x8  Code  Gb  stm32f4xx_hal_gpio.o [1]
HAL_GetTick              0x800'177d    0xc  Code  Wk  stm32f4xx_hal.o [1]
HAL_IncTick              0x800'5071   0x10  Code  Wk  stm32f4xx_hal.o [1]
HAL_Init                 0x800'2ec9   0x30  Code  Gb  stm32f4xx_hal.o [1]
HAL_InitTick             0x800'2e85   0x40  Code  Wk  stm32f4xx_hal.o [1]
HAL_MspInit              0x800'361d   0x38  Code  Gb  stm32f4xx_hal_msp.o [1]
HAL_NVIC_EnableIRQ       0x800'2e2f   0x16  Code  Gb  stm32f4xx_hal_cortex.o [1]
HAL_NVIC_SetPriority     0x800'2df5   0x3a  Code  Gb  stm32f4xx_hal_cortex.o [1]
HAL_NVIC_SetPriorityGrouping
                         0x800'2ddb   0x1a  Code  Gb  stm32f4xx_hal_cortex.o [1]
HAL_RCC_ClockConfig      0x800'2979  0x100  Code  Gb  stm32f4xx_hal_rcc.o [1]
HAL_RCC_GetPCLK1Freq     0x800'2a85   0x10  Code  Gb  stm32f4xx_hal_rcc.o [1]
HAL_RCC_GetPCLK2Freq     0x800'2a95    0xe  Code  Gb  stm32f4xx_hal_rcc.o [1]
HAL_RCC_OscConfig        0x800'3301  0x31c  Code  Wk  stm32f4xx_hal_rcc.o [1]
HAL_SPI_Init             0x800'1f65   0xb4  Code  Gb  stm32f4xx_hal_spi.o [1]
HAL_SPI_MspInit          0x800'2c69   0x66  Code  Gb  spi.o [1]
HAL_SPI_TransmitReceive
                         0x800'2021  0x1a4  Code  Gb  stm32f4xx_hal_spi.o [1]
HAL_SYSTICK_Config       0x800'2e45   0x28  Code  Gb  stm32f4xx_hal_cortex.o [1]
HAL_UART_IRQHandler      0x800'190f  0x26a  Code  Gb  stm32f4xx_hal_uart.o [1]
HAL_UART_Init            0x800'179d   0x1e  Code  Gb  stm32f4xx_hal_uart.o [1]
HAL_UART_MspInit         0x800'23d7  0x122  Code  Gb  usart.o [1]
HAL_UART_Receive_IT      0x800'18c3   0x30  Code  Gb  stm32f4xx_hal_uart.o [1]
HAL_UART_RxCpltCallback
                         0x800'0f75   0x78  Code  Gb  user_uart.o [1]
HAL_UART_Transmit        0x800'1813   0xb0  Code  Gb  stm32f4xx_hal_uart.o [1]
HardFault_Handler        0x800'4ff7    0x2  Code  Gb  stm32f4xx_it.o [1]
Init_AppElectric         0x800'3d5b    0xc  Code  Gb  user_app_electric.o [1]
Init_AppRelay            0x800'1169    0xc  Code  Gb  user_app_relay.o [1]
Init_DCU_ID              0x800'086b   0x84  Code  Gb  user_app_pc_box.o [1]
Init_StatusRelay         0x800'1213   0x8a  Code  Gb  user_app_relay.o [1]
Init_Uart_Module         0x800'0f43   0x2c  Code  Gb  user_uart.o [1]
Init_Uart_PcBox_Rx_IT    0x800'0f3d    0x6  Code  Gb  user_uart.o [1]
LAYER_PIN                0x800'4674   0x10  Data  Lc  user_app_ctrl_motor.o [1]
LAYER_PORT              0x2000'0094   0x1c  Data  Lc  user_app_ctrl_motor.o [1]
LED_Off                  0x800'1301   0x10  Code  Gb  user_app_relay.o [1]
LED_On                   0x800'12f1   0x10  Code  Gb  user_app_relay.o [1]
LED_PIN                  0x800'1484    0x8  Data  Lc  user_app_relay.o [1]
LED_PORT                0x2000'04c0    0xc  Data  Lc  user_app_relay.o [1]
LED_Toggle               0x800'12e1   0x10  Code  Gb  user_app_relay.o [1]
LedRecvPcBox            0x2000'099d    0x1  Data  Gb  user_app_relay.o [1]
Log_Data_Door            0x800'4771   0x38  Code  Gb  user_app_door_sensor.o [1]
Log_Data_Vib             0x800'49bb   0x34  Code  Gb  user_app_vib_sensor.o [1]
Log_TSVH                 0x800'07cf   0x84  Code  Gb  user_app_pc_box.o [1]
MX_ADC1_Init             0x800'314d   0x7e  Code  Gb  adc.o [1]
MX_DMA_Init              0x800'3119   0x34  Code  Gb  dma.o [1]
MX_GPIO_Init             0x800'2efd  0x1e2  Code  Gb  gpio.o [1]
MX_SPI2_Init             0x800'2c2d   0x3c  Code  Gb  spi.o [1]
MX_UART4_Init            0x800'236d   0x16  Code  Gb  usart.o [1]
MX_USART2_UART_Init      0x800'2383   0x10  Code  Gb  usart.o [1]
MX_USART3_UART_Init      0x800'239b   0x10  Code  Gb  usart.o [1]
MX_USART6_UART_Init      0x800'23c7   0x10  Code  Gb  usart.o [1]
Main_Task                0x800'3285   0x64  Code  Gb  user_app_comm.o [1]
MemManage_Handler        0x800'4ff9    0x2  Code  Gb  stm32f4xx_it.o [1]
ModRTU_CRC               0x800'4a8f   0x30  Code  Gb  user_modbus_rtu.o [1]
ModRTU_Master_Read_Frame
                         0x800'4abf   0x3c  Code  Gb  user_modbus_rtu.o [1]
NMI_Handler              0x800'4ff5    0x2  Code  Gb  stm32f4xx_it.o [1]
Off_Motor_Push           0x800'4535   0x3c  Code  Gb  user_app_ctrl_motor.o [1]
OnOff_Relay              0x800'114d   0x1c  Code  Gb  user_app_relay.o [1]
On_Motor_Push            0x800'44f1   0x42  Code  Gb  user_app_ctrl_motor.o [1]
Pc_Box_Init              0x800'0859   0x12  Code  Gb  user_app_pc_box.o [1]
PendSV_Handler           0x800'5003    0x2  Code  Gb  stm32f4xx_it.o [1]
RC                       0x800'4ee3   0x10  Code  Gb  user_string.o [1]
RELAY_PIN               0x2000'0494   0x10  Data  Lc  user_app_relay.o [1]
RELAY_PORT              0x2000'04a4   0x1c  Data  Lc  user_app_relay.o [1]
Read_IdSlave_Electric_ExFlash
                         0x800'3d2f   0x2c  Code  Gb  user_app_electric.o [1]
Read_Status_Electric_ExFlash
                         0x800'3cb7   0x32  Code  Gb  user_app_electric.o [1]
Read_Status_Relay_ExFlash
                         0x800'11cf   0x3a  Code  Gb  user_app_relay.o [1]
Region$$Table$$Base      0x800'5144          --   Gb  - Linker created -
Region$$Table$$Limit     0x800'5164          --   Gb  - Linker created -
Relay_Debug              0x800'1321   0x78  Code  Gb  user_app_relay.o [1]
Relay_Respond_Pc_Box     0x800'12a3   0x3c  Code  Gb  user_app_relay.o [1]
Reset_Chip               0x800'0cc3   0x1c  Code  Gb  user_comm_vending_machine.o [1]
Respond_PcBox            0x800'0b9f    0xe  Code  Gb  user_comm_vending_machine.o [1]
RtCountSystick_u32      0x2000'0994    0x4  Data  Gb  user_util.o [1]
S25FL_ChipSelect         0x800'1f25   0x14  Code  Gb  S25FL216K.o [1]
S25FL_Send_Byte          0x800'1f39   0x22  Code  Gb  S25FL216K.o [1]
SLOT_PIN                 0x800'4684   0x14  Data  Lc  user_app_ctrl_motor.o [1]
SLOT_PORT               0x2000'00b0   0x28  Data  Lc  user_app_ctrl_motor.o [1]
SPI_EndRxTxTransaction   0x800'22ef   0x50  Code  Lc  stm32f4xx_hal_spi.o [1]
SPI_WaitFlagStateUntilTimeout
                         0x800'222f   0xb4  Code  Lc  stm32f4xx_hal_spi.o [1]
SVC_Handler              0x800'4fff    0x2  Code  Gb  stm32f4xx_it.o [1]
Scale_To_Int             0x800'0bad   0x34  Code  Gb  user_comm_vending_machine.o [1]
Set_Threshold_Temperature
                         0x800'40d5   0x3a  Code  Gb  user_app_temperature.o [1]
Status_Power_Respond_PcBox
                         0x800'3c47   0x34  Code  Gb  user_app_electric.o [1]
SysTick_Handler          0x800'5005    0xc  Code  Gb  stm32f4xx_it.o [1]
SystemClock_Config       0x800'2d11   0xa4  Code  Gb  main.o [1]
SystemCoreClock         0x2000'000c    0x4  Data  Gb  system_stm32f4xx.o [1]
SystemInit               0x800'5165    0xc  Code  Gb  system_stm32f4xx.o [1]
TaskStatus_u8           0x2000'099c    0x1  Data  Gb  user_app_comm.o [1]
Threshold_Respond_Pc_Box_Setup
                         0x800'410f   0x4a  Code  Gb  user_app_temperature.o [1]
UART4_IRQHandler         0x800'5047    0x6  Code  Gb  stm32f4xx_it.o [1]
UART_DMAAbortOnError     0x800'1cd1    0xc  Code  Lc  stm32f4xx_hal_uart.o [1]
UART_EndRxTransfer       0x800'1c87   0x2a  Code  Lc  stm32f4xx_hal_uart.o [1]
UART_Receive_IT          0x800'1cdd   0xaa  Code  Lc  stm32f4xx_hal_uart.o [1]
UART_SetConfig           0x800'1db1   0xae  Code  Lc  stm32f4xx_hal_uart.o [1]
UART_Start_Receive_IT    0x800'1c35   0x3a  Code  Gb  stm32f4xx_hal_uart.o [1]
UART_WaitOnFlagUntilTimeout
                         0x800'1ba1   0x5e  Code  Lc  stm32f4xx_hal_uart.o [1]
USART2_IRQHandler        0x800'5025    0x6  Code  Gb  stm32f4xx_it.o [1]
USART3_IRQHandler        0x800'502b    0x6  Code  Gb  stm32f4xx_it.o [1]
USART6_IRQHandler        0x800'5053    0x6  Code  Gb  stm32f4xx_it.o [1]
UTIL_MEM_set             0x800'0ab7    0xe  Code  Gb  user_util.o [1]
UTIL_Printf              0x800'0ac5   0x10  Code  Gb  user_util.o [1]
UTIL_Printf_Str          0x800'0ad5   0x12  Code  Gb  user_util.o [1]
Uart485Buff             0x2000'092c   0x34  Data  Gb  user_uart.o [1]
Uart485RxByte           0x2000'05b5    0x1  Data  Gb  user_uart.o [1]
UartDebugBuff           0x2000'0654   0x64  Data  Gb  user_uart.o [1]
UartDebugRxByte         0x2000'05b4    0x1  Data  Gb  user_uart.o [1]
UartPcBoxBuff           0x2000'06b8   0x64  Data  Gb  user_uart.o [1]
UartPcBoxRxByte         0x2000'05b6    0x1  Data  Gb  user_uart.o [1]
UartSimRxByte           0x2000'05d0    0x1  Data  Gb  user_uart.o [1]
UsageFault_Handler       0x800'4ffd    0x2  Code  Gb  stm32f4xx_it.o [1]
Write_IdSlave_Electric_ExFlash
                         0x800'3cf3   0x28  Code  Gb  user_app_electric.o [1]
Write_Queue_Repond_PcBox
                         0x800'07a9   0x26  Code  Gb  user_app_pc_box.o [1]
Write_Status_Electric_ExFlash
                         0x800'3c8d   0x2a  Code  Gb  user_app_electric.o [1]
Write_Status_Relay_ExFlash
                         0x800'1175   0x5a  Code  Gb  user_app_relay.o [1]
__NVIC_SetPriority       0x800'2dc1   0x1a  Code  Lc  stm32f4xx_hal_cortex.o [1]
__aeabi_ldiv0            0x800'2ec5         Code  Gb  I64DivZer.o [4]
__aeabi_memclr4          0x800'0b2d         Code  Gb  ABImemclr4.o [4]
__cmain                  0x800'5185         Code  Gb  cmain.o [4]
__exit                   0x800'51b9   0x14  Code  Gb  exit.o [5]
__iar_Memset4_word       0x800'1e8d         Code  Gb  ABImemset48.o [4]
__iar_Memset8_word       0x800'1e8d         Code  Gb  ABImemset48.o [4]
__iar_data_init3         0x800'50f9   0x28  Code  Gb  data_init.o [4]
__iar_init_vfp           0x800'5121         Code  Gb  fpinit_M.o [3]
__iar_lz77_init_single3
                         0x800'5081   0x78  Code  Gb  lz77_init_single.o [4]
__iar_program_start      0x800'5259         Code  Gb  cstartup_M.o [4]
__iar_small_Memcpy       0x800'2359         Code  Gb  ABImemcpy_small.o [4]
__iar_small_Memset       0x800'1789         Code  Gb  ABImemset_small.o [4]
__iar_small_Memset_word
                         0x800'1789         Code  Gb  ABImemset_small.o [4]
__iar_small_memcpy       0x800'2355         Code  Gb  ABImemcpy_small.o [4]
__iar_small_memcpy4      0x800'2355         Code  Gb  ABImemcpy_small.o [4]
__iar_small_memcpy8      0x800'2355         Code  Gb  ABImemcpy_small.o [4]
__iar_small_memset       0x800'1789         Code  Gb  ABImemset_small.o [4]
__iar_small_strlen       0x800'1e79         Code  Gb  strlen_small.o [4]
__iar_small_uldivmod     0x800'2b25         Code  Gb  I64DivMod_small.o [4]
__iar_zero_init3         0x800'0b33   0x3a  Code  Gb  zero_init3.o [4]
__low_level_init         0x800'51a3    0x4  Code  Gb  low_level_init.o [2]
__vector_table           0x800'0000         Data  Gb  startup_stm32f405xx.o [1]
_call_main               0x800'5191         Code  Gb  cmain.o [4]
_exit                    0x800'51ad         Code  Gb  cexit.o [4]
_fGET_ID_SLAVE           0x800'4ca5   0x18  Code  Gb  user_at_serial.o [1]
_fGET_SERI_DCU           0x800'4b17   0x16  Code  Gb  user_at_serial.o [1]
_fGET_SETUP_TEMP         0x800'4bb5   0x1c  Code  Gb  user_at_serial.o [1]
_fGET_THRESH_TEMP        0x800'4c39   0x1a  Code  Gb  user_at_serial.o [1]
_fRESET_DCU              0x800'4afd   0x1a  Code  Gb  user_at_serial.o [1]
_fSET_ID_SLAVE           0x800'4cbd   0x2a  Code  Gb  user_at_serial.o [1]
_fSET_SERI_DCU           0x800'4b2d   0x7e  Code  Gb  user_at_serial.o [1]
_fSET_SETUP_TEMP         0x800'4bd1   0x46  Code  Gb  user_at_serial.o [1]
_fSET_THRESH_TEMP        0x800'4c79   0x2c  Code  Gb  user_at_serial.o [1]
_main                    0x800'519f         Code  Gb  cmain.o [4]
aBuffer_Ping            0x2000'0960   0x14  Data  Gb  user_app_pc_box.o [1]
aDATA_CONFIG            0x2000'05d4   0x80  Data  Gb  user_at_serial.o [1]
aDCU_ID                 0x2000'0440   0x14  Data  Gb  user_app_pc_box.o [1]
eFlash_S25FL_BufferRead
                         0x800'160b   0x60  Code  Gb  user_external_flash.o [1]
eFlash_S25FL_BufferWrite
                         0x800'15cf   0x34  Code  Gb  user_external_flash.o [1]
eFlash_S25FL_CheckWriteEnable
                         0x800'1529   0x28  Code  Gb  user_external_flash.o [1]
eFlash_S25FL_Enable      0x800'1493   0x16  Code  Gb  user_external_flash.o [1]
eFlash_S25FL_Erase_Sector
                         0x800'14a9   0x4a  Code  Gb  user_external_flash.o [1]
eFlash_S25FL_PageWrite   0x800'156b   0x5c  Code  Gb  user_external_flash.o [1]
eFlash_S25FL_WaitForWriteEnd
                         0x800'14f9   0x2a  Code  Gb  user_external_flash.o [1]
exit                     0x800'51a7    0x4  Code  Gb  exit.o [2]
fevent_active            0x800'0afd   0x10  Code  Gb  event_driven.o [1]
fevent_at_debug_complete_receive
                         0x800'4325   0x26  Code  Lc  user_app_at_debug.o [1]
fevent_at_debug_entry    0x800'42f9    0x4  Code  Lc  user_app_at_debug.o [1]
fevent_at_debug_receive_handle
                         0x800'42fd   0x28  Code  Lc  user_app_at_debug.o [1]
fevent_at_debug_receive_handle::countBuffer_uart
                        0x2000'0040    0x2  Data  Lc  user_app_at_debug.o [1]
fevent_control_led_pcbox
                         0x800'105b   0x3e  Code  Lc  user_app_relay.o [1]
fevent_control_led_slave
                         0x800'1099   0x26  Code  Lc  user_app_relay.o [1]
fevent_control_led_status
                         0x800'1027   0x34  Code  Lc  user_app_relay.o [1]
fevent_control_motor_push
                         0x800'43b5   0x32  Code  Lc  user_app_ctrl_motor.o [1]
fevent_disable           0x800'0b21    0xc  Code  Gb  event_driven.o [1]
fevent_door_ctrl_respond
                         0x800'46e9   0x50  Code  Lc  user_app_door_sensor.o [1]
fevent_door_ctrl_respond::status
                        0x2000'098d    0x1  Data  Lc  user_app_door_sensor.o [1]
fevent_door_ctrl_respond::status_before
                        0x2000'098c    0x1  Data  Lc  user_app_door_sensor.o [1]
fevent_door_entry        0x800'4699    0xe  Code  Lc  user_app_door_sensor.o [1]
fevent_door_respond_pc_box
                         0x800'4739   0x38  Code  Lc  user_app_door_sensor.o [1]
fevent_door_sensor       0x800'46a7   0x42  Code  Lc  user_app_door_sensor.o [1]
fevent_electric_entry    0x800'3ae9   0x10  Code  Lc  user_app_electric.o [1]
fevent_electric_handle_485
                         0x800'3bbb   0x1e  Code  Lc  user_app_electric.o [1]
fevent_electric_off_power
                         0x800'3bd9   0x56  Code  Lc  user_app_electric.o [1]
fevent_electric_pgood    0x800'3af9   0x46  Code  Lc  user_app_electric.o [1]
fevent_electric_pgood::count_handle
                        0x2000'0194    0x1  Data  Lc  user_app_electric.o [1]
fevent_electric_pgood::status_before
                        0x2000'0195    0x1  Data  Lc  user_app_electric.o [1]
fevent_electric_receive_485
                         0x800'3b91   0x2a  Code  Lc  user_app_electric.o [1]
fevent_electric_receive_485::countBuffer_uart
                        0x2000'098e    0x2  Data  Lc  user_app_electric.o [1]
fevent_electric_send_meter
                         0x800'3c37   0x10  Code  Lc  user_app_electric.o [1]
fevent_electric_transmit_485
                         0x800'3b3f   0x52  Code  Lc  user_app_electric.o [1]
fevent_enable            0x800'0b0d   0x14  Code  Gb  event_driven.o [1]
fevent_input_motor_push
                         0x800'43e7   0x44  Code  Lc  user_app_ctrl_motor.o [1]
fevent_motor_entry       0x800'4395   0x20  Code  Lc  user_app_ctrl_motor.o [1]
fevent_motor_push_off_error
                         0x800'442b   0x16  Code  Lc  user_app_ctrl_motor.o [1]
fevent_pcbox_complete_receive
                         0x800'0271  0x2b0  Code  Lc  user_app_pc_box.o [1]
fevent_pcbox_entry       0x800'0189   0x6e  Code  Lc  user_app_pc_box.o [1]
fevent_pcbox_get_dcu_ID
                         0x800'0617   0x50  Code  Lc  user_app_pc_box.o [1]
fevent_pcbox_log_tsvh    0x800'0529   0x32  Code  Lc  user_app_pc_box.o [1]
fevent_pcbox_ping        0x800'055b   0x40  Code  Lc  user_app_pc_box.o [1]
fevent_pcbox_receive_handle
                         0x800'0239   0x38  Code  Lc  user_app_pc_box.o [1]
fevent_pcbox_receive_handle::countBuffer_uart
                        0x2000'0998    0x2  Data  Lc  user_app_pc_box.o [1]
fevent_pcbox_set_dcu_ID
                         0x800'059b   0x7c  Code  Lc  user_app_pc_box.o [1]
fevent_queue_respond_immediately
                         0x800'06d7   0x32  Code  Lc  user_app_pc_box.o [1]
fevent_queue_respond_time
                         0x800'0711   0x3c  Code  Lc  user_app_pc_box.o [1]
fevent_refresh_dcu       0x800'074d   0x52  Code  Lc  user_app_pc_box.o [1]
fevent_relay_entry       0x800'1005   0x22  Code  Lc  user_app_relay.o [1]
fevent_reset_dcu         0x800'0675   0x62  Code  Lc  user_app_pc_box.o [1]
fevent_respond_pcbox     0x800'4441   0xa6  Code  Lc  user_app_ctrl_motor.o [1]
fevent_temp_calculator   0x800'3f01  0x100  Code  Lc  user_app_temperature.o [1]
fevent_temp_ctrl_fridge
                         0x800'404b   0x64  Code  Lc  user_app_temperature.o [1]
fevent_temp_entry        0x800'3e6d   0x40  Code  Lc  user_app_temperature.o [1]
fevent_temp_entry::once
                        0x2000'0554    0x1  Data  Lc  user_app_temperature.o [1]
fevent_temp_get_adc      0x800'3ead   0x54  Code  Lc  user_app_temperature.o [1]
fevent_temp_get_adc::count
                        0x2000'0555    0x1  Data  Lc  user_app_temperature.o [1]
fevent_temp_off_fridge_frozen
                         0x800'40bd   0x18  Code  Lc  user_app_temperature.o [1]
fevent_temp_read_setuptemp
                         0x800'4017   0x34  Code  Lc  user_app_temperature.o [1]
fevent_temp_set_setuptemp
                         0x800'4001   0x16  Code  Lc  user_app_temperature.o [1]
fevent_temp_time_get     0x800'40af    0xe  Code  Lc  user_app_temperature.o [1]
fevent_vib_led_warning   0x800'4939   0x78  Code  Lc  user_app_vib_sensor.o [1]
fevent_vib_led_warning::Count_Morse
                        0x2000'099b    0x1  Data  Lc  user_app_vib_sensor.o [1]
fevent_vib_led_warning::Count_Toggle
                        0x2000'099a    0x1  Data  Lc  user_app_vib_sensor.o [1]
fevent_vib_off_alarm     0x800'4927   0x12  Code  Lc  user_app_vib_sensor.o [1]
fevent_vib_sensor        0x800'4889   0x94  Code  Lc  user_app_vib_sensor.o [1]
fevent_vib_sensor::GetTickLevelAlarm
                        0x2000'05b0    0x4  Data  Lc  user_app_vib_sensor.o [1]
fevent_wdg_stm32f4       0x800'0209   0x30  Code  Lc  user_app_pc_box.o [1]
hadc1                   0x2000'07d4   0x48  Data  Gb  adc.o [1]
hdma_adc1               0x2000'071c   0x60  Data  Gb  adc.o [1]
hspi2                   0x2000'077c   0x58  Data  Gb  spi.o [1]
huart2                  0x2000'0860   0x44  Data  Gb  usart.o [1]
huart3                  0x2000'08a4   0x44  Data  Gb  usart.o [1]
huart4                  0x2000'081c   0x44  Data  Gb  usart.o [1]
huart6                  0x2000'08e8   0x44  Data  Gb  usart.o [1]
main                     0x800'2ce1   0x30  Code  Gb  main.o [1]
memset                   0x800'1f11   0x14  Code  Gb  memset.o [4]
qGet_Number_Items        0x800'1777    0x4  Code  Gb  queue_p.o [1]
qQueue_Create            0x800'16b5   0x22  Code  Gb  queue_p.o [1]
qQueue_Receive           0x800'1735   0x42  Code  Gb  queue_p.o [1]
qQueue_Send              0x800'16d7   0x5e  Code  Gb  queue_p.o [1]
qRespondPcBox           0x2000'0418   0x18  Data  Gb  user_app_pc_box.o [1]
sBuffer_Ping            0x2000'0430    0x8  Data  Gb  user_app_pc_box.o [1]
sDCU_ID                 0x2000'0438    0x8  Data  Gb  user_app_pc_box.o [1]
sElectric               0x2000'0188    0xc  Data  Gb  user_app_electric.o [1]
sEventAppAtDebug        0x2000'0010   0x30  Data  Gb  user_app_at_debug.o [1]
sEventAppDoorSensor     0x2000'00d8   0x40  Data  Gb  user_app_door_sensor.o [1]
sEventAppElectric       0x2000'0118   0x70  Data  Gb  user_app_electric.o [1]
sEventAppMotor          0x2000'0044   0x50  Data  Gb  user_app_ctrl_motor.o [1]
sEventAppPcBox          0x2000'01b4   0xc0  Data  Gb  user_app_pc_box.o [1]
sEventAppRelay          0x2000'0454   0x40  Data  Gb  user_app_relay.o [1]
sEventAppTemperature    0x2000'04cc   0x80  Data  Gb  user_app_temperature.o [1]
sEventAppVibSensor      0x2000'0580   0x30  Data  Gb  user_app_vib_sensor.o [1]
sInforPush              0x2000'097c    0x4  Data  Gb  user_app_ctrl_motor.o [1]
sPushMotor              0x2000'0974    0x8  Data  Gb  user_app_ctrl_motor.o [1]
sQueueReadData          0x2000'0198   0x18  Data  Gb  user_app_pc_box.o [1]
sQueueRespondPcBox      0x2000'0274  0x1a4  Data  Gb  user_app_pc_box.o [1]
sStatusApp              0x2000'01b0    0x4  Data  Gb  user_app_pc_box.o [1]
sStatusDoor             0x2000'0988    0x4  Data  Gb  user_app_door_sensor.o [1]
sStatusRelay            0x2000'0980    0x8  Data  Gb  user_app_relay.o [1]
sStatusVib              0x2000'0570   0x10  Data  Gb  user_app_vib_sensor.o [1]
sTemp_Crtl_Fridge       0x2000'054c    0x4  Data  Gb  user_app_temperature.o [1]
sTemp_Thresh_Recv       0x2000'0990    0x4  Data  Gb  user_app_temperature.o [1]
sTemperature            0x2000'0550    0x4  Data  Gb  user_app_temperature.o [1]
sUart485                0x2000'05c0    0x8  Data  Gb  user_uart.o [1]
sUartDebug              0x2000'05b8    0x8  Data  Gb  user_uart.o [1]
sUartPcBox              0x2000'05c8    0x8  Data  Gb  user_uart.o [1]
uwTick                  0x2000'0004    0x4  Data  Gb  stm32f4xx_hal.o [1]
uwTickFreq              0x2000'0000    0x1  Data  Gb  stm32f4xx_hal.o [1]
uwTickPrio              0x2000'0008    0x4  Data  Gb  stm32f4xx_hal.o [1]


[1] = D:\Saoviet_Git\Saoviet_Vending_Machine\Saoviet_Maybanhang\EWARM\Saoviet_Maybanhang\Obj
[2] = dl7M_tlf.a
[3] = m7M_tls.a
[4] = rt7M_tl.a
[5] = shb_l.a

  21'048 bytes of readonly  code memory
     803 bytes of readonly  data memory
   3'484 bytes of readwrite data memory

Errors: none
Warnings: none
