###############################################################################
#
# IAR ELF Linker V8.40.2.214/W32 for ARM                  12/Aug/2023  10:18:22
# Copyright 2007-2019 IAR Systems AB.
#
#    Output file  =
#        D:\Project_STM32\Saoviet_Maybanhang_Std\Saoviet_Maybanhang\EWARM\Saoviet_Maybanhang\Exe\Saoviet_Maybanhang.out
#    Map file     =
#        D:\Project_STM32\Saoviet_Maybanhang_Std\Saoviet_Maybanhang\EWARM\Saoviet_Maybanhang\List\Saoviet_Maybanhang.map
#    Command line =
#        -f C:\Users\PC\AppData\Local\Temp\EWCD0.tmp
#        (D:\Project_STM32\Saoviet_Maybanhang_Std\Saoviet_Maybanhang\EWARM\Saoviet_Maybanhang\Obj\adc.o
#        D:\Project_STM32\Saoviet_Maybanhang_Std\Saoviet_Maybanhang\EWARM\Saoviet_Maybanhang\Obj\dma.o
#        D:\Project_STM32\Saoviet_Maybanhang_Std\Saoviet_Maybanhang\EWARM\Saoviet_Maybanhang\Obj\event_driven.o
#        D:\Project_STM32\Saoviet_Maybanhang_Std\Saoviet_Maybanhang\EWARM\Saoviet_Maybanhang\Obj\gpio.o
#        D:\Project_STM32\Saoviet_Maybanhang_Std\Saoviet_Maybanhang\EWARM\Saoviet_Maybanhang\Obj\main.o
#        D:\Project_STM32\Saoviet_Maybanhang_Std\Saoviet_Maybanhang\EWARM\Saoviet_Maybanhang\Obj\onchipflash.o
#        D:\Project_STM32\Saoviet_Maybanhang_Std\Saoviet_Maybanhang\EWARM\Saoviet_Maybanhang\Obj\queue_p.o
#        D:\Project_STM32\Saoviet_Maybanhang_Std\Saoviet_Maybanhang\EWARM\Saoviet_Maybanhang\Obj\S25FL216K.o
#        D:\Project_STM32\Saoviet_Maybanhang_Std\Saoviet_Maybanhang\EWARM\Saoviet_Maybanhang\Obj\spi.o
#        D:\Project_STM32\Saoviet_Maybanhang_Std\Saoviet_Maybanhang\EWARM\Saoviet_Maybanhang\Obj\startup_stm32f405xx.o
#        D:\Project_STM32\Saoviet_Maybanhang_Std\Saoviet_Maybanhang\EWARM\Saoviet_Maybanhang\Obj\stm32f4xx_hal.o
#        D:\Project_STM32\Saoviet_Maybanhang_Std\Saoviet_Maybanhang\EWARM\Saoviet_Maybanhang\Obj\stm32f4xx_hal_adc.o
#        D:\Project_STM32\Saoviet_Maybanhang_Std\Saoviet_Maybanhang\EWARM\Saoviet_Maybanhang\Obj\stm32f4xx_hal_adc_ex.o
#        D:\Project_STM32\Saoviet_Maybanhang_Std\Saoviet_Maybanhang\EWARM\Saoviet_Maybanhang\Obj\stm32f4xx_hal_cortex.o
#        D:\Project_STM32\Saoviet_Maybanhang_Std\Saoviet_Maybanhang\EWARM\Saoviet_Maybanhang\Obj\stm32f4xx_hal_dma.o
#        D:\Project_STM32\Saoviet_Maybanhang_Std\Saoviet_Maybanhang\EWARM\Saoviet_Maybanhang\Obj\stm32f4xx_hal_dma_ex.o
#        D:\Project_STM32\Saoviet_Maybanhang_Std\Saoviet_Maybanhang\EWARM\Saoviet_Maybanhang\Obj\stm32f4xx_hal_exti.o
#        D:\Project_STM32\Saoviet_Maybanhang_Std\Saoviet_Maybanhang\EWARM\Saoviet_Maybanhang\Obj\stm32f4xx_hal_flash.o
#        D:\Project_STM32\Saoviet_Maybanhang_Std\Saoviet_Maybanhang\EWARM\Saoviet_Maybanhang\Obj\stm32f4xx_hal_flash_ex.o
#        D:\Project_STM32\Saoviet_Maybanhang_Std\Saoviet_Maybanhang\EWARM\Saoviet_Maybanhang\Obj\stm32f4xx_hal_flash_ramfunc.o
#        D:\Project_STM32\Saoviet_Maybanhang_Std\Saoviet_Maybanhang\EWARM\Saoviet_Maybanhang\Obj\stm32f4xx_hal_gpio.o
#        D:\Project_STM32\Saoviet_Maybanhang_Std\Saoviet_Maybanhang\EWARM\Saoviet_Maybanhang\Obj\stm32f4xx_hal_msp.o
#        D:\Project_STM32\Saoviet_Maybanhang_Std\Saoviet_Maybanhang\EWARM\Saoviet_Maybanhang\Obj\stm32f4xx_hal_pwr.o
#        D:\Project_STM32\Saoviet_Maybanhang_Std\Saoviet_Maybanhang\EWARM\Saoviet_Maybanhang\Obj\stm32f4xx_hal_pwr_ex.o
#        D:\Project_STM32\Saoviet_Maybanhang_Std\Saoviet_Maybanhang\EWARM\Saoviet_Maybanhang\Obj\stm32f4xx_hal_rcc.o
#        D:\Project_STM32\Saoviet_Maybanhang_Std\Saoviet_Maybanhang\EWARM\Saoviet_Maybanhang\Obj\stm32f4xx_hal_rcc_ex.o
#        D:\Project_STM32\Saoviet_Maybanhang_Std\Saoviet_Maybanhang\EWARM\Saoviet_Maybanhang\Obj\stm32f4xx_hal_spi.o
#        D:\Project_STM32\Saoviet_Maybanhang_Std\Saoviet_Maybanhang\EWARM\Saoviet_Maybanhang\Obj\stm32f4xx_hal_tim.o
#        D:\Project_STM32\Saoviet_Maybanhang_Std\Saoviet_Maybanhang\EWARM\Saoviet_Maybanhang\Obj\stm32f4xx_hal_tim_ex.o
#        D:\Project_STM32\Saoviet_Maybanhang_Std\Saoviet_Maybanhang\EWARM\Saoviet_Maybanhang\Obj\stm32f4xx_hal_uart.o
#        D:\Project_STM32\Saoviet_Maybanhang_Std\Saoviet_Maybanhang\EWARM\Saoviet_Maybanhang\Obj\stm32f4xx_it.o
#        D:\Project_STM32\Saoviet_Maybanhang_Std\Saoviet_Maybanhang\EWARM\Saoviet_Maybanhang\Obj\stm32f4xx_ll_adc.o
#        D:\Project_STM32\Saoviet_Maybanhang_Std\Saoviet_Maybanhang\EWARM\Saoviet_Maybanhang\Obj\system_stm32f4xx.o
#        D:\Project_STM32\Saoviet_Maybanhang_Std\Saoviet_Maybanhang\EWARM\Saoviet_Maybanhang\Obj\usart.o
#        D:\Project_STM32\Saoviet_Maybanhang_Std\Saoviet_Maybanhang\EWARM\Saoviet_Maybanhang\Obj\user_app_comm.o
#        D:\Project_STM32\Saoviet_Maybanhang_Std\Saoviet_Maybanhang\EWARM\Saoviet_Maybanhang\Obj\user_app_ctrl_motor.o
#        D:\Project_STM32\Saoviet_Maybanhang_Std\Saoviet_Maybanhang\EWARM\Saoviet_Maybanhang\Obj\user_app_door_sensor.o
#        D:\Project_STM32\Saoviet_Maybanhang_Std\Saoviet_Maybanhang\EWARM\Saoviet_Maybanhang\Obj\user_app_electric.o
#        D:\Project_STM32\Saoviet_Maybanhang_Std\Saoviet_Maybanhang\EWARM\Saoviet_Maybanhang\Obj\user_app_pc_box.o
#        D:\Project_STM32\Saoviet_Maybanhang_Std\Saoviet_Maybanhang\EWARM\Saoviet_Maybanhang\Obj\user_app_relay.o
#        D:\Project_STM32\Saoviet_Maybanhang_Std\Saoviet_Maybanhang\EWARM\Saoviet_Maybanhang\Obj\user_app_temperature.o
#        D:\Project_STM32\Saoviet_Maybanhang_Std\Saoviet_Maybanhang\EWARM\Saoviet_Maybanhang\Obj\user_app_vib_sensor.o
#        D:\Project_STM32\Saoviet_Maybanhang_Std\Saoviet_Maybanhang\EWARM\Saoviet_Maybanhang\Obj\user_comm_vending_machine.o
#        D:\Project_STM32\Saoviet_Maybanhang_Std\Saoviet_Maybanhang\EWARM\Saoviet_Maybanhang\Obj\user_external_flash.o
#        D:\Project_STM32\Saoviet_Maybanhang_Std\Saoviet_Maybanhang\EWARM\Saoviet_Maybanhang\Obj\user_internal_mem.o
#        D:\Project_STM32\Saoviet_Maybanhang_Std\Saoviet_Maybanhang\EWARM\Saoviet_Maybanhang\Obj\user_irq_input.o
#        D:\Project_STM32\Saoviet_Maybanhang_Std\Saoviet_Maybanhang\EWARM\Saoviet_Maybanhang\Obj\user_modbus_rtu.o
#        D:\Project_STM32\Saoviet_Maybanhang_Std\Saoviet_Maybanhang\EWARM\Saoviet_Maybanhang\Obj\user_uart.o
#        D:\Project_STM32\Saoviet_Maybanhang_Std\Saoviet_Maybanhang\EWARM\Saoviet_Maybanhang\Obj\user_util.o
#        --no_out_extension -o
#        D:\Project_STM32\Saoviet_Maybanhang_Std\Saoviet_Maybanhang\EWARM\Saoviet_Maybanhang\Exe\Saoviet_Maybanhang.out
#        --redirect _Printf=_PrintfFullNoMb --redirect _Scanf=_ScanfFullNoMb
#        --map
#        D:\Project_STM32\Saoviet_Maybanhang_Std\Saoviet_Maybanhang\EWARM\Saoviet_Maybanhang\List\Saoviet_Maybanhang.map
#        --config
#        D:\Project_STM32\Saoviet_Maybanhang_Std\Saoviet_Maybanhang\EWARM/stm32f405xx_flash.icf
#        --semihosting --entry __iar_program_start --vfe --text_out locale)
#
###############################################################################

*******************************************************************************
*** RUNTIME MODEL ATTRIBUTES
***

CppFlavor       = *
__SystemLibrary = DLib
__dlib_version  = 6


*******************************************************************************
*** HEAP SELECTION
***

The basic heap was selected because no calls to memory allocation
functions were found in the application outside of system library
functions, and there are calls to deallocation functions in the
application.


*******************************************************************************
*** PLACEMENT SUMMARY
***

"A0":  place at address 0x800'0000 { ro section .intvec };
"P1":  place in [from 0x800'0000 to 0x80f'ffff] { ro };
define block CSTACK with size = 1K, alignment = 8 { };
define block HEAP with size = 512, alignment = 8 { };
"P2":  place in [from 0x2000'0000 to 0x2001'ffff] {
          rw, block CSTACK, block HEAP };
initialize by copy { rw };

  Section            Kind         Address    Size  Object
  -------            ----         -------    ----  ------
"A0":                                       0x188
  .intvec            ro code   0x800'0000   0x188  startup_stm32f405xx.o [1]
                             - 0x800'0188   0x188

"P1":                                      0x43d1
  .text              ro code   0x800'0188   0x6dc  stm32f4xx_hal_uart.o [1]
  .text              ro code   0x800'0864   0x204  usart.o [1]
  .text              ro code   0x800'0a68     0xc  stm32f4xx_hal.o [1]
  .text              ro code   0x800'0a74   0x3fc  stm32f4xx_hal_dma.o [1]
  .text              ro code   0x800'0e70     0x2  stm32f4xx_hal_uart.o [1]
  .text              ro code   0x800'0e72     0x2  stm32f4xx_hal_uart.o [1]
  .text              ro code   0x800'0e74     0x2  stm32f4xx_hal_uart.o [1]
  .text              ro code   0x800'0e76    0x3a  zero_init3.o [4]
  .text              ro code   0x800'0eb0    0xcc  user_uart.o [1]
  .text              ro code   0x800'0f7c   0x1ac  stm32f4xx_hal_rcc.o [1]
  .text              ro code   0x800'1128   0x106  I64DivMod_small.o [4]
  .text              ro code   0x800'1230   0x138  main.o [1]
  .text              ro code   0x800'1368    0x14  memset.o [4]
  .text              ro code   0x800'137c    0xc4  stm32f4xx_hal_cortex.o [1]
  .text              ro code   0x800'1440   0x214  stm32f4xx_hal_gpio.o [1]
  .text              ro code   0x800'1654    0x40  stm32f4xx_hal.o [1]
  .text              ro code   0x800'1694     0x2  I64DivZer.o [4]
  .text              ro code   0x800'1698    0x34  stm32f4xx_hal.o [1]
  .text              ro code   0x800'16cc   0x21c  gpio.o [1]
  .text              ro code   0x800'18e8    0x34  dma.o [1]
  .text              ro code   0x800'191c   0x138  adc.o [1]
  .text              ro code   0x800'1a54    0xb4  spi.o [1]
  .text              ro code   0x800'1b08    0x18  ABImemcpy_small.o [4]
  .text              ro code   0x800'1b20    0xc6  queue_p.o [1]
  .text              ro code   0x800'1be8    0x68  user_app_comm.o [1]
  .text              ro code   0x800'1c50   0x31c  stm32f4xx_hal_rcc.o [1]
  .text              ro code   0x800'1f6c    0x12  ABImemset_small.o [4]
  .text              ro code   0x800'1f80    0x50  user_irq_input.o [1]
  .text              ro code   0x800'1fd0    0x38  stm32f4xx_hal_msp.o [1]
  .text              ro code   0x800'2008   0x492  stm32f4xx_hal_adc.o [1]
  .text              ro code   0x800'249c   0x3f0  stm32f4xx_hal_spi.o [1]
  .text              ro code   0x800'288c   0x5a0  user_app_pc_box.o [1]
  .text              ro code   0x800'2e2c   0x398  user_app_temperature.o [1]
  .text              ro code   0x800'31c4    0x28  stm32f4xx_hal.o [1]
  .text              ro code   0x800'31ec   0x2e4  user_app_ctrl_motor.o [1]
  .text              ro code   0x800'34d0   0x1e0  user_app_door_sensor.o [1]
  .text              ro code   0x800'36b0    0xfc  user_app_electric.o [1]
  .text              ro code   0x800'37ac   0x288  user_app_relay.o [1]
  .text              ro code   0x800'3a34   0x168  user_app_vib_sensor.o [1]
  .text              ro code   0x800'3b9c     0x2  stm32f4xx_hal_adc.o [1]
  .text              ro code   0x800'3b9e     0x2  stm32f4xx_hal_adc.o [1]
  .text              ro code   0x800'3ba0     0x2  stm32f4xx_hal_adc.o [1]
  .text              ro code   0x800'3ba2    0x30  event_driven.o [1]
  .text              ro code   0x800'3bd4   0x184  user_comm_vending_machine.o [1]
  .text              ro code   0x800'3d58    0xb4  user_util.o [1]
  .text              ro code   0x800'3e0c     0x6  ABImemclr4.o [4]
  .text              ro code   0x800'3e14   0x228  user_external_flash.o [1]
  .text              ro code   0x800'403c    0x14  strlen_small.o [4]
  .text              ro code   0x800'4050    0x32  ABImemset48.o [4]
  .text              ro code   0x800'4084    0x40  S25FL216K.o [1]
  .text              ro code   0x800'40c4    0x7c  stm32f4xx_it.o [1]
  .text              ro code   0x800'4140    0x10  stm32f4xx_hal.o [1]
  .text              ro code   0x800'4150    0x78  lz77_init_single.o [4]
  .text              ro code   0x800'41c8    0x28  data_init.o [4]
  .text              ro code   0x800'41f0    0x22  fpinit_M.o [3]
  .iar.init_table    const     0x800'4214    0x20  - Linker created -
  .text              ro code   0x800'4234    0x20  system_stm32f4xx.o [1]
  .text              ro code   0x800'4254    0x1e  cmain.o [4]
  .text              ro code   0x800'4272     0x4  low_level_init.o [2]
  .text              ro code   0x800'4276     0x4  exit.o [2]
  .text              ro code   0x800'427c     0xa  cexit.o [4]
  .text              ro code   0x800'4288    0x14  exit.o [5]
  .text              ro code   0x800'429c    0x10  startup_stm32f405xx.o [1]
  .text              ro code   0x800'42ac     0xc  cstartup_M.o [4]
  .rodata            const     0x800'42b8     0x8  system_stm32f4xx.o [1]
  .text              ro code   0x800'42c0     0x4  startup_stm32f405xx.o [1]
  .text              ro code   0x800'42c4     0x4  startup_stm32f405xx.o [1]
  .text              ro code   0x800'42c8     0x4  startup_stm32f405xx.o [1]
  .text              ro code   0x800'42cc     0x4  startup_stm32f405xx.o [1]
  .text              ro code   0x800'42d0     0x4  startup_stm32f405xx.o [1]
  .text              ro code   0x800'42d4     0x4  startup_stm32f405xx.o [1]
  .text              ro code   0x800'42d8     0x4  startup_stm32f405xx.o [1]
  .text              ro code   0x800'42dc     0x4  startup_stm32f405xx.o [1]
  .text              ro code   0x800'42e0     0x4  startup_stm32f405xx.o [1]
  .text              ro code   0x800'42e4     0x4  startup_stm32f405xx.o [1]
  .text              ro code   0x800'42e8     0x4  startup_stm32f405xx.o [1]
  .text              ro code   0x800'42ec     0x4  startup_stm32f405xx.o [1]
  .text              ro code   0x800'42f0     0x4  startup_stm32f405xx.o [1]
  .text              ro code   0x800'42f4     0x4  startup_stm32f405xx.o [1]
  .text              ro code   0x800'42f8     0x4  startup_stm32f405xx.o [1]
  .text              ro code   0x800'42fc     0x4  startup_stm32f405xx.o [1]
  .text              ro code   0x800'4300     0x4  startup_stm32f405xx.o [1]
  .text              ro code   0x800'4304     0x4  startup_stm32f405xx.o [1]
  .text              ro code   0x800'4308     0x4  startup_stm32f405xx.o [1]
  .text              ro code   0x800'430c     0x4  startup_stm32f405xx.o [1]
  .text              ro code   0x800'4310     0x4  startup_stm32f405xx.o [1]
  .text              ro code   0x800'4314     0x4  startup_stm32f405xx.o [1]
  .text              ro code   0x800'4318     0x4  startup_stm32f405xx.o [1]
  .text              ro code   0x800'431c     0x4  startup_stm32f405xx.o [1]
  .text              ro code   0x800'4320     0x4  startup_stm32f405xx.o [1]
  .text              ro code   0x800'4324     0x4  startup_stm32f405xx.o [1]
  .text              ro code   0x800'4328     0x4  startup_stm32f405xx.o [1]
  .text              ro code   0x800'432c     0x4  startup_stm32f405xx.o [1]
  .text              ro code   0x800'4330     0x4  startup_stm32f405xx.o [1]
  .text              ro code   0x800'4334     0x4  startup_stm32f405xx.o [1]
  .text              ro code   0x800'4338     0x4  startup_stm32f405xx.o [1]
  .text              ro code   0x800'433c     0x4  startup_stm32f405xx.o [1]
  .text              ro code   0x800'4340     0x4  startup_stm32f405xx.o [1]
  .text              ro code   0x800'4344     0x4  startup_stm32f405xx.o [1]
  .text              ro code   0x800'4348     0x4  startup_stm32f405xx.o [1]
  .text              ro code   0x800'434c     0x4  startup_stm32f405xx.o [1]
  .text              ro code   0x800'4350     0x4  startup_stm32f405xx.o [1]
  .text              ro code   0x800'4354     0x4  startup_stm32f405xx.o [1]
  .text              ro code   0x800'4358     0x4  startup_stm32f405xx.o [1]
  .text              ro code   0x800'435c     0x4  startup_stm32f405xx.o [1]
  .text              ro code   0x800'4360     0x4  startup_stm32f405xx.o [1]
  .text              ro code   0x800'4364     0x4  startup_stm32f405xx.o [1]
  .text              ro code   0x800'4368     0x4  startup_stm32f405xx.o [1]
  .text              ro code   0x800'436c     0x4  startup_stm32f405xx.o [1]
  .text              ro code   0x800'4370     0x4  startup_stm32f405xx.o [1]
  .text              ro code   0x800'4374     0x4  startup_stm32f405xx.o [1]
  .text              ro code   0x800'4378     0x4  startup_stm32f405xx.o [1]
  .text              ro code   0x800'437c     0x4  startup_stm32f405xx.o [1]
  .text              ro code   0x800'4380     0x4  startup_stm32f405xx.o [1]
  .text              ro code   0x800'4384     0x4  startup_stm32f405xx.o [1]
  .text              ro code   0x800'4388     0x4  startup_stm32f405xx.o [1]
  .text              ro code   0x800'438c     0x4  startup_stm32f405xx.o [1]
  .text              ro code   0x800'4390     0x4  startup_stm32f405xx.o [1]
  .text              ro code   0x800'4394     0x4  startup_stm32f405xx.o [1]
  .text              ro code   0x800'4398     0x4  startup_stm32f405xx.o [1]
  .text              ro code   0x800'439c     0x4  startup_stm32f405xx.o [1]
  .text              ro code   0x800'43a0     0x4  startup_stm32f405xx.o [1]
  .text              ro code   0x800'43a4     0x4  startup_stm32f405xx.o [1]
  .text              ro code   0x800'43a8     0x4  startup_stm32f405xx.o [1]
  .text              ro code   0x800'43ac     0x4  startup_stm32f405xx.o [1]
  .text              ro code   0x800'43b0     0x4  startup_stm32f405xx.o [1]
  .text              ro code   0x800'43b4     0x4  startup_stm32f405xx.o [1]
  .text              ro code   0x800'43b8     0x4  startup_stm32f405xx.o [1]
  .text              ro code   0x800'43bc     0x4  startup_stm32f405xx.o [1]
  .text              ro code   0x800'43c0     0x4  startup_stm32f405xx.o [1]
  .text              ro code   0x800'43c4     0x4  startup_stm32f405xx.o [1]
  .text              ro code   0x800'43c8     0x4  startup_stm32f405xx.o [1]
  .text              ro code   0x800'43cc     0x4  startup_stm32f405xx.o [1]
  .text              ro code   0x800'43d0     0x4  startup_stm32f405xx.o [1]
  .rodata            const     0x800'43d4     0x0  zero_init3.o [4]
  .rodata            const     0x800'43d4     0x0  lz77_init_single.o [4]
  Initializer bytes  const     0x800'43d4   0x185  <for P2-1>
                             - 0x800'4559  0x43d1

"P2", part 1 of 3:                          0x389
  P2-1                        0x2000'0000   0x389  <Init block>
    .data            inited   0x2000'0000     0xc  stm32f4xx_hal.o [1]
    .data            inited   0x2000'000c     0x4  system_stm32f4xx.o [1]
    .data            inited   0x2000'0010    0x50  user_app_ctrl_motor.o [1]
    .data            inited   0x2000'0060    0x44  user_app_ctrl_motor.o [1]
    .data            inited   0x2000'00a4    0x40  user_app_door_sensor.o [1]
    .data            inited   0x2000'00e4    0x50  user_app_electric.o [1]
    .data            inited   0x2000'0134     0x4  user_app_electric.o [1]
    .data            inited   0x2000'0138    0x90  user_app_pc_box.o [1]
    .data            inited   0x2000'01c8    0x10  user_app_pc_box.o [1]
    .data            inited   0x2000'01d8    0x14  user_app_pc_box.o [1]
    .data            inited   0x2000'01ec    0x80  user_app_relay.o [1]
    .data            inited   0x2000'026c    0x2c  user_app_relay.o [1]
    .data            inited   0x2000'0298    0x80  user_app_temperature.o [1]
    .data            inited   0x2000'0318    0x24  user_app_temperature.o [1]
    .data            inited   0x2000'033c    0x30  user_app_vib_sensor.o [1]
    .data            inited   0x2000'036c    0x1d  user_uart.o [1]
                            - 0x2000'0389   0x389

"P2", part 2 of 3:                          0x3e0
  .bss               zero     0x2000'038c    0x88  main.o [1]
  .bss               zero     0x2000'0414    0x64  user_uart.o [1]
  .bss               zero     0x2000'0478    0x64  user_uart.o [1]
  .bss               zero     0x2000'04dc    0x60  adc.o [1]
  .bss               zero     0x2000'053c    0x58  spi.o [1]
  .bss               zero     0x2000'0594    0x48  adc.o [1]
  .bss               zero     0x2000'05dc    0x44  usart.o [1]
  .bss               zero     0x2000'0620    0x44  usart.o [1]
  .bss               zero     0x2000'0664    0x44  usart.o [1]
  .bss               zero     0x2000'06a8    0x44  usart.o [1]
  .bss               zero     0x2000'06ec    0x34  user_uart.o [1]
  .bss               zero     0x2000'0720    0x14  user_app_pc_box.o [1]
  .bss               zero     0x2000'0734    0x10  user_app_vib_sensor.o [1]
  .bss               zero     0x2000'0744     0xc  user_app_ctrl_motor.o [1]
  .bss               zero     0x2000'0750     0x8  user_app_relay.o [1]
  .bss               zero     0x2000'0758     0x6  user_app_door_sensor.o [1]
  .bss               zero     0x2000'075e     0x2  user_app_electric.o [1]
  .bss               zero     0x2000'0760     0x4  user_util.o [1]
  .bss               zero     0x2000'0764     0x3  user_app_electric.o [1]
  .bss               zero     0x2000'0767     0x1  user_app_comm.o [1]
  .bss               zero     0x2000'0768     0x2  user_app_pc_box.o [1]
                            - 0x2000'076a   0x3de

"P2", part 3 of 3:                          0x400
  CSTACK                      0x2000'0770   0x400  <Block>
    CSTACK           uninit   0x2000'0770   0x400  <Block tail>
                            - 0x2000'0b70   0x400

Unused ranges:

         From           To      Size
         ----           --      ----
   0x800'4559   0x80f'ffff  0xf'baa7
  0x2000'0389  0x2000'038b       0x3
  0x2000'076c  0x2000'076f       0x4
  0x2000'0b70  0x2001'ffff  0x1'f490


*******************************************************************************
*** INIT TABLE
***

          Address      Size
          -------      ----
Zero (__iar_zero_init3)
    1 destination range, total size 0x3de:
          0x2000'038c  0x3de

Copy/lz77 (__iar_lz77_init_single3)
    1 source range, total size 0x185 (42% of destination):
           0x800'43d4  0x185
    1 destination range, total size 0x389:
          0x2000'0000  0x389



*******************************************************************************
*** MODULE SUMMARY
***

    Module                       ro code  ro data  rw data
    ------                       -------  -------  -------
command line/config:
    ------------------------------------------------------
    Total:

D:\Project_STM32\Saoviet_Maybanhang_Std\Saoviet_Maybanhang\EWARM\Saoviet_Maybanhang\Obj: [1]
    S25FL216K.o                       64
    adc.o                            312               168
    dma.o                             52
    event_driven.o                    48
    gpio.o                           540
    main.o                           312               136
    queue_p.o                        198
    spi.o                            180                88
    startup_stm32f405xx.o            684
    stm32f4xx_hal.o                  184        5       12
    stm32f4xx_hal_adc.o            1'176
    stm32f4xx_hal_cortex.o           196
    stm32f4xx_hal_dma.o            1'020
    stm32f4xx_hal_gpio.o             532
    stm32f4xx_hal_msp.o               56
    stm32f4xx_hal_rcc.o            1'224
    stm32f4xx_hal_spi.o            1'008
    stm32f4xx_hal_uart.o           1'762
    stm32f4xx_it.o                   124
    system_stm32f4xx.o                32        9        4
    usart.o                          516               272
    user_app_comm.o                  104                 1
    user_app_ctrl_motor.o            740       64      160
    user_app_door_sensor.o           480       28       70
    user_app_electric.o              252       36       89
    user_app_pc_box.o              1'440       77      202
    user_app_relay.o                 648       74      180
    user_app_temperature.o           920       70      164
    user_app_vib_sensor.o            360       21       64
    user_comm_vending_machine.o      388
    user_external_flash.o            552
    user_irq_input.o                  80
    user_uart.o                      204       13      281
    user_util.o                      180                 4
    ------------------------------------------------------
    Total:                        16'568      397    1'895

dl7M_tlf.a: [2]
    exit.o                             4
    low_level_init.o                   4
    ------------------------------------------------------
    Total:                             8

m7M_tls.a: [3]
    fpinit_M.o                        34
    ------------------------------------------------------
    Total:                            34

rt7M_tl.a: [4]
    ABImemclr4.o                       6
    ABImemcpy_small.o                 24
    ABImemset48.o                     50
    ABImemset_small.o                 18
    I64DivMod_small.o                262
    I64DivZer.o                        2
    cexit.o                           10
    cmain.o                           30
    cstartup_M.o                      12
    data_init.o                       40
    lz77_init_single.o               120
    memset.o                          20
    strlen_small.o                    20
    zero_init3.o                      58
    ------------------------------------------------------
    Total:                           672

shb_l.a: [5]
    exit.o                            20
    ------------------------------------------------------
    Total:                            20

    Gaps                              20        2
    Linker created                             32    1'024
----------------------------------------------------------
    Grand Total:                  17'322      431    2'919


*******************************************************************************
*** ENTRY LIST
***

Entry                       Address   Size  Type      Object
-----                       -------   ----  ----      ------
.iar.init_table$$Base    0x800'4214          --   Gb  - Linker created -
.iar.init_table$$Limit   0x800'4234          --   Gb  - Linker created -
?main                    0x800'4255         Code  Gb  cmain.o [4]
ADC_Avg                 0x2000'0330    0xc  Data  Gb  user_app_temperature.o [1]
ADC_DMAConvCplt          0x800'2419   0x66  Code  Lc  stm32f4xx_hal_adc.o [1]
ADC_DMAError             0x800'2489   0x12  Code  Lc  stm32f4xx_hal_adc.o [1]
ADC_DMAHalfConvCplt      0x800'2481    0x6  Code  Lc  stm32f4xx_hal_adc.o [1]
ADC_Init                 0x800'314b    0xa  Code  Gb  user_app_temperature.o [1]
ADC_Temp                0x2000'0324    0xc  Data  Gb  user_app_temperature.o [1]
AHBPrescTable            0x800'4244   0x10  Data  Gb  system_stm32f4xx.o [1]
APBPrescTable            0x800'42b8    0x8  Data  Gb  system_stm32f4xx.o [1]
AppDoorSensor_Debug      0x800'35d5   0x4e  Code  Gb  user_app_door_sensor.o [1]
AppDoorSensor_Task       0x800'3629   0x40  Code  Gb  user_app_door_sensor.o [1]
AppElectric_Task         0x800'3755   0x40  Code  Gb  user_app_electric.o [1]
AppMotor_Debug           0x800'33ad   0x6a  Code  Gb  user_app_ctrl_motor.o [1]
AppMotor_Task            0x800'342d   0x40  Code  Gb  user_app_ctrl_motor.o [1]
AppPcBox_Debug           0x800'2d31   0x54  Code  Gb  user_app_pc_box.o [1]
AppPcBox_Task            0x800'2d85   0x40  Code  Gb  user_app_pc_box.o [1]
AppRelay_Debug           0x800'38c9   0x72  Code  Gb  user_app_relay.o [1]
AppRelay_Task            0x800'395b   0x40  Code  Gb  user_app_relay.o [1]
AppTemperature_Debug     0x800'30b1   0x5a  Code  Gb  user_app_temperature.o [1]
AppTemperature_Task      0x800'310b   0x40  Code  Gb  user_app_temperature.o [1]
AppVibSensor_Debug       0x800'3b01   0x2e  Code  Gb  user_app_vib_sensor.o [1]
AppVibSensor_Task        0x800'3b2f   0x40  Code  Gb  user_app_vib_sensor.o [1]
BusFault_Handler         0x800'40cb    0x2  Code  Gb  stm32f4xx_it.o [1]
CSTACK$$Base            0x2000'0770          --   Gb  - Linker created -
CSTACK$$Limit           0x2000'0b70          --   Gb  - Linker created -
Cal_Time                 0x800'3d71   0x12  Code  Gb  user_util.o [1]
Calculator_Crc_U16       0x800'3bd5   0x32  Code  Gb  user_comm_vending_machine.o [1]
Calculator_Scale         0x800'3c55   0x18  Code  Gb  user_comm_vending_machine.o [1]
Check_Time_Out           0x800'3d59   0x18  Code  Gb  user_util.o [1]
Convert_Hex_To_String_Hex
                         0x800'3d83   0x44  Code  Gb  user_util.o [1]
Convert_Int_To_String    0x800'3c6d   0x4a  Code  Gb  user_comm_vending_machine.o [1]
Convert_Int_To_String_Scale
                         0x800'3cb7   0x76  Code  Gb  user_comm_vending_machine.o [1]
DMA2_Stream0_IRQHandler
                         0x800'411d    0x6  Code  Gb  stm32f4xx_it.o [1]
DMA_CalcBaseAndBitshift
                         0x800'0e41   0x26  Code  Lc  stm32f4xx_hal_dma.o [1]
DMA_CalcBaseAndBitshift::flagBitshiftOffset
                         0x800'0e68    0x8  Data  Lc  stm32f4xx_hal_dma.o [1]
DMA_SetConfig            0x800'0e21   0x20  Code  Lc  stm32f4xx_hal_dma.o [1]
DebugMon_Handler         0x800'40d1    0x2  Code  Gb  stm32f4xx_it.o [1]
EXTI15_10_IRQHandler     0x800'4101   0x16  Code  Gb  stm32f4xx_it.o [1]
EXTI1_IRQHandler         0x800'40e1    0x6  Code  Gb  stm32f4xx_it.o [1]
EXTI4_IRQHandler         0x800'40e7    0x6  Code  Gb  stm32f4xx_it.o [1]
EXTI9_5_IRQHandler       0x800'40ed    0x8  Code  Gb  stm32f4xx_it.o [1]
Error_Handler            0x800'134d    0x4  Code  Gb  main.o [1]
HAL_ADC_ConfigChannel    0x800'22bf  0x10e  Code  Gb  stm32f4xx_hal_adc.o [1]
HAL_ADC_Init             0x800'2009  0x154  Code  Gb  stm32f4xx_hal_adc.o [1]
HAL_ADC_MspInit          0x800'19a5   0x92  Code  Gb  adc.o [1]
HAL_ADC_Start_DMA        0x800'218f  0x130  Code  Gb  stm32f4xx_hal_adc.o [1]
HAL_DMA_Abort            0x800'0bc5   0x78  Code  Gb  stm32f4xx_hal_dma.o [1]
HAL_DMA_Abort_IT         0x800'0c3d   0x24  Code  Gb  stm32f4xx_hal_dma.o [1]
HAL_DMA_IRQHandler       0x800'0c61  0x188  Code  Gb  stm32f4xx_hal_dma.o [1]
HAL_DMA_Init             0x800'0a75   0xee  Code  Gb  stm32f4xx_hal_dma.o [1]
HAL_DMA_Start_IT         0x800'0b63   0x62  Code  Gb  stm32f4xx_hal_dma.o [1]
HAL_Delay                0x800'31c5   0x28  Code  Wk  stm32f4xx_hal.o [1]
HAL_GPIO_EXTI_Callback   0x800'1f81   0x50  Code  Gb  user_irq_input.o [1]
HAL_GPIO_EXTI_IRQHandler
                         0x800'1615   0x10  Code  Gb  stm32f4xx_hal_gpio.o [1]
HAL_GPIO_Init            0x800'1441  0x1c0  Code  Gb  stm32f4xx_hal_gpio.o [1]
HAL_GPIO_ReadPin         0x800'1601    0xc  Code  Gb  stm32f4xx_hal_gpio.o [1]
HAL_GPIO_WritePin        0x800'160d    0x8  Code  Gb  stm32f4xx_hal_gpio.o [1]
HAL_GetTick              0x800'0a69    0xc  Code  Wk  stm32f4xx_hal.o [1]
HAL_IncTick              0x800'4141   0x10  Code  Wk  stm32f4xx_hal.o [1]
HAL_Init                 0x800'1699   0x30  Code  Gb  stm32f4xx_hal.o [1]
HAL_InitTick             0x800'1655   0x40  Code  Wk  stm32f4xx_hal.o [1]
HAL_MspInit              0x800'1fd1   0x38  Code  Gb  stm32f4xx_hal_msp.o [1]
HAL_NVIC_EnableIRQ       0x800'13eb   0x16  Code  Gb  stm32f4xx_hal_cortex.o [1]
HAL_NVIC_SetPriority     0x800'13b1   0x3a  Code  Gb  stm32f4xx_hal_cortex.o [1]
HAL_NVIC_SetPriorityGrouping
                         0x800'1397   0x1a  Code  Gb  stm32f4xx_hal_cortex.o [1]
HAL_RCC_ClockConfig      0x800'0f7d  0x100  Code  Gb  stm32f4xx_hal_rcc.o [1]
HAL_RCC_GetPCLK1Freq     0x800'1089   0x10  Code  Gb  stm32f4xx_hal_rcc.o [1]
HAL_RCC_GetPCLK2Freq     0x800'1099    0xe  Code  Gb  stm32f4xx_hal_rcc.o [1]
HAL_RCC_OscConfig        0x800'1c51  0x31c  Code  Wk  stm32f4xx_hal_rcc.o [1]
HAL_SPI_Init             0x800'249d   0xb4  Code  Gb  stm32f4xx_hal_spi.o [1]
HAL_SPI_MspInit          0x800'1a91   0x66  Code  Gb  spi.o [1]
HAL_SPI_TransmitReceive
                         0x800'2559  0x1a4  Code  Gb  stm32f4xx_hal_spi.o [1]
HAL_SYSTICK_Config       0x800'1401   0x28  Code  Gb  stm32f4xx_hal_cortex.o [1]
HAL_UART_IRQHandler      0x800'02fb  0x26a  Code  Gb  stm32f4xx_hal_uart.o [1]
HAL_UART_Init            0x800'0189   0x1e  Code  Gb  stm32f4xx_hal_uart.o [1]
HAL_UART_MspInit         0x800'08c9  0x122  Code  Gb  usart.o [1]
HAL_UART_Receive_IT      0x800'02af   0x30  Code  Gb  stm32f4xx_hal_uart.o [1]
HAL_UART_RxCpltCallback
                         0x800'0ee3   0x84  Code  Gb  user_uart.o [1]
HAL_UART_Transmit        0x800'01ff   0xb0  Code  Gb  stm32f4xx_hal_uart.o [1]
HardFault_Handler        0x800'40c7    0x2  Code  Gb  stm32f4xx_it.o [1]
Init_DCU_ID              0x800'2c49   0x6e  Code  Gb  user_app_pc_box.o [1]
Init_Uart_Module         0x800'0eb1   0x2c  Code  Gb  user_uart.o [1]
LAYER_PIN                0x800'34ac   0x10  Data  Lc  user_app_ctrl_motor.o [1]
LAYER_PORT              0x2000'0060   0x1c  Data  Lc  user_app_ctrl_motor.o [1]
Log_Data_Door            0x800'359f   0x34  Code  Gb  user_app_door_sensor.o [1]
Log_Data_Vib             0x800'3ad1   0x30  Code  Gb  user_app_vib_sensor.o [1]
Log_TSVH                 0x800'2cc7   0x6a  Code  Gb  user_app_pc_box.o [1]
MX_ADC1_Init             0x800'191d   0x7e  Code  Gb  adc.o [1]
MX_DMA_Init              0x800'18e9   0x34  Code  Gb  dma.o [1]
MX_GPIO_Init             0x800'16cd  0x1e2  Code  Gb  gpio.o [1]
MX_SPI2_Init             0x800'1a55   0x3c  Code  Gb  spi.o [1]
MX_UART4_Init            0x800'0865   0x10  Code  Gb  usart.o [1]
MX_USART2_UART_Init      0x800'0875   0x10  Code  Gb  usart.o [1]
MX_USART3_UART_Init      0x800'088d   0x10  Code  Gb  usart.o [1]
MX_USART6_UART_Init      0x800'08b9   0x10  Code  Gb  usart.o [1]
Main_Task                0x800'1be9   0x58  Code  Gb  user_app_comm.o [1]
MemManage_Handler        0x800'40c9    0x2  Code  Gb  stm32f4xx_it.o [1]
NMI_Handler              0x800'40c5    0x2  Code  Gb  stm32f4xx_it.o [1]
Off_Motor_Push           0x800'3371   0x3c  Code  Gb  user_app_ctrl_motor.o [1]
Off_Relay                0x800'3949    0xc  Code  Gb  user_app_relay.o [1]
On_Motor_Push            0x800'332d   0x42  Code  Gb  user_app_ctrl_motor.o [1]
On_Relay                 0x800'393b    0xe  Code  Gb  user_app_relay.o [1]
PendSV_Handler           0x800'40d3    0x2  Code  Gb  stm32f4xx_it.o [1]
RELAY_PIN               0x2000'026c   0x10  Data  Lc  user_app_relay.o [1]
RELAY_PORT              0x2000'027c   0x1c  Data  Lc  user_app_relay.o [1]
Region$$Table$$Base      0x800'4214          --   Gb  - Linker created -
Region$$Table$$Limit     0x800'4234          --   Gb  - Linker created -
Reset_Chip               0x800'3d2d   0x1c  Code  Gb  user_comm_vending_machine.o [1]
Respond_PcBox            0x800'3c07   0x1a  Code  Gb  user_comm_vending_machine.o [1]
RtCountSystick_u32      0x2000'0760    0x4  Data  Gb  user_util.o [1]
S25FL_ChipSelect         0x800'4085   0x14  Code  Gb  S25FL216K.o [1]
S25FL_Send_Byte          0x800'4099   0x22  Code  Gb  S25FL216K.o [1]
SLOT_PIN                 0x800'34bc   0x14  Data  Lc  user_app_ctrl_motor.o [1]
SLOT_PORT               0x2000'007c   0x28  Data  Lc  user_app_ctrl_motor.o [1]
SPI_EndRxTxTransaction   0x800'2827   0x50  Code  Lc  stm32f4xx_hal_spi.o [1]
SPI_WaitFlagStateUntilTimeout
                         0x800'2767   0xb4  Code  Lc  stm32f4xx_hal_spi.o [1]
SVC_Handler              0x800'40cf    0x2  Code  Gb  stm32f4xx_it.o [1]
Scale_To_Int             0x800'3c21   0x34  Code  Gb  user_comm_vending_machine.o [1]
Status_Supply_Power     0x2000'0764    0x1  Data  Gb  user_app_electric.o [1]
SysTick_Handler          0x800'40d5    0xc  Code  Gb  stm32f4xx_it.o [1]
SystemClock_Config       0x800'129b   0xa4  Code  Gb  main.o [1]
SystemCoreClock         0x2000'000c    0x4  Data  Gb  system_stm32f4xx.o [1]
SystemInit               0x800'4235    0xc  Code  Gb  system_stm32f4xx.o [1]
TaskStatus_u8           0x2000'0767    0x1  Data  Gb  user_app_comm.o [1]
Threshold_Ctrl          0x2000'0322    0x2  Data  Gb  user_app_temperature.o [1]
UART4_IRQHandler         0x800'4117    0x6  Code  Gb  stm32f4xx_it.o [1]
UART_DMAAbortOnError     0x800'06bd    0xc  Code  Lc  stm32f4xx_hal_uart.o [1]
UART_EndRxTransfer       0x800'0673   0x2a  Code  Lc  stm32f4xx_hal_uart.o [1]
UART_Receive_IT          0x800'06c9   0xaa  Code  Lc  stm32f4xx_hal_uart.o [1]
UART_SetConfig           0x800'079d   0xae  Code  Lc  stm32f4xx_hal_uart.o [1]
UART_Start_Receive_IT    0x800'0621   0x3a  Code  Gb  stm32f4xx_hal_uart.o [1]
UART_WaitOnFlagUntilTimeout
                         0x800'058d   0x5e  Code  Lc  stm32f4xx_hal_uart.o [1]
USART2_IRQHandler        0x800'40f5    0x6  Code  Gb  stm32f4xx_it.o [1]
USART3_IRQHandler        0x800'40fb    0x6  Code  Gb  stm32f4xx_it.o [1]
USART6_IRQHandler        0x800'4123    0x6  Code  Gb  stm32f4xx_it.o [1]
UTIL_MEM_set             0x800'3dc7    0xe  Code  Gb  user_util.o [1]
UTIL_Printf              0x800'3dd5   0x10  Code  Gb  user_util.o [1]
UTIL_Printf_Str          0x800'3de5   0x12  Code  Gb  user_util.o [1]
Uart485Buff             0x2000'06ec   0x34  Data  Gb  user_uart.o [1]
Uart485RxByte           0x2000'036d    0x1  Data  Gb  user_uart.o [1]
UartDebugBuff           0x2000'0414   0x64  Data  Gb  user_uart.o [1]
UartDebugRxByte         0x2000'036c    0x1  Data  Gb  user_uart.o [1]
UartPcBoxBuff           0x2000'0478   0x64  Data  Gb  user_uart.o [1]
UartPcBoxRxByte         0x2000'036e    0x1  Data  Gb  user_uart.o [1]
UartSimRxByte           0x2000'0388    0x1  Data  Gb  user_uart.o [1]
UsageFault_Handler       0x800'40cd    0x2  Code  Gb  stm32f4xx_it.o [1]
__NVIC_SetPriority       0x800'137d   0x1a  Code  Lc  stm32f4xx_hal_cortex.o [1]
__aeabi_ldiv0            0x800'1695         Code  Gb  I64DivZer.o [4]
__aeabi_memclr4          0x800'3e0d         Code  Gb  ABImemclr4.o [4]
__cmain                  0x800'4255         Code  Gb  cmain.o [4]
__exit                   0x800'4289   0x14  Code  Gb  exit.o [5]
__iar_Memset4_word       0x800'4051         Code  Gb  ABImemset48.o [4]
__iar_Memset8_word       0x800'4051         Code  Gb  ABImemset48.o [4]
__iar_data_init3         0x800'41c9   0x28  Code  Gb  data_init.o [4]
__iar_init_vfp           0x800'41f1         Code  Gb  fpinit_M.o [3]
__iar_lz77_init_single3
                         0x800'4151   0x78  Code  Gb  lz77_init_single.o [4]
__iar_program_start      0x800'42ad         Code  Gb  cstartup_M.o [4]
__iar_small_Memcpy       0x800'1b0d         Code  Gb  ABImemcpy_small.o [4]
__iar_small_Memset       0x800'1f6d         Code  Gb  ABImemset_small.o [4]
__iar_small_Memset_word
                         0x800'1f6d         Code  Gb  ABImemset_small.o [4]
__iar_small_memcpy       0x800'1b09         Code  Gb  ABImemcpy_small.o [4]
__iar_small_memcpy4      0x800'1b09         Code  Gb  ABImemcpy_small.o [4]
__iar_small_memcpy8      0x800'1b09         Code  Gb  ABImemcpy_small.o [4]
__iar_small_memset       0x800'1f6d         Code  Gb  ABImemset_small.o [4]
__iar_small_strlen       0x800'403d         Code  Gb  strlen_small.o [4]
__iar_small_uldivmod     0x800'1129         Code  Gb  I64DivMod_small.o [4]
__iar_zero_init3         0x800'0e77   0x3a  Code  Gb  zero_init3.o [4]
__low_level_init         0x800'4273    0x4  Code  Gb  low_level_init.o [2]
__vector_table           0x800'0000         Data  Gb  startup_stm32f405xx.o [1]
_call_main               0x800'4261         Code  Gb  cmain.o [4]
_exit                    0x800'427d         Code  Gb  cexit.o [4]
_main                    0x800'426f         Code  Gb  cmain.o [4]
aBuffer_Ping            0x2000'0720   0x14  Data  Gb  user_app_pc_box.o [1]
aDCU_ID                 0x2000'01d8   0x14  Data  Gb  user_app_pc_box.o [1]
checkqueue              0x2000'0390   0x6c  Data  Gb  main.o [1]
eFlash_S25FL_BufferRead
                         0x800'3f93   0x60  Code  Gb  user_external_flash.o [1]
eFlash_S25FL_BufferWrite
                         0x800'3f57   0x34  Code  Gb  user_external_flash.o [1]
eFlash_S25FL_CheckWriteEnable
                         0x800'3eb1   0x28  Code  Gb  user_external_flash.o [1]
eFlash_S25FL_Enable      0x800'3e1b   0x16  Code  Gb  user_external_flash.o [1]
eFlash_S25FL_Erase_Sector
                         0x800'3e31   0x4a  Code  Gb  user_external_flash.o [1]
eFlash_S25FL_PageWrite   0x800'3ef3   0x5c  Code  Gb  user_external_flash.o [1]
eFlash_S25FL_WaitForWriteEnd
                         0x800'3e81   0x2a  Code  Gb  user_external_flash.o [1]
exit                     0x800'4277    0x4  Code  Gb  exit.o [2]
fevent_active            0x800'3ba3   0x10  Code  Gb  event_driven.o [1]
fevent_control_motor_push
                         0x800'3205   0x44  Code  Lc  user_app_ctrl_motor.o [1]
fevent_disable           0x800'3bc7    0xc  Code  Gb  event_driven.o [1]
fevent_door_ctrl_respond
                         0x800'3521   0x46  Code  Lc  user_app_door_sensor.o [1]
fevent_door_ctrl_respond::status
                        0x2000'075d    0x1  Data  Lc  user_app_door_sensor.o [1]
fevent_door_ctrl_respond::status_before
                        0x2000'075c    0x1  Data  Lc  user_app_door_sensor.o [1]
fevent_door_entry        0x800'34d1    0xe  Code  Lc  user_app_door_sensor.o [1]
fevent_door_respond_pc_box
                         0x800'3567   0x38  Code  Lc  user_app_door_sensor.o [1]
fevent_door_sensor       0x800'34df   0x42  Code  Lc  user_app_door_sensor.o [1]
fevent_electric_entry    0x800'36b1    0xe  Code  Lc  user_app_electric.o [1]
fevent_electric_handle   0x800'3737   0x1e  Code  Lc  user_app_electric.o [1]
fevent_electric_pgood    0x800'36bf   0x4a  Code  Lc  user_app_electric.o [1]
fevent_electric_pgood::count_handle
                        0x2000'0765    0x1  Data  Lc  user_app_electric.o [1]
fevent_electric_pgood::status_before
                        0x2000'0766    0x1  Data  Lc  user_app_electric.o [1]
fevent_electric_receive_485
                         0x800'370d   0x2a  Code  Lc  user_app_electric.o [1]
fevent_electric_receive_485::countBuffer_uart
                        0x2000'075e    0x2  Data  Lc  user_app_electric.o [1]
fevent_electric_transmit_485
                         0x800'3709    0x4  Code  Lc  user_app_electric.o [1]
fevent_enable            0x800'3bb3   0x14  Code  Gb  event_driven.o [1]
fevent_input_motor_push
                         0x800'3249   0x44  Code  Lc  user_app_ctrl_motor.o [1]
fevent_motor_entry       0x800'31ed   0x18  Code  Lc  user_app_ctrl_motor.o [1]
fevent_motor_push_off_error
                         0x800'328d   0x16  Code  Lc  user_app_ctrl_motor.o [1]
fevent_on_off_relay_alarm
                         0x800'382b   0x2a  Code  Lc  user_app_relay.o [1]
fevent_on_off_relay_elevator
                         0x800'37bb   0x28  Code  Lc  user_app_relay.o [1]
fevent_on_off_relay_fridge_cool
                         0x800'380d   0x1e  Code  Lc  user_app_relay.o [1]
fevent_on_off_relay_fridge_heat
                         0x800'3855   0x1e  Code  Lc  user_app_relay.o [1]
fevent_on_off_relay_lamp
                         0x800'3873   0x2a  Code  Lc  user_app_relay.o [1]
fevent_on_off_relay_screen
                         0x800'37e3   0x2a  Code  Lc  user_app_relay.o [1]
fevent_on_off_relay_warm
                         0x800'389d   0x2a  Code  Lc  user_app_relay.o [1]
fevent_pcbox_complete_receive
                         0x800'28fd  0x276  Code  Lc  user_app_pc_box.o [1]
fevent_pcbox_entry       0x800'288d   0x10  Code  Lc  user_app_pc_box.o [1]
fevent_pcbox_get_dcu_ID
                         0x800'2c2f   0x10  Code  Lc  user_app_pc_box.o [1]
fevent_pcbox_log_tsvh    0x800'2b81   0x28  Code  Lc  user_app_pc_box.o [1]
fevent_pcbox_ping        0x800'2ba9   0x3e  Code  Lc  user_app_pc_box.o [1]
fevent_pcbox_receive_handle
                         0x800'28cd   0x30  Code  Lc  user_app_pc_box.o [1]
fevent_pcbox_receive_handle::countBuffer_uart
                        0x2000'0768    0x2  Data  Lc  user_app_pc_box.o [1]
fevent_pcbox_set_dcu_ID
                         0x800'2be7   0x48  Code  Lc  user_app_pc_box.o [1]
fevent_relay_entry       0x800'37ad    0xe  Code  Lc  user_app_relay.o [1]
fevent_reset_dcu         0x800'2c3f    0xa  Code  Lc  user_app_pc_box.o [1]
fevent_respond_pcbox     0x800'32a3   0x80  Code  Lc  user_app_ctrl_motor.o [1]
fevent_temp_calculator   0x800'2eb1  0x100  Code  Lc  user_app_temperature.o [1]
fevent_temp_ctrl_fridge
                         0x800'3029   0x64  Code  Lc  user_app_temperature.o [1]
fevent_temp_entry        0x800'2e2d   0x32  Code  Lc  user_app_temperature.o [1]
fevent_temp_entry::once
                        0x2000'0320    0x1  Data  Lc  user_app_temperature.o [1]
fevent_temp_get_adc      0x800'2e5f   0x52  Code  Lc  user_app_temperature.o [1]
fevent_temp_get_adc::count
                        0x2000'0321    0x1  Data  Lc  user_app_temperature.o [1]
fevent_temp_off_fridge_frozen
                         0x800'309d    0xc  Code  Lc  user_app_temperature.o [1]
fevent_temp_read_threshold
                         0x800'2ff7   0x32  Code  Lc  user_app_temperature.o [1]
fevent_temp_set_threshold
                         0x800'2fb1   0x46  Code  Lc  user_app_temperature.o [1]
fevent_temp_time_get     0x800'3095    0x8  Code  Lc  user_app_temperature.o [1]
fevent_vib_off_alarm     0x800'3ab9   0x10  Code  Lc  user_app_vib_sensor.o [1]
fevent_vib_on_alarm      0x800'3a99   0x20  Code  Lc  user_app_vib_sensor.o [1]
fevent_vib_sensor        0x800'3a35   0x5a  Code  Lc  user_app_vib_sensor.o [1]
fevent_wdg_stm32f4       0x800'289d   0x30  Code  Lc  user_app_pc_box.o [1]
hadc1                   0x2000'0594   0x48  Data  Gb  adc.o [1]
hdma_adc1               0x2000'04dc   0x60  Data  Gb  adc.o [1]
hspi2                   0x2000'053c   0x58  Data  Gb  spi.o [1]
huart2                  0x2000'0620   0x44  Data  Gb  usart.o [1]
huart3                  0x2000'0664   0x44  Data  Gb  usart.o [1]
huart4                  0x2000'05dc   0x44  Data  Gb  usart.o [1]
huart6                  0x2000'06a8   0x44  Data  Gb  usart.o [1]
length                  0x2000'038c    0x1  Data  Gb  main.o [1]
main                     0x800'1231   0x6a  Code  Gb  main.o [1]
memset                   0x800'1369   0x14  Code  Gb  memset.o [4]
qGet_Number_Items        0x800'1be3    0x4  Code  Gb  queue_p.o [1]
qQueue_Create            0x800'1b21   0x22  Code  Gb  queue_p.o [1]
qQueue_Receive           0x800'1ba1   0x42  Code  Gb  queue_p.o [1]
qQueue_Send              0x800'1b43   0x5e  Code  Gb  queue_p.o [1]
recei                   0x2000'03fc   0x18  Data  Gb  main.o [1]
sBuffer_Ping            0x2000'01c8    0x8  Data  Gb  user_app_pc_box.o [1]
sDCU_ID                 0x2000'01d0    0x8  Data  Gb  user_app_pc_box.o [1]
sElectric               0x2000'0134    0x4  Data  Gb  user_app_electric.o [1]
sEventAppDoorSensor     0x2000'00a4   0x40  Data  Gb  user_app_door_sensor.o [1]
sEventAppElectric       0x2000'00e4   0x50  Data  Gb  user_app_electric.o [1]
sEventAppMotor          0x2000'0010   0x50  Data  Gb  user_app_ctrl_motor.o [1]
sEventAppPcBox          0x2000'0138   0x90  Data  Gb  user_app_pc_box.o [1]
sEventAppRelay          0x2000'01ec   0x80  Data  Gb  user_app_relay.o [1]
sEventAppTemperature    0x2000'0298   0x80  Data  Gb  user_app_temperature.o [1]
sEventAppVibSensor      0x2000'033c   0x30  Data  Gb  user_app_vib_sensor.o [1]
sInforPush              0x2000'074c    0x4  Data  Gb  user_app_ctrl_motor.o [1]
sPushMotor              0x2000'0744    0x8  Data  Gb  user_app_ctrl_motor.o [1]
sStatusDoor             0x2000'0758    0x4  Data  Gb  user_app_door_sensor.o [1]
sStatusRelay            0x2000'0750    0x8  Data  Gb  user_app_relay.o [1]
sStatusVib              0x2000'0734   0x10  Data  Gb  user_app_vib_sensor.o [1]
sTemp_Thresh_Recv       0x2000'031c    0x4  Data  Gb  user_app_temperature.o [1]
sTemperature            0x2000'0318    0x4  Data  Gb  user_app_temperature.o [1]
sUart485                0x2000'0378    0x8  Data  Gb  user_uart.o [1]
sUartDebug              0x2000'0370    0x8  Data  Gb  user_uart.o [1]
sUartPcBox              0x2000'0380    0x8  Data  Gb  user_uart.o [1]
uwTick                  0x2000'0004    0x4  Data  Gb  stm32f4xx_hal.o [1]
uwTickFreq              0x2000'0000    0x1  Data  Gb  stm32f4xx_hal.o [1]
uwTickPrio              0x2000'0008    0x4  Data  Gb  stm32f4xx_hal.o [1]


[1] = D:\Project_STM32\Saoviet_Maybanhang_Std\Saoviet_Maybanhang\EWARM\Saoviet_Maybanhang\Obj
[2] = dl7M_tlf.a
[3] = m7M_tls.a
[4] = rt7M_tl.a
[5] = shb_l.a

  17'322 bytes of readonly  code memory
     431 bytes of readonly  data memory
   2'919 bytes of readwrite data memory

Errors: none
Warnings: none
