###############################################################################
#
# IAR ELF Linker V8.40.2.214/W32 for ARM                  18/Sep/2023  16:39:34
# Copyright 2007-2019 IAR Systems AB.
#
#    Output file  =
#        D:\Saoviet_Git\Saoviet_Vending_Machine\Saoviet_Maybanhang\EWARM\Saoviet_Maybanhang\Exe\Saoviet_Maybanhang.out
#    Map file     =
#        D:\Saoviet_Git\Saoviet_Vending_Machine\Saoviet_Maybanhang\EWARM\Saoviet_Maybanhang\List\Saoviet_Maybanhang.map
#    Command line =
#        -f C:\Users\PC\AppData\Local\Temp\EWB17D.tmp
#        (D:\Saoviet_Git\Saoviet_Vending_Machine\Saoviet_Maybanhang\EWARM\Saoviet_Maybanhang\Obj\adc.o
#        D:\Saoviet_Git\Saoviet_Vending_Machine\Saoviet_Maybanhang\EWARM\Saoviet_Maybanhang\Obj\dma.o
#        D:\Saoviet_Git\Saoviet_Vending_Machine\Saoviet_Maybanhang\EWARM\Saoviet_Maybanhang\Obj\event_driven.o
#        D:\Saoviet_Git\Saoviet_Vending_Machine\Saoviet_Maybanhang\EWARM\Saoviet_Maybanhang\Obj\gpio.o
#        D:\Saoviet_Git\Saoviet_Vending_Machine\Saoviet_Maybanhang\EWARM\Saoviet_Maybanhang\Obj\main.o
#        D:\Saoviet_Git\Saoviet_Vending_Machine\Saoviet_Maybanhang\EWARM\Saoviet_Maybanhang\Obj\onchipflash.o
#        D:\Saoviet_Git\Saoviet_Vending_Machine\Saoviet_Maybanhang\EWARM\Saoviet_Maybanhang\Obj\queue_p.o
#        D:\Saoviet_Git\Saoviet_Vending_Machine\Saoviet_Maybanhang\EWARM\Saoviet_Maybanhang\Obj\S25FL216K.o
#        D:\Saoviet_Git\Saoviet_Vending_Machine\Saoviet_Maybanhang\EWARM\Saoviet_Maybanhang\Obj\spi.o
#        D:\Saoviet_Git\Saoviet_Vending_Machine\Saoviet_Maybanhang\EWARM\Saoviet_Maybanhang\Obj\startup_stm32f405xx.o
#        D:\Saoviet_Git\Saoviet_Vending_Machine\Saoviet_Maybanhang\EWARM\Saoviet_Maybanhang\Obj\stm32f4xx_hal.o
#        D:\Saoviet_Git\Saoviet_Vending_Machine\Saoviet_Maybanhang\EWARM\Saoviet_Maybanhang\Obj\stm32f4xx_hal_adc.o
#        D:\Saoviet_Git\Saoviet_Vending_Machine\Saoviet_Maybanhang\EWARM\Saoviet_Maybanhang\Obj\stm32f4xx_hal_adc_ex.o
#        D:\Saoviet_Git\Saoviet_Vending_Machine\Saoviet_Maybanhang\EWARM\Saoviet_Maybanhang\Obj\stm32f4xx_hal_cortex.o
#        D:\Saoviet_Git\Saoviet_Vending_Machine\Saoviet_Maybanhang\EWARM\Saoviet_Maybanhang\Obj\stm32f4xx_hal_dma.o
#        D:\Saoviet_Git\Saoviet_Vending_Machine\Saoviet_Maybanhang\EWARM\Saoviet_Maybanhang\Obj\stm32f4xx_hal_dma_ex.o
#        D:\Saoviet_Git\Saoviet_Vending_Machine\Saoviet_Maybanhang\EWARM\Saoviet_Maybanhang\Obj\stm32f4xx_hal_exti.o
#        D:\Saoviet_Git\Saoviet_Vending_Machine\Saoviet_Maybanhang\EWARM\Saoviet_Maybanhang\Obj\stm32f4xx_hal_flash.o
#        D:\Saoviet_Git\Saoviet_Vending_Machine\Saoviet_Maybanhang\EWARM\Saoviet_Maybanhang\Obj\stm32f4xx_hal_flash_ex.o
#        D:\Saoviet_Git\Saoviet_Vending_Machine\Saoviet_Maybanhang\EWARM\Saoviet_Maybanhang\Obj\stm32f4xx_hal_flash_ramfunc.o
#        D:\Saoviet_Git\Saoviet_Vending_Machine\Saoviet_Maybanhang\EWARM\Saoviet_Maybanhang\Obj\stm32f4xx_hal_gpio.o
#        D:\Saoviet_Git\Saoviet_Vending_Machine\Saoviet_Maybanhang\EWARM\Saoviet_Maybanhang\Obj\stm32f4xx_hal_msp.o
#        D:\Saoviet_Git\Saoviet_Vending_Machine\Saoviet_Maybanhang\EWARM\Saoviet_Maybanhang\Obj\stm32f4xx_hal_pwr.o
#        D:\Saoviet_Git\Saoviet_Vending_Machine\Saoviet_Maybanhang\EWARM\Saoviet_Maybanhang\Obj\stm32f4xx_hal_pwr_ex.o
#        D:\Saoviet_Git\Saoviet_Vending_Machine\Saoviet_Maybanhang\EWARM\Saoviet_Maybanhang\Obj\stm32f4xx_hal_rcc.o
#        D:\Saoviet_Git\Saoviet_Vending_Machine\Saoviet_Maybanhang\EWARM\Saoviet_Maybanhang\Obj\stm32f4xx_hal_rcc_ex.o
#        D:\Saoviet_Git\Saoviet_Vending_Machine\Saoviet_Maybanhang\EWARM\Saoviet_Maybanhang\Obj\stm32f4xx_hal_spi.o
#        D:\Saoviet_Git\Saoviet_Vending_Machine\Saoviet_Maybanhang\EWARM\Saoviet_Maybanhang\Obj\stm32f4xx_hal_tim.o
#        D:\Saoviet_Git\Saoviet_Vending_Machine\Saoviet_Maybanhang\EWARM\Saoviet_Maybanhang\Obj\stm32f4xx_hal_tim_ex.o
#        D:\Saoviet_Git\Saoviet_Vending_Machine\Saoviet_Maybanhang\EWARM\Saoviet_Maybanhang\Obj\stm32f4xx_hal_uart.o
#        D:\Saoviet_Git\Saoviet_Vending_Machine\Saoviet_Maybanhang\EWARM\Saoviet_Maybanhang\Obj\stm32f4xx_it.o
#        D:\Saoviet_Git\Saoviet_Vending_Machine\Saoviet_Maybanhang\EWARM\Saoviet_Maybanhang\Obj\stm32f4xx_ll_adc.o
#        D:\Saoviet_Git\Saoviet_Vending_Machine\Saoviet_Maybanhang\EWARM\Saoviet_Maybanhang\Obj\system_stm32f4xx.o
#        D:\Saoviet_Git\Saoviet_Vending_Machine\Saoviet_Maybanhang\EWARM\Saoviet_Maybanhang\Obj\usart.o
#        D:\Saoviet_Git\Saoviet_Vending_Machine\Saoviet_Maybanhang\EWARM\Saoviet_Maybanhang\Obj\user_app_at_debug.o
#        D:\Saoviet_Git\Saoviet_Vending_Machine\Saoviet_Maybanhang\EWARM\Saoviet_Maybanhang\Obj\user_app_comm.o
#        D:\Saoviet_Git\Saoviet_Vending_Machine\Saoviet_Maybanhang\EWARM\Saoviet_Maybanhang\Obj\user_app_ctrl_motor.o
#        D:\Saoviet_Git\Saoviet_Vending_Machine\Saoviet_Maybanhang\EWARM\Saoviet_Maybanhang\Obj\user_app_door_sensor.o
#        D:\Saoviet_Git\Saoviet_Vending_Machine\Saoviet_Maybanhang\EWARM\Saoviet_Maybanhang\Obj\user_app_electric.o
#        D:\Saoviet_Git\Saoviet_Vending_Machine\Saoviet_Maybanhang\EWARM\Saoviet_Maybanhang\Obj\user_app_pc_box.o
#        D:\Saoviet_Git\Saoviet_Vending_Machine\Saoviet_Maybanhang\EWARM\Saoviet_Maybanhang\Obj\user_app_relay.o
#        D:\Saoviet_Git\Saoviet_Vending_Machine\Saoviet_Maybanhang\EWARM\Saoviet_Maybanhang\Obj\user_app_temperature.o
#        D:\Saoviet_Git\Saoviet_Vending_Machine\Saoviet_Maybanhang\EWARM\Saoviet_Maybanhang\Obj\user_app_vib_sensor.o
#        D:\Saoviet_Git\Saoviet_Vending_Machine\Saoviet_Maybanhang\EWARM\Saoviet_Maybanhang\Obj\user_at_serial.o
#        D:\Saoviet_Git\Saoviet_Vending_Machine\Saoviet_Maybanhang\EWARM\Saoviet_Maybanhang\Obj\user_comm_vending_machine.o
#        D:\Saoviet_Git\Saoviet_Vending_Machine\Saoviet_Maybanhang\EWARM\Saoviet_Maybanhang\Obj\user_external_flash.o
#        D:\Saoviet_Git\Saoviet_Vending_Machine\Saoviet_Maybanhang\EWARM\Saoviet_Maybanhang\Obj\user_internal_mem.o
#        D:\Saoviet_Git\Saoviet_Vending_Machine\Saoviet_Maybanhang\EWARM\Saoviet_Maybanhang\Obj\user_irq_input.o
#        D:\Saoviet_Git\Saoviet_Vending_Machine\Saoviet_Maybanhang\EWARM\Saoviet_Maybanhang\Obj\user_modbus_rtu.o
#        D:\Saoviet_Git\Saoviet_Vending_Machine\Saoviet_Maybanhang\EWARM\Saoviet_Maybanhang\Obj\user_string.o
#        D:\Saoviet_Git\Saoviet_Vending_Machine\Saoviet_Maybanhang\EWARM\Saoviet_Maybanhang\Obj\user_uart.o
#        D:\Saoviet_Git\Saoviet_Vending_Machine\Saoviet_Maybanhang\EWARM\Saoviet_Maybanhang\Obj\user_util.o
#        --no_out_extension -o
#        D:\Saoviet_Git\Saoviet_Vending_Machine\Saoviet_Maybanhang\EWARM\Saoviet_Maybanhang\Exe\Saoviet_Maybanhang.out
#        --redirect _Printf=_PrintfFullNoMb --redirect _Scanf=_ScanfFullNoMb
#        --map
#        D:\Saoviet_Git\Saoviet_Vending_Machine\Saoviet_Maybanhang\EWARM\Saoviet_Maybanhang\List\Saoviet_Maybanhang.map
#        --config
#        D:\Saoviet_Git\Saoviet_Vending_Machine\Saoviet_Maybanhang\EWARM/stm32f405xx_flash.icf
#        --semihosting --entry __iar_program_start --vfe --text_out locale)
#
###############################################################################

*******************************************************************************
*** RUNTIME MODEL ATTRIBUTES
***

CppFlavor       = *
__SystemLibrary = DLib
__dlib_version  = 6


*******************************************************************************
*** HEAP SELECTION
***

The basic heap was selected because no calls to memory allocation
functions were found in the application outside of system library
functions, and there are calls to deallocation functions in the
application.


*******************************************************************************
*** PLACEMENT SUMMARY
***

"A0":  place at address 0x800'0000 { ro section .intvec };
"P1":  place in [from 0x800'0000 to 0x80f'ffff] { ro };
define block CSTACK with size = 1K, alignment = 8 { };
define block HEAP with size = 512, alignment = 8 { };
"P2":  place in [from 0x2000'0000 to 0x2001'ffff] {
          rw, block CSTACK, block HEAP };
initialize by copy { rw };

  Section            Kind         Address    Size  Object
  -------            ----         -------    ----  ------
"A0":                                       0x188
  .intvec            ro code   0x800'0000   0x188  startup_stm32f405xx.o [1]
                             - 0x800'0188   0x188

"P1":                                      0x59ad
  .text              ro code   0x800'0188   0xa2c  user_app_pc_box.o [1]
  .text              ro code   0x800'0bb4    0xe8  user_util.o [1]
  .text              ro code   0x800'0c9c    0x30  event_driven.o [1]
  .text              ro code   0x800'0ccc   0x224  stm32f4xx_hal_gpio.o [1]
  .text              ro code   0x800'0ef0    0x28  stm32f4xx_hal.o [1]
  .text              ro code   0x800'0f18   0x1b4  user_comm_vending_machine.o [1]
  .text              ro code   0x800'10cc    0xc8  user_uart.o [1]
  .text              ro code   0x800'1194   0x4ec  user_app_relay.o [1]
  .text              ro code   0x800'1680     0x6  ABImemclr4.o [4]
  .text              ro code   0x800'1686    0x3a  zero_init3.o [4]
  .text              ro code   0x800'16c0   0x228  user_external_flash.o [1]
  .text              ro code   0x800'18e8    0xc6  queue_p.o [1]
  .text              ro code   0x800'19b0     0xc  stm32f4xx_hal.o [1]
  .text              ro code   0x800'19bc    0x12  ABImemset_small.o [4]
  .text              ro code   0x800'19d0   0x6dc  stm32f4xx_hal_uart.o [1]
  .text              ro code   0x800'20ac    0x14  strlen_small.o [4]
  .text              ro code   0x800'20c0    0x50  user_irq_input.o [1]
  .text              ro code   0x800'2110   0x106  I64DivMod_small.o [4]
  .text              ro code   0x800'2216    0x14  memset.o [4]
  .text              ro code   0x800'222c    0x32  ABImemset48.o [4]
  .text              ro code   0x800'2260    0x40  S25FL216K.o [1]
  .text              ro code   0x800'22a0   0x3f0  stm32f4xx_hal_spi.o [1]
  .text              ro code   0x800'2690    0x18  ABImemcpy_small.o [4]
  .text              ro code   0x800'26a8   0x208  usart.o [1]
  .text              ro code   0x800'28b0   0x3fc  stm32f4xx_hal_dma.o [1]
  .text              ro code   0x800'2cac     0x2  stm32f4xx_hal_uart.o [1]
  .text              ro code   0x800'2cae     0x2  stm32f4xx_hal_uart.o [1]
  .text              ro code   0x800'2cb0     0x2  stm32f4xx_hal_uart.o [1]
  .text              ro code   0x800'2cb4   0x1ac  stm32f4xx_hal_rcc.o [1]
  .text              ro code   0x800'2e60     0x2  I64DivZer.o [4]
  .text              ro code   0x800'2e64    0xb4  spi.o [1]
  .text              ro code   0x800'2f18    0xe0  main.o [1]
  .text              ro code   0x800'2ff8    0xc4  stm32f4xx_hal_cortex.o [1]
  .text              ro code   0x800'30bc    0x40  stm32f4xx_hal.o [1]
  .text              ro code   0x800'30fc    0x34  stm32f4xx_hal.o [1]
  .text              ro code   0x800'3130   0x21c  gpio.o [1]
  .text              ro code   0x800'334c    0x34  dma.o [1]
  .text              ro code   0x800'3380   0x138  adc.o [1]
  .text              ro code   0x800'34b8    0x7c  user_app_comm.o [1]
  .text              ro code   0x800'3534   0x31c  stm32f4xx_hal_rcc.o [1]
  .text              ro code   0x800'3850    0x38  stm32f4xx_hal_msp.o [1]
  .text              ro code   0x800'3888   0x492  stm32f4xx_hal_adc.o [1]
  .text              ro code   0x800'3d1c   0x540  user_app_electric.o [1]
  .text              ro code   0x800'425c   0x4c0  user_app_temperature.o [1]
  .text              ro code   0x800'471c    0xb4  user_app_at_debug.o [1]
  .text              ro code   0x800'47d0   0x304  user_app_ctrl_motor.o [1]
  .text              ro code   0x800'4ad4   0x214  user_app_door_sensor.o [1]
  .text              ro code   0x800'4ce8   0x248  user_app_vib_sensor.o [1]
  .text              ro code   0x800'4f30     0x2  stm32f4xx_hal_adc.o [1]
  .text              ro code   0x800'4f32     0x2  stm32f4xx_hal_adc.o [1]
  .text              ro code   0x800'4f34     0x2  stm32f4xx_hal_adc.o [1]
  .text              ro code   0x800'4f36    0x6c  user_modbus_rtu.o [1]
  .text              ro code   0x800'4fa4   0x3ac  user_at_serial.o [1]
  .text              ro code   0x800'5350   0x136  user_string.o [1]
  .rodata            const     0x800'5488    0xd0  user_at_serial.o [1]
  .text              ro code   0x800'5558    0x7c  stm32f4xx_it.o [1]
  .text              ro code   0x800'55d4    0x10  stm32f4xx_hal.o [1]
  .text              ro code   0x800'55e4    0x78  lz77_init_single.o [4]
  .text              ro code   0x800'565c    0x28  data_init.o [4]
  .text              ro code   0x800'5684    0x22  fpinit_M.o [3]
  .iar.init_table    const     0x800'56a8    0x20  - Linker created -
  .text              ro code   0x800'56c8    0x20  system_stm32f4xx.o [1]
  .text              ro code   0x800'56e8    0x1e  cmain.o [4]
  .text              ro code   0x800'5706     0x4  low_level_init.o [2]
  .text              ro code   0x800'570a     0x4  exit.o [2]
  .text              ro code   0x800'5710     0xa  cexit.o [4]
  .text              ro code   0x800'571c    0x14  exit.o [5]
  .rodata            const     0x800'5730    0x10  user_at_serial.o [1]
  .rodata            const     0x800'5740    0x10  user_at_serial.o [1]
  .rodata            const     0x800'5750    0x10  user_at_serial.o [1]
  .rodata            const     0x800'5760    0x10  user_at_serial.o [1]
  .rodata            const     0x800'5770    0x10  user_at_serial.o [1]
  .text              ro code   0x800'5780    0x10  startup_stm32f405xx.o [1]
  .rodata            const     0x800'5790     0xc  user_at_serial.o [1]
  .rodata            const     0x800'579c     0xc  user_at_serial.o [1]
  .rodata            const     0x800'57a8     0xc  user_at_serial.o [1]
  .rodata            const     0x800'57b4     0xc  user_at_serial.o [1]
  .rodata            const     0x800'57c0     0xc  user_at_serial.o [1]
  .rodata            const     0x800'57cc     0xc  user_at_serial.o [1]
  .rodata            const     0x800'57d8     0xc  user_at_serial.o [1]
  .text              ro code   0x800'57e4     0xc  cstartup_M.o [4]
  .rodata            const     0x800'57f0     0x8  system_stm32f4xx.o [1]
  .rodata            const     0x800'57f8     0x8  user_at_serial.o [1]
  .text              ro code   0x800'5800     0x4  startup_stm32f405xx.o [1]
  .text              ro code   0x800'5804     0x4  startup_stm32f405xx.o [1]
  .text              ro code   0x800'5808     0x4  startup_stm32f405xx.o [1]
  .text              ro code   0x800'580c     0x4  startup_stm32f405xx.o [1]
  .text              ro code   0x800'5810     0x4  startup_stm32f405xx.o [1]
  .text              ro code   0x800'5814     0x4  startup_stm32f405xx.o [1]
  .text              ro code   0x800'5818     0x4  startup_stm32f405xx.o [1]
  .text              ro code   0x800'581c     0x4  startup_stm32f405xx.o [1]
  .text              ro code   0x800'5820     0x4  startup_stm32f405xx.o [1]
  .text              ro code   0x800'5824     0x4  startup_stm32f405xx.o [1]
  .text              ro code   0x800'5828     0x4  startup_stm32f405xx.o [1]
  .text              ro code   0x800'582c     0x4  startup_stm32f405xx.o [1]
  .text              ro code   0x800'5830     0x4  startup_stm32f405xx.o [1]
  .text              ro code   0x800'5834     0x4  startup_stm32f405xx.o [1]
  .text              ro code   0x800'5838     0x4  startup_stm32f405xx.o [1]
  .text              ro code   0x800'583c     0x4  startup_stm32f405xx.o [1]
  .text              ro code   0x800'5840     0x4  startup_stm32f405xx.o [1]
  .text              ro code   0x800'5844     0x4  startup_stm32f405xx.o [1]
  .text              ro code   0x800'5848     0x4  startup_stm32f405xx.o [1]
  .text              ro code   0x800'584c     0x4  startup_stm32f405xx.o [1]
  .text              ro code   0x800'5850     0x4  startup_stm32f405xx.o [1]
  .text              ro code   0x800'5854     0x4  startup_stm32f405xx.o [1]
  .text              ro code   0x800'5858     0x4  startup_stm32f405xx.o [1]
  .text              ro code   0x800'585c     0x4  startup_stm32f405xx.o [1]
  .text              ro code   0x800'5860     0x4  startup_stm32f405xx.o [1]
  .text              ro code   0x800'5864     0x4  startup_stm32f405xx.o [1]
  .text              ro code   0x800'5868     0x4  startup_stm32f405xx.o [1]
  .text              ro code   0x800'586c     0x4  startup_stm32f405xx.o [1]
  .text              ro code   0x800'5870     0x4  startup_stm32f405xx.o [1]
  .text              ro code   0x800'5874     0x4  startup_stm32f405xx.o [1]
  .text              ro code   0x800'5878     0x4  startup_stm32f405xx.o [1]
  .text              ro code   0x800'587c     0x4  startup_stm32f405xx.o [1]
  .text              ro code   0x800'5880     0x4  startup_stm32f405xx.o [1]
  .text              ro code   0x800'5884     0x4  startup_stm32f405xx.o [1]
  .text              ro code   0x800'5888     0x4  startup_stm32f405xx.o [1]
  .text              ro code   0x800'588c     0x4  startup_stm32f405xx.o [1]
  .text              ro code   0x800'5890     0x4  startup_stm32f405xx.o [1]
  .text              ro code   0x800'5894     0x4  startup_stm32f405xx.o [1]
  .text              ro code   0x800'5898     0x4  startup_stm32f405xx.o [1]
  .text              ro code   0x800'589c     0x4  startup_stm32f405xx.o [1]
  .text              ro code   0x800'58a0     0x4  startup_stm32f405xx.o [1]
  .text              ro code   0x800'58a4     0x4  startup_stm32f405xx.o [1]
  .text              ro code   0x800'58a8     0x4  startup_stm32f405xx.o [1]
  .text              ro code   0x800'58ac     0x4  startup_stm32f405xx.o [1]
  .text              ro code   0x800'58b0     0x4  startup_stm32f405xx.o [1]
  .text              ro code   0x800'58b4     0x4  startup_stm32f405xx.o [1]
  .text              ro code   0x800'58b8     0x4  startup_stm32f405xx.o [1]
  .text              ro code   0x800'58bc     0x4  startup_stm32f405xx.o [1]
  .text              ro code   0x800'58c0     0x4  startup_stm32f405xx.o [1]
  .text              ro code   0x800'58c4     0x4  startup_stm32f405xx.o [1]
  .text              ro code   0x800'58c8     0x4  startup_stm32f405xx.o [1]
  .text              ro code   0x800'58cc     0x4  startup_stm32f405xx.o [1]
  .text              ro code   0x800'58d0     0x4  startup_stm32f405xx.o [1]
  .text              ro code   0x800'58d4     0x4  startup_stm32f405xx.o [1]
  .text              ro code   0x800'58d8     0x4  startup_stm32f405xx.o [1]
  .text              ro code   0x800'58dc     0x4  startup_stm32f405xx.o [1]
  .text              ro code   0x800'58e0     0x4  startup_stm32f405xx.o [1]
  .text              ro code   0x800'58e4     0x4  startup_stm32f405xx.o [1]
  .text              ro code   0x800'58e8     0x4  startup_stm32f405xx.o [1]
  .text              ro code   0x800'58ec     0x4  startup_stm32f405xx.o [1]
  .text              ro code   0x800'58f0     0x4  startup_stm32f405xx.o [1]
  .text              ro code   0x800'58f4     0x4  startup_stm32f405xx.o [1]
  .text              ro code   0x800'58f8     0x4  startup_stm32f405xx.o [1]
  .text              ro code   0x800'58fc     0x4  startup_stm32f405xx.o [1]
  .text              ro code   0x800'5900     0x4  startup_stm32f405xx.o [1]
  .text              ro code   0x800'5904     0x4  startup_stm32f405xx.o [1]
  .text              ro code   0x800'5908     0x4  startup_stm32f405xx.o [1]
  .text              ro code   0x800'590c     0x4  startup_stm32f405xx.o [1]
  .text              ro code   0x800'5910     0x4  startup_stm32f405xx.o [1]
  .rodata            const     0x800'5914     0x0  zero_init3.o [4]
  .rodata            const     0x800'5914     0x0  lz77_init_single.o [4]
  Initializer bytes  const     0x800'5914   0x221  <for P2-1>
                             - 0x800'5b35  0x59ad

"P2", part 1 of 3:                          0x859
  P2-1                        0x2000'0000   0x859  <Init block>
    .data            inited   0x2000'0000     0xc  stm32f4xx_hal.o [1]
    .data            inited   0x2000'000c     0x4  system_stm32f4xx.o [1]
    .data            inited   0x2000'0010    0x32  user_app_at_debug.o [1]
    .data            inited   0x2000'0044    0x50  user_app_ctrl_motor.o [1]
    .data            inited   0x2000'0094    0x44  user_app_ctrl_motor.o [1]
    .data            inited   0x2000'00d8    0x40  user_app_door_sensor.o [1]
    .data            inited   0x2000'0118    0x70  user_app_electric.o [1]
    .data            inited   0x2000'0188    0x16  user_app_electric.o [1]
    .data            inited   0x2000'01a0   0x4ac  user_app_pc_box.o [1]
    .data            inited   0x2000'064c    0x1c  user_app_pc_box.o [1]
    .data            inited   0x2000'0668    0x14  user_app_pc_box.o [1]
    .data            inited   0x2000'067c    0x70  user_app_relay.o [1]
    .data            inited   0x2000'06ec    0x2c  user_app_relay.o [1]
    .data            inited   0x2000'0718     0xc  user_app_relay.o [1]
    .data            inited   0x2000'0724    0x80  user_app_temperature.o [1]
    .data            inited   0x2000'07a4    0x24  user_app_temperature.o [1]
    .data            inited   0x2000'07c8    0x74  user_app_vib_sensor.o [1]
    .data            inited   0x2000'083c    0x1d  user_uart.o [1]
                            - 0x2000'0859   0x859

"P2", part 2 of 3:                          0x3f0
  .bss               zero     0x2000'085c    0x80  user_at_serial.o [1]
  .bss               zero     0x2000'08dc    0x64  user_uart.o [1]
  .bss               zero     0x2000'0940    0x64  user_uart.o [1]
  .bss               zero     0x2000'09a4    0x60  adc.o [1]
  .bss               zero     0x2000'0a04    0x58  spi.o [1]
  .bss               zero     0x2000'0a5c    0x48  adc.o [1]
  .bss               zero     0x2000'0aa4    0x44  usart.o [1]
  .bss               zero     0x2000'0ae8    0x44  usart.o [1]
  .bss               zero     0x2000'0b2c    0x44  usart.o [1]
  .bss               zero     0x2000'0b70    0x44  usart.o [1]
  .bss               zero     0x2000'0bb4    0x34  user_uart.o [1]
  .bss               zero     0x2000'0be8    0x20  user_app_pc_box.o [1]
  .bss               zero     0x2000'0c08    0x14  user_app_pc_box.o [1]
  .bss               zero     0x2000'0c1c     0xc  user_app_ctrl_motor.o [1]
  .bss               zero     0x2000'0c28     0x8  user_app_relay.o [1]
  .bss               zero     0x2000'0c30     0x7  user_app_door_sensor.o [1]
  .bss               zero     0x2000'0c37     0x1  user_app_comm.o [1]
  .bss               zero     0x2000'0c38     0x4  user_app_temperature.o [1]
  .bss               zero     0x2000'0c3c     0x4  user_util.o [1]
  .bss               zero     0x2000'0c40     0x2  user_app_electric.o [1]
  .bss               zero     0x2000'0c42     0x2  user_app_pc_box.o [1]
  .bss               zero     0x2000'0c44     0x2  user_app_vib_sensor.o [1]
  .bss               zero     0x2000'0c46     0x1  user_app_pc_box.o [1]
  .bss               zero     0x2000'0c47     0x1  user_app_relay.o [1]
  .bss               zero     0x2000'0c48     0x1  user_app_relay.o [1]
                            - 0x2000'0c49   0x3ed

"P2", part 3 of 3:                          0x400
  CSTACK                      0x2000'0c50   0x400  <Block>
    CSTACK           uninit   0x2000'0c50   0x400  <Block tail>
                            - 0x2000'1050   0x400

Unused ranges:

         From           To      Size
         ----           --      ----
   0x800'5b35   0x80f'ffff  0xf'a4cb
  0x2000'0859  0x2000'085b       0x3
  0x2000'0c4c  0x2000'0c4f       0x4
  0x2000'1050  0x2001'ffff  0x1'efb0


*******************************************************************************
*** INIT TABLE
***

          Address      Size
          -------      ----
Zero (__iar_zero_init3)
    1 destination range, total size 0x3ed:
          0x2000'085c  0x3ed

Copy/lz77 (__iar_lz77_init_single3)
    1 source range, total size 0x221 (25% of destination):
           0x800'5914  0x221
    1 destination range, total size 0x859:
          0x2000'0000  0x859



*******************************************************************************
*** MODULE SUMMARY
***

    Module                       ro code  ro data  rw data
    ------                       -------  -------  -------
command line/config:
    ------------------------------------------------------
    Total:

D:\Saoviet_Git\Saoviet_Vending_Machine\Saoviet_Maybanhang\EWARM\Saoviet_Maybanhang\Obj: [1]
    S25FL216K.o                       64
    adc.o                            312               168
    dma.o                             52
    event_driven.o                    48
    gpio.o                           540
    main.o                           224
    queue_p.o                        198
    spi.o                            180                88
    startup_stm32f405xx.o            684
    stm32f4xx_hal.o                  184        3       12
    stm32f4xx_hal_adc.o            1'176
    stm32f4xx_hal_cortex.o           196
    stm32f4xx_hal_dma.o            1'020
    stm32f4xx_hal_gpio.o             548
    stm32f4xx_hal_msp.o               56
    stm32f4xx_hal_rcc.o            1'224
    stm32f4xx_hal_spi.o            1'008
    stm32f4xx_hal_uart.o           1'762
    stm32f4xx_it.o                   124
    system_stm32f4xx.o                32        9        4
    usart.o                          520               272
    user_app_at_debug.o              180       12       50
    user_app_comm.o                  124                 1
    user_app_ctrl_motor.o            772       39      160
    user_app_door_sensor.o           532       16       71
    user_app_electric.o            1'344       34      136
    user_app_pc_box.o              2'604      318    1'299
    user_app_relay.o               1'260       43      178
    user_app_temperature.o         1'216       42      168
    user_app_vib_sensor.o            584       29      118
    user_at_serial.o                 940      380      128
    user_comm_vending_machine.o      436
    user_external_flash.o            552
    user_irq_input.o                  80
    user_modbus_rtu.o                108
    user_string.o                    310
    user_uart.o                      200        8      281
    user_util.o                      232                 4
    ------------------------------------------------------
    Total:                        21'626      933    3'138

dl7M_tlf.a: [2]
    exit.o                             4
    low_level_init.o                   4
    ------------------------------------------------------
    Total:                             8

m7M_tls.a: [3]
    fpinit_M.o                        34
    ------------------------------------------------------
    Total:                            34

rt7M_tl.a: [4]
    ABImemclr4.o                       6
    ABImemcpy_small.o                 24
    ABImemset48.o                     50
    ABImemset_small.o                 18
    I64DivMod_small.o                262
    I64DivZer.o                        2
    cexit.o                           10
    cmain.o                           30
    cstartup_M.o                      12
    data_init.o                       40
    lz77_init_single.o               120
    memset.o                          20
    strlen_small.o                    20
    zero_init3.o                      58
    ------------------------------------------------------
    Total:                           672

shb_l.a: [5]
    exit.o                            20
    ------------------------------------------------------
    Total:                            20

    Gaps                              20        4        4
    Linker created                             32    1'024
----------------------------------------------------------
    Grand Total:                  22'380      969    4'166


*******************************************************************************
*** ENTRY LIST
***

Entry                       Address   Size  Type      Object
-----                       -------   ----  ----      ------
.iar.init_table$$Base    0x800'56a8          --   Gb  - Linker created -
.iar.init_table$$Limit   0x800'56c8          --   Gb  - Linker created -
?main                    0x800'56e9         Code  Gb  cmain.o [4]
ADC_Avg                 0x2000'07bc    0xc  Data  Gb  user_app_temperature.o [1]
ADC_DMAConvCplt          0x800'3c99   0x66  Code  Lc  stm32f4xx_hal_adc.o [1]
ADC_DMAError             0x800'3d09   0x12  Code  Lc  stm32f4xx_hal_adc.o [1]
ADC_DMAHalfConvCplt      0x800'3d01    0x6  Code  Lc  stm32f4xx_hal_adc.o [1]
ADC_Init                 0x800'466d    0xa  Code  Gb  user_app_temperature.o [1]
ADC_Temp                0x2000'07b0    0xc  Data  Gb  user_app_temperature.o [1]
AHBPrescTable            0x800'56d8   0x10  Data  Gb  system_stm32f4xx.o [1]
APBPrescTable            0x800'57f0    0x8  Data  Gb  system_stm32f4xx.o [1]
AppAtDebug_Task          0x800'4787   0x40  Code  Gb  user_app_at_debug.o [1]
AppDoorSensor_Debug      0x800'4c01   0x4e  Code  Gb  user_app_door_sensor.o [1]
AppDoorSensor_Task       0x800'4c55   0x40  Code  Gb  user_app_door_sensor.o [1]
AppElectric_Debug        0x800'40e1   0x7a  Code  Gb  user_app_electric.o [1]
AppElectric_Task         0x800'4171   0x40  Code  Gb  user_app_electric.o [1]
AppMotor_Debug           0x800'49ad   0x6a  Code  Gb  user_app_ctrl_motor.o [1]
AppMotor_Task            0x800'4a2d   0x40  Code  Gb  user_app_ctrl_motor.o [1]
AppPcBox_Debug           0x800'0a39   0x6e  Code  Gb  user_app_pc_box.o [1]
AppPcBox_Task            0x800'0aa7   0x40  Code  Gb  user_app_pc_box.o [1]
AppRelay_Task            0x800'1589   0x40  Code  Gb  user_app_relay.o [1]
AppTemperature_Debug     0x800'4575   0x86  Code  Gb  user_app_temperature.o [1]
AppTemperature_Task      0x800'4625   0x40  Code  Gb  user_app_temperature.o [1]
AppVibSensor_Debug       0x800'4e95   0x2e  Code  Gb  user_app_vib_sensor.o [1]
AppVibSensor_Task        0x800'4ec3   0x40  Code  Gb  user_app_vib_sensor.o [1]
BusFault_Handler         0x800'555f    0x2  Code  Gb  stm32f4xx_it.o [1]
CSTACK$$Base            0x2000'0c50          --   Gb  - Linker created -
CSTACK$$Limit           0x2000'1050          --   Gb  - Linker created -
Cal_Time                 0x800'0bcd   0x12  Code  Gb  user_util.o [1]
Calculator_Crc_U16       0x800'0f19   0x32  Code  Gb  user_comm_vending_machine.o [1]
Calculator_Scale         0x800'0f8d   0x18  Code  Gb  user_comm_vending_machine.o [1]
CheckList_AT_CONFIG      0x800'5488   0xd0  Data  Gb  user_at_serial.o [1]
Check_AT_User            0x800'5251   0xa8  Code  Gb  user_at_serial.o [1]
Check_Time_Out           0x800'0bb5   0x18  Code  Gb  user_util.o [1]
ConnectSlave            0x2000'0c48    0x1  Data  Gb  user_app_relay.o [1]
ControlRelay             0x800'1291   0x84  Code  Gb  user_app_relay.o [1]
Convert_Hex_To_String_Hex
                         0x800'0c13   0x44  Code  Gb  user_util.o [1]
Convert_Int_To_String    0x800'0fa5   0x82  Code  Gb  user_comm_vending_machine.o [1]
Convert_Int_To_String_Scale
                         0x800'1027   0x7a  Code  Gb  user_comm_vending_machine.o [1]
Convert_String_To_Dec    0x800'0bdf   0x34  Code  Gb  user_util.o [1]
CountResetPcBox         0x2000'0654    0x1  Data  Gb  user_app_pc_box.o [1]
DMA2_Stream0_IRQHandler
                         0x800'55b1    0x6  Code  Gb  stm32f4xx_it.o [1]
DMA_CalcBaseAndBitshift
                         0x800'2c7d   0x26  Code  Lc  stm32f4xx_hal_dma.o [1]
DMA_CalcBaseAndBitshift::flagBitshiftOffset
                         0x800'2ca4    0x8  Data  Lc  stm32f4xx_hal_dma.o [1]
DMA_SetConfig            0x800'2c5d   0x20  Code  Lc  stm32f4xx_hal_dma.o [1]
DebugMon_Handler         0x800'5565    0x2  Code  Gb  stm32f4xx_it.o [1]
EXTI15_10_IRQHandler     0x800'5595   0x16  Code  Gb  stm32f4xx_it.o [1]
EXTI1_IRQHandler         0x800'5575    0x6  Code  Gb  stm32f4xx_it.o [1]
EXTI4_IRQHandler         0x800'557b    0x6  Code  Gb  stm32f4xx_it.o [1]
EXTI9_5_IRQHandler       0x800'5581    0x8  Code  Gb  stm32f4xx_it.o [1]
Error_Handler            0x800'2ff5    0x4  Code  Gb  main.o [1]
Find_String_V2           0x800'5351   0xc6  Code  Gb  user_string.o [1]
Find_str_fix             0x800'5427   0x60  Code  Gb  user_string.o [1]
HAL_ADC_ConfigChannel    0x800'3b3f  0x10e  Code  Gb  stm32f4xx_hal_adc.o [1]
HAL_ADC_Init             0x800'3889  0x154  Code  Gb  stm32f4xx_hal_adc.o [1]
HAL_ADC_MspInit          0x800'3409   0x92  Code  Gb  adc.o [1]
HAL_ADC_Start_DMA        0x800'3a0f  0x130  Code  Gb  stm32f4xx_hal_adc.o [1]
HAL_DMA_Abort            0x800'2a01   0x78  Code  Gb  stm32f4xx_hal_dma.o [1]
HAL_DMA_Abort_IT         0x800'2a79   0x24  Code  Gb  stm32f4xx_hal_dma.o [1]
HAL_DMA_IRQHandler       0x800'2a9d  0x188  Code  Gb  stm32f4xx_hal_dma.o [1]
HAL_DMA_Init             0x800'28b1   0xee  Code  Gb  stm32f4xx_hal_dma.o [1]
HAL_DMA_Start_IT         0x800'299f   0x62  Code  Gb  stm32f4xx_hal_dma.o [1]
HAL_Delay                0x800'0ef1   0x28  Code  Wk  stm32f4xx_hal.o [1]
HAL_GPIO_EXTI_Callback   0x800'20c1   0x50  Code  Gb  user_irq_input.o [1]
HAL_GPIO_EXTI_IRQHandler
                         0x800'0eb1   0x10  Code  Gb  stm32f4xx_hal_gpio.o [1]
HAL_GPIO_Init            0x800'0ccd  0x1c0  Code  Gb  stm32f4xx_hal_gpio.o [1]
HAL_GPIO_ReadPin         0x800'0e8d    0xc  Code  Gb  stm32f4xx_hal_gpio.o [1]
HAL_GPIO_TogglePin       0x800'0ea1   0x10  Code  Gb  stm32f4xx_hal_gpio.o [1]
HAL_GPIO_WritePin        0x800'0e99    0x8  Code  Gb  stm32f4xx_hal_gpio.o [1]
HAL_GetTick              0x800'19b1    0xc  Code  Wk  stm32f4xx_hal.o [1]
HAL_IncTick              0x800'55d5   0x10  Code  Wk  stm32f4xx_hal.o [1]
HAL_Init                 0x800'30fd   0x30  Code  Gb  stm32f4xx_hal.o [1]
HAL_InitTick             0x800'30bd   0x40  Code  Wk  stm32f4xx_hal.o [1]
HAL_MspInit              0x800'3851   0x38  Code  Gb  stm32f4xx_hal_msp.o [1]
HAL_NVIC_EnableIRQ       0x800'3067   0x16  Code  Gb  stm32f4xx_hal_cortex.o [1]
HAL_NVIC_SetPriority     0x800'302d   0x3a  Code  Gb  stm32f4xx_hal_cortex.o [1]
HAL_NVIC_SetPriorityGrouping
                         0x800'3013   0x1a  Code  Gb  stm32f4xx_hal_cortex.o [1]
HAL_RCC_ClockConfig      0x800'2cb5  0x100  Code  Gb  stm32f4xx_hal_rcc.o [1]
HAL_RCC_GetPCLK1Freq     0x800'2dc1   0x10  Code  Gb  stm32f4xx_hal_rcc.o [1]
HAL_RCC_GetPCLK2Freq     0x800'2dd1    0xe  Code  Gb  stm32f4xx_hal_rcc.o [1]
HAL_RCC_OscConfig        0x800'3535  0x31c  Code  Wk  stm32f4xx_hal_rcc.o [1]
HAL_SPI_Init             0x800'22a1   0xb4  Code  Gb  stm32f4xx_hal_spi.o [1]
HAL_SPI_MspInit          0x800'2ea1   0x66  Code  Gb  spi.o [1]
HAL_SPI_TransmitReceive
                         0x800'235d  0x1a4  Code  Gb  stm32f4xx_hal_spi.o [1]
HAL_SYSTICK_Config       0x800'307d   0x28  Code  Gb  stm32f4xx_hal_cortex.o [1]
HAL_UART_IRQHandler      0x800'1b43  0x26a  Code  Gb  stm32f4xx_hal_uart.o [1]
HAL_UART_Init            0x800'19d1   0x1e  Code  Gb  stm32f4xx_hal_uart.o [1]
HAL_UART_MspInit         0x800'2713  0x122  Code  Gb  usart.o [1]
HAL_UART_Receive_IT      0x800'1af7   0x30  Code  Gb  stm32f4xx_hal_uart.o [1]
HAL_UART_RxCpltCallback
                         0x800'1105   0x78  Code  Gb  user_uart.o [1]
HAL_UART_Transmit        0x800'1a47   0xb0  Code  Gb  stm32f4xx_hal_uart.o [1]
HardFault_Handler        0x800'555b    0x2  Code  Gb  stm32f4xx_it.o [1]
Init_AppElectric         0x800'40d1    0xc  Code  Gb  user_app_electric.o [1]
Init_AppRelay            0x800'1331    0xc  Code  Gb  user_app_relay.o [1]
Init_DCU_ID              0x800'09b5   0x84  Code  Gb  user_app_pc_box.o [1]
Init_StatusRelay         0x800'13db   0x92  Code  Gb  user_app_relay.o [1]
Init_Uart_Module         0x800'10d3   0x2c  Code  Gb  user_uart.o [1]
Init_Uart_PcBox_Rx_IT    0x800'10cd    0x6  Code  Gb  user_uart.o [1]
LAYER_PIN                0x800'4ab0   0x10  Data  Lc  user_app_ctrl_motor.o [1]
LAYER_PORT              0x2000'0094   0x1c  Data  Lc  user_app_ctrl_motor.o [1]
LED_Off                  0x800'14f1   0x10  Code  Gb  user_app_relay.o [1]
LED_On                   0x800'14e1   0x10  Code  Gb  user_app_relay.o [1]
LED_PIN                  0x800'1678    0x8  Data  Lc  user_app_relay.o [1]
LED_PORT                0x2000'0718    0xc  Data  Lc  user_app_relay.o [1]
LED_Toggle               0x800'14d1   0x10  Code  Gb  user_app_relay.o [1]
LedRecvPcBox            0x2000'0c47    0x1  Data  Gb  user_app_relay.o [1]
Log_Data_Door            0x800'4bc9   0x38  Code  Gb  user_app_door_sensor.o [1]
Log_Data_Vib             0x800'4e5f   0x34  Code  Gb  user_app_vib_sensor.o [1]
Log_TSVH                 0x800'08fb   0xa8  Code  Gb  user_app_pc_box.o [1]
MX_ADC1_Init             0x800'3381   0x7e  Code  Gb  adc.o [1]
MX_DMA_Init              0x800'334d   0x34  Code  Gb  dma.o [1]
MX_GPIO_Init             0x800'3131  0x1e2  Code  Gb  gpio.o [1]
MX_SPI2_Init             0x800'2e65   0x3c  Code  Gb  spi.o [1]
MX_UART4_Init            0x800'26a9   0x16  Code  Gb  usart.o [1]
MX_USART2_UART_Init      0x800'26bf   0x10  Code  Gb  usart.o [1]
MX_USART3_UART_Init      0x800'26d7   0x10  Code  Gb  usart.o [1]
MX_USART6_UART_Init      0x800'2703   0x10  Code  Gb  usart.o [1]
Main_Task                0x800'34b9   0x64  Code  Gb  user_app_comm.o [1]
MemManage_Handler        0x800'555d    0x2  Code  Gb  stm32f4xx_it.o [1]
ModRTU_CRC               0x800'4f37   0x30  Code  Gb  user_modbus_rtu.o [1]
ModRTU_Master_Read_Frame
                         0x800'4f67   0x3c  Code  Gb  user_modbus_rtu.o [1]
NMI_Handler              0x800'5559    0x2  Code  Gb  stm32f4xx_it.o [1]
Off_Motor_Push           0x800'4971   0x3c  Code  Gb  user_app_ctrl_motor.o [1]
OnOff_Relay              0x800'1315   0x1c  Code  Gb  user_app_relay.o [1]
OnRelay_Warm             0x800'146d   0x1e  Code  Gb  user_app_relay.o [1]
On_Motor_Push            0x800'492d   0x42  Code  Gb  user_app_ctrl_motor.o [1]
Pc_Box_Init              0x800'09a3   0x12  Code  Gb  user_app_pc_box.o [1]
PendSV_Handler           0x800'5567    0x2  Code  Gb  stm32f4xx_it.o [1]
RC                       0x800'5417   0x10  Code  Gb  user_string.o [1]
RELAY_PIN               0x2000'06ec   0x10  Data  Lc  user_app_relay.o [1]
RELAY_PORT              0x2000'06fc   0x1c  Data  Lc  user_app_relay.o [1]
Read_IdSlave_Electric_ExFlash
                         0x800'40a5   0x2c  Code  Gb  user_app_electric.o [1]
Read_Status_Electric_ExFlash
                         0x800'402f   0x32  Code  Gb  user_app_electric.o [1]
Read_Status_Relay_ExFlash
                         0x800'1397   0x3a  Code  Gb  user_app_relay.o [1]
Region$$Table$$Base      0x800'56a8          --   Gb  - Linker created -
Region$$Table$$Limit     0x800'56c8          --   Gb  - Linker created -
Relay_Debug              0x800'1511   0x78  Code  Gb  user_app_relay.o [1]
Relay_Respond_Pc_Box     0x800'1491   0x40  Code  Gb  user_app_relay.o [1]
Reset_Chip               0x800'10a1   0x1c  Code  Gb  user_comm_vending_machine.o [1]
Respond_PcBox            0x800'0f4b    0xe  Code  Gb  user_comm_vending_machine.o [1]
RtCountSystick_u32      0x2000'0c3c    0x4  Data  Gb  user_util.o [1]
S25FL_ChipSelect         0x800'2261   0x14  Code  Gb  S25FL216K.o [1]
S25FL_Send_Byte          0x800'2275   0x22  Code  Gb  S25FL216K.o [1]
SLOT_PIN                 0x800'4ac0   0x14  Data  Lc  user_app_ctrl_motor.o [1]
SLOT_PORT               0x2000'00b0   0x28  Data  Lc  user_app_ctrl_motor.o [1]
SPI_EndRxTxTransaction   0x800'262b   0x50  Code  Lc  stm32f4xx_hal_spi.o [1]
SPI_WaitFlagStateUntilTimeout
                         0x800'256b   0xb4  Code  Lc  stm32f4xx_hal_spi.o [1]
SVC_Handler              0x800'5563    0x2  Code  Gb  stm32f4xx_it.o [1]
Scale_To_Int             0x800'0f59   0x34  Code  Gb  user_comm_vending_machine.o [1]
Set_Threshold_Temperature
                         0x800'44f1   0x3a  Code  Gb  user_app_temperature.o [1]
Status_Power_Respond_PcBox
                         0x800'3fbf   0x34  Code  Gb  user_app_electric.o [1]
SysTick_Handler          0x800'5569    0xc  Code  Gb  stm32f4xx_it.o [1]
SystemClock_Config       0x800'2f49   0xa4  Code  Gb  main.o [1]
SystemCoreClock         0x2000'000c    0x4  Data  Gb  system_stm32f4xx.o [1]
SystemInit               0x800'56c9    0xc  Code  Gb  system_stm32f4xx.o [1]
TaskStatus_u8           0x2000'0c37    0x1  Data  Gb  user_app_comm.o [1]
Threshold_Respond_Pc_Box_Setup
                         0x800'452b   0x4a  Code  Gb  user_app_temperature.o [1]
Transmit_PCBOX           0x800'08bd   0x18  Code  Gb  user_app_pc_box.o [1]
UART4_IRQHandler         0x800'55ab    0x6  Code  Gb  stm32f4xx_it.o [1]
UART_DMAAbortOnError     0x800'1f05    0xc  Code  Lc  stm32f4xx_hal_uart.o [1]
UART_EndRxTransfer       0x800'1ebb   0x2a  Code  Lc  stm32f4xx_hal_uart.o [1]
UART_Receive_IT          0x800'1f11   0xaa  Code  Lc  stm32f4xx_hal_uart.o [1]
UART_SetConfig           0x800'1fe5   0xae  Code  Lc  stm32f4xx_hal_uart.o [1]
UART_Start_Receive_IT    0x800'1e69   0x3a  Code  Gb  stm32f4xx_hal_uart.o [1]
UART_WaitOnFlagUntilTimeout
                         0x800'1dd5   0x5e  Code  Lc  stm32f4xx_hal_uart.o [1]
USART2_IRQHandler        0x800'5589    0x6  Code  Gb  stm32f4xx_it.o [1]
USART3_IRQHandler        0x800'558f    0x6  Code  Gb  stm32f4xx_it.o [1]
USART6_IRQHandler        0x800'55b7    0x6  Code  Gb  stm32f4xx_it.o [1]
UTIL_MEM_set             0x800'0c57    0xe  Code  Gb  user_util.o [1]
UTIL_Printf              0x800'0c65   0x10  Code  Gb  user_util.o [1]
UTIL_Printf_Str          0x800'0c75   0x12  Code  Gb  user_util.o [1]
Uart485Buff             0x2000'0bb4   0x34  Data  Gb  user_uart.o [1]
Uart485RxByte           0x2000'083d    0x1  Data  Gb  user_uart.o [1]
UartDebugBuff           0x2000'08dc   0x64  Data  Gb  user_uart.o [1]
UartDebugRxByte         0x2000'083c    0x1  Data  Gb  user_uart.o [1]
UartPcBoxBuff           0x2000'0940   0x64  Data  Gb  user_uart.o [1]
UartPcBoxRxByte         0x2000'083e    0x1  Data  Gb  user_uart.o [1]
UartSimRxByte           0x2000'0858    0x1  Data  Gb  user_uart.o [1]
UsageFault_Handler       0x800'5561    0x2  Code  Gb  stm32f4xx_it.o [1]
Write_IdSlave_Electric_ExFlash
                         0x800'4061   0x28  Code  Gb  user_app_electric.o [1]
Write_Queue_Repond_PcBox
                         0x800'08d5   0x26  Code  Gb  user_app_pc_box.o [1]
Write_Status_Electric_ExFlash
                         0x800'4005   0x2a  Code  Gb  user_app_electric.o [1]
Write_Status_Relay_ExFlash
                         0x800'133d   0x5a  Code  Gb  user_app_relay.o [1]
__NVIC_SetPriority       0x800'2ff9   0x1a  Code  Lc  stm32f4xx_hal_cortex.o [1]
__aeabi_ldiv0            0x800'2e61         Code  Gb  I64DivZer.o [4]
__aeabi_memclr4          0x800'1681         Code  Gb  ABImemclr4.o [4]
__cmain                  0x800'56e9         Code  Gb  cmain.o [4]
__exit                   0x800'571d   0x14  Code  Gb  exit.o [5]
__iar_Memset4_word       0x800'222d         Code  Gb  ABImemset48.o [4]
__iar_Memset8_word       0x800'222d         Code  Gb  ABImemset48.o [4]
__iar_data_init3         0x800'565d   0x28  Code  Gb  data_init.o [4]
__iar_init_vfp           0x800'5685         Code  Gb  fpinit_M.o [3]
__iar_lz77_init_single3
                         0x800'55e5   0x78  Code  Gb  lz77_init_single.o [4]
__iar_program_start      0x800'57e5         Code  Gb  cstartup_M.o [4]
__iar_small_Memcpy       0x800'2695         Code  Gb  ABImemcpy_small.o [4]
__iar_small_Memset       0x800'19bd         Code  Gb  ABImemset_small.o [4]
__iar_small_Memset_word
                         0x800'19bd         Code  Gb  ABImemset_small.o [4]
__iar_small_memcpy       0x800'2691         Code  Gb  ABImemcpy_small.o [4]
__iar_small_memcpy4      0x800'2691         Code  Gb  ABImemcpy_small.o [4]
__iar_small_memcpy8      0x800'2691         Code  Gb  ABImemcpy_small.o [4]
__iar_small_memset       0x800'19bd         Code  Gb  ABImemset_small.o [4]
__iar_small_strlen       0x800'20ad         Code  Gb  strlen_small.o [4]
__iar_small_uldivmod     0x800'2111         Code  Gb  I64DivMod_small.o [4]
__iar_zero_init3         0x800'1687   0x3a  Code  Gb  zero_init3.o [4]
__low_level_init         0x800'5707    0x4  Code  Gb  low_level_init.o [2]
__vector_table           0x800'0000         Data  Gb  startup_stm32f405xx.o [1]
_call_main               0x800'56f5         Code  Gb  cmain.o [4]
_exit                    0x800'5711         Code  Gb  cexit.o [4]
_fCTRL_RELAY_LAMP        0x800'51f3   0x22  Code  Gb  user_at_serial.o [1]
_fCTRL_RELAY_SCREEN      0x800'51cf   0x24  Code  Gb  user_at_serial.o [1]
_fCTRL_RELAY_WARM        0x800'521d   0x2e  Code  Gb  user_at_serial.o [1]
_fGET_ID_SLAVE           0x800'5151   0x18  Code  Gb  user_at_serial.o [1]
_fGET_SERI_DCU           0x800'4fbf   0x18  Code  Gb  user_at_serial.o [1]
_fGET_SETUP_TEMP         0x800'5061   0x1c  Code  Gb  user_at_serial.o [1]
_fGET_THRESH_TEMP        0x800'50e5   0x1a  Code  Gb  user_at_serial.o [1]
_fRESET_DCU              0x800'4fa5   0x1a  Code  Gb  user_at_serial.o [1]
_fSET_ID_SLAVE           0x800'5169   0x2a  Code  Gb  user_at_serial.o [1]
_fSET_SERI_DCU           0x800'4fd7   0x7e  Code  Gb  user_at_serial.o [1]
_fSET_SETUP_TEMP         0x800'507d   0x46  Code  Gb  user_at_serial.o [1]
_fSET_THRESH_TEMP        0x800'5125   0x2c  Code  Gb  user_at_serial.o [1]
_main                    0x800'5703         Code  Gb  cmain.o [4]
aBuffer_Ping            0x2000'0c08   0x14  Data  Gb  user_app_pc_box.o [1]
aDATA_CONFIG            0x2000'085c   0x80  Data  Gb  user_at_serial.o [1]
aDCU_ID                 0x2000'0668   0x14  Data  Gb  user_app_pc_box.o [1]
eFlash_S25FL_BufferRead
                         0x800'183f   0x60  Code  Gb  user_external_flash.o [1]
eFlash_S25FL_BufferWrite
                         0x800'1803   0x34  Code  Gb  user_external_flash.o [1]
eFlash_S25FL_CheckWriteEnable
                         0x800'175d   0x28  Code  Gb  user_external_flash.o [1]
eFlash_S25FL_Enable      0x800'16c7   0x16  Code  Gb  user_external_flash.o [1]
eFlash_S25FL_Erase_Sector
                         0x800'16dd   0x4a  Code  Gb  user_external_flash.o [1]
eFlash_S25FL_PageWrite   0x800'179f   0x5c  Code  Gb  user_external_flash.o [1]
eFlash_S25FL_WaitForWriteEnd
                         0x800'172d   0x2a  Code  Gb  user_external_flash.o [1]
exit                     0x800'570b    0x4  Code  Gb  exit.o [2]
fevent_active            0x800'0c9d   0x10  Code  Gb  event_driven.o [1]
fevent_at_debug_complete_receive
                         0x800'475d   0x20  Code  Lc  user_app_at_debug.o [1]
fevent_at_debug_entry    0x800'471d   0x18  Code  Lc  user_app_at_debug.o [1]
fevent_at_debug_receive_handle
                         0x800'4735   0x28  Code  Lc  user_app_at_debug.o [1]
fevent_at_debug_receive_handle::countBuffer_uart
                        0x2000'0040    0x2  Data  Lc  user_app_at_debug.o [1]
fevent_control_led_pcbox
                         0x800'122b   0x3e  Code  Lc  user_app_relay.o [1]
fevent_control_led_slave
                         0x800'1269   0x26  Code  Lc  user_app_relay.o [1]
fevent_control_led_status
                         0x800'11f7   0x34  Code  Lc  user_app_relay.o [1]
fevent_control_motor_push
                         0x800'47f1   0x32  Code  Lc  user_app_ctrl_motor.o [1]
fevent_dcu_ping_pc_box   0x800'0797   0x50  Code  Lc  user_app_pc_box.o [1]
fevent_disable           0x800'0cc1    0xc  Code  Gb  event_driven.o [1]
fevent_door_ctrl_respond
                         0x800'4b25   0x6c  Code  Lc  user_app_door_sensor.o [1]
fevent_door_ctrl_respond::On_RL_Warm
                        0x2000'0c36    0x1  Data  Lc  user_app_door_sensor.o [1]
fevent_door_ctrl_respond::status
                        0x2000'0c35    0x1  Data  Lc  user_app_door_sensor.o [1]
fevent_door_ctrl_respond::status_before
                        0x2000'0c34    0x1  Data  Lc  user_app_door_sensor.o [1]
fevent_door_entry        0x800'4ad5    0xe  Code  Lc  user_app_door_sensor.o [1]
fevent_door_respond_pc_box
                         0x800'4b91   0x38  Code  Lc  user_app_door_sensor.o [1]
fevent_door_sensor       0x800'4ae3   0x42  Code  Lc  user_app_door_sensor.o [1]
fevent_electric_entry    0x800'3d1d   0x14  Code  Lc  user_app_electric.o [1]
fevent_electric_handle_485
                         0x800'3ddb   0xf2  Code  Lc  user_app_electric.o [1]
fevent_electric_handle_485::CountStateConnect
                        0x2000'019d    0x1  Data  Lc  user_app_electric.o [1]
fevent_electric_handle_485::CountStatePower
                        0x2000'019c    0x1  Data  Lc  user_app_electric.o [1]
fevent_electric_handle_power
                         0x800'3f43   0x68  Code  Lc  user_app_electric.o [1]
fevent_electric_off_power
                         0x800'3ecd   0x6e  Code  Lc  user_app_electric.o [1]
fevent_electric_receive_485
                         0x800'3dab   0x30  Code  Lc  user_app_electric.o [1]
fevent_electric_receive_485::countBuffer_uart
                        0x2000'0c40    0x2  Data  Lc  user_app_electric.o [1]
fevent_electric_send_meter
                         0x800'3fab    0xc  Code  Lc  user_app_electric.o [1]
fevent_electric_transmit_485
                         0x800'3d31   0x7a  Code  Lc  user_app_electric.o [1]
fevent_enable            0x800'0cad   0x14  Code  Gb  event_driven.o [1]
fevent_input_motor_push
                         0x800'4823   0x44  Code  Lc  user_app_ctrl_motor.o [1]
fevent_motor_entry       0x800'47d1   0x20  Code  Lc  user_app_ctrl_motor.o [1]
fevent_motor_push_off_error
                         0x800'4867   0x16  Code  Lc  user_app_ctrl_motor.o [1]
fevent_pcbox_complete_receive
                         0x800'0257  0x306  Code  Lc  user_app_pc_box.o [1]
fevent_pcbox_entry       0x800'0189   0x6e  Code  Lc  user_app_pc_box.o [1]
fevent_pcbox_get_dcu_ID
                         0x800'0649   0x52  Code  Lc  user_app_pc_box.o [1]
fevent_pcbox_log_tsvh    0x800'055d   0x30  Code  Lc  user_app_pc_box.o [1]
fevent_pcbox_ping_dcu    0x800'058d   0x40  Code  Lc  user_app_pc_box.o [1]
fevent_pcbox_receive_handle
                         0x800'0227   0x30  Code  Lc  user_app_pc_box.o [1]
fevent_pcbox_receive_handle::countBuffer_uart
                        0x2000'0c42    0x2  Data  Lc  user_app_pc_box.o [1]
fevent_pcbox_set_dcu_ID
                         0x800'05cd   0x7c  Code  Lc  user_app_pc_box.o [1]
fevent_queue_respond_immediately
                         0x800'0721   0x38  Code  Lc  user_app_pc_box.o [1]
fevent_queue_respond_time
                         0x800'0759   0x3e  Code  Lc  user_app_pc_box.o [1]
fevent_refresh_dcu       0x800'0859   0x5c  Code  Lc  user_app_pc_box.o [1]
fevent_relay_entry       0x800'1195   0x1c  Code  Lc  user_app_relay.o [1]
fevent_relay_warm_off    0x800'11dd   0x1a  Code  Lc  user_app_relay.o [1]
fevent_relay_warm_on     0x800'11bd   0x18  Code  Lc  user_app_relay.o [1]
fevent_relay_warm_refresh
                         0x800'11b1    0xc  Code  Lc  user_app_relay.o [1]
fevent_reset_dcu         0x800'06a9   0x5a  Code  Lc  user_app_pc_box.o [1]
fevent_reset_pc_box      0x800'07ff   0x42  Code  Lc  user_app_pc_box.o [1]
fevent_reset_pc_box::state_reset
                        0x2000'0c46    0x1  Data  Lc  user_app_pc_box.o [1]
fevent_respond_pcbox     0x800'487d   0xa6  Code  Lc  user_app_ctrl_motor.o [1]
fevent_temp_calculator   0x800'42f5  0x106  Code  Lc  user_app_temperature.o [1]
fevent_temp_ctrl_fridge
                         0x800'4445   0x7e  Code  Lc  user_app_temperature.o [1]
fevent_temp_entry        0x800'425d   0x40  Code  Lc  user_app_temperature.o [1]
fevent_temp_entry::once
                        0x2000'07ac    0x1  Data  Lc  user_app_temperature.o [1]
fevent_temp_get_adc      0x800'429d   0x56  Code  Lc  user_app_temperature.o [1]
fevent_temp_get_adc::count
                        0x2000'07ad    0x1  Data  Lc  user_app_temperature.o [1]
fevent_temp_off_fridge_frozen
                         0x800'44d1   0x20  Code  Lc  user_app_temperature.o [1]
fevent_temp_read_setuptemp
                         0x800'4411   0x34  Code  Lc  user_app_temperature.o [1]
fevent_temp_set_setuptemp
                         0x800'43fb   0x16  Code  Lc  user_app_temperature.o [1]
fevent_temp_time_get     0x800'44c3    0xe  Code  Lc  user_app_temperature.o [1]
fevent_vib_led_warning   0x800'4ddf   0x76  Code  Lc  user_app_vib_sensor.o [1]
fevent_vib_led_warning::Count_Morse
                        0x2000'0c45    0x1  Data  Lc  user_app_vib_sensor.o [1]
fevent_vib_led_warning::Count_Toggle
                        0x2000'0c44    0x1  Data  Lc  user_app_vib_sensor.o [1]
fevent_vib_off_alarm     0x800'4dcd   0x12  Code  Lc  user_app_vib_sensor.o [1]
fevent_vib_sensor        0x800'4d2d   0xa0  Code  Lc  user_app_vib_sensor.o [1]
fevent_vib_sensor::GetTickLevelAlarm
                        0x2000'0838    0x4  Data  Lc  user_app_vib_sensor.o [1]
fevent_vib_sensor_entry
                         0x800'4ce9    0xe  Code  Lc  user_app_vib_sensor.o [1]
fevent_vib_sensor_scan   0x800'4cf7   0x36  Code  Lc  user_app_vib_sensor.o [1]
fevent_wait_reset_pc_box
                         0x800'0841   0x14  Code  Lc  user_app_pc_box.o [1]
fevent_wdg_stm32f4       0x800'01f7   0x30  Code  Lc  user_app_pc_box.o [1]
hadc1                   0x2000'0a5c   0x48  Data  Gb  adc.o [1]
hdma_adc1               0x2000'09a4   0x60  Data  Gb  adc.o [1]
hspi2                   0x2000'0a04   0x58  Data  Gb  spi.o [1]
huart2                  0x2000'0ae8   0x44  Data  Gb  usart.o [1]
huart3                  0x2000'0b2c   0x44  Data  Gb  usart.o [1]
huart4                  0x2000'0aa4   0x44  Data  Gb  usart.o [1]
huart6                  0x2000'0b70   0x44  Data  Gb  usart.o [1]
main                     0x800'2f19   0x30  Code  Gb  main.o [1]
memset                   0x800'2217   0x14  Code  Gb  memset.o [4]
qGet_Number_Items        0x800'19ab    0x4  Code  Gb  queue_p.o [1]
qQueue_Create            0x800'18e9   0x22  Code  Gb  queue_p.o [1]
qQueue_Receive           0x800'1969   0x42  Code  Gb  queue_p.o [1]
qQueue_Send              0x800'190b   0x5e  Code  Gb  queue_p.o [1]
qRespondPcBox           0x2000'0634   0x18  Data  Gb  user_app_pc_box.o [1]
sBuffer_Ping            0x2000'0658    0x8  Data  Gb  user_app_pc_box.o [1]
sDCU_ID                 0x2000'0660    0x8  Data  Gb  user_app_pc_box.o [1]
sElectric               0x2000'0188   0x14  Data  Gb  user_app_electric.o [1]
sEventAppAtDebug        0x2000'0010   0x30  Data  Gb  user_app_at_debug.o [1]
sEventAppDoorSensor     0x2000'00d8   0x40  Data  Gb  user_app_door_sensor.o [1]
sEventAppElectric       0x2000'0118   0x70  Data  Gb  user_app_electric.o [1]
sEventAppMotor          0x2000'0044   0x50  Data  Gb  user_app_ctrl_motor.o [1]
sEventAppPcBox          0x2000'01a0   0xf0  Data  Gb  user_app_pc_box.o [1]
sEventAppRelay          0x2000'067c   0x70  Data  Gb  user_app_relay.o [1]
sEventAppTemperature    0x2000'0724   0x80  Data  Gb  user_app_temperature.o [1]
sEventAppVibSensor      0x2000'07d8   0x50  Data  Gb  user_app_vib_sensor.o [1]
sInforPush              0x2000'0c24    0x4  Data  Gb  user_app_ctrl_motor.o [1]
sPushMotor              0x2000'0c1c    0x8  Data  Gb  user_app_ctrl_motor.o [1]
sQueueReadData          0x2000'0be8   0x20  Data  Gb  user_app_pc_box.o [1]
sQueueRespondPcBox      0x2000'0290  0x3a4  Data  Gb  user_app_pc_box.o [1]
sStatusApp              0x2000'064c    0x8  Data  Gb  user_app_pc_box.o [1]
sStatusDoor             0x2000'0c30    0x4  Data  Gb  user_app_door_sensor.o [1]
sStatusRelay            0x2000'0c28    0x8  Data  Gb  user_app_relay.o [1]
sStatusVib              0x2000'07c8   0x10  Data  Gb  user_app_vib_sensor.o [1]
sStatusVib_Scan         0x2000'0828   0x10  Data  Gb  user_app_vib_sensor.o [1]
sTemp_Crtl_Fridge       0x2000'07a4    0x4  Data  Gb  user_app_temperature.o [1]
sTemp_Thresh_Recv       0x2000'0c38    0x4  Data  Gb  user_app_temperature.o [1]
sTemperature            0x2000'07a8    0x4  Data  Gb  user_app_temperature.o [1]
sUart485                0x2000'0848    0x8  Data  Gb  user_uart.o [1]
sUartDebug              0x2000'0840    0x8  Data  Gb  user_uart.o [1]
sUartPcBox              0x2000'0850    0x8  Data  Gb  user_uart.o [1]
uwTick                  0x2000'0004    0x4  Data  Gb  stm32f4xx_hal.o [1]
uwTickFreq              0x2000'0000    0x1  Data  Gb  stm32f4xx_hal.o [1]
uwTickPrio              0x2000'0008    0x4  Data  Gb  stm32f4xx_hal.o [1]


[1] = D:\Saoviet_Git\Saoviet_Vending_Machine\Saoviet_Maybanhang\EWARM\Saoviet_Maybanhang\Obj
[2] = dl7M_tlf.a
[3] = m7M_tls.a
[4] = rt7M_tl.a
[5] = shb_l.a

  22'380 bytes of readonly  code memory
     969 bytes of readonly  data memory
   4'166 bytes of readwrite data memory

Errors: none
Warnings: none
