###############################################################################
#
# IAR ELF Linker V8.40.2.214/W32 for ARM                  21/Aug/2023  17:24:39
# Copyright 2007-2019 IAR Systems AB.
#
#    Output file  =
#        D:\Project_STM32\Saoviet_Maybanhang_Std\Saoviet_Maybanhang\EWARM\Saoviet_Maybanhang\Exe\Saoviet_Maybanhang.out
#    Map file     =
#        D:\Project_STM32\Saoviet_Maybanhang_Std\Saoviet_Maybanhang\EWARM\Saoviet_Maybanhang\List\Saoviet_Maybanhang.map
#    Command line =
#        -f C:\Users\PC\AppData\Local\Temp\EW4DCF.tmp
#        (D:\Project_STM32\Saoviet_Maybanhang_Std\Saoviet_Maybanhang\EWARM\Saoviet_Maybanhang\Obj\adc.o
#        D:\Project_STM32\Saoviet_Maybanhang_Std\Saoviet_Maybanhang\EWARM\Saoviet_Maybanhang\Obj\dma.o
#        D:\Project_STM32\Saoviet_Maybanhang_Std\Saoviet_Maybanhang\EWARM\Saoviet_Maybanhang\Obj\event_driven.o
#        D:\Project_STM32\Saoviet_Maybanhang_Std\Saoviet_Maybanhang\EWARM\Saoviet_Maybanhang\Obj\gpio.o
#        D:\Project_STM32\Saoviet_Maybanhang_Std\Saoviet_Maybanhang\EWARM\Saoviet_Maybanhang\Obj\main.o
#        D:\Project_STM32\Saoviet_Maybanhang_Std\Saoviet_Maybanhang\EWARM\Saoviet_Maybanhang\Obj\onchipflash.o
#        D:\Project_STM32\Saoviet_Maybanhang_Std\Saoviet_Maybanhang\EWARM\Saoviet_Maybanhang\Obj\queue_p.o
#        D:\Project_STM32\Saoviet_Maybanhang_Std\Saoviet_Maybanhang\EWARM\Saoviet_Maybanhang\Obj\S25FL216K.o
#        D:\Project_STM32\Saoviet_Maybanhang_Std\Saoviet_Maybanhang\EWARM\Saoviet_Maybanhang\Obj\spi.o
#        D:\Project_STM32\Saoviet_Maybanhang_Std\Saoviet_Maybanhang\EWARM\Saoviet_Maybanhang\Obj\startup_stm32f405xx.o
#        D:\Project_STM32\Saoviet_Maybanhang_Std\Saoviet_Maybanhang\EWARM\Saoviet_Maybanhang\Obj\stm32f4xx_hal.o
#        D:\Project_STM32\Saoviet_Maybanhang_Std\Saoviet_Maybanhang\EWARM\Saoviet_Maybanhang\Obj\stm32f4xx_hal_adc.o
#        D:\Project_STM32\Saoviet_Maybanhang_Std\Saoviet_Maybanhang\EWARM\Saoviet_Maybanhang\Obj\stm32f4xx_hal_adc_ex.o
#        D:\Project_STM32\Saoviet_Maybanhang_Std\Saoviet_Maybanhang\EWARM\Saoviet_Maybanhang\Obj\stm32f4xx_hal_cortex.o
#        D:\Project_STM32\Saoviet_Maybanhang_Std\Saoviet_Maybanhang\EWARM\Saoviet_Maybanhang\Obj\stm32f4xx_hal_dma.o
#        D:\Project_STM32\Saoviet_Maybanhang_Std\Saoviet_Maybanhang\EWARM\Saoviet_Maybanhang\Obj\stm32f4xx_hal_dma_ex.o
#        D:\Project_STM32\Saoviet_Maybanhang_Std\Saoviet_Maybanhang\EWARM\Saoviet_Maybanhang\Obj\stm32f4xx_hal_exti.o
#        D:\Project_STM32\Saoviet_Maybanhang_Std\Saoviet_Maybanhang\EWARM\Saoviet_Maybanhang\Obj\stm32f4xx_hal_flash.o
#        D:\Project_STM32\Saoviet_Maybanhang_Std\Saoviet_Maybanhang\EWARM\Saoviet_Maybanhang\Obj\stm32f4xx_hal_flash_ex.o
#        D:\Project_STM32\Saoviet_Maybanhang_Std\Saoviet_Maybanhang\EWARM\Saoviet_Maybanhang\Obj\stm32f4xx_hal_flash_ramfunc.o
#        D:\Project_STM32\Saoviet_Maybanhang_Std\Saoviet_Maybanhang\EWARM\Saoviet_Maybanhang\Obj\stm32f4xx_hal_gpio.o
#        D:\Project_STM32\Saoviet_Maybanhang_Std\Saoviet_Maybanhang\EWARM\Saoviet_Maybanhang\Obj\stm32f4xx_hal_msp.o
#        D:\Project_STM32\Saoviet_Maybanhang_Std\Saoviet_Maybanhang\EWARM\Saoviet_Maybanhang\Obj\stm32f4xx_hal_pwr.o
#        D:\Project_STM32\Saoviet_Maybanhang_Std\Saoviet_Maybanhang\EWARM\Saoviet_Maybanhang\Obj\stm32f4xx_hal_pwr_ex.o
#        D:\Project_STM32\Saoviet_Maybanhang_Std\Saoviet_Maybanhang\EWARM\Saoviet_Maybanhang\Obj\stm32f4xx_hal_rcc.o
#        D:\Project_STM32\Saoviet_Maybanhang_Std\Saoviet_Maybanhang\EWARM\Saoviet_Maybanhang\Obj\stm32f4xx_hal_rcc_ex.o
#        D:\Project_STM32\Saoviet_Maybanhang_Std\Saoviet_Maybanhang\EWARM\Saoviet_Maybanhang\Obj\stm32f4xx_hal_spi.o
#        D:\Project_STM32\Saoviet_Maybanhang_Std\Saoviet_Maybanhang\EWARM\Saoviet_Maybanhang\Obj\stm32f4xx_hal_tim.o
#        D:\Project_STM32\Saoviet_Maybanhang_Std\Saoviet_Maybanhang\EWARM\Saoviet_Maybanhang\Obj\stm32f4xx_hal_tim_ex.o
#        D:\Project_STM32\Saoviet_Maybanhang_Std\Saoviet_Maybanhang\EWARM\Saoviet_Maybanhang\Obj\stm32f4xx_hal_uart.o
#        D:\Project_STM32\Saoviet_Maybanhang_Std\Saoviet_Maybanhang\EWARM\Saoviet_Maybanhang\Obj\stm32f4xx_it.o
#        D:\Project_STM32\Saoviet_Maybanhang_Std\Saoviet_Maybanhang\EWARM\Saoviet_Maybanhang\Obj\stm32f4xx_ll_adc.o
#        D:\Project_STM32\Saoviet_Maybanhang_Std\Saoviet_Maybanhang\EWARM\Saoviet_Maybanhang\Obj\system_stm32f4xx.o
#        D:\Project_STM32\Saoviet_Maybanhang_Std\Saoviet_Maybanhang\EWARM\Saoviet_Maybanhang\Obj\usart.o
#        D:\Project_STM32\Saoviet_Maybanhang_Std\Saoviet_Maybanhang\EWARM\Saoviet_Maybanhang\Obj\user_app_at_debug.o
#        D:\Project_STM32\Saoviet_Maybanhang_Std\Saoviet_Maybanhang\EWARM\Saoviet_Maybanhang\Obj\user_app_comm.o
#        D:\Project_STM32\Saoviet_Maybanhang_Std\Saoviet_Maybanhang\EWARM\Saoviet_Maybanhang\Obj\user_app_ctrl_motor.o
#        D:\Project_STM32\Saoviet_Maybanhang_Std\Saoviet_Maybanhang\EWARM\Saoviet_Maybanhang\Obj\user_app_door_sensor.o
#        D:\Project_STM32\Saoviet_Maybanhang_Std\Saoviet_Maybanhang\EWARM\Saoviet_Maybanhang\Obj\user_app_electric.o
#        D:\Project_STM32\Saoviet_Maybanhang_Std\Saoviet_Maybanhang\EWARM\Saoviet_Maybanhang\Obj\user_app_pc_box.o
#        D:\Project_STM32\Saoviet_Maybanhang_Std\Saoviet_Maybanhang\EWARM\Saoviet_Maybanhang\Obj\user_app_relay.o
#        D:\Project_STM32\Saoviet_Maybanhang_Std\Saoviet_Maybanhang\EWARM\Saoviet_Maybanhang\Obj\user_app_temperature.o
#        D:\Project_STM32\Saoviet_Maybanhang_Std\Saoviet_Maybanhang\EWARM\Saoviet_Maybanhang\Obj\user_app_vib_sensor.o
#        D:\Project_STM32\Saoviet_Maybanhang_Std\Saoviet_Maybanhang\EWARM\Saoviet_Maybanhang\Obj\user_at_serial.o
#        D:\Project_STM32\Saoviet_Maybanhang_Std\Saoviet_Maybanhang\EWARM\Saoviet_Maybanhang\Obj\user_comm_vending_machine.o
#        D:\Project_STM32\Saoviet_Maybanhang_Std\Saoviet_Maybanhang\EWARM\Saoviet_Maybanhang\Obj\user_external_flash.o
#        D:\Project_STM32\Saoviet_Maybanhang_Std\Saoviet_Maybanhang\EWARM\Saoviet_Maybanhang\Obj\user_internal_mem.o
#        D:\Project_STM32\Saoviet_Maybanhang_Std\Saoviet_Maybanhang\EWARM\Saoviet_Maybanhang\Obj\user_irq_input.o
#        D:\Project_STM32\Saoviet_Maybanhang_Std\Saoviet_Maybanhang\EWARM\Saoviet_Maybanhang\Obj\user_modbus_rtu.o
#        D:\Project_STM32\Saoviet_Maybanhang_Std\Saoviet_Maybanhang\EWARM\Saoviet_Maybanhang\Obj\user_string.o
#        D:\Project_STM32\Saoviet_Maybanhang_Std\Saoviet_Maybanhang\EWARM\Saoviet_Maybanhang\Obj\user_uart.o
#        D:\Project_STM32\Saoviet_Maybanhang_Std\Saoviet_Maybanhang\EWARM\Saoviet_Maybanhang\Obj\user_util.o
#        --no_out_extension -o
#        D:\Project_STM32\Saoviet_Maybanhang_Std\Saoviet_Maybanhang\EWARM\Saoviet_Maybanhang\Exe\Saoviet_Maybanhang.out
#        --redirect _Printf=_PrintfFullNoMb --redirect _Scanf=_ScanfFullNoMb
#        --map
#        D:\Project_STM32\Saoviet_Maybanhang_Std\Saoviet_Maybanhang\EWARM\Saoviet_Maybanhang\List\Saoviet_Maybanhang.map
#        --config
#        D:\Project_STM32\Saoviet_Maybanhang_Std\Saoviet_Maybanhang\EWARM/stm32f405xx_flash.icf
#        --semihosting --entry __iar_program_start --vfe --text_out locale)
#
###############################################################################

*******************************************************************************
*** RUNTIME MODEL ATTRIBUTES
***

CppFlavor       = *
__SystemLibrary = DLib
__dlib_version  = 6


*******************************************************************************
*** HEAP SELECTION
***

The basic heap was selected because no calls to memory allocation
functions were found in the application outside of system library
functions, and there are calls to deallocation functions in the
application.


*******************************************************************************
*** PLACEMENT SUMMARY
***

"A0":  place at address 0x800'0000 { ro section .intvec };
"P1":  place in [from 0x800'0000 to 0x80f'ffff] { ro };
define block CSTACK with size = 1K, alignment = 8 { };
define block HEAP with size = 512, alignment = 8 { };
"P2":  place in [from 0x2000'0000 to 0x2001'ffff] {
          rw, block CSTACK, block HEAP };
initialize by copy { rw };

  Section            Kind         Address    Size  Object
  -------            ----         -------    ----  ------
"A0":                                       0x188
  .intvec            ro code   0x800'0000   0x188  startup_stm32f405xx.o [1]
                             - 0x800'0188   0x188

"P1":                                      0x4bcc
  .text              ro code   0x800'0188   0x6fc  user_app_pc_box.o [1]
  .text              ro code   0x800'0884   0x214  stm32f4xx_hal_gpio.o [1]
  .text              ro code   0x800'0a98    0x28  stm32f4xx_hal.o [1]
  .text              ro code   0x800'0ac0    0x30  event_driven.o [1]
  .text              ro code   0x800'0af0   0x178  user_comm_vending_machine.o [1]
  .text              ro code   0x800'0c68    0xc0  user_uart.o [1]
  .text              ro code   0x800'0d28    0xe8  user_util.o [1]
  .text              ro code   0x800'0e10     0x6  ABImemclr4.o [4]
  .text              ro code   0x800'0e16    0x3a  zero_init3.o [4]
  .text              ro code   0x800'0e50   0x228  user_external_flash.o [1]
  .text              ro code   0x800'1078    0xc6  queue_p.o [1]
  .text              ro code   0x800'1140   0x444  user_app_relay.o [1]
  .text              ro code   0x800'1584     0xc  stm32f4xx_hal.o [1]
  .text              ro code   0x800'1590    0x50  user_irq_input.o [1]
  .text              ro code   0x800'15e0   0x6dc  stm32f4xx_hal_uart.o [1]
  .text              ro code   0x800'1cbc    0x12  ABImemset_small.o [4]
  .text              ro code   0x800'1cd0    0x14  strlen_small.o [4]
  .text              ro code   0x800'1ce4    0x32  ABImemset48.o [4]
  .text              ro code   0x800'1d18    0x40  S25FL216K.o [1]
  .text              ro code   0x800'1d58   0x3f0  stm32f4xx_hal_spi.o [1]
  .text              ro code   0x800'2148    0x18  ABImemcpy_small.o [4]
  .text              ro code   0x800'2160    0x14  memset.o [4]
  .text              ro code   0x800'2174   0x204  usart.o [1]
  .text              ro code   0x800'2378   0x3fc  stm32f4xx_hal_dma.o [1]
  .text              ro code   0x800'2774     0x2  stm32f4xx_hal_uart.o [1]
  .text              ro code   0x800'2776     0x2  stm32f4xx_hal_uart.o [1]
  .text              ro code   0x800'2778     0x2  stm32f4xx_hal_uart.o [1]
  .text              ro code   0x800'277c   0x1ac  stm32f4xx_hal_rcc.o [1]
  .text              ro code   0x800'2928   0x106  I64DivMod_small.o [4]
  .text              ro code   0x800'2a30    0xb4  spi.o [1]
  .text              ro code   0x800'2ae4    0xe0  main.o [1]
  .text              ro code   0x800'2bc4    0xc4  stm32f4xx_hal_cortex.o [1]
  .text              ro code   0x800'2c88    0x40  stm32f4xx_hal.o [1]
  .text              ro code   0x800'2cc8     0x2  I64DivZer.o [4]
  .text              ro code   0x800'2ccc    0x34  stm32f4xx_hal.o [1]
  .text              ro code   0x800'2d00   0x21c  gpio.o [1]
  .text              ro code   0x800'2f1c    0x34  dma.o [1]
  .text              ro code   0x800'2f50   0x138  adc.o [1]
  .text              ro code   0x800'3088    0x78  user_app_comm.o [1]
  .text              ro code   0x800'3100   0x31c  stm32f4xx_hal_rcc.o [1]
  .text              ro code   0x800'341c    0x38  stm32f4xx_hal_msp.o [1]
  .text              ro code   0x800'3454   0x492  stm32f4xx_hal_adc.o [1]
  .text              ro code   0x800'38e8   0x3f8  user_app_temperature.o [1]
  .text              ro code   0x800'3ce0    0x9c  user_app_at_debug.o [1]
  .text              ro code   0x800'3d7c   0x2f4  user_app_ctrl_motor.o [1]
  .text              ro code   0x800'4070   0x1e4  user_app_door_sensor.o [1]
  .text              ro code   0x800'4254    0xfc  user_app_electric.o [1]
  .text              ro code   0x800'4350   0x164  user_app_vib_sensor.o [1]
  .text              ro code   0x800'44b4     0x2  stm32f4xx_hal_adc.o [1]
  .text              ro code   0x800'44b6     0x2  stm32f4xx_hal_adc.o [1]
  .text              ro code   0x800'44b8     0x2  stm32f4xx_hal_adc.o [1]
  .text              ro code   0x800'44bc   0x1ec  user_at_serial.o [1]
  .text              ro code   0x800'46a8   0x136  user_string.o [1]
  .text              ro code   0x800'47e0    0x7c  stm32f4xx_it.o [1]
  .text              ro code   0x800'485c    0x10  stm32f4xx_hal.o [1]
  .text              ro code   0x800'486c    0x78  lz77_init_single.o [4]
  .rodata            const     0x800'48e4    0x60  user_at_serial.o [1]
  .text              ro code   0x800'4944    0x28  data_init.o [4]
  .text              ro code   0x800'496c    0x22  fpinit_M.o [3]
  .iar.init_table    const     0x800'4990    0x20  - Linker created -
  .text              ro code   0x800'49b0    0x20  system_stm32f4xx.o [1]
  .text              ro code   0x800'49d0    0x1e  cmain.o [4]
  .text              ro code   0x800'49ee     0x4  low_level_init.o [2]
  .text              ro code   0x800'49f2     0x4  exit.o [2]
  .text              ro code   0x800'49f8     0xa  cexit.o [4]
  .text              ro code   0x800'4a04    0x14  exit.o [5]
  .rodata            const     0x800'4a18    0x10  user_at_serial.o [1]
  .rodata            const     0x800'4a28    0x10  user_at_serial.o [1]
  .text              ro code   0x800'4a38    0x10  startup_stm32f405xx.o [1]
  .rodata            const     0x800'4a48     0xc  user_at_serial.o [1]
  .rodata            const     0x800'4a54     0xc  user_at_serial.o [1]
  .rodata            const     0x800'4a60     0xc  user_at_serial.o [1]
  .text              ro code   0x800'4a6c     0xc  cstartup_M.o [4]
  .rodata            const     0x800'4a78     0x8  system_stm32f4xx.o [1]
  .rodata            const     0x800'4a80     0x8  user_at_serial.o [1]
  .text              ro code   0x800'4a88     0x4  startup_stm32f405xx.o [1]
  .text              ro code   0x800'4a8c     0x4  startup_stm32f405xx.o [1]
  .text              ro code   0x800'4a90     0x4  startup_stm32f405xx.o [1]
  .text              ro code   0x800'4a94     0x4  startup_stm32f405xx.o [1]
  .text              ro code   0x800'4a98     0x4  startup_stm32f405xx.o [1]
  .text              ro code   0x800'4a9c     0x4  startup_stm32f405xx.o [1]
  .text              ro code   0x800'4aa0     0x4  startup_stm32f405xx.o [1]
  .text              ro code   0x800'4aa4     0x4  startup_stm32f405xx.o [1]
  .text              ro code   0x800'4aa8     0x4  startup_stm32f405xx.o [1]
  .text              ro code   0x800'4aac     0x4  startup_stm32f405xx.o [1]
  .text              ro code   0x800'4ab0     0x4  startup_stm32f405xx.o [1]
  .text              ro code   0x800'4ab4     0x4  startup_stm32f405xx.o [1]
  .text              ro code   0x800'4ab8     0x4  startup_stm32f405xx.o [1]
  .text              ro code   0x800'4abc     0x4  startup_stm32f405xx.o [1]
  .text              ro code   0x800'4ac0     0x4  startup_stm32f405xx.o [1]
  .text              ro code   0x800'4ac4     0x4  startup_stm32f405xx.o [1]
  .text              ro code   0x800'4ac8     0x4  startup_stm32f405xx.o [1]
  .text              ro code   0x800'4acc     0x4  startup_stm32f405xx.o [1]
  .text              ro code   0x800'4ad0     0x4  startup_stm32f405xx.o [1]
  .text              ro code   0x800'4ad4     0x4  startup_stm32f405xx.o [1]
  .text              ro code   0x800'4ad8     0x4  startup_stm32f405xx.o [1]
  .text              ro code   0x800'4adc     0x4  startup_stm32f405xx.o [1]
  .text              ro code   0x800'4ae0     0x4  startup_stm32f405xx.o [1]
  .text              ro code   0x800'4ae4     0x4  startup_stm32f405xx.o [1]
  .text              ro code   0x800'4ae8     0x4  startup_stm32f405xx.o [1]
  .text              ro code   0x800'4aec     0x4  startup_stm32f405xx.o [1]
  .text              ro code   0x800'4af0     0x4  startup_stm32f405xx.o [1]
  .text              ro code   0x800'4af4     0x4  startup_stm32f405xx.o [1]
  .text              ro code   0x800'4af8     0x4  startup_stm32f405xx.o [1]
  .text              ro code   0x800'4afc     0x4  startup_stm32f405xx.o [1]
  .text              ro code   0x800'4b00     0x4  startup_stm32f405xx.o [1]
  .text              ro code   0x800'4b04     0x4  startup_stm32f405xx.o [1]
  .text              ro code   0x800'4b08     0x4  startup_stm32f405xx.o [1]
  .text              ro code   0x800'4b0c     0x4  startup_stm32f405xx.o [1]
  .text              ro code   0x800'4b10     0x4  startup_stm32f405xx.o [1]
  .text              ro code   0x800'4b14     0x4  startup_stm32f405xx.o [1]
  .text              ro code   0x800'4b18     0x4  startup_stm32f405xx.o [1]
  .text              ro code   0x800'4b1c     0x4  startup_stm32f405xx.o [1]
  .text              ro code   0x800'4b20     0x4  startup_stm32f405xx.o [1]
  .text              ro code   0x800'4b24     0x4  startup_stm32f405xx.o [1]
  .text              ro code   0x800'4b28     0x4  startup_stm32f405xx.o [1]
  .text              ro code   0x800'4b2c     0x4  startup_stm32f405xx.o [1]
  .text              ro code   0x800'4b30     0x4  startup_stm32f405xx.o [1]
  .text              ro code   0x800'4b34     0x4  startup_stm32f405xx.o [1]
  .text              ro code   0x800'4b38     0x4  startup_stm32f405xx.o [1]
  .text              ro code   0x800'4b3c     0x4  startup_stm32f405xx.o [1]
  .text              ro code   0x800'4b40     0x4  startup_stm32f405xx.o [1]
  .text              ro code   0x800'4b44     0x4  startup_stm32f405xx.o [1]
  .text              ro code   0x800'4b48     0x4  startup_stm32f405xx.o [1]
  .text              ro code   0x800'4b4c     0x4  startup_stm32f405xx.o [1]
  .text              ro code   0x800'4b50     0x4  startup_stm32f405xx.o [1]
  .text              ro code   0x800'4b54     0x4  startup_stm32f405xx.o [1]
  .text              ro code   0x800'4b58     0x4  startup_stm32f405xx.o [1]
  .text              ro code   0x800'4b5c     0x4  startup_stm32f405xx.o [1]
  .text              ro code   0x800'4b60     0x4  startup_stm32f405xx.o [1]
  .text              ro code   0x800'4b64     0x4  startup_stm32f405xx.o [1]
  .text              ro code   0x800'4b68     0x4  startup_stm32f405xx.o [1]
  .text              ro code   0x800'4b6c     0x4  startup_stm32f405xx.o [1]
  .text              ro code   0x800'4b70     0x4  startup_stm32f405xx.o [1]
  .text              ro code   0x800'4b74     0x4  startup_stm32f405xx.o [1]
  .text              ro code   0x800'4b78     0x4  startup_stm32f405xx.o [1]
  .text              ro code   0x800'4b7c     0x4  startup_stm32f405xx.o [1]
  .text              ro code   0x800'4b80     0x4  startup_stm32f405xx.o [1]
  .text              ro code   0x800'4b84     0x4  startup_stm32f405xx.o [1]
  .text              ro code   0x800'4b88     0x4  startup_stm32f405xx.o [1]
  .text              ro code   0x800'4b8c     0x4  startup_stm32f405xx.o [1]
  .text              ro code   0x800'4b90     0x4  startup_stm32f405xx.o [1]
  .text              ro code   0x800'4b94     0x4  startup_stm32f405xx.o [1]
  .text              ro code   0x800'4b98     0x4  startup_stm32f405xx.o [1]
  .rodata            const     0x800'4b9c     0x0  zero_init3.o [4]
  .rodata            const     0x800'4b9c     0x0  lz77_init_single.o [4]
  Initializer bytes  const     0x800'4b9c   0x1b8  <for P2-1>
                             - 0x800'4d54  0x4bcc

"P2", part 1 of 3:                          0x5c1
  P2-1                        0x2000'0000   0x5c1  <Init block>
    .data            inited   0x2000'0000     0xc  stm32f4xx_hal.o [1]
    .data            inited   0x2000'000c     0x4  system_stm32f4xx.o [1]
    .data            inited   0x2000'0010    0x32  user_app_at_debug.o [1]
    .data            inited   0x2000'0044    0x50  user_app_ctrl_motor.o [1]
    .data            inited   0x2000'0094    0x44  user_app_ctrl_motor.o [1]
    .data            inited   0x2000'00d8    0x40  user_app_door_sensor.o [1]
    .data            inited   0x2000'0118    0x50  user_app_electric.o [1]
    .data            inited   0x2000'0168     0x8  user_app_electric.o [1]
    .data            inited   0x2000'0170   0x294  user_app_pc_box.o [1]
    .data            inited   0x2000'0404    0x10  user_app_pc_box.o [1]
    .data            inited   0x2000'0414    0x14  user_app_pc_box.o [1]
    .data            inited   0x2000'0428    0x80  user_app_relay.o [1]
    .data            inited   0x2000'04a8    0x2c  user_app_relay.o [1]
    .data            inited   0x2000'04d4    0x80  user_app_temperature.o [1]
    .data            inited   0x2000'0554    0x20  user_app_temperature.o [1]
    .data            inited   0x2000'0574    0x30  user_app_vib_sensor.o [1]
    .data            inited   0x2000'05a4    0x1d  user_uart.o [1]
                            - 0x2000'05c1   0x5c1

"P2", part 2 of 3:                          0x3e0
  .bss               zero     0x2000'05c4    0x80  user_at_serial.o [1]
  .bss               zero     0x2000'0644    0x64  user_uart.o [1]
  .bss               zero     0x2000'06a8    0x64  user_uart.o [1]
  .bss               zero     0x2000'070c    0x60  adc.o [1]
  .bss               zero     0x2000'076c    0x58  spi.o [1]
  .bss               zero     0x2000'07c4    0x48  adc.o [1]
  .bss               zero     0x2000'080c    0x44  usart.o [1]
  .bss               zero     0x2000'0850    0x44  usart.o [1]
  .bss               zero     0x2000'0894    0x44  usart.o [1]
  .bss               zero     0x2000'08d8    0x44  usart.o [1]
  .bss               zero     0x2000'091c    0x34  user_uart.o [1]
  .bss               zero     0x2000'0950    0x14  user_app_pc_box.o [1]
  .bss               zero     0x2000'0964    0x10  user_app_vib_sensor.o [1]
  .bss               zero     0x2000'0974     0xc  user_app_ctrl_motor.o [1]
  .bss               zero     0x2000'0980     0x8  user_app_relay.o [1]
  .bss               zero     0x2000'0988     0x6  user_app_door_sensor.o [1]
  .bss               zero     0x2000'098e     0x2  user_app_electric.o [1]
  .bss               zero     0x2000'0990     0x4  user_app_pc_box.o [1]
  .bss               zero     0x2000'0994     0x4  user_app_temperature.o [1]
  .bss               zero     0x2000'0998     0x4  user_util.o [1]
  .bss               zero     0x2000'099c     0x3  user_app_electric.o [1]
  .bss               zero     0x2000'099f     0x1  user_app_comm.o [1]
  .bss               zero     0x2000'09a0     0x2  user_app_pc_box.o [1]
                            - 0x2000'09a2   0x3de

"P2", part 3 of 3:                          0x400
  CSTACK                      0x2000'09a8   0x400  <Block>
    CSTACK           uninit   0x2000'09a8   0x400  <Block tail>
                            - 0x2000'0da8   0x400

Unused ranges:

         From           To      Size
         ----           --      ----
   0x800'4d54   0x80f'ffff  0xf'b2ac
  0x2000'05c1  0x2000'05c3       0x3
  0x2000'09a4  0x2000'09a7       0x4
  0x2000'0da8  0x2001'ffff  0x1'f258


*******************************************************************************
*** INIT TABLE
***

          Address      Size
          -------      ----
Zero (__iar_zero_init3)
    1 destination range, total size 0x3de:
          0x2000'05c4  0x3de

Copy/lz77 (__iar_lz77_init_single3)
    1 source range, total size 0x1b8 (29% of destination):
           0x800'4b9c  0x1b8
    1 destination range, total size 0x5c1:
          0x2000'0000  0x5c1



*******************************************************************************
*** MODULE SUMMARY
***

    Module                       ro code  ro data  rw data
    ------                       -------  -------  -------
command line/config:
    ------------------------------------------------------
    Total:

D:\Project_STM32\Saoviet_Maybanhang_Std\Saoviet_Maybanhang\EWARM\Saoviet_Maybanhang\Obj: [1]
    S25FL216K.o                       64
    adc.o                            312               168
    dma.o                             52
    event_driven.o                    48
    gpio.o                           540
    main.o                           224
    queue_p.o                        198
    spi.o                            180                88
    startup_stm32f405xx.o            684
    stm32f4xx_hal.o                  184        3       12
    stm32f4xx_hal_adc.o            1'176
    stm32f4xx_hal_cortex.o           196
    stm32f4xx_hal_dma.o            1'020
    stm32f4xx_hal_gpio.o             532
    stm32f4xx_hal_msp.o               56
    stm32f4xx_hal_rcc.o            1'224
    stm32f4xx_hal_spi.o            1'008
    stm32f4xx_hal_uart.o           1'762
    stm32f4xx_it.o                   124
    system_stm32f4xx.o                32        9        4
    usart.o                          516               272
    user_app_at_debug.o              156       15       50
    user_app_comm.o                  120                 1
    user_app_ctrl_motor.o            756       45      160
    user_app_door_sensor.o           484       19       70
    user_app_electric.o              252       26       93
    user_app_pc_box.o              1'788      208      722
    user_app_relay.o               1'092       52      180
    user_app_temperature.o         1'016       47      164
    user_app_vib_sensor.o            356       15       64
    user_at_serial.o                 492      172      128
    user_comm_vending_machine.o      376
    user_external_flash.o            552
    user_irq_input.o                  80
    user_string.o                    310
    user_uart.o                      192        9      281
    user_util.o                      232                 4
    ------------------------------------------------------
    Total:                        18'386      620    2'461

dl7M_tlf.a: [2]
    exit.o                             4
    low_level_init.o                   4
    ------------------------------------------------------
    Total:                             8

m7M_tls.a: [3]
    fpinit_M.o                        34
    ------------------------------------------------------
    Total:                            34

rt7M_tl.a: [4]
    ABImemclr4.o                       6
    ABImemcpy_small.o                 24
    ABImemset48.o                     50
    ABImemset_small.o                 18
    I64DivMod_small.o                262
    I64DivZer.o                        2
    cexit.o                           10
    cmain.o                           30
    cstartup_M.o                      12
    data_init.o                       40
    lz77_init_single.o               120
    memset.o                          20
    strlen_small.o                    20
    zero_init3.o                      58
    ------------------------------------------------------
    Total:                           672

shb_l.a: [5]
    exit.o                            20
    ------------------------------------------------------
    Total:                            20

    Gaps                              22        2        2
    Linker created                             32    1'024
----------------------------------------------------------
    Grand Total:                  19'142      654    3'487


*******************************************************************************
*** ENTRY LIST
***

Entry                       Address   Size  Type      Object
-----                       -------   ----  ----      ------
.iar.init_table$$Base    0x800'4990          --   Gb  - Linker created -
.iar.init_table$$Limit   0x800'49b0          --   Gb  - Linker created -
?main                    0x800'49d1         Code  Gb  cmain.o [4]
ADC_Avg                 0x2000'0568    0xc  Data  Gb  user_app_temperature.o [1]
ADC_DMAConvCplt          0x800'3865   0x66  Code  Lc  stm32f4xx_hal_adc.o [1]
ADC_DMAError             0x800'38d5   0x12  Code  Lc  stm32f4xx_hal_adc.o [1]
ADC_DMAHalfConvCplt      0x800'38cd    0x6  Code  Lc  stm32f4xx_hal_adc.o [1]
ADC_Init                 0x800'3c65    0xa  Code  Gb  user_app_temperature.o [1]
ADC_Temp                0x2000'055c    0xc  Data  Gb  user_app_temperature.o [1]
AHBPrescTable            0x800'49c0   0x10  Data  Gb  system_stm32f4xx.o [1]
APBPrescTable            0x800'4a78    0x8  Data  Gb  system_stm32f4xx.o [1]
AppAtDebug_Task          0x800'3d33   0x40  Code  Gb  user_app_at_debug.o [1]
AppDoorSensor_Debug      0x800'4179   0x4e  Code  Gb  user_app_door_sensor.o [1]
AppDoorSensor_Task       0x800'41cd   0x40  Code  Gb  user_app_door_sensor.o [1]
AppElectric_Task         0x800'42f9   0x40  Code  Gb  user_app_electric.o [1]
AppMotor_Debug           0x800'3f4d   0x6a  Code  Gb  user_app_ctrl_motor.o [1]
AppMotor_Task            0x800'3fcd   0x40  Code  Gb  user_app_ctrl_motor.o [1]
AppPcBox_Debug           0x800'076d   0x5c  Code  Gb  user_app_pc_box.o [1]
AppPcBox_Task            0x800'07c9   0x40  Code  Gb  user_app_pc_box.o [1]
AppRelay_Debug           0x800'1411   0x72  Code  Gb  user_app_relay.o [1]
AppRelay_Task            0x800'14a3   0x40  Code  Gb  user_app_relay.o [1]
AppTemperature_Debug     0x800'3bc5   0x5a  Code  Gb  user_app_temperature.o [1]
AppTemperature_Task      0x800'3c1f   0x40  Code  Gb  user_app_temperature.o [1]
AppVibSensor_Debug       0x800'4419   0x2e  Code  Gb  user_app_vib_sensor.o [1]
AppVibSensor_Task        0x800'4447   0x40  Code  Gb  user_app_vib_sensor.o [1]
BusFault_Handler         0x800'47e7    0x2  Code  Gb  stm32f4xx_it.o [1]
CSTACK$$Base            0x2000'09a8          --   Gb  - Linker created -
CSTACK$$Limit           0x2000'0da8          --   Gb  - Linker created -
Cal_Time                 0x800'0d41   0x12  Code  Gb  user_util.o [1]
Calculator_Crc_U16       0x800'0af1   0x32  Code  Gb  user_comm_vending_machine.o [1]
Calculator_Scale         0x800'0b65   0x18  Code  Gb  user_comm_vending_machine.o [1]
CheckList_AT_CONFIG      0x800'48e4   0x60  Data  Gb  user_at_serial.o [1]
Check_AT_User            0x800'45d5   0xa8  Code  Gb  user_at_serial.o [1]
Check_Time_Out           0x800'0d29   0x18  Code  Gb  user_util.o [1]
Convert_Hex_To_String_Hex
                         0x800'0d87   0x44  Code  Gb  user_util.o [1]
Convert_Int_To_String    0x800'0b7d   0x4a  Code  Gb  user_comm_vending_machine.o [1]
Convert_Int_To_String_Scale
                         0x800'0bc7   0x76  Code  Gb  user_comm_vending_machine.o [1]
Convert_String_To_Dec    0x800'0d53   0x34  Code  Gb  user_util.o [1]
DMA2_Stream0_IRQHandler
                         0x800'4839    0x6  Code  Gb  stm32f4xx_it.o [1]
DMA_CalcBaseAndBitshift
                         0x800'2745   0x26  Code  Lc  stm32f4xx_hal_dma.o [1]
DMA_CalcBaseAndBitshift::flagBitshiftOffset
                         0x800'276c    0x8  Data  Lc  stm32f4xx_hal_dma.o [1]
DMA_SetConfig            0x800'2725   0x20  Code  Lc  stm32f4xx_hal_dma.o [1]
DebugMon_Handler         0x800'47ed    0x2  Code  Gb  stm32f4xx_it.o [1]
EXTI15_10_IRQHandler     0x800'481d   0x16  Code  Gb  stm32f4xx_it.o [1]
EXTI1_IRQHandler         0x800'47fd    0x6  Code  Gb  stm32f4xx_it.o [1]
EXTI4_IRQHandler         0x800'4803    0x6  Code  Gb  stm32f4xx_it.o [1]
EXTI9_5_IRQHandler       0x800'4809    0x8  Code  Gb  stm32f4xx_it.o [1]
Error_Handler            0x800'2bc1    0x4  Code  Gb  main.o [1]
Find_String_V2           0x800'46a9   0xc6  Code  Gb  user_string.o [1]
Find_str_fix             0x800'477f   0x60  Code  Gb  user_string.o [1]
Flag_Refresh_Dcu        0x2000'0990    0x4  Data  Gb  user_app_pc_box.o [1]
HAL_ADC_ConfigChannel    0x800'370b  0x10e  Code  Gb  stm32f4xx_hal_adc.o [1]
HAL_ADC_Init             0x800'3455  0x154  Code  Gb  stm32f4xx_hal_adc.o [1]
HAL_ADC_MspInit          0x800'2fd9   0x92  Code  Gb  adc.o [1]
HAL_ADC_Start_DMA        0x800'35db  0x130  Code  Gb  stm32f4xx_hal_adc.o [1]
HAL_DMA_Abort            0x800'24c9   0x78  Code  Gb  stm32f4xx_hal_dma.o [1]
HAL_DMA_Abort_IT         0x800'2541   0x24  Code  Gb  stm32f4xx_hal_dma.o [1]
HAL_DMA_IRQHandler       0x800'2565  0x188  Code  Gb  stm32f4xx_hal_dma.o [1]
HAL_DMA_Init             0x800'2379   0xee  Code  Gb  stm32f4xx_hal_dma.o [1]
HAL_DMA_Start_IT         0x800'2467   0x62  Code  Gb  stm32f4xx_hal_dma.o [1]
HAL_Delay                0x800'0a99   0x28  Code  Wk  stm32f4xx_hal.o [1]
HAL_GPIO_EXTI_Callback   0x800'1591   0x50  Code  Gb  user_irq_input.o [1]
HAL_GPIO_EXTI_IRQHandler
                         0x800'0a59   0x10  Code  Gb  stm32f4xx_hal_gpio.o [1]
HAL_GPIO_Init            0x800'0885  0x1c0  Code  Gb  stm32f4xx_hal_gpio.o [1]
HAL_GPIO_ReadPin         0x800'0a45    0xc  Code  Gb  stm32f4xx_hal_gpio.o [1]
HAL_GPIO_WritePin        0x800'0a51    0x8  Code  Gb  stm32f4xx_hal_gpio.o [1]
HAL_GetTick              0x800'1585    0xc  Code  Wk  stm32f4xx_hal.o [1]
HAL_IncTick              0x800'485d   0x10  Code  Wk  stm32f4xx_hal.o [1]
HAL_Init                 0x800'2ccd   0x30  Code  Gb  stm32f4xx_hal.o [1]
HAL_InitTick             0x800'2c89   0x40  Code  Wk  stm32f4xx_hal.o [1]
HAL_MspInit              0x800'341d   0x38  Code  Gb  stm32f4xx_hal_msp.o [1]
HAL_NVIC_EnableIRQ       0x800'2c33   0x16  Code  Gb  stm32f4xx_hal_cortex.o [1]
HAL_NVIC_SetPriority     0x800'2bf9   0x3a  Code  Gb  stm32f4xx_hal_cortex.o [1]
HAL_NVIC_SetPriorityGrouping
                         0x800'2bdf   0x1a  Code  Gb  stm32f4xx_hal_cortex.o [1]
HAL_RCC_ClockConfig      0x800'277d  0x100  Code  Gb  stm32f4xx_hal_rcc.o [1]
HAL_RCC_GetPCLK1Freq     0x800'2889   0x10  Code  Gb  stm32f4xx_hal_rcc.o [1]
HAL_RCC_GetPCLK2Freq     0x800'2899    0xe  Code  Gb  stm32f4xx_hal_rcc.o [1]
HAL_RCC_OscConfig        0x800'3101  0x31c  Code  Wk  stm32f4xx_hal_rcc.o [1]
HAL_SPI_Init             0x800'1d59   0xb4  Code  Gb  stm32f4xx_hal_spi.o [1]
HAL_SPI_MspInit          0x800'2a6d   0x66  Code  Gb  spi.o [1]
HAL_SPI_TransmitReceive
                         0x800'1e15  0x1a4  Code  Gb  stm32f4xx_hal_spi.o [1]
HAL_SYSTICK_Config       0x800'2c49   0x28  Code  Gb  stm32f4xx_hal_cortex.o [1]
HAL_UART_IRQHandler      0x800'1753  0x26a  Code  Gb  stm32f4xx_hal_uart.o [1]
HAL_UART_Init            0x800'15e1   0x1e  Code  Gb  stm32f4xx_hal_uart.o [1]
HAL_UART_MspInit         0x800'21d9  0x122  Code  Gb  usart.o [1]
HAL_UART_Receive_IT      0x800'1707   0x30  Code  Gb  stm32f4xx_hal_uart.o [1]
HAL_UART_RxCpltCallback
                         0x800'0c9b   0x78  Code  Gb  user_uart.o [1]
HAL_UART_Transmit        0x800'1657   0xb0  Code  Gb  stm32f4xx_hal_uart.o [1]
HardFault_Handler        0x800'47e3    0x2  Code  Gb  stm32f4xx_it.o [1]
Init_AppRelay            0x800'126b    0xc  Code  Gb  user_app_relay.o [1]
Init_DCU_ID              0x800'06eb   0x6e  Code  Gb  user_app_pc_box.o [1]
Init_StatusRelay         0x800'1347   0x8a  Code  Gb  user_app_relay.o [1]
Init_Uart_Module         0x800'0c69   0x2c  Code  Gb  user_uart.o [1]
LAYER_PIN                0x800'404c   0x10  Data  Lc  user_app_ctrl_motor.o [1]
LAYER_PORT              0x2000'0094   0x1c  Data  Lc  user_app_ctrl_motor.o [1]
Log_Data_Door            0x800'413f   0x38  Code  Gb  user_app_door_sensor.o [1]
Log_Data_Vib             0x800'43e3   0x34  Code  Gb  user_app_vib_sensor.o [1]
Log_TSVH                 0x800'0653   0x86  Code  Gb  user_app_pc_box.o [1]
MX_ADC1_Init             0x800'2f51   0x7e  Code  Gb  adc.o [1]
MX_DMA_Init              0x800'2f1d   0x34  Code  Gb  dma.o [1]
MX_GPIO_Init             0x800'2d01  0x1e2  Code  Gb  gpio.o [1]
MX_SPI2_Init             0x800'2a31   0x3c  Code  Gb  spi.o [1]
MX_UART4_Init            0x800'2175   0x10  Code  Gb  usart.o [1]
MX_USART2_UART_Init      0x800'2185   0x10  Code  Gb  usart.o [1]
MX_USART3_UART_Init      0x800'219d   0x10  Code  Gb  usart.o [1]
MX_USART6_UART_Init      0x800'21c9   0x10  Code  Gb  usart.o [1]
Main_Task                0x800'3089   0x60  Code  Gb  user_app_comm.o [1]
MemManage_Handler        0x800'47e5    0x2  Code  Gb  stm32f4xx_it.o [1]
NMI_Handler              0x800'47e1    0x2  Code  Gb  stm32f4xx_it.o [1]
Off_Motor_Push           0x800'3f11   0x3c  Code  Gb  user_app_ctrl_motor.o [1]
Off_Relay                0x800'1491    0xc  Code  Gb  user_app_relay.o [1]
On_Motor_Push            0x800'3ecd   0x42  Code  Gb  user_app_ctrl_motor.o [1]
On_Relay                 0x800'1483    0xe  Code  Gb  user_app_relay.o [1]
Pc_Box_Init              0x800'06d9   0x12  Code  Gb  user_app_pc_box.o [1]
PendSV_Handler           0x800'47ef    0x2  Code  Gb  stm32f4xx_it.o [1]
RC                       0x800'476f   0x10  Code  Gb  user_string.o [1]
RELAY_PIN               0x2000'04a8   0x10  Data  Lc  user_app_relay.o [1]
RELAY_PORT              0x2000'04b8   0x1c  Data  Lc  user_app_relay.o [1]
Read_Status_Relay_ExFlash
                         0x800'12d1   0x6c  Code  Gb  user_app_relay.o [1]
Region$$Table$$Base      0x800'4990          --   Gb  - Linker created -
Region$$Table$$Limit     0x800'49b0          --   Gb  - Linker created -
Relay_Respond_Pc_Box_Control
                         0x800'13db   0x36  Code  Gb  user_app_relay.o [1]
Reset_Chip               0x800'0c3d   0x1c  Code  Gb  user_comm_vending_machine.o [1]
Respond_PcBox            0x800'0b23    0xe  Code  Gb  user_comm_vending_machine.o [1]
RtCountSystick_u32      0x2000'0998    0x4  Data  Gb  user_util.o [1]
S25FL_ChipSelect         0x800'1d19   0x14  Code  Gb  S25FL216K.o [1]
S25FL_Send_Byte          0x800'1d2d   0x22  Code  Gb  S25FL216K.o [1]
SLOT_PIN                 0x800'405c   0x14  Data  Lc  user_app_ctrl_motor.o [1]
SLOT_PORT               0x2000'00b0   0x28  Data  Lc  user_app_ctrl_motor.o [1]
SPI_EndRxTxTransaction   0x800'20e3   0x50  Code  Lc  stm32f4xx_hal_spi.o [1]
SPI_WaitFlagStateUntilTimeout
                         0x800'2023   0xb4  Code  Lc  stm32f4xx_hal_spi.o [1]
SVC_Handler              0x800'47eb    0x2  Code  Gb  stm32f4xx_it.o [1]
Scale_To_Int             0x800'0b31   0x34  Code  Gb  user_comm_vending_machine.o [1]
Set_Threshold_Temperature
                         0x800'3b39   0x40  Code  Gb  user_app_temperature.o [1]
Status_Supply_Power     0x2000'099c    0x1  Data  Gb  user_app_electric.o [1]
SysTick_Handler          0x800'47f1    0xc  Code  Gb  stm32f4xx_it.o [1]
SystemClock_Config       0x800'2b15   0xa4  Code  Gb  main.o [1]
SystemCoreClock         0x2000'000c    0x4  Data  Gb  system_stm32f4xx.o [1]
SystemInit               0x800'49b1    0xc  Code  Gb  system_stm32f4xx.o [1]
TaskStatus_u8           0x2000'099f    0x1  Data  Gb  user_app_comm.o [1]
Threshold_Ctrl          0x2000'055a    0x2  Data  Gb  user_app_temperature.o [1]
Threshold_Respond_Pc_Box_Setup
                         0x800'3b79   0x4a  Code  Gb  user_app_temperature.o [1]
UART4_IRQHandler         0x800'4833    0x6  Code  Gb  stm32f4xx_it.o [1]
UART_DMAAbortOnError     0x800'1b15    0xc  Code  Lc  stm32f4xx_hal_uart.o [1]
UART_EndRxTransfer       0x800'1acb   0x2a  Code  Lc  stm32f4xx_hal_uart.o [1]
UART_Receive_IT          0x800'1b21   0xaa  Code  Lc  stm32f4xx_hal_uart.o [1]
UART_SetConfig           0x800'1bf5   0xae  Code  Lc  stm32f4xx_hal_uart.o [1]
UART_Start_Receive_IT    0x800'1a79   0x3a  Code  Gb  stm32f4xx_hal_uart.o [1]
UART_WaitOnFlagUntilTimeout
                         0x800'19e5   0x5e  Code  Lc  stm32f4xx_hal_uart.o [1]
USART2_IRQHandler        0x800'4811    0x6  Code  Gb  stm32f4xx_it.o [1]
USART3_IRQHandler        0x800'4817    0x6  Code  Gb  stm32f4xx_it.o [1]
USART6_IRQHandler        0x800'483f    0x6  Code  Gb  stm32f4xx_it.o [1]
UTIL_MEM_set             0x800'0dcb    0xe  Code  Gb  user_util.o [1]
UTIL_Printf              0x800'0dd9   0x10  Code  Gb  user_util.o [1]
UTIL_Printf_Str          0x800'0de9   0x12  Code  Gb  user_util.o [1]
Uart485Buff             0x2000'091c   0x34  Data  Gb  user_uart.o [1]
Uart485RxByte           0x2000'05a5    0x1  Data  Gb  user_uart.o [1]
UartDebugBuff           0x2000'0644   0x64  Data  Gb  user_uart.o [1]
UartDebugRxByte         0x2000'05a4    0x1  Data  Gb  user_uart.o [1]
UartPcBoxBuff           0x2000'06a8   0x64  Data  Gb  user_uart.o [1]
UartPcBoxRxByte         0x2000'05a6    0x1  Data  Gb  user_uart.o [1]
UartSimRxByte           0x2000'05c0    0x1  Data  Gb  user_uart.o [1]
UsageFault_Handler       0x800'47e9    0x2  Code  Gb  stm32f4xx_it.o [1]
Write_Queue_Repond_PcBox
                         0x800'062d   0x26  Code  Gb  user_app_pc_box.o [1]
Write_Status_Relay_ExFlash
                         0x800'1277   0x5a  Code  Gb  user_app_relay.o [1]
__NVIC_SetPriority       0x800'2bc5   0x1a  Code  Lc  stm32f4xx_hal_cortex.o [1]
__aeabi_ldiv0            0x800'2cc9         Code  Gb  I64DivZer.o [4]
__aeabi_memclr4          0x800'0e11         Code  Gb  ABImemclr4.o [4]
__cmain                  0x800'49d1         Code  Gb  cmain.o [4]
__exit                   0x800'4a05   0x14  Code  Gb  exit.o [5]
__iar_Memset4_word       0x800'1ce5         Code  Gb  ABImemset48.o [4]
__iar_Memset8_word       0x800'1ce5         Code  Gb  ABImemset48.o [4]
__iar_data_init3         0x800'4945   0x28  Code  Gb  data_init.o [4]
__iar_init_vfp           0x800'496d         Code  Gb  fpinit_M.o [3]
__iar_lz77_init_single3
                         0x800'486d   0x78  Code  Gb  lz77_init_single.o [4]
__iar_program_start      0x800'4a6d         Code  Gb  cstartup_M.o [4]
__iar_small_Memcpy       0x800'214d         Code  Gb  ABImemcpy_small.o [4]
__iar_small_Memset       0x800'1cbd         Code  Gb  ABImemset_small.o [4]
__iar_small_Memset_word
                         0x800'1cbd         Code  Gb  ABImemset_small.o [4]
__iar_small_memcpy       0x800'2149         Code  Gb  ABImemcpy_small.o [4]
__iar_small_memcpy4      0x800'2149         Code  Gb  ABImemcpy_small.o [4]
__iar_small_memcpy8      0x800'2149         Code  Gb  ABImemcpy_small.o [4]
__iar_small_memset       0x800'1cbd         Code  Gb  ABImemset_small.o [4]
__iar_small_strlen       0x800'1cd1         Code  Gb  strlen_small.o [4]
__iar_small_uldivmod     0x800'2929         Code  Gb  I64DivMod_small.o [4]
__iar_zero_init3         0x800'0e17   0x3a  Code  Gb  zero_init3.o [4]
__low_level_init         0x800'49ef    0x4  Code  Gb  low_level_init.o [2]
__vector_table           0x800'0000         Data  Gb  startup_stm32f405xx.o [1]
_call_main               0x800'49dd         Code  Gb  cmain.o [4]
_exit                    0x800'49f9         Code  Gb  cexit.o [4]
_fGET_SERI_DCU           0x800'44c9   0x14  Code  Gb  user_at_serial.o [1]
_fGET_THRESH_TEMP        0x800'4551   0x36  Code  Gb  user_at_serial.o [1]
_fRESET_DCU              0x800'44bd    0xc  Code  Gb  user_at_serial.o [1]
_fSET_SERI_DCU           0x800'44dd   0x74  Code  Gb  user_at_serial.o [1]
_fSET_THRESH_TEMP        0x800'4591   0x30  Code  Gb  user_at_serial.o [1]
_main                    0x800'49eb         Code  Gb  cmain.o [4]
aBuffer_Ping            0x2000'0950   0x14  Data  Gb  user_app_pc_box.o [1]
aDATA_CONFIG            0x2000'05c4   0x80  Data  Gb  user_at_serial.o [1]
aDCU_ID                 0x2000'0414   0x14  Data  Gb  user_app_pc_box.o [1]
eFlash_S25FL_BufferRead
                         0x800'0fcf   0x60  Code  Gb  user_external_flash.o [1]
eFlash_S25FL_BufferWrite
                         0x800'0f93   0x34  Code  Gb  user_external_flash.o [1]
eFlash_S25FL_CheckWriteEnable
                         0x800'0eed   0x28  Code  Gb  user_external_flash.o [1]
eFlash_S25FL_Enable      0x800'0e57   0x16  Code  Gb  user_external_flash.o [1]
eFlash_S25FL_Erase_Sector
                         0x800'0e6d   0x4a  Code  Gb  user_external_flash.o [1]
eFlash_S25FL_PageWrite   0x800'0f2f   0x5c  Code  Gb  user_external_flash.o [1]
eFlash_S25FL_WaitForWriteEnd
                         0x800'0ebd   0x2a  Code  Gb  user_external_flash.o [1]
exit                     0x800'49f3    0x4  Code  Gb  exit.o [2]
fevent_active            0x800'0ac1   0x10  Code  Gb  event_driven.o [1]
fevent_at_debug_complete_receive
                         0x800'3d0d   0x26  Code  Lc  user_app_at_debug.o [1]
fevent_at_debug_entry    0x800'3ce1    0x4  Code  Lc  user_app_at_debug.o [1]
fevent_at_debug_receive_handle
                         0x800'3ce5   0x28  Code  Lc  user_app_at_debug.o [1]
fevent_at_debug_receive_handle::countBuffer_uart
                        0x2000'0040    0x2  Data  Lc  user_app_at_debug.o [1]
fevent_control_motor_push
                         0x800'3d9b   0x32  Code  Lc  user_app_ctrl_motor.o [1]
fevent_disable           0x800'0ae5    0xc  Code  Gb  event_driven.o [1]
fevent_door_ctrl_respond
                         0x800'40c1   0x46  Code  Lc  user_app_door_sensor.o [1]
fevent_door_ctrl_respond::status
                        0x2000'098d    0x1  Data  Lc  user_app_door_sensor.o [1]
fevent_door_ctrl_respond::status_before
                        0x2000'098c    0x1  Data  Lc  user_app_door_sensor.o [1]
fevent_door_entry        0x800'4071    0xe  Code  Lc  user_app_door_sensor.o [1]
fevent_door_respond_pc_box
                         0x800'4107   0x38  Code  Lc  user_app_door_sensor.o [1]
fevent_door_sensor       0x800'407f   0x42  Code  Lc  user_app_door_sensor.o [1]
fevent_electric_entry    0x800'4255    0xe  Code  Lc  user_app_electric.o [1]
fevent_electric_handle   0x800'42db   0x1e  Code  Lc  user_app_electric.o [1]
fevent_electric_pgood    0x800'4263   0x4a  Code  Lc  user_app_electric.o [1]
fevent_electric_pgood::count_handle
                        0x2000'099d    0x1  Data  Lc  user_app_electric.o [1]
fevent_electric_pgood::status_before
                        0x2000'099e    0x1  Data  Lc  user_app_electric.o [1]
fevent_electric_receive_485
                         0x800'42b1   0x2a  Code  Lc  user_app_electric.o [1]
fevent_electric_receive_485::countBuffer_uart
                        0x2000'098e    0x2  Data  Lc  user_app_electric.o [1]
fevent_electric_transmit_485
                         0x800'42ad    0x4  Code  Lc  user_app_electric.o [1]
fevent_enable            0x800'0ad1   0x14  Code  Gb  event_driven.o [1]
fevent_input_motor_push
                         0x800'3dcd   0x44  Code  Lc  user_app_ctrl_motor.o [1]
fevent_motor_entry       0x800'3d7d   0x1e  Code  Lc  user_app_ctrl_motor.o [1]
fevent_motor_push_off_error
                         0x800'3e11   0x16  Code  Lc  user_app_ctrl_motor.o [1]
fevent_on_off_relay_alarm
                         0x800'11cf   0x2a  Code  Lc  user_app_relay.o [1]
fevent_on_off_relay_elevator
                         0x800'114f   0x2a  Code  Lc  user_app_relay.o [1]
fevent_on_off_relay_fridge_cool
                         0x800'11b1   0x1e  Code  Lc  user_app_relay.o [1]
fevent_on_off_relay_fridge_heat
                         0x800'11f9   0x1e  Code  Lc  user_app_relay.o [1]
fevent_on_off_relay_lamp
                         0x800'1217   0x2a  Code  Lc  user_app_relay.o [1]
fevent_on_off_relay_screen
                         0x800'1179   0x38  Code  Lc  user_app_relay.o [1]
fevent_on_off_relay_warm
                         0x800'1241   0x2a  Code  Lc  user_app_relay.o [1]
fevent_pcbox_complete_receive
                         0x800'0207  0x286  Code  Lc  user_app_pc_box.o [1]
fevent_pcbox_entry       0x800'0189   0x16  Code  Lc  user_app_pc_box.o [1]
fevent_pcbox_get_dcu_ID
                         0x800'054b   0x12  Code  Lc  user_app_pc_box.o [1]
fevent_pcbox_log_tsvh    0x800'049b   0x28  Code  Lc  user_app_pc_box.o [1]
fevent_pcbox_ping        0x800'04c3   0x3e  Code  Lc  user_app_pc_box.o [1]
fevent_pcbox_receive_handle
                         0x800'01cf   0x38  Code  Lc  user_app_pc_box.o [1]
fevent_pcbox_receive_handle::countBuffer_uart
                        0x2000'09a0    0x2  Data  Lc  user_app_pc_box.o [1]
fevent_pcbox_set_dcu_ID
                         0x800'0501   0x4a  Code  Lc  user_app_pc_box.o [1]
fevent_queue_respond_immediately
                         0x800'0583   0x36  Code  Lc  user_app_pc_box.o [1]
fevent_queue_respond_time
                         0x800'05b9   0x34  Code  Lc  user_app_pc_box.o [1]
fevent_refresh_dcu       0x800'05fd   0x30  Code  Lc  user_app_pc_box.o [1]
fevent_relay_entry       0x800'1141    0xe  Code  Lc  user_app_relay.o [1]
fevent_reset_dcu         0x800'055d   0x26  Code  Lc  user_app_pc_box.o [1]
fevent_respond_pcbox     0x800'3e27   0x9e  Code  Lc  user_app_ctrl_motor.o [1]
fevent_temp_calculator   0x800'3975  0x100  Code  Lc  user_app_temperature.o [1]
fevent_temp_ctrl_fridge
                         0x800'3abd   0x58  Code  Lc  user_app_temperature.o [1]
fevent_temp_entry        0x800'38e9   0x38  Code  Lc  user_app_temperature.o [1]
fevent_temp_entry::once
                        0x2000'0558    0x1  Data  Lc  user_app_temperature.o [1]
fevent_temp_get_adc      0x800'3921   0x52  Code  Lc  user_app_temperature.o [1]
fevent_temp_get_adc::count
                        0x2000'0559    0x1  Data  Lc  user_app_temperature.o [1]
fevent_temp_off_fridge_frozen
                         0x800'3b25    0xc  Code  Lc  user_app_temperature.o [1]
fevent_temp_read_threshold
                         0x800'3a8b   0x32  Code  Lc  user_app_temperature.o [1]
fevent_temp_set_threshold
                         0x800'3a75   0x16  Code  Lc  user_app_temperature.o [1]
fevent_temp_time_get     0x800'3b1d    0x8  Code  Lc  user_app_temperature.o [1]
fevent_vib_off_alarm     0x800'43cb    0xe  Code  Lc  user_app_vib_sensor.o [1]
fevent_vib_on_alarm      0x800'43b5   0x16  Code  Lc  user_app_vib_sensor.o [1]
fevent_vib_sensor        0x800'4351   0x5a  Code  Lc  user_app_vib_sensor.o [1]
fevent_wdg_stm32f4       0x800'019f   0x30  Code  Lc  user_app_pc_box.o [1]
hadc1                   0x2000'07c4   0x48  Data  Gb  adc.o [1]
hdma_adc1               0x2000'070c   0x60  Data  Gb  adc.o [1]
hspi2                   0x2000'076c   0x58  Data  Gb  spi.o [1]
huart2                  0x2000'0850   0x44  Data  Gb  usart.o [1]
huart3                  0x2000'0894   0x44  Data  Gb  usart.o [1]
huart4                  0x2000'080c   0x44  Data  Gb  usart.o [1]
huart6                  0x2000'08d8   0x44  Data  Gb  usart.o [1]
main                     0x800'2ae5   0x30  Code  Gb  main.o [1]
memset                   0x800'2161   0x14  Code  Gb  memset.o [4]
qGet_Number_Items        0x800'113b    0x4  Code  Gb  queue_p.o [1]
qQueue_Create            0x800'1079   0x22  Code  Gb  queue_p.o [1]
qQueue_Receive           0x800'10f9   0x42  Code  Gb  queue_p.o [1]
qQueue_Send              0x800'109b   0x5e  Code  Gb  queue_p.o [1]
qRespondPcBox           0x2000'03ec   0x18  Data  Gb  user_app_pc_box.o [1]
sBuffer_Ping            0x2000'0404    0x8  Data  Gb  user_app_pc_box.o [1]
sDCU_ID                 0x2000'040c    0x8  Data  Gb  user_app_pc_box.o [1]
sElectric               0x2000'0168    0x8  Data  Gb  user_app_electric.o [1]
sEventAppAtDebug        0x2000'0010   0x30  Data  Gb  user_app_at_debug.o [1]
sEventAppDoorSensor     0x2000'00d8   0x40  Data  Gb  user_app_door_sensor.o [1]
sEventAppElectric       0x2000'0118   0x50  Data  Gb  user_app_electric.o [1]
sEventAppMotor          0x2000'0044   0x50  Data  Gb  user_app_ctrl_motor.o [1]
sEventAppPcBox          0x2000'0188   0xc0  Data  Gb  user_app_pc_box.o [1]
sEventAppRelay          0x2000'0428   0x80  Data  Gb  user_app_relay.o [1]
sEventAppTemperature    0x2000'04d4   0x80  Data  Gb  user_app_temperature.o [1]
sEventAppVibSensor      0x2000'0574   0x30  Data  Gb  user_app_vib_sensor.o [1]
sInforPush              0x2000'097c    0x4  Data  Gb  user_app_ctrl_motor.o [1]
sPushMotor              0x2000'0974    0x8  Data  Gb  user_app_ctrl_motor.o [1]
sQueueReadData          0x2000'0170   0x18  Data  Gb  user_app_pc_box.o [1]
sQueueRespondPcBox      0x2000'0248  0x1a4  Data  Gb  user_app_pc_box.o [1]
sStatusDoor             0x2000'0988    0x4  Data  Gb  user_app_door_sensor.o [1]
sStatusRelay            0x2000'0980    0x8  Data  Gb  user_app_relay.o [1]
sStatusVib              0x2000'0964   0x10  Data  Gb  user_app_vib_sensor.o [1]
sTemp_Thresh_Recv       0x2000'0994    0x4  Data  Gb  user_app_temperature.o [1]
sTemperature            0x2000'0554    0x4  Data  Gb  user_app_temperature.o [1]
sUart485                0x2000'05b0    0x8  Data  Gb  user_uart.o [1]
sUartDebug              0x2000'05a8    0x8  Data  Gb  user_uart.o [1]
sUartPcBox              0x2000'05b8    0x8  Data  Gb  user_uart.o [1]
uwTick                  0x2000'0004    0x4  Data  Gb  stm32f4xx_hal.o [1]
uwTickFreq              0x2000'0000    0x1  Data  Gb  stm32f4xx_hal.o [1]
uwTickPrio              0x2000'0008    0x4  Data  Gb  stm32f4xx_hal.o [1]


[1] = D:\Project_STM32\Saoviet_Maybanhang_Std\Saoviet_Maybanhang\EWARM\Saoviet_Maybanhang\Obj
[2] = dl7M_tlf.a
[3] = m7M_tls.a
[4] = rt7M_tl.a
[5] = shb_l.a

  19'142 bytes of readonly  code memory
     654 bytes of readonly  data memory
   3'487 bytes of readwrite data memory

Errors: none
Warnings: none
